{"event": "setup", "base": "/data/1/nijia.nj/test/namespace_fork_PROTOTYPE_kv_startup_30s_1kp8_tfe", "pid": 3848207, "port": 22115}
{"event": "sql", "sql": "SELECT 1", "rows": [[1]]}
{"event": "sql", "sql": "CREATE DATABASE kvsmoke", "rows": []}
{"event": "sql", "sql": "CREATE TABLE kvsmoke.t(id INT PRIMARY KEY, v INT)", "rows": []}
{"event": "sql", "sql": "INSERT INTO kvsmoke.t VALUES (1, 42)", "rows": []}
{"event": "sql", "sql": "FORK NAMESPACE kvsmoke_child FROM ns1", "rows": []}
{"event": "sql", "sql": "SELECT v FROM kvsmoke.t WHERE id=1", "rows": [[42]]}
{"event": "sql", "sql": "UPDATE kvsmoke.t SET v=43 WHERE id=1", "rows": []}
{"event": "sql", "sql": "SELECT v FROM kvsmoke.t WHERE id=1", "rows": [[43]]}
{"event": "child_physical", "tablet": 4611686430744448321, "row": [4611686430744448321, 1, 1, 0]}
{"event": "sql", "sql": "DROP NAMESPACE kvsmoke_child", "rows": []}
{"event": "sql", "sql": "SELECT v FROM kvsmoke.t WHERE id=1", "rows": [[42]]}
{"event": "gc_complete", "tablet": 4611686430744448321, "rows": [[4611686430744448321, 3, 1, 1]]}
{"event": "PASS", "elapsed_limit_s": 30}
{"event": "stopped", "pid": 3848207, "returncode": -9}
{"event": "data_archived", "path": "/data/1/nijia.nj/test/namespace_fork_PROTOTYPE_kv_startup_30s_1kp8_tfe/data.tar.gz", "bytes": 3276973}
/home/nijia.nj/.local/lib/python3.8/site-packages/pymysql/_auth.py:9: CryptographyDeprecationWarning: Python 3.8 is no longer supported by the Python core team and support for it is deprecated in cryptography. The next release of cryptography will remove support for Python 3.8.
  from cryptography.hazmat.backends import default_backend
{"event": "setup", "binary": "/data/1/tmp/seekdb-ns-artifacts/seekdb-history-production-final", "base": "/data/1/nijia.nj/test/namespace_fork_PROTOTYPE_exchange_mapping_crih7msl", "pid": 3849036, "port": 49841}
{"event": "sql", "sql": "FORK NAMESPACE exchange_child FROM ns1", "rows": []}
{"event": "sql", "sql": "CREATE DATABASE x", "rows": []}
{"event": "sql", "sql": "CREATE TABLE x.parts(id INT PRIMARY KEY, v INT) PARTITION BY RANGE(id) (PARTITION p0 VALUES LESS THAN (10), PARTITION p1 VALUES LESS THAN (MAXVALUE))", "rows": []}
{"event": "sql", "sql": "CREATE TABLE x.plain(id INT PRIMARY KEY, v INT)", "rows": []}
{"event": "sql", "sql": "INSERT INTO x.parts VALUES(1,11),(11,111)", "rows": []}
{"event": "sql", "sql": "INSERT INTO x.plain VALUES(2,22)", "rows": []}
{"event": "sql", "sql": "ALTER TABLE x.parts EXCHANGE PARTITION p0 WITH TABLE x.plain WITHOUT VALIDATION", "rows": []}
{"event": "sql", "sql": "SELECT id,v FROM x.parts ORDER BY id", "rows": [[2, 22], [11, 111]]}
{"event": "sql", "sql": "SELECT id,v FROM x.plain", "rows": [[1, 11]]}
{"event": "PASS", "case": "exchange_mapping"}
{"event": "stopped", "pid": 3849036, "returncode": -9}
{"event": "data_archived", "path": "/data/1/nijia.nj/test/namespace_fork_PROTOTYPE_exchange_mapping_crih7msl/data.tar.gz", "bytes": 3291722}
/home/nijia.nj/.local/lib/python3.8/site-packages/pymysql/_auth.py:9: CryptographyDeprecationWarning: Python 3.8 is no longer supported by the Python core team and support for it is deprecated in cryptography. The next release of cryptography will remove support for Python 3.8.
  from cryptography.hazmat.backends import default_backend
{"event": "setup", "binary": "/data/1/tmp/seekdb-ns-artifacts/seekdb-history-production-final", "base": "/data/1/nijia.nj/test/namespace_fork_PROTOTYPE_ddl_physical_drop_0s70digj", "pid": 3849527, "port": 25947}
{"event": "sql", "sql": "FORK NAMESPACE ddl_child FROM ns1", "rows": []}
{"event": "sql", "sql": "CREATE DATABASE ddl_db", "rows": []}
{"event": "sql", "sql": "CREATE TABLE ddl_db.t(id INT PRIMARY KEY, v INT)", "rows": []}
{"event": "sql", "sql": "INSERT INTO ddl_db.t VALUES(1,10)", "rows": []}
{"event": "sql", "sql": "SELECT tablet_id FROM oceanbase.__all_table WHERE table_name='t'", "rows": [[200001]]}
{"event": "sql", "sql": "DROP TABLE ddl_db.t", "rows": []}
{"event": "PASS", "case": "ddl_physical_drop", "tablet": 4611686430744448321, "storage": [[3, 1, 1]]}
{"event": "stopped", "pid": 3849527, "returncode": -9}
{"event": "data_archived", "path": "/data/1/nijia.nj/test/namespace_fork_PROTOTYPE_ddl_physical_drop_0s70digj/data.tar.gz", "bytes": 3282765}
/home/nijia.nj/.local/lib/python3.8/site-packages/pymysql/_auth.py:9: CryptographyDeprecationWarning: Python 3.8 is no longer supported by the Python core team and support for it is deprecated in cryptography. The next release of cryptography will remove support for Python 3.8.
  from cryptography.hazmat.backends import default_backend
{"event": "setup", "binary": "/data/1/tmp/seekdb-ns-artifacts/seekdb-history-production-final", "base": "/data/1/tmp/seekdb-ns-probes/namespace_fork_PROTOTYPE_parent_truncate_u4qxi0a2", "pid": 3849996, "port": 24895}
{"event": "sql", "sql": "CREATE DATABASE nstrunc_repro", "rows": []}
{"event": "sql", "sql": "CREATE TABLE nstrunc_repro.t1(id INT PRIMARY KEY,v INT)", "rows": []}
{"event": "sql", "sql": "INSERT INTO nstrunc_repro.t1 VALUES(1,10)", "rows": []}
{"event": "sql", "sql": "FORK NAMESPACE trunc_parent_1 FROM ns1", "rows": []}
{"event": "sql", "sql": "SET ob_query_timeout=10000000", "rows": []}
{"event": "parent_recyclebin", "iteration": 1, "value": [[0]]}
{"event": "sql", "sql": "FORK NAMESPACE trunc_child_1 FROM trunc_parent_1", "rows": []}
{"event": "sql", "sql": "SET ob_query_timeout=10000000", "rows": []}
{"event": "sql", "sql": "SELECT id,v FROM nstrunc_repro.t1 ORDER BY id", "rows": [[1, 10]]}
{"event": "sql", "sql": "SELECT id,v FROM nstrunc_repro.t1 ORDER BY id", "rows": [[1, 10]]}
{"event": "before_truncate", "iteration": 1, "parent_namespace": 3, "child_namespace": 4, "old_logical_tablet": 200001, "physical": [[4611686155866541377, 1, 1, 0]], "materialize_parent": false, "materialize_child": false, "prime_parent_schema": false}
{"event": "sql", "sql": "TRUNCATE TABLE nstrunc_repro.t1", "rows": []}
{"event": "sql", "sql": "SELECT id,v FROM nstrunc_repro.t1 ORDER BY id", "rows": []}
{"event": "sql", "sql": "SELECT id,v FROM nstrunc_repro.t1 ORDER BY id", "rows": [[1, 10]]}
{"event": "after_truncate", "iteration": 1, "old_logical_tablet": 200001, "new_parent_tablet": 200002, "physical": [[4611686155866541377, 1, 1, 0], [4611686430744448322, 1, 1, 0]], "exceptions": [[{"namespace_id": "3", "tablet_id": "200001"}, {"table_id": 500003, "kind": 1, "drop_scn": 1790882265627292034, "was_owned": 0, "create_scn": 0}], [{"namespace_id": "3", "tablet_id": "200002"}, {"table_id": 500003, "kind": 0, "drop_scn": 0, "was_owned": 0, "create_scn": 0}]]}
{"event": "sql", "sql": "SET ob_query_timeout=2000000", "rows": []}
{"event": "sql", "sql": "SELECT id,v FROM nstrunc_repro.t1 ORDER BY id", "rows": [[1, 10]]}
{"event": "descendant_result", "iteration": 1, "expected": [[1, 10]], "actual": [[1, 10]], "error": null, "elapsed_s": 0.001, "passed": true}
{"event": "PASS", "case": "fork_parent_truncate", "results": [true], "materialize_parent": false, "materialize_child": false, "prime_parent_schema": false}
{"event": "stopped", "pid": 3849996, "returncode": -9}
{"event": "data_archived", "path": "/data/1/tmp/seekdb-ns-probes/namespace_fork_PROTOTYPE_parent_truncate_u4qxi0a2/data.tar.gz", "bytes": 3281465}
/home/nijia.nj/.local/lib/python3.8/site-packages/pymysql/_auth.py:9: CryptographyDeprecationWarning: Python 3.8 is no longer supported by the Python core team and support for it is deprecated in cryptography. The next release of cryptography will remove support for Python 3.8.
  from cryptography.hazmat.backends import default_backend
{"event": "setup", "binary": "/data/1/tmp/seekdb-ns-artifacts/seekdb-history-production-final", "base": "/data/1/tmp/seekdb-ns-probes/namespace_fork_PROTOTYPE_parent_truncate_q9_vz5q2", "pid": 3850475, "port": 58411}
{"event": "sql", "sql": "CREATE DATABASE nstrunc_repro", "rows": []}
{"event": "sql", "sql": "CREATE TABLE nstrunc_repro.t1(id INT PRIMARY KEY,v INT)", "rows": []}
{"event": "sql", "sql": "INSERT INTO nstrunc_repro.t1 VALUES(1,10)", "rows": []}
{"event": "sql", "sql": "FORK NAMESPACE trunc_parent_1 FROM ns1", "rows": []}
{"event": "sql", "sql": "SET ob_query_timeout=10000000", "rows": []}
{"event": "sql", "sql": "ALTER TABLE nstrunc_repro.t1 COMMENT='parent metadata ddl'", "rows": []}
{"event": "parent_recyclebin", "iteration": 1, "value": [[0]]}
{"event": "sql", "sql": "FORK NAMESPACE trunc_child_1 FROM trunc_parent_1", "rows": []}
{"event": "sql", "sql": "SET ob_query_timeout=10000000", "rows": []}
{"event": "sql", "sql": "UPDATE nstrunc_repro.t1 SET v=v+1", "rows": []}
{"event": "sql", "sql": "UPDATE nstrunc_repro.t1 SET v=v-1", "rows": []}
{"event": "sql", "sql": "SELECT id,v FROM nstrunc_repro.t1 ORDER BY id", "rows": [[1, 10]]}
{"event": "sql", "sql": "SELECT id,v FROM nstrunc_repro.t1 ORDER BY id", "rows": [[1, 10]]}
{"event": "before_truncate", "iteration": 1, "parent_namespace": 3, "child_namespace": 4, "old_logical_tablet": 200001, "physical": [[4611686155866541377, 1, 1, 0], [4611686568183401793, 1, 1, 0]], "materialize_parent": false, "materialize_child": true, "prime_parent_schema": true}
{"event": "sql", "sql": "TRUNCATE TABLE nstrunc_repro.t1", "rows": []}
{"event": "sql", "sql": "SELECT id,v FROM nstrunc_repro.t1 ORDER BY id", "rows": []}
{"event": "sql", "sql": "SELECT id,v FROM nstrunc_repro.t1 ORDER BY id", "rows": [[1, 10]]}
{"event": "after_truncate", "iteration": 1, "old_logical_tablet": 200001, "new_parent_tablet": 200002, "physical": [[4611686155866541377, 1, 1, 0], [4611686430744448322, 1, 1, 0], [4611686568183401793, 1, 1, 0]], "exceptions": [[{"namespace_id": "3", "tablet_id": "200001"}, {"table_id": 500003, "kind": 1, "drop_scn": 1790882275641281056, "was_owned": 0, "create_scn": 0}], [{"namespace_id": "3", "tablet_id": "200002"}, {"table_id": 500003, "kind": 0, "drop_scn": 0, "was_owned": 0, "create_scn": 0}], [{"namespace_id": "4", "tablet_id": "200001"}, {"table_id": 500003, "kind": 0, "drop_scn": 0, "was_owned": 0, "create_scn": 0}]]}
{"event": "sql", "sql": "SET ob_query_timeout=2000000", "rows": []}
{"event": "sql", "sql": "SELECT id,v FROM nstrunc_repro.t1 ORDER BY id", "rows": [[1, 10]]}
{"event": "descendant_result", "iteration": 1, "expected": [[1, 10]], "actual": [[1, 10]], "error": null, "elapsed_s": 0.001, "passed": true}
{"event": "PASS", "case": "fork_parent_truncate", "results": [true], "materialize_parent": false, "materialize_child": true, "prime_parent_schema": true}
{"event": "stopped", "pid": 3850475, "returncode": -9}
{"event": "data_archived", "path": "/data/1/tmp/seekdb-ns-probes/namespace_fork_PROTOTYPE_parent_truncate_q9_vz5q2/data.tar.gz", "bytes": 3108927}
/home/nijia.nj/.local/lib/python3.8/site-packages/pymysql/_auth.py:9: CryptographyDeprecationWarning: Python 3.8 is no longer supported by the Python core team and support for it is deprecated in cryptography. The next release of cryptography will remove support for Python 3.8.
  from cryptography.hazmat.backends import default_backend
{"event": "setup", "binary": "/data/1/tmp/seekdb-ns-artifacts/seekdb-history-production-final", "base": "/data/1/tmp/seekdb-ns-probes/namespace_fork_PROTOTYPE_parent_truncate_1k4bffhc", "pid": 3850901, "port": 54275}
{"event": "sql", "sql": "CREATE DATABASE nstrunc_repro", "rows": []}
{"event": "sql", "sql": "CREATE TABLE nstrunc_repro.t1(id INT PRIMARY KEY,v INT)", "rows": []}
{"event": "sql", "sql": "INSERT INTO nstrunc_repro.t1 VALUES(1,10)", "rows": []}
{"event": "sql", "sql": "FORK NAMESPACE trunc_parent_1 FROM ns1", "rows": []}
{"event": "sql", "sql": "SET ob_query_timeout=10000000", "rows": []}
{"event": "sql", "sql": "ALTER TABLE nstrunc_repro.t1 COMMENT='parent metadata ddl'", "rows": []}
{"event": "parent_recyclebin", "iteration": 1, "value": [[0]]}
{"event": "sql", "sql": "FORK NAMESPACE trunc_child_1 FROM trunc_parent_1", "rows": []}
{"event": "sql", "sql": "SET ob_query_timeout=10000000", "rows": []}
{"event": "sql", "sql": "SELECT id,v FROM nstrunc_repro.t1 ORDER BY id", "rows": [[1, 10]]}
{"event": "sql", "sql": "SELECT id,v FROM nstrunc_repro.t1 ORDER BY id", "rows": [[1, 10]]}
{"event": "before_truncate", "iteration": 1, "parent_namespace": 3, "child_namespace": 4, "old_logical_tablet": 200001, "physical": [[4611686155866541377, 1, 1, 0]], "materialize_parent": false, "materialize_child": false, "prime_parent_schema": true}
{"event": "sql", "sql": "TRUNCATE TABLE nstrunc_repro.t1", "rows": []}
{"event": "sql", "sql": "SELECT id,v FROM nstrunc_repro.t1 ORDER BY id", "rows": []}
{"event": "sql", "sql": "SELECT id,v FROM nstrunc_repro.t1 ORDER BY id", "rows": [[1, 10]]}
{"event": "after_truncate", "iteration": 1, "old_logical_tablet": 200001, "new_parent_tablet": 200002, "physical": [[4611686155866541377, 1, 1, 0], [4611686430744448322, 1, 1, 0]], "exceptions": [[{"namespace_id": "3", "tablet_id": "200001"}, {"table_id": 500003, "kind": 1, "drop_scn": 1790882285100256044, "was_owned": 0, "create_scn": 0}], [{"namespace_id": "3", "tablet_id": "200002"}, {"table_id": 500003, "kind": 0, "drop_scn": 0, "was_owned": 0, "create_scn": 0}]]}
{"event": "sql", "sql": "SET ob_query_timeout=2000000", "rows": []}
{"event": "sql", "sql": "SELECT id,v FROM nstrunc_repro.t1 ORDER BY id", "rows": [[1, 10]]}
{"event": "descendant_result", "iteration": 1, "expected": [[1, 10]], "actual": [[1, 10]], "error": null, "elapsed_s": 0.001, "passed": true}
{"event": "PASS", "case": "fork_parent_truncate", "results": [true], "materialize_parent": false, "materialize_child": false, "prime_parent_schema": true}
{"event": "stopped", "pid": 3850901, "returncode": -9}
{"event": "data_archived", "path": "/data/1/tmp/seekdb-ns-probes/namespace_fork_PROTOTYPE_parent_truncate_1k4bffhc/data.tar.gz", "bytes": 3281926}
/home/nijia.nj/.local/lib/python3.8/site-packages/pymysql/_auth.py:9: CryptographyDeprecationWarning: Python 3.8 is no longer supported by the Python core team and support for it is deprecated in cryptography. The next release of cryptography will remove support for Python 3.8.
  from cryptography.hazmat.backends import default_backend
{"event": "setup", "binary": "/data/1/tmp/seekdb-ns-artifacts/seekdb-history-production-final", "base": "/data/1/tmp/seekdb-ns-probes/namespace_fork_PROTOTYPE_parent_truncate_jmbl6ec8", "pid": 3852553, "port": 62613}
{"event": "sql", "sql": "CREATE DATABASE nstrunc_repro", "rows": []}
{"event": "sql", "sql": "CREATE TABLE nstrunc_repro.t1(id INT PRIMARY KEY,v INT)", "rows": []}
{"event": "sql", "sql": "INSERT INTO nstrunc_repro.t1 VALUES(1,10)", "rows": []}
{"event": "sql", "sql": "FORK NAMESPACE trunc_parent_1 FROM ns1", "rows": []}
{"event": "sql", "sql": "SET ob_query_timeout=10000000", "rows": []}
{"event": "sql", "sql": "ALTER TABLE nstrunc_repro.t1 COMMENT='parent metadata ddl'", "rows": []}
{"event": "parent_recyclebin", "iteration": 1, "value": [[0]]}
{"event": "sql", "sql": "UPDATE nstrunc_repro.t1 SET v=20", "rows": []}
{"event": "sql", "sql": "FORK NAMESPACE trunc_child_1 FROM trunc_parent_1", "rows": []}
{"event": "sql", "sql": "SET ob_query_timeout=10000000", "rows": []}
{"event": "sql", "sql": "SELECT id,v FROM nstrunc_repro.t1 ORDER BY id", "rows": [[1, 20]]}
{"event": "sql", "sql": "SELECT id,v FROM nstrunc_repro.t1 ORDER BY id", "rows": [[1, 20]]}
{"event": "before_truncate", "iteration": 1, "parent_namespace": 3, "child_namespace": 4, "old_logical_tablet": 200001, "physical": [[4611686155866541377, 1, 1, 0], [4611686430744448321, 1, 1, 0]], "materialize_parent": true, "materialize_child": false, "prime_parent_schema": true}
{"event": "sql", "sql": "TRUNCATE TABLE nstrunc_repro.t1", "rows": []}
{"event": "sql", "sql": "SELECT id,v FROM nstrunc_repro.t1 ORDER BY id", "rows": []}
{"event": "sql", "sql": "SELECT id,v FROM nstrunc_repro.t1 ORDER BY id", "rows": [[1, 10]]}
{"event": "after_truncate", "iteration": 1, "old_logical_tablet": 200001, "new_parent_tablet": 200002, "physical": [[4611686155866541377, 1, 1, 0], [4611686430744448321, 3, 1, 0], [4611686430744448322, 1, 1, 0]], "exceptions": [[{"namespace_id": "3", "tablet_id": "200001"}, {"table_id": 500003, "kind": 1, "drop_scn": 1790882294944675039, "was_owned": 1, "create_scn": 1790882294411294032}], [{"namespace_id": "3", "tablet_id": "200002"}, {"table_id": 500003, "kind": 0, "drop_scn": 0, "was_owned": 0, "create_scn": 0}]]}
{"event": "sql", "sql": "SET ob_query_timeout=2000000", "rows": []}
{"event": "sql", "sql": "SELECT id,v FROM nstrunc_repro.t1 ORDER BY id", "rows": [[1, 20]]}
{"event": "descendant_result", "iteration": 1, "expected": [[1, 20]], "actual": [[1, 20]], "error": null, "elapsed_s": 0.001, "passed": true}
{"event": "PASS", "case": "fork_parent_truncate", "results": [true], "materialize_parent": true, "materialize_child": false, "prime_parent_schema": true}
{"event": "stopped", "pid": 3852553, "returncode": -9}
{"event": "data_archived", "path": "/data/1/tmp/seekdb-ns-probes/namespace_fork_PROTOTYPE_parent_truncate_jmbl6ec8/data.tar.gz", "bytes": 3283999}
/home/nijia.nj/.local/lib/python3.8/site-packages/pymysql/_auth.py:9: CryptographyDeprecationWarning: Python 3.8 is no longer supported by the Python core team and support for it is deprecated in cryptography. The next release of cryptography will remove support for Python 3.8.
  from cryptography.hazmat.backends import default_backend
{"event": "setup", "binary": "/data/1/tmp/seekdb-ns-artifacts/seekdb-history-production-final", "base": "/data/1/tmp/seekdb-ns-probes/namespace_fork_PROTOTYPE_parent_truncate_8uihm_wi", "pid": 3852901, "port": 50309}
{"event": "sql", "sql": "CREATE DATABASE nstrunc_repro", "rows": []}
{"event": "sql", "sql": "CREATE TABLE nstrunc_repro.t1(id INT PRIMARY KEY,v INT)", "rows": []}
{"event": "sql", "sql": "INSERT INTO nstrunc_repro.t1 VALUES(1,10)", "rows": []}
{"event": "sql", "sql": "FORK NAMESPACE trunc_parent_1 FROM ns1", "rows": []}
{"event": "sql", "sql": "SET ob_query_timeout=10000000", "rows": []}
{"event": "parent_recyclebin", "iteration": 1, "value": [[0]]}
{"event": "sql", "sql": "UPDATE nstrunc_repro.t1 SET v=20", "rows": []}
{"event": "sql", "sql": "FORK NAMESPACE trunc_child_1 FROM trunc_parent_1", "rows": []}
{"event": "sql", "sql": "SET ob_query_timeout=10000000", "rows": []}
{"event": "sql", "sql": "SELECT id,v FROM nstrunc_repro.t1 ORDER BY id", "rows": [[1, 20]]}
{"event": "sql", "sql": "SELECT id,v FROM nstrunc_repro.t1 ORDER BY id", "rows": [[1, 20]]}
{"event": "before_truncate", "iteration": 1, "parent_namespace": 3, "child_namespace": 4, "old_logical_tablet": 200001, "physical": [[4611686155866541377, 1, 1, 0], [4611686430744448321, 1, 1, 0]], "materialize_parent": true, "materialize_child": false, "prime_parent_schema": false}
{"event": "sql", "sql": "TRUNCATE TABLE nstrunc_repro.t1", "rows": []}
{"event": "sql", "sql": "SELECT id,v FROM nstrunc_repro.t1 ORDER BY id", "rows": []}
{"event": "sql", "sql": "SELECT id,v FROM nstrunc_repro.t1 ORDER BY id", "rows": [[1, 10]]}
{"event": "after_truncate", "iteration": 1, "old_logical_tablet": 200001, "new_parent_tablet": 200002, "physical": [[4611686155866541377, 1, 1, 0], [4611686430744448321, 3, 1, 0], [4611686430744448322, 1, 1, 0]], "exceptions": [[{"namespace_id": "3", "tablet_id": "200001"}, {"table_id": 500003, "kind": 1, "drop_scn": 1790882304426837039, "was_owned": 1, "create_scn": 1790882303902609011}], [{"namespace_id": "3", "tablet_id": "200002"}, {"table_id": 500003, "kind": 0, "drop_scn": 0, "was_owned": 0, "create_scn": 0}]]}
{"event": "sql", "sql": "SET ob_query_timeout=2000000", "rows": []}
{"event": "sql", "sql": "SELECT id,v FROM nstrunc_repro.t1 ORDER BY id", "rows": [[1, 20]]}
{"event": "descendant_result", "iteration": 1, "expected": [[1, 20]], "actual": [[1, 20]], "error": null, "elapsed_s": 0.0, "passed": true}
{"event": "sql", "sql": "UPDATE nstrunc_repro.t1 SET v=v+100", "rows": []}
{"event": "sql", "sql": "SELECT id,v FROM nstrunc_repro.t1 ORDER BY id", "rows": [[1, 120]]}
{"event": "sql", "sql": "SELECT id,v FROM nstrunc_repro.t1 ORDER BY id", "rows": []}
{"event": "sql", "sql": "SELECT id,v FROM nstrunc_repro.t1 ORDER BY id", "rows": [[1, 10]]}
{"event": "sql", "sql": "SELECT id,v FROM nstrunc_repro.t1 ORDER BY id", "rows": [[1, 120]]}
{"event": "first_write_after_truncate", "rows": [[1, 120]]}
{"event": "PASS", "case": "fork_parent_truncate", "results": [true], "materialize_parent": true, "materialize_child": false, "prime_parent_schema": false}
{"event": "stopped", "pid": 3852901, "returncode": -9}
{"event": "data_archived", "path": "/data/1/tmp/seekdb-ns-probes/namespace_fork_PROTOTYPE_parent_truncate_8uihm_wi/data.tar.gz", "bytes": 3284540}
/home/nijia.nj/.local/lib/python3.8/site-packages/pymysql/_auth.py:9: CryptographyDeprecationWarning: Python 3.8 is no longer supported by the Python core team and support for it is deprecated in cryptography. The next release of cryptography will remove support for Python 3.8.
  from cryptography.hazmat.backends import default_backend
{"event": "setup", "binary": "/data/1/tmp/seekdb-ns-artifacts/seekdb-history-production-final", "base": "/data/1/tmp/seekdb-ns-probes/namespace_fork_PROTOTYPE_parent_truncate_zgg67mx7", "pid": 3853264, "port": 32717}
{"event": "sql", "sql": "CREATE DATABASE nstrunc_repro", "rows": []}
{"event": "sql", "sql": "CREATE TABLE nstrunc_repro.t1(id INT PRIMARY KEY,v INT)", "rows": []}
{"event": "sql", "sql": "INSERT INTO nstrunc_repro.t1 VALUES(1,10)", "rows": []}
{"event": "sql", "sql": "FORK NAMESPACE trunc_parent_1 FROM ns1", "rows": []}
{"event": "sql", "sql": "SET ob_query_timeout=10000000", "rows": []}
{"event": "parent_recyclebin", "iteration": 1, "value": [[0]]}
{"event": "sql", "sql": "FORK NAMESPACE trunc_child_1 FROM trunc_parent_1", "rows": []}
{"event": "sql", "sql": "SET ob_query_timeout=10000000", "rows": []}
{"event": "sql", "sql": "UPDATE nstrunc_repro.t1 SET v=30", "rows": []}
{"event": "sql", "sql": "SELECT id,v FROM nstrunc_repro.t1 ORDER BY id", "rows": [[1, 30]]}
{"event": "sql", "sql": "SELECT id,v FROM nstrunc_repro.t1 ORDER BY id", "rows": [[1, 10]]}
{"event": "before_truncate", "iteration": 1, "parent_namespace": 3, "child_namespace": 4, "old_logical_tablet": 200001, "physical": [[4611686155866541377, 1, 1, 0], [4611686430744448321, 1, 1, 0]], "materialize_parent": false, "materialize_child": false, "prime_parent_schema": false}
{"event": "sql", "sql": "TRUNCATE TABLE nstrunc_repro.t1", "rows": []}
{"event": "sql", "sql": "SELECT id,v FROM nstrunc_repro.t1 ORDER BY id", "rows": []}
{"event": "sql", "sql": "SELECT id,v FROM nstrunc_repro.t1 ORDER BY id", "rows": [[1, 10]]}
{"event": "after_truncate", "iteration": 1, "old_logical_tablet": 200001, "new_parent_tablet": 200002, "physical": [[4611686155866541377, 1, 1, 0], [4611686430744448321, 3, 1, 0], [4611686430744448322, 1, 1, 0]], "exceptions": [[{"namespace_id": "3", "tablet_id": "200001"}, {"table_id": 500003, "kind": 1, "drop_scn": 1790882314655768010, "was_owned": 1, "create_scn": 1790882314061431034}], [{"namespace_id": "3", "tablet_id": "200002"}, {"table_id": 500003, "kind": 0, "drop_scn": 0, "was_owned": 0, "create_scn": 0}]]}
{"event": "sql", "sql": "SET ob_query_timeout=2000000", "rows": []}
{"event": "sql", "sql": "SELECT id,v FROM nstrunc_repro.t1 ORDER BY id", "rows": [[1, 10]]}
{"event": "descendant_result", "iteration": 1, "expected": [[1, 10]], "actual": [[1, 10]], "error": null, "elapsed_s": 0.001, "passed": true}
{"event": "sql", "sql": "UPDATE nstrunc_repro.t1 SET v=v+100", "rows": []}
{"event": "sql", "sql": "SELECT id,v FROM nstrunc_repro.t1 ORDER BY id", "rows": [[1, 110]]}
{"event": "sql", "sql": "SELECT id,v FROM nstrunc_repro.t1 ORDER BY id", "rows": []}
{"event": "sql", "sql": "SELECT id,v FROM nstrunc_repro.t1 ORDER BY id", "rows": [[1, 10]]}
{"event": "sql", "sql": "SELECT id,v FROM nstrunc_repro.t1 ORDER BY id", "rows": [[1, 110]]}
{"event": "first_write_after_truncate", "rows": [[1, 110]]}
{"event": "PASS", "case": "fork_parent_truncate", "results": [true], "materialize_parent": false, "materialize_child": false, "prime_parent_schema": false}
{"event": "stopped", "pid": 3853264, "returncode": -9}
{"event": "data_archived", "path": "/data/1/tmp/seekdb-ns-probes/namespace_fork_PROTOTYPE_parent_truncate_zgg67mx7/data.tar.gz", "bytes": 3282276}
/home/nijia.nj/.local/lib/python3.8/site-packages/pymysql/_auth.py:9: CryptographyDeprecationWarning: Python 3.8 is no longer supported by the Python core team and support for it is deprecated in cryptography. The next release of cryptography will remove support for Python 3.8.
  from cryptography.hazmat.backends import default_backend
{"event": "setup", "binary": "/data/1/tmp/seekdb-ns-artifacts/seekdb-history-production-final", "base": "/data/1/tmp/seekdb-ns-probes/namespace_fork_PROTOTYPE_historical_gc_ocpab39f", "pid": 3853713, "port": 35987}
{"event": "sql", "sql": "CREATE DATABASE nstrunc_repro", "rows": []}
{"event": "sql", "sql": "CREATE TABLE nstrunc_repro.t1(id INT PRIMARY KEY,v INT)", "rows": []}
{"event": "sql", "sql": "INSERT INTO nstrunc_repro.t1 VALUES(1,10)", "rows": []}
{"event": "sql", "sql": "FORK NAMESPACE history_b FROM ns1", "rows": []}
{"event": "sql", "sql": "UPDATE nstrunc_repro.t1 SET v=20", "rows": []}
{"event": "sql", "sql": "FORK NAMESPACE history_c FROM history_b", "rows": []}
{"event": "sql", "sql": "SELECT id,v FROM nstrunc_repro.t1 ORDER BY id", "rows": [[1, 20]]}
{"event": "sql", "sql": "TRUNCATE TABLE nstrunc_repro.t1", "rows": []}
{"event": "sql", "sql": "DROP NAMESPACE history_b", "rows": []}
{"event": "sql", "sql": "DROP TABLE nstrunc_repro.t1", "rows": []}
{"event": "sql", "sql": "CREATE TABLE nstrunc_repro.t1(id INT PRIMARY KEY,v INT)", "rows": []}
{"event": "sql", "sql": "INSERT INTO nstrunc_repro.t1 VALUES(1,99)", "rows": []}
{"event": "sql", "sql": "FORK NAMESPACE history_new FROM ns1", "rows": []}
{"event": "sql", "sql": "SELECT id,v FROM nstrunc_repro.t1 ORDER BY id", "rows": [[1, 99]]}
{"event": "sql", "sql": "SELECT id,v FROM nstrunc_repro.t1 ORDER BY id", "rows": [[1, 20]]}
{"event": "deleted_source_readable", "physical": [[4611686155866541377, 3, 1, 0], [4611686430744448321, 3, 1, 0]]}
{"event": "sql", "sql": "SELECT id,v FROM nstrunc_repro.t1 ORDER BY id", "rows": [[1, 20]]}
{"event": "sql", "sql": "SELECT id,v FROM nstrunc_repro.t1 ORDER BY id", "rows": [[1, 20]]}
{"event": "sql", "sql": "SELECT id,v FROM nstrunc_repro.t1 ORDER BY id", "rows": [[1, 20]]}
{"event": "sql", "sql": "SELECT id,v FROM nstrunc_repro.t1 ORDER BY id", "rows": [[1, 20]]}
{"event": "sql", "sql": "SELECT id,v FROM nstrunc_repro.t1 ORDER BY id", "rows": [[1, 20]]}
{"event": "sql", "sql": "SELECT id,v FROM nstrunc_repro.t1 ORDER BY id", "rows": [[1, 20]]}
{"event": "sql", "sql": "SELECT id,v FROM nstrunc_repro.t1 ORDER BY id", "rows": [[1, 20]]}
{"event": "sql", "sql": "SELECT id,v FROM nstrunc_repro.t1 ORDER BY id", "rows": [[1, 20]]}
{"event": "retained_through_gc", "physical": [[4611686155866541377, 3, 1, 0], [4611686430744448321, 3, 1, 0]]}
{"event": "restart", "old_returncode": -9}
{"event": "setup", "binary": "/data/1/tmp/seekdb-ns-artifacts/seekdb-history-production-final", "base": "/data/1/tmp/seekdb-ns-probes/namespace_fork_PROTOTYPE_historical_gc_ocpab39f", "pid": 3854228, "port": 35987}
{"event": "sql", "sql": "SELECT id,v FROM nstrunc_repro.t1 ORDER BY id", "rows": [[1, 20]]}
{"event": "retained_through_restart", "physical": [[4611686155866541377, 3, 1, 0], [4611686430744448321, 3, 1, 0]]}
{"event": "sql", "sql": "UPDATE nstrunc_repro.t1 SET v=v+100", "rows": []}
{"event": "sql", "sql": "SELECT id,v FROM nstrunc_repro.t1 ORDER BY id", "rows": [[1, 120]]}
{"event": "sql", "sql": "SELECT id,v FROM nstrunc_repro.t1 ORDER BY id", "rows": [[1, 99]]}
{"event": "first_write_from_deleted_source", "physical": [[4611686155866541377, 3, 1, 0], [4611686430744448321, 3, 1, 0], [4611686568183401793, 1, 1, 0]]}
{"event": "sql", "sql": "DROP NAMESPACE history_c", "rows": []}
{"event": "last_dependency_released_to_shells", "physical": [[4611686155866541377, 3, 1, 1], [4611686430744448321, 3, 1, 1], [4611686568183401793, 3, 1, 1]]}
{"event": "PASS", "case": "historical_gc_restart_release", "physical": [], "all_old_tablets_removed": true}
{"event": "stopped", "pid": 3854228, "returncode": -9}
{"event": "data_archived", "path": "/data/1/tmp/seekdb-ns-probes/namespace_fork_PROTOTYPE_historical_gc_ocpab39f/data.tar.gz", "bytes": 3321639}
/home/nijia.nj/.local/lib/python3.8/site-packages/pymysql/_auth.py:9: CryptographyDeprecationWarning: Python 3.8 is no longer supported by the Python core team and support for it is deprecated in cryptography. The next release of cryptography will remove support for Python 3.8.
  from cryptography.hazmat.backends import default_backend
{"event": "setup", "binary": "/data/1/tmp/seekdb-ns-artifacts/seekdb-history-production-final", "base": "/data/1/tmp/seekdb-ns-probes/namespace_fork_PROTOTYPE_historical_gc_9p11xrbn", "pid": 3854858, "port": 10889}
{"event": "sql", "sql": "CREATE DATABASE nstrunc_repro", "rows": []}
{"event": "sql", "sql": "CREATE TABLE nstrunc_repro.t1(id INT PRIMARY KEY,v INT)", "rows": []}
{"event": "sql", "sql": "INSERT INTO nstrunc_repro.t1 VALUES(1,10)", "rows": []}
{"event": "sql", "sql": "FORK NAMESPACE history_b FROM ns1", "rows": []}
{"event": "sql", "sql": "UPDATE nstrunc_repro.t1 SET v=20", "rows": []}
{"event": "sql", "sql": "FORK NAMESPACE history_c FROM history_b", "rows": []}
{"event": "sql", "sql": "SELECT id,v FROM nstrunc_repro.t1 ORDER BY id", "rows": [[1, 20]]}
{"event": "sql", "sql": "TRUNCATE TABLE nstrunc_repro.t1", "rows": []}
{"event": "sql", "sql": "DROP NAMESPACE history_b", "rows": []}
{"event": "sql", "sql": "DROP TABLE nstrunc_repro.t1", "rows": []}
{"event": "sql", "sql": "CREATE TABLE nstrunc_repro.t1(id INT PRIMARY KEY,v INT)", "rows": []}
{"event": "sql", "sql": "INSERT INTO nstrunc_repro.t1 VALUES(1,99)", "rows": []}
{"event": "sql", "sql": "FORK NAMESPACE history_new FROM ns1", "rows": []}
{"event": "sql", "sql": "SELECT id,v FROM nstrunc_repro.t1 ORDER BY id", "rows": [[1, 99]]}
{"event": "sql", "sql": "SELECT id,v FROM nstrunc_repro.t1 ORDER BY id", "rows": [[1, 20]]}
{"event": "deleted_source_readable", "physical": [[4611686155866541377, 3, 1, 0], [4611686430744448321, 3, 1, 0]]}
{"event": "sql", "sql": "SELECT id,v FROM nstrunc_repro.t1 ORDER BY id", "rows": [[1, 20]]}
{"event": "sql", "sql": "SELECT id,v FROM nstrunc_repro.t1 ORDER BY id", "rows": [[1, 20]]}
{"event": "sql", "sql": "SELECT id,v FROM nstrunc_repro.t1 ORDER BY id", "rows": [[1, 20]]}
{"event": "sql", "sql": "SELECT id,v FROM nstrunc_repro.t1 ORDER BY id", "rows": [[1, 20]]}
{"event": "sql", "sql": "SELECT id,v FROM nstrunc_repro.t1 ORDER BY id", "rows": [[1, 20]]}
{"event": "sql", "sql": "SELECT id,v FROM nstrunc_repro.t1 ORDER BY id", "rows": [[1, 20]]}
{"event": "sql", "sql": "SELECT id,v FROM nstrunc_repro.t1 ORDER BY id", "rows": [[1, 20]]}
{"event": "sql", "sql": "SELECT id,v FROM nstrunc_repro.t1 ORDER BY id", "rows": [[1, 20]]}
{"event": "retained_through_gc", "physical": [[4611686155866541377, 3, 1, 0], [4611686430744448321, 3, 1, 0]]}
{"event": "restart", "old_returncode": -9}
{"event": "setup", "binary": "/data/1/tmp/seekdb-ns-artifacts/seekdb-history-production-final", "base": "/data/1/tmp/seekdb-ns-probes/namespace_fork_PROTOTYPE_historical_gc_9p11xrbn", "pid": 3855518, "port": 10889}
{"event": "sql", "sql": "SELECT id,v FROM nstrunc_repro.t1 ORDER BY id", "rows": [[1, 20]]}
{"event": "retained_through_restart", "physical": [[4611686155866541377, 3, 1, 0], [4611686430744448321, 3, 1, 0]]}
{"event": "sql", "sql": "UPDATE nstrunc_repro.t1 SET v=v+100", "rows": []}
{"event": "sql", "sql": "SELECT id,v FROM nstrunc_repro.t1 ORDER BY id", "rows": [[1, 120]]}
{"event": "sql", "sql": "SELECT id,v FROM nstrunc_repro.t1 ORDER BY id", "rows": [[1, 99]]}
{"event": "first_write_from_deleted_source", "physical": [[4611686155866541377, 3, 1, 0], [4611686430744448321, 3, 1, 0], [4611686568183401793, 1, 1, 0]]}
{"event": "sql", "sql": "ALTER SYSTEM MINOR FREEZE", "rows": []}
{"event": "sql", "sql": "SELECT id,v FROM nstrunc_repro.t1 ORDER BY id", "rows": [[1, 120]]}
{"event": "baseline_completed_sources_reclaimed", "physical": [[4611686430744448321, 3, 1, 1], [4611686568183401793, 1, 1, 0]]}
{"event": "sql", "sql": "DROP NAMESPACE history_c", "rows": []}
{"event": "last_dependency_released_to_shells", "physical": [[4611686568183401793, 3, 1, 1]]}
{"event": "PASS", "case": "historical_gc_restart_release", "physical": [], "all_old_tablets_removed": true}
{"event": "stopped", "pid": 3855518, "returncode": -9}
{"event": "data_archived", "path": "/data/1/tmp/seekdb-ns-probes/namespace_fork_PROTOTYPE_historical_gc_9p11xrbn/data.tar.gz", "bytes": 3991741}
/home/nijia.nj/.local/lib/python3.8/site-packages/pymysql/_auth.py:9: CryptographyDeprecationWarning: Python 3.8 is no longer supported by the Python core team and support for it is deprecated in cryptography. The next release of cryptography will remove support for Python 3.8.
  from cryptography.hazmat.backends import default_backend
{"event": "setup", "binary": "/data/1/tmp/seekdb-ns-artifacts/seekdb-history-production-final", "base": "/data/1/tmp/seekdb-ns-probes/namespace_fork_PROTOTYPE_historical_concurrency_l7wg6v3i", "pid": 3856446, "port": 51529}
{"event": "sql", "sql": "ALTER SYSTEM SET debug_sync_timeout='60s'", "rows": []}
{"event": "sql", "sql": "CREATE DATABASE nstrunc_repro", "rows": []}
{"event": "sql", "sql": "CREATE TABLE nstrunc_repro.t1(id INT PRIMARY KEY,v INT)", "rows": []}
{"event": "sql", "sql": "INSERT INTO nstrunc_repro.t1 VALUES(1,10)", "rows": []}
{"event": "sql", "sql": "FORK NAMESPACE race_b FROM ns1", "rows": []}
{"event": "sql", "sql": "UPDATE nstrunc_repro.t1 SET v=20", "rows": []}
{"event": "sql", "sql": "FORK NAMESPACE race_c FROM race_b", "rows": []}
{"event": "sql", "sql": "SET ob_query_timeout=30000000", "rows": []}
{"event": "sql", "sql": "SELECT id,v FROM nstrunc_repro.t1", "rows": [[1, 20]]}
{"event": "sql", "sql": "TRUNCATE TABLE nstrunc_repro.t1", "rows": []}
{"event": "sql", "sql": "SET ob_query_timeout=30000000", "rows": []}
{"event": "sql", "sql": "SET ob_global_debug_sync='AFTER_UPDATE_TABLET_TO_LS signal history_mat_ready wait_for history_mat_release timeout 20000000 execute 1'", "rows": []}
{"event": "sql", "sql": "SET ob_global_debug_sync='now wait_for history_mat_ready timeout 10000000'", "rows": []}
{"event": "fork_rejected_unpublished_copy", "error": "(6005, 'Try lock row conflict')"}
{"event": "fork_and_gc_respected_materialization_boundary", "source": [[4611686430744448321, 3, 1, 0]], "fork_requested_retry": true}
{"event": "sql", "sql": "SET ob_global_debug_sync='now signal history_mat_release'", "rows": []}
{"event": "sql", "sql": "UPDATE nstrunc_repro.t1 SET v=120", "rows": []}
{"event": "sql", "sql": "FORK NAMESPACE race_d FROM race_c", "rows": []}
{"event": "sql", "sql": "SELECT id,v FROM nstrunc_repro.t1", "rows": [[1, 120]]}
{"event": "sql", "sql": "SELECT id,v FROM nstrunc_repro.t1", "rows": [[1, 120]]}
{"event": "sql", "sql": "SELECT id,v FROM nstrunc_repro.t1", "rows": []}
{"event": "sql", "sql": "SELECT id,v FROM nstrunc_repro.t1", "rows": [[1, 10]]}
{"event": "sql", "sql": "UPDATE nstrunc_repro.t1 SET v=300", "rows": []}
{"event": "sql", "sql": "SELECT id,v FROM nstrunc_repro.t1", "rows": [[1, 300]]}
{"event": "sql", "sql": "SELECT id,v FROM nstrunc_repro.t1", "rows": [[1, 120]]}
{"event": "PASS", "case": "historical_materialize_fork_gc_interleaving", "fork_rows": [[1, 120]]}
{"event": "stopped", "pid": 3856446, "returncode": -9}
{"event": "data_archived", "path": "/data/1/tmp/seekdb-ns-probes/namespace_fork_PROTOTYPE_historical_concurrency_l7wg6v3i/data.tar.gz", "bytes": 3284170}
/home/nijia.nj/.local/lib/python3.8/site-packages/pymysql/_auth.py:9: CryptographyDeprecationWarning: Python 3.8 is no longer supported by the Python core team and support for it is deprecated in cryptography. The next release of cryptography will remove support for Python 3.8.
  from cryptography.hazmat.backends import default_backend
{"event": "setup", "binary": "/data/1/tmp/seekdb-ns-artifacts/seekdb-history-production-final", "base": "/data/1/nijia.nj/test/namespace_fork_PROTOTYPE_ddl_publish_recovery_initial_izvduwkn", "pid": 3856855, "port": 40603}
{"event": "sql", "sql": "CREATE DATABASE nstrunc_repro", "rows": []}
{"event": "sql", "sql": "CREATE TABLE nstrunc_repro.t1(id INT PRIMARY KEY,v INT)", "rows": []}
{"event": "sql", "sql": "INSERT INTO nstrunc_repro.t1 VALUES(1,10)", "rows": []}
{"event": "sql", "sql": "FORK NAMESPACE publish_old FROM ns1", "rows": []}
{"event": "sql", "sql": "SELECT id,v FROM nstrunc_repro.t1", "rows": [[1, 10]]}
{"event": "sql", "sql": "SET ob_query_timeout=500000", "rows": []}
{"event": "sql", "sql": "TRUNCATE TABLE nstrunc_repro.t1", "rows": []}
{"event": "stopped", "pid": 3856855, "returncode": -9}
{"event": "data_archived", "path": "/data/1/nijia.nj/test/namespace_fork_PROTOTYPE_ddl_publish_recovery_initial_izvduwkn/data.tar.gz", "bytes": 3277755}
/home/nijia.nj/.local/lib/python3.8/site-packages/pymysql/_auth.py:9: CryptographyDeprecationWarning: Python 3.8 is no longer supported by the Python core team and support for it is deprecated in cryptography. The next release of cryptography will remove support for Python 3.8.
  from cryptography.hazmat.backends import default_backend
Traceback (most recent call last):
  File "/home/nijia.nj/.herdr/worktrees/seekdb/herdr-fork/.scratch/namespace-fork/fork_ddl_publish_recovery_probe.py", line 109, in <module>
    run(args.binary, args.owner)
  File "/home/nijia.nj/.herdr/worktrees/seekdb/herdr-fork/.scratch/namespace-fork/fork_ddl_publish_recovery_probe.py", line 52, in run
    boundary = wait_for(pending, 'committed DDL publication window not observed', 15)
  File "/home/nijia.nj/.herdr/worktrees/seekdb/herdr-fork/.scratch/namespace-fork/fork_history_gc_probe.py", line 24, in wait_for
    raise AssertionError((message, last))
AssertionError: ('committed DDL publication window not observed', None)
