{"event": "setup", "binary": "/data/1/tmp/seekdb-ns-artifacts/seekdb-history-production-final", "base": "/data/1/nijia.nj/test/namespace_fork_PROTOTYPE_ddl_publish_recovery_initial__fppp17u", "pid": 3869031, "port": 54053}
{"event": "sql", "sql": "CREATE DATABASE nstrunc_repro", "rows": []}
{"event": "sql", "sql": "CREATE TABLE nstrunc_repro.t1(id INT PRIMARY KEY,v INT)", "rows": []}
{"event": "sql", "sql": "INSERT INTO nstrunc_repro.t1 VALUES(1,10)", "rows": []}
{"event": "sql", "sql": "FORK NAMESPACE publish_old FROM ns1", "rows": []}
{"event": "sql", "sql": "SELECT id,v FROM nstrunc_repro.t1", "rows": [[1, 10]]}
{"event": "sql", "sql": "SET ob_query_timeout=500000", "rows": []}
{"event": "publication_state", "state": [0, 0, 1790882715654792]}
{"event": "publication_state", "state": [0, 1790882717952856, 1790882715654792]}
{"event": "native_ddl_committed_before_delta", "owner": "initial", "metadata": {"name": "ns1", "source": 0, "catalog_page": 0, "catalog_cap": 0, "directory_page": 0, "directory_cap": 0, "snapshot": 0, "schema_version": 1790882715654792, "snapshot_ref": 0, "parent_ref": 0, "ref_count": 0, "state": 0, "active_schema_changes": 0, "pending_schema_version": 1790882717952856, "parent_namespace": 0, "fork_cap": 0}}
{"event": "sql", "sql": "TRUNCATE TABLE nstrunc_repro.t1", "rows": []}
{"event": "sql", "sql": "FORK NAMESPACE publish_blocked FROM ns1", "rows": []}
{"event": "stopped", "pid": 3869031, "returncode": -9}
{"event": "data_archived", "path": "/data/1/nijia.nj/test/namespace_fork_PROTOTYPE_ddl_publish_recovery_initial__fppp17u/data.tar.gz", "bytes": 3272542}
/home/nijia.nj/.local/lib/python3.8/site-packages/pymysql/_auth.py:9: CryptographyDeprecationWarning: Python 3.8 is no longer supported by the Python core team and support for it is deprecated in cryptography. The next release of cryptography will remove support for Python 3.8.
  from cryptography.hazmat.backends import default_backend
Traceback (most recent call last):
  File "/home/nijia.nj/.herdr/worktrees/seekdb/herdr-fork/.scratch/namespace-fork/fork_ddl_publish_recovery_probe.py", line 114, in <module>
    run(args.binary, args.owner)
  File "/home/nijia.nj/.herdr/worktrees/seekdb/herdr-fork/.scratch/namespace-fork/fork_ddl_publish_recovery_probe.py", line 65, in run
    raise AssertionError('fork crossed an unpublished DDL boundary')
AssertionError: fork crossed an unpublished DDL boundary
