{"event": "setup", "binary": "/home/nijia.nj/.herdr/worktrees/seekdb/herdr-fork/build_release/src/observer/seekdb", "base": "/data/1/nijia.nj/test/namespace_fork_PROTOTYPE_fullscan_diagnosis_j3xp7zqs", "pid": 2750144, "port": 23701}
{"event": "sql", "sql": "SET ob_query_timeout=300000000", "rows": []}
{"event": "sql", "sql": "SET ob_trx_timeout=300000000", "rows": []}
{"event": "sql", "sql": "CREATE DATABASE scan_diag", "rows": []}
{"event": "sql", "sql": "CREATE TABLE scan_diag.t(id INT PRIMARY KEY,v INT) PARTITION BY HASH(id) PARTITIONS 8000", "rows": []}
{"event": "sql", "sql": "FORK NAMESPACE scan_child FROM ns1", "rows": []}
{"event": "fixture_ready", "pid": 2750144, "port": 23701, "base": "/data/1/nijia.nj/test/namespace_fork_PROTOTYPE_fullscan_diagnosis_j3xp7zqs", "partitions": 8000}
{"event": "explain", "namespace": "parent", "plan": [["================================================================="], ["|ID|OPERATOR                     |NAME    |EST.ROWS|EST.TIME(us)|"], ["-----------------------------------------------------------------"], ["|0 |SCALAR GROUP BY              |        |1       |17462       |"], ["|1 |└─PX COORDINATOR             |        |1       |17462       |"], ["|2 |  └─EXCHANGE OUT DISTR       |:EX10000|1       |17462       |"], ["|3 |    └─MERGE GROUP BY         |        |1       |17461       |"], ["|4 |      └─PX PARTITION ITERATOR|        |8000    |17192       |"], ["|5 |        └─TABLE FULL SCAN    |t       |8000    |17192       |"], ["================================================================="], ["Outputs & filters:"], ["-------------------------------------"], ["  0 - output([T_FUN_COUNT_SUM(T_FUN_COUNT(*))], [T_FUN_SUM(T_FUN_SUM(t.v))]), filter(nil), rowset=256"], ["      group(nil), agg_func([T_FUN_COUNT_SUM(T_FUN_COUNT(*))], [T_FUN_SUM(T_FUN_SUM(t.v))])"], ["  1 - output([T_FUN_COUNT(*)], [T_FUN_SUM(t.v)]), filter(nil), rowset=256"], ["  2 - output([T_FUN_COUNT(*)], [T_FUN_SUM(t.v)]), filter(nil), rowset=256"], ["      dop=1"], ["  3 - output([T_FUN_COUNT(*)], [T_FUN_SUM(t.v)]), filter(nil), rowset=256"], ["      group(nil), agg_func([T_FUN_COUNT(*)], [T_FUN_SUM(t.v)])"], ["  4 - output([t.v]), filter(nil), rowset=256"], ["      force partition granule"], ["  5 - output([t.v]), filter(nil), rowset=256"], ["      access([t.v]), partitions(p[0-7999])"], ["      is_index_back=false, is_global_index=false, "], ["      range_key([t.id]), range(MIN ; MAX)always true"]]}
{"event": "explain", "namespace": "child", "plan": [["================================================================="], ["|ID|OPERATOR                     |NAME    |EST.ROWS|EST.TIME(us)|"], ["-----------------------------------------------------------------"], ["|0 |SCALAR GROUP BY              |        |1       |16802       |"], ["|1 |└─PX COORDINATOR             |        |1       |16802       |"], ["|2 |  └─EXCHANGE OUT DISTR       |:EX10000|1       |16802       |"], ["|3 |    └─MERGE GROUP BY         |        |1       |16801       |"], ["|4 |      └─PX PARTITION ITERATOR|        |1       |16801       |"], ["|5 |        └─TABLE FULL SCAN    |t       |1       |16801       |"], ["================================================================="], ["Outputs & filters:"], ["-------------------------------------"], ["  0 - output([T_FUN_COUNT_SUM(T_FUN_COUNT(*))], [T_FUN_SUM(T_FUN_SUM(t.v))]), filter(nil), rowset=16"], ["      group(nil), agg_func([T_FUN_COUNT_SUM(T_FUN_COUNT(*))], [T_FUN_SUM(T_FUN_SUM(t.v))])"], ["  1 - output([T_FUN_COUNT(*)], [T_FUN_SUM(t.v)]), filter(nil), rowset=16"], ["  2 - output([T_FUN_COUNT(*)], [T_FUN_SUM(t.v)]), filter(nil), rowset=16"], ["      dop=1"], ["  3 - output([T_FUN_COUNT(*)], [T_FUN_SUM(t.v)]), filter(nil), rowset=16"], ["      group(nil), agg_func([T_FUN_COUNT(*)], [T_FUN_SUM(t.v)])"], ["  4 - output([t.v]), filter(nil), rowset=16"], ["      force partition granule"], ["  5 - output([t.v]), filter(nil), rowset=16"], ["      access([t.v]), partitions(p[0-7999])"], ["      is_index_back=false, is_global_index=false, "], ["      range_key([t.id]), range(MIN ; MAX)always true"]]}
{"event": "scan_begin", "namespace": "parent", "partitions": 64}
{"event": "scan_end", "namespace": "parent", "partitions": 64, "elapsed_s": 0.6691398695111275, "rows": [[64, "640"]], "slow": false}
{"event": "scan_begin", "namespace": "child", "partitions": 64}
{"event": "scan_end", "namespace": "child", "partitions": 64, "elapsed_s": 0.9554144479334354, "rows": [[64, "640"]], "slow": false}
{"event": "scan_begin", "namespace": "parent", "partitions": 256}
{"event": "scan_end", "namespace": "parent", "partitions": 256, "elapsed_s": 1.8429647460579872, "rows": [[256, "2560"]], "slow": true}
{"event": "scan_begin", "namespace": "child", "partitions": 256}
{"event": "scan_end", "namespace": "child", "partitions": 256, "elapsed_s": 2.030938547104597, "rows": [[256, "2560"]], "slow": true}
{"event": "scan_begin", "namespace": "parent", "partitions": 1024}
{"event": "scan_end", "namespace": "parent", "partitions": 1024, "elapsed_s": 5.455776438117027, "rows": [[1024, "10240"]], "slow": true}
{"event": "scan_begin", "namespace": "child", "partitions": 1024}
{"event": "scan_end", "namespace": "child", "partitions": 1024, "elapsed_s": 8.094322353601456, "rows": [[1024, "10240"]], "slow": true}
{"event": "scan_begin", "namespace": "parent", "partitions": 8000}
{"event": "scan_end", "namespace": "parent", "partitions": 8000, "elapsed_s": 69.89125169068575, "rows": [[8000, "80000"]], "slow": true}
{"event": "scan_begin", "namespace": "child", "partitions": 8000}
{"event": "scan_end", "namespace": "child", "partitions": 8000, "elapsed_s": 45.1556686386466, "rows": [[8000, "80000"]], "slow": true}
{"event": "hold_for_diagnostics", "seconds": 600}
{"event": "stopped", "pid": 2750144, "returncode": -9}
{"event": "data_archived", "path": "/data/1/nijia.nj/test/namespace_fork_PROTOTYPE_fullscan_diagnosis_j3xp7zqs/data.tar.gz", "bytes": 21095763}
/home/nijia.nj/.local/lib/python3.8/site-packages/pymysql/_auth.py:9: CryptographyDeprecationWarning: Python 3.8 is no longer supported by the Python core team and support for it is deprecated in cryptography. The next release of cryptography will remove support for Python 3.8.
  from cryptography.hazmat.backends import default_backend
Traceback (most recent call last):
  File ".scratch/namespace-fork/fullscan_diagnosis_probe.py", line 66, in <module>
    if args.hold:
  File ".scratch/namespace-fork/fullscan_diagnosis_probe.py", line 59, in main
    assert rows[0][1] == rows[0][0] * 10, rows
KeyboardInterrupt
