{"event": "setup", "binary": "/home/nijia.nj/.herdr/worktrees/seekdb/herdr-fork/build_release/src/observer/seekdb", "base": "/data/1/tmp/seekdb-ns-probes/namespace_fork_PROTOTYPE_detached_restart_ukau5pnb", "pid": 2867414, "port": 32415}
{"event": "sql", "sql": "CREATE DATABASE detach_repro", "rows": []}
{"event": "sql", "sql": "CREATE TABLE detach_repro.plain(id INT PRIMARY KEY,v INT,KEY idx_v(v))", "rows": []}
{"event": "sql", "sql": "INSERT INTO detach_repro.plain VALUES(1,10),(2,20),(3,30),(4,40),(5,50),(6,60),(7,70),(8,80)", "rows": []}
{"event": "sql", "sql": "CREATE TABLE detach_repro.lob(id INT PRIMARY KEY,v INT, body LONGTEXT,KEY idx_v(v))", "rows": []}
{"event": "sql", "sql": "INSERT INTO detach_repro.lob VALUES(1,10,REPEAT('payload-1-',4096)),(2,20,REPEAT('payload-2-',4096)),(3,30,REPEAT('payload-3-',4096)),(4,40,REPEAT('payload-4-',4096)),(5,50,REPEAT('payload-5-',4096)),(6,60,REPEAT('payload-6-',4096)),(7,70,REPEAT('payload-7-',4096)),(8,80,REPEAT('payload-8-',4096))", "rows": []}
{"event": "sql", "sql": "SELECT table_name,table_id,tablet_id FROM oceanbase.__all_table WHERE database_id=(SELECT database_id FROM oceanbase.__all_database WHERE database_name='detach_repro') AND tablet_id>0 ORDER BY table_id", "rows": [["plain", 500003, 200001], ["__idx_500003_idx_v", 500004, 200002], ["lob", 500005, 200003], ["__idx_500005_idx_v", 500006, 200004], ["__AUX_LOB_META_500007_", 500007, 200005], ["__AUX_LOB_PIECE_500008_", 500008, 200006]]}
{"event": "sql", "sql": "ALTER SYSTEM MINOR FREEZE", "rows": []}
{"event": "FAIL", "error": "OperationalError(1054, \"Unknown column 'row_count' in 'field list'\")"}
{"event": "stopped", "pid": 2867414, "returncode": -9}
{"event": "data_archived", "path": "/data/1/tmp/seekdb-ns-probes/namespace_fork_PROTOTYPE_detached_restart_ukau5pnb/data.tar.gz", "bytes": 3303415}
/home/nijia.nj/.local/lib/python3.8/site-packages/pymysql/_auth.py:9: CryptographyDeprecationWarning: Python 3.8 is no longer supported by the Python core team and support for it is deprecated in cryptography. The next release of cryptography will remove support for Python 3.8.
  from cryptography.hazmat.backends import default_backend
Traceback (most recent call last):
  File ".scratch/namespace-fork/fork_detached_restart_probe.py", line 137, in <module>
    run(args.binary)
  File ".scratch/namespace-fork/fork_detached_restart_probe.py", line 59, in run
    exp.record('source_dumped', sstables=wait_for(source_dumped, 90, 'source dump'))
  File ".scratch/namespace-fork/fork_detached_restart_probe.py", line 19, in wait_for
    last = fn()
  File ".scratch/namespace-fork/fork_detached_restart_probe.py", line 55, in source_dumped
    counts = exp.sql('SELECT tablet_id,row_count FROM oceanbase.V$OB_SSTABLES WHERE tablet_id IN ('
  File "/home/nijia.nj/.herdr/worktrees/seekdb/herdr-fork/.scratch/excluded-from-branch/tools/obtest/namespace_fork_prototype.py", line 116, in sql
    cur.execute(statement)
  File "/home/nijia.nj/.local/lib/python3.8/site-packages/pymysql/cursors.py", line 153, in execute
    result = self._query(query)
  File "/home/nijia.nj/.local/lib/python3.8/site-packages/pymysql/cursors.py", line 322, in _query
    conn.query(q)
  File "/home/nijia.nj/.local/lib/python3.8/site-packages/pymysql/connections.py", line 575, in query
    self._affected_rows = self._read_query_result(unbuffered=unbuffered)
  File "/home/nijia.nj/.local/lib/python3.8/site-packages/pymysql/connections.py", line 826, in _read_query_result
    result.read()
  File "/home/nijia.nj/.local/lib/python3.8/site-packages/pymysql/connections.py", line 1203, in read
    first_packet = self.connection._read_packet()
  File "/home/nijia.nj/.local/lib/python3.8/site-packages/pymysql/connections.py", line 782, in _read_packet
    packet.raise_for_error()
  File "/home/nijia.nj/.local/lib/python3.8/site-packages/pymysql/protocol.py", line 219, in raise_for_error
    err.raise_mysql_exception(self._data)
  File "/home/nijia.nj/.local/lib/python3.8/site-packages/pymysql/err.py", line 150, in raise_mysql_exception
    raise errorclass(errno, errval)
pymysql.err.OperationalError: (1054, "Unknown column 'row_count' in 'field list'")
