Run case stanby/namespace_setup_template_local
[2026-10-08 22:18:18.630][INFO ] [MyTest         :78] - print args => [-use_ob_connector, true, -result_file, r/stanby/namespace_setup_template_local.result, -test_file, t/stanby/namespace_setup_template_local.test]
[-use_ob_connector, true, -result_file, r/stanby/namespace_setup_template_local.result, -test_file, t/stanby/namespace_setup_template_local.test]
[2026-10-08 22:18:18.632][INFO ] [MyTest         :81] - start case => t/stanby/namespace_setup_template_local.test
[2026-10-08 22:18:18.636][INFO ] [MyTest         :84] - use data id => obtest_nijia.nj_6.12.232.130
[2026-10-08 22:18:18.719][INFO ] [TestCase       :107] - initilize deploy processor
[2026-10-08 22:18:18.733][INFO ] [DeployConfig   :590] - config port and dataid. port_base=>1124, obs_port=>1124, mysql_port=>1159, data_id=>obtest_nijia.nj_6.12.232.130_0, port_offset=>0
[2026-10-08 22:18:18.816][INFO ] [DeployConfig   :577] - config port and dataid. port_base=>42000, obs_port=>42000, mysql_port=>42035, data_id=>obtest_nijia.nj_6.12.232.130_042000
[2026-10-08 22:18:18.826][INFO ] [OfsProcessor   :53] - ofs_deployer: null/hap.py
[2026-10-08 22:18:18.827][INFO ] [OfsCreateTenantProcessor:32] - ofsshell: null/../../bin/ofsshell
[2026-10-08 22:18:18.827][INFO ] [TestCase       :761] - Read file => t/stanby/namespace_setup_template_local.test
[2026-10-08 22:18:18.828][INFO ] [TestCase       :721] - Finish read case: file_lines => 23, lineNo => 23
[2026-10-08 22:18:18.836][INFO ] [Command        :536] - > LINE => 1, CMD => Q_DISABLE_ALL_RESULT_LOG, CONTENT => --disable_all_result_log
[2026-10-08 22:18:18.838][INFO ] [Command        :353] - start[1791469098838] time[0] tag[Q_DISABLE_ALL_RESULT_LOG]
[2026-10-08 22:18:18.842][INFO ] [Command        :536] - > LINE => 2, CMD => Q_DEPLOY, CONTENT => db_p=OBI(cluster=1,proxy_num=0,role=primary);
[2026-10-08 22:18:18.846][INFO ] [DeployProcessor:78] - OBI define => db_p=OBI(cluster=1,proxy_num=0,role=primary)
[2026-10-08 22:18:18.863][INFO ] [Deploy         :381] - execute db_p.z_num result => 1 result type => java.lang.Integer
[2026-10-08 22:18:18.946][INFO ] [Deploy         :464] - assign rpc port. observer=>db_p.z1.obs0, rpc_port=>42000
[2026-10-08 22:18:18.946][INFO ] [Deploy         :471] - assign mysql port. observer=>db_p.z1.obs0, mysql_port=>42035
[2026-10-08 22:18:18.947][INFO ] [Deploy         :478] - assign backup io rpc port. observer=>db_p.z1.obs0, obesi_port=>42070
[2026-10-08 22:18:18.956][INFO ] [OBLog          :99] - config.ob_version='.'
[2026-10-08 22:18:18.956][INFO ] [OBLog          :100] - config.oblog_version='default'
[2026-10-08 22:18:18.956][INFO ] [OBLog          :117] - set oblog version='.'
[2026-10-08 22:18:18.957][INFO ] [OBLog          :126] - set oblog work_dir=''
[2026-10-08 22:18:18.957][INFO ] [OBLog          :148] - oblog.is_obcdc_exist: false
[2026-10-08 22:18:18.957][INFO ] [OBLog          :149] - oblog.exec: oblog/oblog_tailf
[2026-10-08 22:18:18.957][INFO ] [OBLog          :150] - oblog.configFile: oblog/liboblog.conf
[2026-10-08 22:18:18.957][INFO ] [OBLog          :151] - oblog.dataFile: oblog/data.log
[2026-10-08 22:18:18.958][INFO ] [OBLog          :152] - oblog.envCon: LD_LIBRARY_PATH=oblog:$LD_LIBRARY_PATH
[2026-10-08 22:18:18.958][INFO ] [OBLog          :153] - oblog.startCmdHead: ulimit -c unlimited; LD_LIBRARY_PATH=oblog:$LD_LIBRARY_PATH oblog/oblog_tailf
[2026-10-08 22:18:18.958][INFO ] [OBLog          :154] - oblog.defaultStartCmd: ulimit -c unlimited; LD_LIBRARY_PATH=oblog:$LD_LIBRARY_PATH oblog/oblog_tailf  -f oblog/liboblog.conf -D oblog/data.log -H oblog/heartbeat.log -d
[2026-10-08 22:18:19.353][INFO ] [Deploy         :1128] - start observer version is lite mode: true
[2026-10-08 22:18:19.354][INFO ] [Command        :353] - start[1791469098843] time[510] tag[Q_DEPLOY]
[2026-10-08 22:18:19.355][INFO ] [Command        :536] - > LINE => 3, CMD => Q_DEPLOY, CONTENT => db_p.reset;
[2026-10-08 22:18:19.356][INFO ] [DeployProcessor:93] - deploy => db_p.reset
[2026-10-08 22:18:19.356][INFO ] [Deploy         :287] - execute db_p.reset
[2026-10-08 22:18:19.356][INFO ] [Deploy         :381] - execute db_p.lite_mode result => true result type => java.lang.Boolean
[2026-10-08 22:18:19.357][INFO ] [Deploy         :294] - execute db_p.reset result => true
[2026-10-08 22:18:19.357][INFO ] [Command        :353] - start[1791469099355] time[1] tag[Q_DEPLOY]
[2026-10-08 22:18:19.358][INFO ] [Command        :536] - > LINE => 4, CMD => Q_DEPLOY, CONTENT => db_p.clean_all_asvr;
[2026-10-08 22:18:19.359][INFO ] [DeployProcessor:93] - deploy => db_p.clean_all_asvr
[2026-10-08 22:18:19.360][INFO ] [Deploy         :287] - execute db_p.clean_asvr
[2026-10-08 22:18:19.360][INFO ] [Deploy         :294] - execute db_p.clean_asvr result => true
[2026-10-08 22:18:19.365][INFO ] [Deploy         :287] - execute db_p.z1.obs0.force_stop_asvr
[2026-10-08 22:18:19.370][INFO ] [Role           :1228] - pkill -9 -u nijia.nj -f '^/data/1/nijia.nj/test/namespace_standby_20261003_v1/work/db_p.asvr0/bin/observer' on 6.12.232.130
[2026-10-08 22:18:19.412][INFO ] [Role           :1230] - pkill asvr result is => 1
[2026-10-08 22:18:19.415][INFO ] [Deploy         :294] - execute db_p.z1.obs0.force_stop_asvr result => true
[2026-10-08 22:18:19.416][INFO ] [Deploy         :287] - execute db_p.z1.obs0.rmdir_asvr
[2026-10-08 22:18:19.416][INFO ] [Role           :1237] - try to remove asvr dir server  => db_p.z1.obs0
[2026-10-08 22:18:19.433][INFO ] [Role           :1264] - rm -fr /data/1/nijia.nj/test/namespace_standby_20261003_v1/work/db_p.asvr0 , on => 6.12.232.130 rc => 0 stdout => null
[2026-10-08 22:18:19.434][INFO ] [Deploy         :294] - execute db_p.z1.obs0.rmdir_asvr result => true
[2026-10-08 22:18:19.434][INFO ] [Deploy         :331] - execute db_p.z1.obs0.clean_asvr  result => true
[2026-10-08 22:18:19.435][INFO ] [Deploy         :362] - execute db_p.z1.clean_asvr  result => true [true]
[2026-10-08 22:18:19.435][INFO ] [Deploy         :362] - execute db_p.clean_asvr_everywhere result => true [true]
[2026-10-08 22:18:19.436][INFO ] [Deploy         :331] - execute db_p.clean_all_asvr result => true
[2026-10-08 22:18:19.436][INFO ] [Command        :353] - start[1791469099359] time[77] tag[Q_DEPLOY]
[2026-10-08 22:18:19.437][INFO ] [Command        :536] - > LINE => 5, CMD => Q_DEPLOY, CONTENT => db_p.reboot_logservice;
[2026-10-08 22:18:19.438][INFO ] [DeployProcessor:93] - deploy => db_p.reboot_logservice
[2026-10-08 22:18:19.438][INFO ] [Deploy         :287] - execute db_p.deploy_logservice
[2026-10-08 22:18:19.439][INFO ] [Deploy         :294] - execute db_p.deploy_logservice result => true
[2026-10-08 22:18:19.439][INFO ] [Deploy         :287] - execute db_p.bootstrap_logservice
[2026-10-08 22:18:19.439][INFO ] [Deploy         :294] - execute db_p.bootstrap_logservice result => true
[2026-10-08 22:18:19.439][INFO ] [Deploy         :331] - execute db_p.reboot_logservice result => true
[2026-10-08 22:18:19.440][INFO ] [Command        :353] - start[1791469099437] time[2] tag[Q_DEPLOY]
[2026-10-08 22:18:19.441][INFO ] [Command        :536] - > LINE => 6, CMD => Q_DEPLOY, CONTENT => db_p.deploy;
[2026-10-08 22:18:19.441][INFO ] [DeployProcessor:93] - deploy => db_p.deploy
[2026-10-08 22:18:19.447][INFO ] [Deploy         :287] - execute db_p.z1.check_local_bin
[2026-10-08 22:18:19.462][INFO ] [Deploy         :294] - execute db_p.z1.check_local_bin result => true
[2026-10-08 22:18:19.462][INFO ] [Deploy         :287] - execute db_p.z1.check_ssh
[2026-10-08 22:18:19.463][INFO ] [Deploy         :294] - execute db_p.z1.check_ssh result => true
[2026-10-08 22:18:19.464][INFO ] [Deploy         :287] - execute db_p.z1.obs0.check_dir 
[2026-10-08 22:18:19.475][INFO ] [Deploy         :294] - execute db_p.z1.obs0.check_dir  result => true
[2026-10-08 22:18:19.476][INFO ] [Deploy         :362] - execute db_p.z1.check_dir result => true [true]
[2026-10-08 22:18:19.477][INFO ] [Deploy         :287] - execute db_p.z1.obs0.force_stop 
[2026-10-08 22:18:19.478][INFO ] [Role           :1307] - pkill -9 -u nijia.nj -f '^/data/1/nijia.nj/test/namespace_standby_20261003_v1/work/db_p.z1.obs0/bin/observer|^/data/1/nijia.nj/test/namespace_standby_20261003_v1/work/db_p.z1.obs0/bin/obesi' on 6.12.232.130
[2026-10-08 22:18:19.496][INFO ] [Role           :1309] - pkill result is => 1
[2026-10-08 22:18:19.497][INFO ] [Role           :1142] - wait stop /data/1/nijia.nj/test/namespace_standby_20261003_v1/work/db_p.z1.obs0/bin/observer on 6.12.232.130
[2026-10-08 22:18:19.497][INFO ] [Role           :1190] - ps uxf | grep "/data/1/nijia.nj/test/namespace_standby_20261003_v1/work/db_p.z1.obs0/bin/observer" | grep -v grep
[2026-10-08 22:18:19.558][INFO ] [Role           :1154] - check port on 6.12.232.130
[2026-10-08 22:18:19.559][INFO ] [RemoteShell    :143] - netstat -lpnt 2>/dev/null | grep '0.0.0.0:42000 ' | awk -F ' ' '{print $7}'
[2026-10-08 22:18:19.663][INFO ] [RemoteShell    :143] - netstat -lpnt 2>/dev/null | grep '0.0.0.0:42035 ' | awk -F ' ' '{print $7}'
[2026-10-08 22:18:19.757][INFO ] [Role           :1164] - stop obs0 took 2 s
[2026-10-08 22:18:19.757][INFO ] [Deploy         :294] - execute db_p.z1.obs0.force_stop  result => true
[2026-10-08 22:18:19.758][INFO ] [Deploy         :362] - execute db_p.z1.force_stop result => true [true]
[2026-10-08 22:18:19.759][INFO ] [Deploy         :362] - execute db_p.z1.force_stop_logstore result => true []
[2026-10-08 22:18:19.759][INFO ] [Deploy         :331] - execute db_p.z1.force_stop_all result => true
[2026-10-08 22:18:19.760][INFO ] [Deploy         :287] - execute db_p.z1.obs0.rmdir 
[2026-10-08 22:18:19.761][INFO ] [Deploy         :381] - execute db_p.lite_mode result => true result type => java.lang.Boolean
[2026-10-08 22:18:19.764][INFO ] [Role           :1395] - rm -fr /data/1/nijia.nj/test/namespace_standby_20261003_v1/data/db_p.z1.obs0.nijia.nj/sstable /data/1/nijia.nj/test/namespace_standby_20261003_v1/clog/db_p.z1.obs0.nijia.nj/store /data/1/nijia.nj/test/namespace_standby_20261003_v1/clog/db_p.z1.obs0.nijia.nj/store/slog /data/1/nijia.nj/test/namespace_standby_20261003_v1/data/db_p.z1.obs0.nijia.nj/sort_dir , on => 6.12.232.130
[2026-10-08 22:18:19.780][INFO ] [Role           :1397] - rm -fr /data/1/nijia.nj/test/namespace_standby_20261003_v1/data/db_p.z1.obs0.nijia.nj/sstable /data/1/nijia.nj/test/namespace_standby_20261003_v1/clog/db_p.z1.obs0.nijia.nj/store /data/1/nijia.nj/test/namespace_standby_20261003_v1/clog/db_p.z1.obs0.nijia.nj/store/slog /data/1/nijia.nj/test/namespace_standby_20261003_v1/data/db_p.z1.obs0.nijia.nj/sort_dir , on => 6.12.232.130 rc => 0 stdout => null
[2026-10-08 22:18:19.815][INFO ] [Role           :1402] - rm -fr /data/1/nijia.nj/test/namespace_standby_20261003_v1/work/db_p.z1.obs0/log , on => 6.12.232.130 rc => 0 stdout => null
[2026-10-08 22:18:19.822][INFO ] [Role           :1407] - rm -fr /data/1/nijia.nj/test/namespace_standby_20261003_v1/work/db_p.z1.obs0/admin , on => 6.12.232.130 rc => 0 stdout => null
[2026-10-08 22:18:19.829][INFO ] [Role           :1412] - rm -fr /data/1/nijia.nj/test/namespace_standby_20261003_v1/work/db_p.z1.obs0/wallet , on => 6.12.232.130 rc => 0 stdout => null
[2026-10-08 22:18:19.834][INFO ] [Role           :1417] - rm -fr /data/1/nijia.nj/test/namespace_standby_20261003_v1/work/db_p.z1.obs0/etc/observer.c*nf*.bin* /data/1/nijia.nj/test/namespace_standby_20261003_v1/work/db_p.z1.obs0/etc/seekdb.c*nf*.bin* , on => 6.12.232.130 rc => 0 stdout => null
[2026-10-08 22:18:19.846][INFO ] [Role           :1423] - rm -fr /data/1/nijia.nj/test/namespace_standby_20261003_v1/work/db_p.z1.obs0/etc/observer.data_version.bin* /data/1/nijia.nj/test/namespace_standby_20261003_v1/work/db_p.z1.obs0/etc/seekdb.data_version.bin* , on => 6.12.232.130 rc => 0 stdout => null
[2026-10-08 22:18:19.859][INFO ] [Role           :1429] - rm -fr /data/1/nijia.nj/test/namespace_standby_20261003_v1/work/db_p.z1.obs0/etc2/observer.c*nf*.bin* , on => 6.12.232.130 rc => 0 stdout => null
[2026-10-08 22:18:19.874][INFO ] [Role           :1434] - rm -fr /data/1/nijia.nj/test/namespace_standby_20261003_v1/work/db_p.z1.obs0/etc3/observer.c*nf*.bin* , on => 6.12.232.130 rc => 0 stdout => null
[2026-10-08 22:18:19.890][INFO ] [Role           :1439] - rm -fr /data/1/nijia.nj/test/namespace_standby_20261003_v1/work/db_p.z1.obs0/run/observer.pid /data/1/nijia.nj/test/namespace_standby_20261003_v1/work/db_p.z1.obs0/run/seekdb.pid , on => 6.12.232.130 rc => 0 stdout => null
[2026-10-08 22:18:19.904][INFO ] [Role           :1444] - rm -fr /data/1/nijia.nj/test/namespace_standby_20261003_v1/work/db_p.z1.obs0/store/clog_shm , on => 6.12.232.130 rc => 0 stdout => null
[2026-10-08 22:18:19.909][INFO ] [Role           :1449] - rm -fr /data/1/nijia.nj/test/namespace_standby_20261003_v1/work/db_p.z1.obs0/store/ilog_shm , on => 6.12.232.130 rc => 0 stdout => null
[2026-10-08 22:18:19.915][INFO ] [Role           :1454] - rm -fr /data/1/nijia.nj/test/namespace_standby_20261003_v1/work/db_p.z1.obs0/store/manifest* , on => 6.12.232.130 rc => 0 stdout => null
[2026-10-08 22:18:19.933][INFO ] [Role           :1467] - rm -fr /data/1/nijia.nj/test/namespace_standby_20261003_v1/work/db_p.z1.obs0/core* , on => 6.12.232.130 rc => 0 stdout => null
[2026-10-08 22:18:19.938][INFO ] [Role           :1504] - rm -fr /data/1/nijia.nj/test/namespace_standby_20261003_v1/clog/db_p.z1.obs0.nijia.nj/ /data/1/nijia.nj/test/namespace_standby_20261003_v1/data/db_p.z1.obs0.nijia.nj/ , on => 6.12.232.130 rc => 0 stdout => null
[2026-10-08 22:18:20.169][INFO ] [Role           :1510] - rm -fr /data/1/nijia.nj/test/namespace_standby_20261003_v1/work/db_p.z1.obs0 , on => 6.12.232.130 rc => 0 stdout => null
[2026-10-08 22:18:20.176][INFO ] [Deploy         :294] - execute db_p.z1.obs0.rmdir  result => true
[2026-10-08 22:18:20.176][INFO ] [Deploy         :362] - execute db_p.z1.rmdir result => true [true]
[2026-10-08 22:18:20.176][INFO ] [Deploy         :331] - execute db_p.z1.cleanup result => true
[2026-10-08 22:18:20.177][INFO ] [Deploy         :362] - execute db_p.z1.cleanup_logstore result => true []
[2026-10-08 22:18:20.177][INFO ] [Deploy         :331] - execute db_p.z1.cleanup_all result => true
[2026-10-08 22:18:20.178][INFO ] [Deploy         :287] - execute db_p.z1.genconf
[2026-10-08 22:18:20.178][INFO ] [Deploy         :294] - execute db_p.z1.genconf result => true
[2026-10-08 22:18:20.179][INFO ] [Deploy         :287] - execute db_p.z1.obs0.mkdir 
[2026-10-08 22:18:20.179][INFO ] [Role           :1768] - mkdir -p /data/1/nijia.nj/test/namespace_standby_20261003_v1/work/db_p.z1.obs0/store/;mkdir -p /data/1/nijia.nj/test/namespace_standby_20261003_v1/clog/db_p.z1.obs0.nijia.nj/store/clog /data/1/nijia.nj/test/namespace_standby_20261003_v1/clog/db_p.z1.obs0.nijia.nj/store/ilog /data/1/nijia.nj/test/namespace_standby_20261003_v1/clog/db_p.z1.obs0.nijia.nj/store/slog /data/1/nijia.nj/test/namespace_standby_20261003_v1/data/db_p.z1.obs0.nijia.nj/sort_dir /data/1/nijia.nj/test/namespace_standby_20261003_v1/data/db_p.z1.obs0.nijia.nj/sstable;ln -sf /data/1/nijia.nj/test/namespace_standby_20261003_v1/data/db_p.z1.obs0.nijia.nj/sstable /data/1/nijia.nj/test/namespace_standby_20261003_v1/work/db_p.z1.obs0/store/;ln -sf /data/1/nijia.nj/test/namespace_standby_20261003_v1/clog/db_p.z1.obs0.nijia.nj/store/clog /data/1/nijia.nj/test/namespace_standby_20261003_v1/work/db_p.z1.obs0/store/;ln -sf /data/1/nijia.nj/test/namespace_standby_20261003_v1/clog/db_p.z1.obs0.nijia.nj/store/ilog /data/1/nijia.nj/test/namespace_standby_20261003_v1/work/db_p.z1.obs0/store/;ln -sf /data/1/nijia.nj/test/namespace_standby_20261003_v1/clog/db_p.z1.obs0.nijia.nj/store/slog /data/1/nijia.nj/test/namespace_standby_20261003_v1/work/db_p.z1.obs0/store/;ln -sf /data/1/nijia.nj/test/namespace_standby_20261003_v1/data/db_p.z1.obs0.nijia.nj/sort_dir /data/1/nijia.nj/test/namespace_standby_20261003_v1/work/db_p.z1.obs0/store/ on 6.12.232.130
[2026-10-08 22:18:20.198][INFO ] [Deploy         :294] - execute db_p.z1.obs0.mkdir  result => true
[2026-10-08 22:18:20.199][INFO ] [Deploy         :362] - execute db_p.z1.mkdir_obs result => true [true]
[2026-10-08 22:18:20.199][INFO ] [Deploy         :362] - execute db_p.z1.mkdir_logstore result => true []
[2026-10-08 22:18:20.200][INFO ] [Deploy         :331] - execute db_p.z1.mkdir result => true
[2026-10-08 22:18:20.201][INFO ] [Deploy         :287] - execute db_p.z1.obs0.rsync 
[2026-10-08 22:18:20.201][INFO ] [Role           :1648] - sync server finish, time = 0
[2026-10-08 22:18:20.202][INFO ] [Role           :1563] - rsync server => db_p.z1.obs0 version if specified => .
[2026-10-08 22:18:20.209][INFO ] [Role           :1635] - check disk dir ==> './admin' exist
[2026-10-08 22:18:20.214][WARN ] [Role           :1638] - check disk dir ==> './plugin_dir' not exist
[2026-10-08 22:18:20.219][INFO ] [Role           :1635] - check disk dir ==> './wallet' exist
[2026-10-08 22:18:20.230][INFO ] [Role           :1590] - transfer cmd to =>  rsync -WrptgoDRLv --timeout=600 bin etc lib  admin  wallet /data/1/nijia.nj/test/namespace_standby_20261003_v1/work/db_p.z1.obs0
[2026-10-08 22:18:31.39][INFO ] [Role           :1604] - rsync cmd =>  rsync -WrptgoDRLv --timeout=600 bin etc lib  admin  wallet /data/1/nijia.nj/test/namespace_standby_20261003_v1/work/db_p.z1.obs0
[2026-10-08 22:18:31.40][INFO ] [Deploy         :294] - execute db_p.z1.obs0.rsync  result => true
[2026-10-08 22:18:31.40][INFO ] [Deploy         :362] - execute db_p.z1.rsync_obs result => true [true]
[2026-10-08 22:18:31.41][INFO ] [Deploy         :362] - execute db_p.z1.rsync_logstore result => true []
[2026-10-08 22:18:31.41][INFO ] [Deploy         :331] - execute db_p.z1.rsync result => true
[2026-10-08 22:18:31.44][INFO ] [Deploy         :362] - execute db_p.z1.start_logstore result => true []
[2026-10-08 22:18:31.45][INFO ] [Deploy         :287] - execute db_p.z1.sleep 5
[2026-10-08 22:18:36.46][INFO ] [Deploy         :294] - execute db_p.z1.sleep 5 result => true
[2026-10-08 22:18:36.48][INFO ] [Deploy         :287] - execute db_p.z1.obs0.start 
[2026-10-08 22:18:36.48][INFO ] [Deploy         :381] - execute db_p.lite_mode result => true result type => java.lang.Boolean
[2026-10-08 22:18:36.49][INFO ] [Deploy         :381] - execute db_p.lite_mode result => true result type => java.lang.Boolean
6.12.232.130 is not a valid IPv6 address.
[2026-10-08 22:18:36.51][INFO ] [Role           :539] - cluster_id1
[2026-10-08 22:18:36.52][INFO ] [Deploy         :381] - execute db_p.z_num result => 1 result type => java.lang.Integer
[2026-10-08 22:18:36.52][INFO ] [Role           :552] - db_p have 1 ZONE
[2026-10-08 22:18:36.52][INFO ] [Role           :584] - ofs_list ofs_list='z1@' has_ofs_zone false
[2026-10-08 22:18:36.52][INFO ] [Role           :637] - ulimit -c unlimited -s 4096;cd /data/1/nijia.nj/test/namespace_standby_20261003_v1/work/db_p.z1.obs0;LD_LIBRARY_PATH=./lib:/usr/local/lib:/usr/lib:/usr/lib64:/usr/local/lib64:$LD_LIBRARY_PATH /data/1/nijia.nj/test/namespace_standby_20261003_v1/work/db_p.z1.obs0/bin/observer --port 42035 --data-dir /data/1/nijia.nj/test/namespace_standby_20261003_v1/work/db_p.z1.obs0/store --redo-dir /data/1/nijia.nj/test/namespace_standby_20261003_v1/work/db_p.z1.obs0/store/clog  --role=PRIMARY --parameter enable_rpc_service=true --parameter rpc_port=42000 --parameter datafile_size='2G' --parameter log_disk_size='2G' --parameter cpu_count=4 --parameter memory_limit='8G' on 6.12.232.130
[2026-10-08 22:18:36.123][INFO ] [Deploy         :294] - execute db_p.z1.obs0.start  result => true
[2026-10-08 22:18:36.124][INFO ] [Deploy         :362] - execute db_p.z1.start_obs result => true [true]
[2026-10-08 22:18:36.124][INFO ] [Deploy         :331] - execute db_p.z1.start result => true
[2026-10-08 22:18:36.125][INFO ] [Deploy         :287] - execute db_p.z1.sleep 8
[2026-10-08 22:18:44.125][INFO ] [Deploy         :294] - execute db_p.z1.sleep 8 result => true
[2026-10-08 22:18:44.126][INFO ] [Deploy         :331] - execute db_p.z1.reboot  result => true
[2026-10-08 22:18:44.126][INFO ] [Deploy         :362] - execute db_p.deploy result => true [true]
[2026-10-08 22:18:44.126][INFO ] [Command        :353] - start[1791469099441] time[24685] tag[Q_DEPLOY]
[2026-10-08 22:18:44.127][INFO ] [Command        :536] - > LINE => 7, CMD => Q_DEPLOY, CONTENT => db_p.sleep 30;
[2026-10-08 22:18:44.128][INFO ] [DeployProcessor:93] - deploy => db_p.sleep 30
[2026-10-08 22:18:44.128][INFO ] [Deploy         :287] - execute db_p.sleep 30
[2026-10-08 22:19:14.129][INFO ] [Deploy         :294] - execute db_p.sleep 30 result => true
[2026-10-08 22:19:14.129][INFO ] [Command        :353] - start[1791469124127] time[30001] tag[Q_DEPLOY]
[2026-10-08 22:19:14.130][INFO ] [Command        :536] - > LINE => 8, CMD => Q_DEPLOY, CONTENT => db_p.bootstrap;
[2026-10-08 22:19:14.130][INFO ] [DeployProcessor:93] - deploy => db_p.bootstrap
[2026-10-08 22:19:14.131][INFO ] [Deploy         :287] - execute db_p.bootstrap
[2026-10-08 22:19:14.131][INFO ] [Deploy         :381] - execute db_p.z_num result => 1 result type => java.lang.Integer
[2026-10-08 22:19:14.131][INFO ] [Deploy         :381] - execute db_p.zone_names result => [Ljava.lang.String;@5419f379 result type => [Ljava.lang.String;
[2026-10-08 22:19:14.131][INFO ] [Deploy         :381] - execute db_p.z1.obs_num result => 1 result type => java.lang.Integer
[2026-10-08 22:19:14.132][INFO ] [Deploy         :287] - execute db_p.z1.obs0.get status
[2026-10-08 22:19:14.132][WARN ] [Deploy         :298] - execute db_p.z1.obs0.get status result => null
[2026-10-08 22:19:14.132][INFO ] [Deploy         :381] - execute db_p.lite_mode result => true result type => java.lang.Boolean
[2026-10-08 22:19:14.132][INFO ] [Deploy         :294] - execute db_p.bootstrap result => true
[2026-10-08 22:19:14.132][INFO ] [Command        :353] - start[1791469154130] time[2] tag[Q_DEPLOY]
[2026-10-08 22:19:14.133][INFO ] [Command        :536] - > LINE => 9, CMD => Q_DEPLOY, CONTENT => db_p.addserver;
[2026-10-08 22:19:14.133][INFO ] [DeployProcessor:93] - deploy => db_p.addserver
[2026-10-08 22:19:14.134][INFO ] [Deploy         :287] - execute db_p.addserver
[2026-10-08 22:19:14.134][INFO ] [Deploy         :381] - execute db_p.z_num result => 1 result type => java.lang.Integer
[2026-10-08 22:19:14.134][INFO ] [Deploy         :381] - execute db_p.zone_names result => [Ljava.lang.String;@5419f379 result type => [Ljava.lang.String;
[2026-10-08 22:19:14.134][INFO ] [Deploy         :381] - execute db_p.z1.obs_num result => 1 result type => java.lang.Integer
[2026-10-08 22:19:14.134][INFO ] [Deploy         :294] - execute db_p.addserver result => true
[2026-10-08 22:19:14.135][INFO ] [Command        :353] - start[1791469154133] time[1] tag[Q_DEPLOY]
[2026-10-08 22:19:14.136][INFO ] [Command        :536] - > LINE => 10, CMD => Q_DEPLOY, CONTENT => db_p.exec_init_sql;
[2026-10-08 22:19:14.136][INFO ] [DeployProcessor:93] - deploy => db_p.exec_init_sql
[2026-10-08 22:19:14.137][INFO ] [Deploy         :287] - execute db_p.exec_init_sql
[2026-10-08 22:19:14.137][INFO ] [Deploy         :381] - execute db_p.lite_mode result => true result type => java.lang.Boolean
[2026-10-08 22:19:14.137][INFO ] [Deploy         :287] - execute db_p.z1.obs0.mysql_tenant_root create user 'admin' IDENTIFIED BY 'admin';use oceanbase;grant all on *.* to 'admin' WITH GRANT OPTION;create database if not exists test;
[2026-10-08 22:19:14.138][INFO ] [Role           :3182] - sql =>create user 'admin' IDENTIFIED BY 'admin';use oceanbase;grant all on *.* to 'admin' WITH GRANT OPTION;create database if not exists test;
 will be executed with connection[z1.obs0]root@sys:@6.12.232.130:42035
[2026-10-08 22:19:14.307][INFO ] [Deploy         :294] - execute db_p.z1.obs0.mysql_tenant_root create user 'admin' IDENTIFIED BY 'admin';use oceanbase;grant all on *.* to 'admin' WITH GRANT OPTION;create database if not exists test; result => true
[2026-10-08 22:19:14.309][INFO ] [Deploy         :381] - execute db_p.lite_mode result => true result type => java.lang.Boolean
[2026-10-08 22:19:14.309][INFO ] [Deploy         :381] - execute db_p.lite_mode result => true result type => java.lang.Boolean
[2026-10-08 22:19:14.309][INFO ] [Deploy         :287] - execute db_p.z1.obs0.mysql_tenant_root create user 'proxyro' IDENTIFIED BY '3u^0kCdpE';grant select on oceanbase.* to 'proxyro' WITH GRANT OPTION;
[2026-10-08 22:19:14.310][INFO ] [Role           :3182] - sql =>create user 'proxyro' IDENTIFIED BY '3u^0kCdpE';grant select on oceanbase.* to 'proxyro' WITH GRANT OPTION;
 will be executed with connection[z1.obs0]root@sys:@6.12.232.130:42035
[2026-10-08 22:19:14.387][INFO ] [Deploy         :294] - execute db_p.z1.obs0.mysql_tenant_root create user 'proxyro' IDENTIFIED BY '3u^0kCdpE';grant select on oceanbase.* to 'proxyro' WITH GRANT OPTION; result => true
[2026-10-08 22:19:14.388][INFO ] [Deploy         :287] - execute db_p.z1.obs0.mysql_tenant_root create user 'sysslaveuser' IDENTIFIED BY 'sysslaveuser';grant select on *.* to 'sysslaveuser' WITH GRANT OPTION;
[2026-10-08 22:19:14.388][INFO ] [Role           :3182] - sql =>create user 'sysslaveuser' IDENTIFIED BY 'sysslaveuser';grant select on *.* to 'sysslaveuser' WITH GRANT OPTION;
 will be executed with connection[z1.obs0]root@sys:@6.12.232.130:42035
[2026-10-08 22:19:14.464][INFO ] [Deploy         :294] - execute db_p.z1.obs0.mysql_tenant_root create user 'sysslaveuser' IDENTIFIED BY 'sysslaveuser';grant select on *.* to 'sysslaveuser' WITH GRANT OPTION; result => true
[2026-10-08 22:19:14.466][INFO ] [Deploy         :294] - execute db_p.exec_init_sql result => true
[2026-10-08 22:19:14.466][INFO ] [Command        :353] - start[1791469154136] time[329] tag[Q_DEPLOY]
[2026-10-08 22:19:14.467][INFO ] [Command        :536] - > LINE => 11, CMD => Q_DEPLOY, CONTENT => db_p.reboot_proxy;
[2026-10-08 22:19:14.467][INFO ] [DeployProcessor:93] - deploy => db_p.reboot_proxy
[2026-10-08 22:19:14.468][INFO ] [Deploy         :287] - execute db_p.register_proxy
[2026-10-08 22:19:14.468][INFO ] [Deploy         :294] - execute db_p.register_proxy result => true
[2026-10-08 22:19:14.468][INFO ] [Deploy         :287] - execute db_p.deploy_proxy
[2026-10-08 22:19:14.469][INFO ] [Deploy         :294] - execute db_p.deploy_proxy result => true
[2026-10-08 22:19:14.469][INFO ] [Deploy         :287] - execute db_p.sleep 5
[2026-10-08 22:19:19.469][INFO ] [Deploy         :294] - execute db_p.sleep 5 result => true
[2026-10-08 22:19:19.470][INFO ] [Deploy         :331] - execute db_p.reboot_proxy result => true
[2026-10-08 22:19:19.470][INFO ] [Command        :353] - start[1791469154467] time[5003] tag[Q_DEPLOY]
[2026-10-08 22:19:19.471][INFO ] [Command        :536] - > LINE => 12, CMD => Q_DEPLOY, CONTENT => db_p.reboot_asvr;
[2026-10-08 22:19:19.471][INFO ] [DeployProcessor:93] - deploy => db_p.reboot_asvr
[2026-10-08 22:19:19.472][INFO ] [Deploy         :287] - execute db_p.deploy_asvr
[2026-10-08 22:19:19.472][INFO ] [Deploy         :294] - execute db_p.deploy_asvr result => true
[2026-10-08 22:19:19.472][INFO ] [Deploy         :287] - execute db_p.sleep 5
[2026-10-08 22:19:24.472][INFO ] [Deploy         :294] - execute db_p.sleep 5 result => true
[2026-10-08 22:19:24.473][INFO ] [Deploy         :331] - execute db_p.reboot_asvr result => true
[2026-10-08 22:19:24.473][INFO ] [Command        :353] - start[1791469159471] time[5002] tag[Q_DEPLOY]
[2026-10-08 22:19:24.473][INFO ] [Command        :536] - > LINE => 13, CMD => Q_DEPLOY, CONTENT => db_p.add_asvr;
[2026-10-08 22:19:24.474][INFO ] [DeployProcessor:93] - deploy => db_p.add_asvr
[2026-10-08 22:19:24.474][INFO ] [Deploy         :287] - execute db_p.add_asvr
[2026-10-08 22:19:24.474][INFO ] [OBI            :1509] - There is no need to add asvr.
[2026-10-08 22:19:24.475][INFO ] [Deploy         :294] - execute db_p.add_asvr result => true
[2026-10-08 22:19:24.476][INFO ] [Command        :353] - start[1791469164474] time[1] tag[Q_DEPLOY]
[2026-10-08 22:19:24.476][INFO ] [Command        :536] - > LINE => 14, CMD => Q_DEPLOY, CONTENT => db_p.prepare_agent;
[2026-10-08 22:19:24.477][INFO ] [DeployProcessor:93] - deploy => db_p.prepare_agent
[2026-10-08 22:19:24.477][INFO ] [Deploy         :287] - execute db_p.prepare_agent
[2026-10-08 22:19:24.477][INFO ] [Deploy         :294] - execute db_p.prepare_agent result => true
[2026-10-08 22:19:24.477][INFO ] [Command        :353] - start[1791469164477] time[0] tag[Q_DEPLOY]
[2026-10-08 22:19:24.478][INFO ] [Command        :536] - > LINE => 15, CMD => Q_CONNECT, CONTENT => ob_connect(ns_setup, db_p.z1.obs0, root@sys, , oceanbase, , USE_MYSQL_CONNECTOR)
Loading class `com.mysql.jdbc.Driver'. This is deprecated. The new driver class is `com.mysql.cj.jdbc.Driver'. The driver is automatically registered via the SPI and manual loading of the driver class is generally unnecessary.
[2026-10-08 22:19:24.601][INFO ] [SQLProcessor   :1505] - ns_setup create a physical connection  using jdbc:mysql://6.12.232.130:42035/oceanbase?useAffectedRows=true&emulateUnsupportedPstmts=false&characterEncoding=utf8&useServerPrepStmts=true&prepStmtCacheSqlLimit=1000&enableQueryTimeouts=false&useLocalSessionState=false&useLocalTransactionState=false&rewriteBatchedStatements=true&allowMultiQueries=true&socketTimeout=1800000 user/pwd is root@sys/
[2026-10-08 22:19:24.828][INFO ] [SQLProcessor   :1519] - connection => ns_setup is mysql mode.
[2026-10-08 22:19:24.829][INFO ] [SQLProcessor   :1522] - put conn: dataid=ns_setup currentConn=com.mysql.cj.jdbc.ConnectionImpl@647e447 hashcode => 105374791
[2026-10-08 22:19:24.829][INFO ] [Command        :353] - start[1791469164478] time[351] tag[Q_CONNECT]
[2026-10-08 22:19:24.829][INFO ] [Command        :536] - > LINE => 16, CMD => Q_CONNECTION, CONTENT => connection ns_setup
[2026-10-08 22:19:24.830][INFO ] [SQLProcessor   :1128] - use connection => ns_setup hashcode => 105374791
[2026-10-08 22:19:24.832][INFO ] [SQLProcessor   :1158] - connection => ns_setup is mysql mode. conn=com.mysql.cj.jdbc.ConnectionImpl@647e447
[2026-10-08 22:19:24.832][INFO ] [Command        :353] - start[1791469164829] time[2] tag[Q_CONNECTION]
[2026-10-08 22:19:24.832][INFO ] [Command        :536] - > LINE => 17, CMD => Q_QUERY, CONTENT => create database replica_ns;
[2026-10-08 22:19:24.859][INFO ] [Command        :353] - start[1791469164833] time[26] tag[Q_QUERY]
[2026-10-08 22:19:24.860][INFO ] [Command        :536] - > LINE => 18, CMD => Q_QUERY, CONTENT => create table replica_ns.t(id int primary key,v int,note longtext);
[2026-10-08 22:19:24.990][INFO ] [Command        :353] - start[1791469164860] time[129] tag[Q_QUERY]
[2026-10-08 22:19:24.991][INFO ] [Command        :536] - > LINE => 19, CMD => Q_QUERY, CONTENT => insert into replica_ns.t values(1,10,repeat('baseline',2048));
[2026-10-08 22:19:25.05][INFO ] [Command        :353] - start[1791469164991] time[14] tag[Q_QUERY]
[2026-10-08 22:19:25.06][INFO ] [Command        :536] - > LINE => 20, CMD => Q_EVAL, CONTENT => FORK NAMESPACE replica_seed FROM ns1;
[2026-10-08 22:19:25.07][INFO ] [Command        :771] - eval => FORK NAMESPACE replica_seed FROM ns1;
[2026-10-08 22:19:25.11][INFO ] [Command        :353] - start[1791469165006] time[5] tag[Q_EVAL]
[2026-10-08 22:19:25.12][INFO ] [Command        :536] - > LINE => 21, CMD => Q_DEPLOY, CONTENT => db_s=OBI(cluster=1,proxy_num=0,primary=db_p);
[2026-10-08 22:19:25.12][INFO ] [DeployProcessor:78] - OBI define => db_s=OBI(cluster=1,proxy_num=0,primary=db_p)
[2026-10-08 22:19:25.13][INFO ] [Deploy         :381] - execute db_s.z_num result => 1 result type => java.lang.Integer
[2026-10-08 22:19:25.13][INFO ] [Deploy         :464] - assign rpc port. observer=>db_s.z1.obs0, rpc_port=>42001
[2026-10-08 22:19:25.14][INFO ] [Deploy         :471] - assign mysql port. observer=>db_s.z1.obs0, mysql_port=>42036
[2026-10-08 22:19:25.15][INFO ] [Deploy         :478] - assign backup io rpc port. observer=>db_s.z1.obs0, obesi_port=>42071
[2026-10-08 22:19:25.16][INFO ] [OBLog          :99] - config.ob_version='.'
[2026-10-08 22:19:25.16][INFO ] [OBLog          :100] - config.oblog_version='default'
[2026-10-08 22:19:25.17][INFO ] [OBLog          :117] - set oblog version='.'
[2026-10-08 22:19:25.17][INFO ] [OBLog          :126] - set oblog work_dir=''
[2026-10-08 22:19:25.17][INFO ] [OBLog          :148] - oblog.is_obcdc_exist: false
[2026-10-08 22:19:25.17][INFO ] [OBLog          :149] - oblog.exec: oblog/oblog_tailf
[2026-10-08 22:19:25.17][INFO ] [OBLog          :150] - oblog.configFile: oblog/liboblog.conf
[2026-10-08 22:19:25.17][INFO ] [OBLog          :151] - oblog.dataFile: oblog/data.log
[2026-10-08 22:19:25.17][INFO ] [OBLog          :152] - oblog.envCon: LD_LIBRARY_PATH=oblog:$LD_LIBRARY_PATH
[2026-10-08 22:19:25.17][INFO ] [OBLog          :153] - oblog.startCmdHead: ulimit -c unlimited; LD_LIBRARY_PATH=oblog:$LD_LIBRARY_PATH oblog/oblog_tailf
[2026-10-08 22:19:25.17][INFO ] [OBLog          :154] - oblog.defaultStartCmd: ulimit -c unlimited; LD_LIBRARY_PATH=oblog:$LD_LIBRARY_PATH oblog/oblog_tailf  -f oblog/liboblog.conf -D oblog/data.log -H oblog/heartbeat.log -d
[2026-10-08 22:19:25.322][INFO ] [Deploy         :1128] - start observer version is lite mode: true
[2026-10-08 22:19:25.325][INFO ] [Command        :353] - start[1791469165012] time[312] tag[Q_DEPLOY]
[2026-10-08 22:19:25.325][INFO ] [Command        :536] - > LINE => 22, CMD => Q_DEPLOY, CONTENT => db_s.reboot;
[2026-10-08 22:19:25.326][INFO ] [DeployProcessor:93] - deploy => db_s.reboot
[2026-10-08 22:19:25.327][INFO ] [Deploy         :287] - execute db_s.reset
[2026-10-08 22:19:25.327][INFO ] [Deploy         :381] - execute db_s.lite_mode result => true result type => java.lang.Boolean
[2026-10-08 22:19:25.328][INFO ] [Deploy         :294] - execute db_s.reset result => true
[2026-10-08 22:19:25.331][INFO ] [Deploy         :287] - execute db_s.clean_asvr
[2026-10-08 22:19:25.332][INFO ] [Deploy         :294] - execute db_s.clean_asvr result => true
[2026-10-08 22:19:25.334][INFO ] [Deploy         :287] - execute db_s.z1.obs0.force_stop_asvr
[2026-10-08 22:19:25.335][INFO ] [Role           :1228] - pkill -9 -u nijia.nj -f '^/data/1/nijia.nj/test/namespace_standby_20261003_v1/work/db_s.asvr0/bin/observer' on 6.12.232.130
[2026-10-08 22:19:25.381][INFO ] [Role           :1230] - pkill asvr result is => 1
[2026-10-08 22:19:25.382][INFO ] [Deploy         :294] - execute db_s.z1.obs0.force_stop_asvr result => true
[2026-10-08 22:19:25.382][INFO ] [Deploy         :287] - execute db_s.z1.obs0.rmdir_asvr
[2026-10-08 22:19:25.382][INFO ] [Role           :1237] - try to remove asvr dir server  => db_s.z1.obs0
[2026-10-08 22:19:25.396][INFO ] [Role           :1264] - rm -fr /data/1/nijia.nj/test/namespace_standby_20261003_v1/work/db_s.asvr0 , on => 6.12.232.130 rc => 0 stdout => null
[2026-10-08 22:19:25.396][INFO ] [Deploy         :294] - execute db_s.z1.obs0.rmdir_asvr result => true
[2026-10-08 22:19:25.396][INFO ] [Deploy         :331] - execute db_s.z1.obs0.clean_asvr  result => true
[2026-10-08 22:19:25.397][INFO ] [Deploy         :362] - execute db_s.z1.clean_asvr  result => true [true]
[2026-10-08 22:19:25.397][INFO ] [Deploy         :362] - execute db_s.clean_asvr_everywhere result => true [true]
[2026-10-08 22:19:25.397][INFO ] [Deploy         :331] - execute db_s.clean_all_asvr result => true
[2026-10-08 22:19:25.398][INFO ] [Deploy         :287] - execute db_s.deploy_logservice
[2026-10-08 22:19:25.398][INFO ] [Deploy         :294] - execute db_s.deploy_logservice result => true
[2026-10-08 22:19:25.398][INFO ] [Deploy         :287] - execute db_s.bootstrap_logservice
[2026-10-08 22:19:25.398][INFO ] [Deploy         :294] - execute db_s.bootstrap_logservice result => true
[2026-10-08 22:19:25.398][INFO ] [Deploy         :331] - execute db_s.reboot_logservice result => true
[2026-10-08 22:19:25.399][INFO ] [Deploy         :287] - execute db_s.z1.check_local_bin
[2026-10-08 22:19:25.407][INFO ] [Deploy         :294] - execute db_s.z1.check_local_bin result => true
[2026-10-08 22:19:25.407][INFO ] [Deploy         :287] - execute db_s.z1.check_ssh
[2026-10-08 22:19:25.407][INFO ] [Deploy         :294] - execute db_s.z1.check_ssh result => true
[2026-10-08 22:19:25.408][INFO ] [Deploy         :287] - execute db_s.z1.obs0.check_dir 
[2026-10-08 22:19:25.420][INFO ] [Deploy         :294] - execute db_s.z1.obs0.check_dir  result => true
[2026-10-08 22:19:25.422][INFO ] [Deploy         :362] - execute db_s.z1.check_dir result => true [true]
[2026-10-08 22:19:25.423][INFO ] [Deploy         :287] - execute db_s.z1.obs0.force_stop 
[2026-10-08 22:19:25.424][INFO ] [Role           :1307] - pkill -9 -u nijia.nj -f '^/data/1/nijia.nj/test/namespace_standby_20261003_v1/work/db_s.z1.obs0/bin/observer|^/data/1/nijia.nj/test/namespace_standby_20261003_v1/work/db_s.z1.obs0/bin/obesi' on 6.12.232.130
[2026-10-08 22:19:25.445][INFO ] [Role           :1309] - pkill result is => 1
[2026-10-08 22:19:25.447][INFO ] [Role           :1142] - wait stop /data/1/nijia.nj/test/namespace_standby_20261003_v1/work/db_s.z1.obs0/bin/observer on 6.12.232.130
[2026-10-08 22:19:25.450][INFO ] [Role           :1190] - ps uxf | grep "/data/1/nijia.nj/test/namespace_standby_20261003_v1/work/db_s.z1.obs0/bin/observer" | grep -v grep
[2026-10-08 22:19:25.499][INFO ] [Role           :1154] - check port on 6.12.232.130
[2026-10-08 22:19:25.500][INFO ] [RemoteShell    :143] - netstat -lpnt 2>/dev/null | grep '0.0.0.0:42001 ' | awk -F ' ' '{print $7}'
[2026-10-08 22:19:25.582][INFO ] [RemoteShell    :143] - netstat -lpnt 2>/dev/null | grep '0.0.0.0:42036 ' | awk -F ' ' '{print $7}'
[2026-10-08 22:19:25.616][INFO ] [Role           :1164] - stop obs0 took 2 s
[2026-10-08 22:19:25.617][INFO ] [Deploy         :294] - execute db_s.z1.obs0.force_stop  result => true
[2026-10-08 22:19:25.618][INFO ] [Deploy         :362] - execute db_s.z1.force_stop result => true [true]
[2026-10-08 22:19:25.621][INFO ] [Deploy         :362] - execute db_s.z1.force_stop_logstore result => true []
[2026-10-08 22:19:25.621][INFO ] [Deploy         :331] - execute db_s.z1.force_stop_all result => true
[2026-10-08 22:19:25.622][INFO ] [Deploy         :287] - execute db_s.z1.obs0.rmdir 
[2026-10-08 22:19:25.622][INFO ] [Deploy         :381] - execute db_s.lite_mode result => true result type => java.lang.Boolean
[2026-10-08 22:19:25.623][INFO ] [Role           :1395] - rm -fr /data/1/nijia.nj/test/namespace_standby_20261003_v1/data/db_s.z1.obs0.nijia.nj/sstable /data/1/nijia.nj/test/namespace_standby_20261003_v1/clog/db_s.z1.obs0.nijia.nj/store /data/1/nijia.nj/test/namespace_standby_20261003_v1/clog/db_s.z1.obs0.nijia.nj/store/slog /data/1/nijia.nj/test/namespace_standby_20261003_v1/data/db_s.z1.obs0.nijia.nj/sort_dir , on => 6.12.232.130
[2026-10-08 22:19:25.632][INFO ] [Role           :1397] - rm -fr /data/1/nijia.nj/test/namespace_standby_20261003_v1/data/db_s.z1.obs0.nijia.nj/sstable /data/1/nijia.nj/test/namespace_standby_20261003_v1/clog/db_s.z1.obs0.nijia.nj/store /data/1/nijia.nj/test/namespace_standby_20261003_v1/clog/db_s.z1.obs0.nijia.nj/store/slog /data/1/nijia.nj/test/namespace_standby_20261003_v1/data/db_s.z1.obs0.nijia.nj/sort_dir , on => 6.12.232.130 rc => 0 stdout => null
[2026-10-08 22:19:25.639][INFO ] [Role           :1402] - rm -fr /data/1/nijia.nj/test/namespace_standby_20261003_v1/work/db_s.z1.obs0/log , on => 6.12.232.130 rc => 0 stdout => null
[2026-10-08 22:19:25.645][INFO ] [Role           :1407] - rm -fr /data/1/nijia.nj/test/namespace_standby_20261003_v1/work/db_s.z1.obs0/admin , on => 6.12.232.130 rc => 0 stdout => null
[2026-10-08 22:19:25.650][INFO ] [Role           :1412] - rm -fr /data/1/nijia.nj/test/namespace_standby_20261003_v1/work/db_s.z1.obs0/wallet , on => 6.12.232.130 rc => 0 stdout => null
[2026-10-08 22:19:25.661][INFO ] [Role           :1417] - rm -fr /data/1/nijia.nj/test/namespace_standby_20261003_v1/work/db_s.z1.obs0/etc/observer.c*nf*.bin* /data/1/nijia.nj/test/namespace_standby_20261003_v1/work/db_s.z1.obs0/etc/seekdb.c*nf*.bin* , on => 6.12.232.130 rc => 0 stdout => null
[2026-10-08 22:19:25.666][INFO ] [Role           :1423] - rm -fr /data/1/nijia.nj/test/namespace_standby_20261003_v1/work/db_s.z1.obs0/etc/observer.data_version.bin* /data/1/nijia.nj/test/namespace_standby_20261003_v1/work/db_s.z1.obs0/etc/seekdb.data_version.bin* , on => 6.12.232.130 rc => 0 stdout => null
[2026-10-08 22:19:25.671][INFO ] [Role           :1429] - rm -fr /data/1/nijia.nj/test/namespace_standby_20261003_v1/work/db_s.z1.obs0/etc2/observer.c*nf*.bin* , on => 6.12.232.130 rc => 0 stdout => null
[2026-10-08 22:19:25.676][INFO ] [Role           :1434] - rm -fr /data/1/nijia.nj/test/namespace_standby_20261003_v1/work/db_s.z1.obs0/etc3/observer.c*nf*.bin* , on => 6.12.232.130 rc => 0 stdout => null
[2026-10-08 22:19:25.687][INFO ] [Role           :1439] - rm -fr /data/1/nijia.nj/test/namespace_standby_20261003_v1/work/db_s.z1.obs0/run/observer.pid /data/1/nijia.nj/test/namespace_standby_20261003_v1/work/db_s.z1.obs0/run/seekdb.pid , on => 6.12.232.130 rc => 0 stdout => null
[2026-10-08 22:19:25.692][INFO ] [Role           :1444] - rm -fr /data/1/nijia.nj/test/namespace_standby_20261003_v1/work/db_s.z1.obs0/store/clog_shm , on => 6.12.232.130 rc => 0 stdout => null
[2026-10-08 22:19:25.702][INFO ] [Role           :1449] - rm -fr /data/1/nijia.nj/test/namespace_standby_20261003_v1/work/db_s.z1.obs0/store/ilog_shm , on => 6.12.232.130 rc => 0 stdout => null
[2026-10-08 22:19:25.708][INFO ] [Role           :1454] - rm -fr /data/1/nijia.nj/test/namespace_standby_20261003_v1/work/db_s.z1.obs0/store/manifest* , on => 6.12.232.130 rc => 0 stdout => null
[2026-10-08 22:19:25.717][INFO ] [Role           :1467] - rm -fr /data/1/nijia.nj/test/namespace_standby_20261003_v1/work/db_s.z1.obs0/core* , on => 6.12.232.130 rc => 0 stdout => null
[2026-10-08 22:19:25.724][INFO ] [Role           :1504] - rm -fr /data/1/nijia.nj/test/namespace_standby_20261003_v1/clog/db_s.z1.obs0.nijia.nj/ /data/1/nijia.nj/test/namespace_standby_20261003_v1/data/db_s.z1.obs0.nijia.nj/ , on => 6.12.232.130 rc => 0 stdout => null
[2026-10-08 22:19:25.730][INFO ] [Role           :1510] - rm -fr /data/1/nijia.nj/test/namespace_standby_20261003_v1/work/db_s.z1.obs0 , on => 6.12.232.130 rc => 0 stdout => null
[2026-10-08 22:19:25.735][INFO ] [Deploy         :294] - execute db_s.z1.obs0.rmdir  result => true
[2026-10-08 22:19:25.737][INFO ] [Deploy         :362] - execute db_s.z1.rmdir result => true [true]
[2026-10-08 22:19:25.737][INFO ] [Deploy         :331] - execute db_s.z1.cleanup result => true
[2026-10-08 22:19:25.738][INFO ] [Deploy         :362] - execute db_s.z1.cleanup_logstore result => true []
[2026-10-08 22:19:25.739][INFO ] [Deploy         :331] - execute db_s.z1.cleanup_all result => true
[2026-10-08 22:19:25.739][INFO ] [Deploy         :287] - execute db_s.z1.genconf
[2026-10-08 22:19:25.739][INFO ] [Deploy         :294] - execute db_s.z1.genconf result => true
[2026-10-08 22:19:25.740][INFO ] [Deploy         :287] - execute db_s.z1.obs0.mkdir 
[2026-10-08 22:19:25.741][INFO ] [Role           :1768] - mkdir -p /data/1/nijia.nj/test/namespace_standby_20261003_v1/work/db_s.z1.obs0/store/;mkdir -p /data/1/nijia.nj/test/namespace_standby_20261003_v1/clog/db_s.z1.obs0.nijia.nj/store/clog /data/1/nijia.nj/test/namespace_standby_20261003_v1/clog/db_s.z1.obs0.nijia.nj/store/ilog /data/1/nijia.nj/test/namespace_standby_20261003_v1/clog/db_s.z1.obs0.nijia.nj/store/slog /data/1/nijia.nj/test/namespace_standby_20261003_v1/data/db_s.z1.obs0.nijia.nj/sort_dir /data/1/nijia.nj/test/namespace_standby_20261003_v1/data/db_s.z1.obs0.nijia.nj/sstable;ln -sf /data/1/nijia.nj/test/namespace_standby_20261003_v1/data/db_s.z1.obs0.nijia.nj/sstable /data/1/nijia.nj/test/namespace_standby_20261003_v1/work/db_s.z1.obs0/store/;ln -sf /data/1/nijia.nj/test/namespace_standby_20261003_v1/clog/db_s.z1.obs0.nijia.nj/store/clog /data/1/nijia.nj/test/namespace_standby_20261003_v1/work/db_s.z1.obs0/store/;ln -sf /data/1/nijia.nj/test/namespace_standby_20261003_v1/clog/db_s.z1.obs0.nijia.nj/store/ilog /data/1/nijia.nj/test/namespace_standby_20261003_v1/work/db_s.z1.obs0/store/;ln -sf /data/1/nijia.nj/test/namespace_standby_20261003_v1/clog/db_s.z1.obs0.nijia.nj/store/slog /data/1/nijia.nj/test/namespace_standby_20261003_v1/work/db_s.z1.obs0/store/;ln -sf /data/1/nijia.nj/test/namespace_standby_20261003_v1/data/db_s.z1.obs0.nijia.nj/sort_dir /data/1/nijia.nj/test/namespace_standby_20261003_v1/work/db_s.z1.obs0/store/ on 6.12.232.130
[2026-10-08 22:19:25.758][INFO ] [Deploy         :294] - execute db_s.z1.obs0.mkdir  result => true
[2026-10-08 22:19:25.759][INFO ] [Deploy         :362] - execute db_s.z1.mkdir_obs result => true [true]
[2026-10-08 22:19:25.759][INFO ] [Deploy         :362] - execute db_s.z1.mkdir_logstore result => true []
[2026-10-08 22:19:25.760][INFO ] [Deploy         :331] - execute db_s.z1.mkdir result => true
[2026-10-08 22:19:25.760][INFO ] [Deploy         :287] - execute db_s.z1.obs0.rsync 
[2026-10-08 22:19:25.761][INFO ] [Role           :1648] - sync server finish, time = 1
[2026-10-08 22:19:25.761][INFO ] [Role           :1563] - rsync server => db_s.z1.obs0 version if specified => .
[2026-10-08 22:19:25.767][INFO ] [Role           :1635] - check disk dir ==> './admin' exist
[2026-10-08 22:19:25.773][WARN ] [Role           :1638] - check disk dir ==> './plugin_dir' not exist
[2026-10-08 22:19:25.779][INFO ] [Role           :1635] - check disk dir ==> './wallet' exist
[2026-10-08 22:19:25.779][INFO ] [Role           :1590] - transfer cmd to =>  rsync -WrptgoDRLv --timeout=600 bin etc lib  admin  wallet /data/1/nijia.nj/test/namespace_standby_20261003_v1/work/db_s.z1.obs0
[2026-10-08 22:19:33.233][INFO ] [Role           :1604] - rsync cmd =>  rsync -WrptgoDRLv --timeout=600 bin etc lib  admin  wallet /data/1/nijia.nj/test/namespace_standby_20261003_v1/work/db_s.z1.obs0
[2026-10-08 22:19:33.234][INFO ] [Deploy         :294] - execute db_s.z1.obs0.rsync  result => true
[2026-10-08 22:19:33.234][INFO ] [Deploy         :362] - execute db_s.z1.rsync_obs result => true [true]
[2026-10-08 22:19:33.234][INFO ] [Deploy         :362] - execute db_s.z1.rsync_logstore result => true []
[2026-10-08 22:19:33.235][INFO ] [Deploy         :331] - execute db_s.z1.rsync result => true
[2026-10-08 22:19:33.235][INFO ] [Deploy         :362] - execute db_s.z1.start_logstore result => true []
[2026-10-08 22:19:33.235][INFO ] [Deploy         :287] - execute db_s.z1.sleep 5
[2026-10-08 22:19:38.235][INFO ] [Deploy         :294] - execute db_s.z1.sleep 5 result => true
[2026-10-08 22:19:38.236][INFO ] [Deploy         :287] - execute db_s.z1.obs0.start 
[2026-10-08 22:19:38.237][INFO ] [Deploy         :381] - execute db_s.lite_mode result => true result type => java.lang.Boolean
[2026-10-08 22:19:38.238][INFO ] [Deploy         :381] - execute db_s.lite_mode result => true result type => java.lang.Boolean
6.12.232.130 is not a valid IPv6 address.
[2026-10-08 22:19:38.243][INFO ] [Role           :539] - cluster_id1
[2026-10-08 22:19:38.243][INFO ] [Deploy         :381] - execute db_s.z_num result => 1 result type => java.lang.Integer
[2026-10-08 22:19:38.244][INFO ] [Role           :552] - db_s have 1 ZONE
[2026-10-08 22:19:38.244][INFO ] [Role           :584] - ofs_list ofs_list='z1@' has_ofs_zone false
[2026-10-08 22:19:38.244][INFO ] [Role           :637] - ulimit -c unlimited -s 4096;cd /data/1/nijia.nj/test/namespace_standby_20261003_v1/work/db_s.z1.obs0;LD_LIBRARY_PATH=./lib:/usr/local/lib:/usr/lib:/usr/lib64:/usr/local/lib64:$LD_LIBRARY_PATH /data/1/nijia.nj/test/namespace_standby_20261003_v1/work/db_s.z1.obs0/bin/observer --port 42036 --data-dir /data/1/nijia.nj/test/namespace_standby_20261003_v1/work/db_s.z1.obs0/store --redo-dir /data/1/nijia.nj/test/namespace_standby_20261003_v1/work/db_s.z1.obs0/store/clog  --role=STANDBY --parameter log_restore_source=6.12.232.130:42000 --parameter enable_rpc_service=true --parameter rpc_port=42001 --parameter datafile_size='2G' --parameter log_disk_size='2G' --parameter cpu_count=4 --parameter memory_limit='8G' on 6.12.232.130
[2026-10-08 22:19:38.354][INFO ] [Deploy         :294] - execute db_s.z1.obs0.start  result => true
[2026-10-08 22:19:38.354][INFO ] [Deploy         :362] - execute db_s.z1.start_obs result => true [true]
[2026-10-08 22:19:38.358][INFO ] [Deploy         :331] - execute db_s.z1.start result => true
[2026-10-08 22:19:38.358][INFO ] [Deploy         :287] - execute db_s.z1.sleep 8
[2026-10-08 22:19:46.359][INFO ] [Deploy         :294] - execute db_s.z1.sleep 8 result => true
[2026-10-08 22:19:46.359][INFO ] [Deploy         :331] - execute db_s.z1.reboot  result => true
[2026-10-08 22:19:46.359][INFO ] [Deploy         :362] - execute db_s.deploy result => true [true]
[2026-10-08 22:19:46.360][INFO ] [Deploy         :287] - execute db_s.sleep 5
[2026-10-08 22:19:51.360][INFO ] [Deploy         :294] - execute db_s.sleep 5 result => true
[2026-10-08 22:19:51.360][INFO ] [Deploy         :287] - execute db_s.bootstrap
[2026-10-08 22:19:51.361][INFO ] [Deploy         :381] - execute db_s.z_num result => 1 result type => java.lang.Integer
[2026-10-08 22:19:51.361][INFO ] [Deploy         :381] - execute db_s.zone_names result => [Ljava.lang.String;@661972b0 result type => [Ljava.lang.String;
[2026-10-08 22:19:51.361][INFO ] [Deploy         :381] - execute db_s.z1.obs_num result => 1 result type => java.lang.Integer
[2026-10-08 22:19:51.362][INFO ] [Deploy         :287] - execute db_s.z1.obs0.get status
[2026-10-08 22:19:51.362][WARN ] [Deploy         :298] - execute db_s.z1.obs0.get status result => null
[2026-10-08 22:19:51.362][INFO ] [Deploy         :381] - execute db_s.lite_mode result => true result type => java.lang.Boolean
[2026-10-08 22:19:51.362][INFO ] [Deploy         :294] - execute db_s.bootstrap result => true
[2026-10-08 22:19:51.362][INFO ] [Deploy         :287] - execute db_s.addserver
[2026-10-08 22:19:51.362][INFO ] [Deploy         :381] - execute db_s.z_num result => 1 result type => java.lang.Integer
[2026-10-08 22:19:51.362][INFO ] [Deploy         :381] - execute db_s.zone_names result => [Ljava.lang.String;@661972b0 result type => [Ljava.lang.String;
[2026-10-08 22:19:51.362][INFO ] [Deploy         :381] - execute db_s.z1.obs_num result => 1 result type => java.lang.Integer
[2026-10-08 22:19:51.362][INFO ] [Deploy         :294] - execute db_s.addserver result => true
[2026-10-08 22:19:51.363][INFO ] [Deploy         :287] - execute db_s.exec_init_sql
[2026-10-08 22:19:51.363][INFO ] [Deploy         :381] - execute db_s.lite_mode result => true result type => java.lang.Boolean
[2026-10-08 22:19:51.363][INFO ] [Deploy         :294] - execute db_s.exec_init_sql result => true
[2026-10-08 22:19:51.363][INFO ] [Deploy         :287] - execute db_s.register_proxy
[2026-10-08 22:19:51.363][INFO ] [Deploy         :294] - execute db_s.register_proxy result => true
[2026-10-08 22:19:51.363][INFO ] [Deploy         :287] - execute db_s.deploy_proxy
[2026-10-08 22:19:51.364][INFO ] [Deploy         :294] - execute db_s.deploy_proxy result => true
[2026-10-08 22:19:51.364][INFO ] [Deploy         :287] - execute db_s.sleep 5
[2026-10-08 22:19:56.364][INFO ] [Deploy         :294] - execute db_s.sleep 5 result => true
[2026-10-08 22:19:56.364][INFO ] [Deploy         :331] - execute db_s.reboot_proxy result => true
[2026-10-08 22:19:56.364][INFO ] [Deploy         :287] - execute db_s.deploy_asvr
[2026-10-08 22:19:56.365][INFO ] [Deploy         :294] - execute db_s.deploy_asvr result => true
[2026-10-08 22:19:56.365][INFO ] [Deploy         :287] - execute db_s.sleep 5
[2026-10-08 22:20:01.365][INFO ] [Deploy         :294] - execute db_s.sleep 5 result => true
[2026-10-08 22:20:01.366][INFO ] [Deploy         :331] - execute db_s.reboot_asvr result => true
[2026-10-08 22:20:01.366][INFO ] [Deploy         :287] - execute db_s.add_asvr
[2026-10-08 22:20:01.366][INFO ] [OBI            :1509] - There is no need to add asvr.
[2026-10-08 22:20:01.366][INFO ] [Deploy         :294] - execute db_s.add_asvr result => true
[2026-10-08 22:20:01.367][INFO ] [Deploy         :287] - execute db_s.prepare_agent
[2026-10-08 22:20:01.368][INFO ] [Deploy         :294] - execute db_s.prepare_agent result => true
[2026-10-08 22:20:01.368][INFO ] [Deploy         :331] - execute db_s.reboot result => true
[2026-10-08 22:20:01.368][INFO ] [Command        :353] - start[1791469165326] time[36042] tag[Q_DEPLOY]
[2026-10-08 22:20:01.369][INFO ] [Command        :536] - > LINE => 23, CMD => Q_SLEEP, CONTENT => 3
[2026-10-08 22:20:04.371][INFO ] [Command        :353] - start[1791469201370] time[3001] tag[Q_SLEEP]
[2026-10-08 22:20:04.376][INFO ] [ResultHandler  :135] - the result is not expected,here is the diff
[2026-10-08 22:20:04.377][INFO ] [ResultHandler  :136] - 
diff: r/stanby/namespace_setup_template_local.result: No such file or directory
[2026-10-08 22:20:04.377][ERROR] [MyTest         :140] - test failed, use 'vimdiff r/stanby/namespace_setup_template_local.reject r/stanby/namespace_setup_template_local.result'
[2026-10-08 22:20:04.385][INFO ] [Deploy         :287] - execute db_p.z1.obs0.gen_pstack 
[2026-10-08 22:20:04.485][WARN ] [Role           :2029] - execute cmd =>pstack  419847 > /data/1/nijia.nj/test/namespace_standby_20261003_v1/work/db_p.z1.obs0/log/pstack.419847.log && kill -60 419847 fail!
[2026-10-08 22:20:04.489][INFO ] [Deploy         :287] - execute db_p.z1.obs0.save_log 
[2026-10-08 22:20:04.766][INFO ] [Deploy         :287] - execute db_s.z1.obs0.gen_pstack 
[2026-10-08 22:20:04.816][WARN ] [Role           :2029] - execute cmd =>pstack  422451 > /data/1/nijia.nj/test/namespace_standby_20261003_v1/work/db_s.z1.obs0/log/pstack.422451.log && kill -60 422451 fail!
[2026-10-08 22:20:04.820][INFO ] [Deploy         :287] - execute db_s.z1.obs0.save_log 
[2026-10-08 22:20:05.108][INFO ] [TestCase       :612] - collecting the backup files, executing - cp -r /data/1/nijia.nj/test/namespace_standby_20261003_v1/backup/ob*.nijia.nj collected_log/namespace_setup_template_local/backup_files/
[2026-10-08 22:20:05.123][INFO ] [MyTest         :151] - cost ts 106s exitcode 254
Shutdown hook ran!
