Run case stanby/namespace_setup_local
[2026-10-08 17:19:14.719][INFO ] [MyTest         :78] - print args => [-use_ob_connector, true, -result_file, r/stanby/namespace_setup_local.result, -test_file, t/stanby/namespace_setup_local.test]
[-use_ob_connector, true, -result_file, r/stanby/namespace_setup_local.result, -test_file, t/stanby/namespace_setup_local.test]
[2026-10-08 17:19:14.721][INFO ] [MyTest         :81] - start case => t/stanby/namespace_setup_local.test
[2026-10-08 17:19:14.726][INFO ] [MyTest         :84] - use data id => obtest_nijia.nj_6.12.232.130
[2026-10-08 17:19:14.837][INFO ] [TestCase       :107] - initilize deploy processor
[2026-10-08 17:19:14.861][INFO ] [DeployConfig   :590] - config port and dataid. port_base=>1124, obs_port=>1124, mysql_port=>1159, data_id=>obtest_nijia.nj_6.12.232.130_0, port_offset=>0
[2026-10-08 17:19:14.951][INFO ] [DeployConfig   :577] - config port and dataid. port_base=>42000, obs_port=>42000, mysql_port=>42035, data_id=>obtest_nijia.nj_6.12.232.130_042000
[2026-10-08 17:19:14.956][INFO ] [OfsProcessor   :53] - ofs_deployer: null/hap.py
[2026-10-08 17:19:14.957][INFO ] [OfsCreateTenantProcessor:32] - ofsshell: null/../../bin/ofsshell
[2026-10-08 17:19:14.957][INFO ] [TestCase       :761] - Read file => t/stanby/namespace_setup_local.test
[2026-10-08 17:19:14.958][INFO ] [TestCase       :721] - Finish read case: file_lines => 12, lineNo => 12
[2026-10-08 17:19:14.968][INFO ] [Command        :536] - > LINE => 1, CMD => Q_DISABLE_ALL_RESULT_LOG, CONTENT => --disable_all_result_log
[2026-10-08 17:19:14.970][INFO ] [Command        :353] - start[1791451154969] time[0] tag[Q_DISABLE_ALL_RESULT_LOG]
[2026-10-08 17:19:14.974][INFO ] [Command        :536] - > LINE => 2, CMD => Q_DEPLOY, CONTENT => db_p=OBI(cluster=1,proxy_num=0,role=primary);
[2026-10-08 17:19:14.977][INFO ] [DeployProcessor:78] - OBI define => db_p=OBI(cluster=1,proxy_num=0,role=primary)
[2026-10-08 17:19:14.995][INFO ] [Deploy         :381] - execute db_p.z_num result => 1 result type => java.lang.Integer
[2026-10-08 17:19:15.68][INFO ] [Deploy         :464] - assign rpc port. observer=>db_p.z1.obs0, rpc_port=>42000
[2026-10-08 17:19:15.69][INFO ] [Deploy         :471] - assign mysql port. observer=>db_p.z1.obs0, mysql_port=>42035
[2026-10-08 17:19:15.69][INFO ] [Deploy         :478] - assign backup io rpc port. observer=>db_p.z1.obs0, obesi_port=>42070
[2026-10-08 17:19:15.75][INFO ] [OBLog          :99] - config.ob_version='.'
[2026-10-08 17:19:15.76][INFO ] [OBLog          :100] - config.oblog_version='default'
[2026-10-08 17:19:15.76][INFO ] [OBLog          :117] - set oblog version='.'
[2026-10-08 17:19:15.76][INFO ] [OBLog          :126] - set oblog work_dir=''
[2026-10-08 17:19:15.76][INFO ] [OBLog          :148] - oblog.is_obcdc_exist: false
[2026-10-08 17:19:15.77][INFO ] [OBLog          :149] - oblog.exec: oblog/oblog_tailf
[2026-10-08 17:19:15.77][INFO ] [OBLog          :150] - oblog.configFile: oblog/liboblog.conf
[2026-10-08 17:19:15.77][INFO ] [OBLog          :151] - oblog.dataFile: oblog/data.log
[2026-10-08 17:19:15.77][INFO ] [OBLog          :152] - oblog.envCon: LD_LIBRARY_PATH=oblog:$LD_LIBRARY_PATH
[2026-10-08 17:19:15.77][INFO ] [OBLog          :153] - oblog.startCmdHead: ulimit -c unlimited; LD_LIBRARY_PATH=oblog:$LD_LIBRARY_PATH oblog/oblog_tailf
[2026-10-08 17:19:15.77][INFO ] [OBLog          :154] - oblog.defaultStartCmd: ulimit -c unlimited; LD_LIBRARY_PATH=oblog:$LD_LIBRARY_PATH oblog/oblog_tailf  -f oblog/liboblog.conf -D oblog/data.log -H oblog/heartbeat.log -d
[2026-10-08 17:19:15.393][INFO ] [Deploy         :1128] - start observer version is lite mode: true
[2026-10-08 17:19:15.394][INFO ] [Command        :353] - start[1791451154975] time[419] tag[Q_DEPLOY]
[2026-10-08 17:19:15.400][INFO ] [Command        :536] - > LINE => 3, CMD => Q_DEPLOY, CONTENT => db_p.reboot;
[2026-10-08 17:19:15.401][INFO ] [DeployProcessor:93] - deploy => db_p.reboot
[2026-10-08 17:19:15.402][INFO ] [Deploy         :287] - execute db_p.reset
[2026-10-08 17:19:15.406][INFO ] [Deploy         :381] - execute db_p.lite_mode result => true result type => java.lang.Boolean
[2026-10-08 17:19:15.406][INFO ] [Deploy         :294] - execute db_p.reset result => true
[2026-10-08 17:19:15.407][INFO ] [Deploy         :287] - execute db_p.clean_asvr
[2026-10-08 17:19:15.408][INFO ] [Deploy         :294] - execute db_p.clean_asvr result => true
[2026-10-08 17:19:15.419][INFO ] [Deploy         :287] - execute db_p.z1.obs0.force_stop_asvr
[2026-10-08 17:19:15.420][INFO ] [Role           :1228] - pkill -9 -u nijia.nj -f '^/data/1/nijia.nj/test/namespace_standby_20261003_v1/work/db_p.asvr0/bin/observer' on 6.12.232.130
[2026-10-08 17:19:15.470][INFO ] [Role           :1230] - pkill asvr result is => 1
[2026-10-08 17:19:15.470][INFO ] [Deploy         :294] - execute db_p.z1.obs0.force_stop_asvr result => true
[2026-10-08 17:19:15.471][INFO ] [Deploy         :287] - execute db_p.z1.obs0.rmdir_asvr
[2026-10-08 17:19:15.471][INFO ] [Role           :1237] - try to remove asvr dir server  => db_p.z1.obs0
[2026-10-08 17:19:15.482][INFO ] [Role           :1264] - rm -fr /data/1/nijia.nj/test/namespace_standby_20261003_v1/work/db_p.asvr0 , on => 6.12.232.130 rc => 0 stdout => null
[2026-10-08 17:19:15.482][INFO ] [Deploy         :294] - execute db_p.z1.obs0.rmdir_asvr result => true
[2026-10-08 17:19:15.482][INFO ] [Deploy         :331] - execute db_p.z1.obs0.clean_asvr  result => true
[2026-10-08 17:19:15.483][INFO ] [Deploy         :362] - execute db_p.z1.clean_asvr  result => true [true]
[2026-10-08 17:19:15.483][INFO ] [Deploy         :362] - execute db_p.clean_asvr_everywhere result => true [true]
[2026-10-08 17:19:15.484][INFO ] [Deploy         :331] - execute db_p.clean_all_asvr result => true
[2026-10-08 17:19:15.484][INFO ] [Deploy         :287] - execute db_p.deploy_logservice
[2026-10-08 17:19:15.488][INFO ] [Deploy         :294] - execute db_p.deploy_logservice result => true
[2026-10-08 17:19:15.488][INFO ] [Deploy         :287] - execute db_p.bootstrap_logservice
[2026-10-08 17:19:15.489][INFO ] [Deploy         :294] - execute db_p.bootstrap_logservice result => true
[2026-10-08 17:19:15.489][INFO ] [Deploy         :331] - execute db_p.reboot_logservice result => true
[2026-10-08 17:19:15.491][INFO ] [Deploy         :287] - execute db_p.z1.check_local_bin
[2026-10-08 17:19:15.504][INFO ] [Deploy         :294] - execute db_p.z1.check_local_bin result => true
[2026-10-08 17:19:15.504][INFO ] [Deploy         :287] - execute db_p.z1.check_ssh
[2026-10-08 17:19:15.504][INFO ] [Deploy         :294] - execute db_p.z1.check_ssh result => true
[2026-10-08 17:19:15.506][INFO ] [Deploy         :287] - execute db_p.z1.obs0.check_dir 
[2026-10-08 17:19:15.517][INFO ] [Deploy         :294] - execute db_p.z1.obs0.check_dir  result => true
[2026-10-08 17:19:15.529][INFO ] [Deploy         :362] - execute db_p.z1.check_dir result => true [true]
[2026-10-08 17:19:15.533][INFO ] [Deploy         :287] - execute db_p.z1.obs0.force_stop 
[2026-10-08 17:19:15.535][INFO ] [Role           :1307] - pkill -9 -u nijia.nj -f '^/data/1/nijia.nj/test/namespace_standby_20261003_v1/work/db_p.z1.obs0/bin/observer|^/data/1/nijia.nj/test/namespace_standby_20261003_v1/work/db_p.z1.obs0/bin/obesi' on 6.12.232.130
[2026-10-08 17:19:15.573][INFO ] [Role           :1309] - pkill result is => 1
[2026-10-08 17:19:15.576][INFO ] [Role           :1142] - wait stop /data/1/nijia.nj/test/namespace_standby_20261003_v1/work/db_p.z1.obs0/bin/observer on 6.12.232.130
[2026-10-08 17:19:15.580][INFO ] [Role           :1190] - ps uxf | grep "/data/1/nijia.nj/test/namespace_standby_20261003_v1/work/db_p.z1.obs0/bin/observer" | grep -v grep
[2026-10-08 17:19:15.683][INFO ] [Role           :1154] - check port on 6.12.232.130
[2026-10-08 17:19:15.684][INFO ] [RemoteShell    :143] - netstat -lpnt 2>/dev/null | grep '0.0.0.0:42000 ' | awk -F ' ' '{print $7}'
[2026-10-08 17:19:15.726][INFO ] [RemoteShell    :143] - netstat -lpnt 2>/dev/null | grep '0.0.0.0:42035 ' | awk -F ' ' '{print $7}'
[2026-10-08 17:19:15.812][INFO ] [Role           :1164] - stop obs0 took 2 s
[2026-10-08 17:19:15.812][INFO ] [Deploy         :294] - execute db_p.z1.obs0.force_stop  result => true
[2026-10-08 17:19:15.813][INFO ] [Deploy         :362] - execute db_p.z1.force_stop result => true [true]
[2026-10-08 17:19:15.814][INFO ] [Deploy         :362] - execute db_p.z1.force_stop_logstore result => true []
[2026-10-08 17:19:15.815][INFO ] [Deploy         :331] - execute db_p.z1.force_stop_all result => true
[2026-10-08 17:19:15.820][INFO ] [Deploy         :287] - execute db_p.z1.obs0.rmdir 
[2026-10-08 17:19:15.821][INFO ] [Deploy         :381] - execute db_p.lite_mode result => true result type => java.lang.Boolean
[2026-10-08 17:19:15.824][INFO ] [Role           :1395] - rm -fr /data/1/nijia.nj/test/namespace_standby_20261003_v1/data/db_p.z1.obs0.nijia.nj/sstable /data/1/nijia.nj/test/namespace_standby_20261003_v1/clog/db_p.z1.obs0.nijia.nj/store /data/1/nijia.nj/test/namespace_standby_20261003_v1/clog/db_p.z1.obs0.nijia.nj/store/slog /data/1/nijia.nj/test/namespace_standby_20261003_v1/data/db_p.z1.obs0.nijia.nj/sort_dir , on => 6.12.232.130
[2026-10-08 17:19:15.837][INFO ] [Role           :1397] - rm -fr /data/1/nijia.nj/test/namespace_standby_20261003_v1/data/db_p.z1.obs0.nijia.nj/sstable /data/1/nijia.nj/test/namespace_standby_20261003_v1/clog/db_p.z1.obs0.nijia.nj/store /data/1/nijia.nj/test/namespace_standby_20261003_v1/clog/db_p.z1.obs0.nijia.nj/store/slog /data/1/nijia.nj/test/namespace_standby_20261003_v1/data/db_p.z1.obs0.nijia.nj/sort_dir , on => 6.12.232.130 rc => 0 stdout => null
[2026-10-08 17:19:15.861][INFO ] [Role           :1402] - rm -fr /data/1/nijia.nj/test/namespace_standby_20261003_v1/work/db_p.z1.obs0/log , on => 6.12.232.130 rc => 0 stdout => null
[2026-10-08 17:19:15.867][INFO ] [Role           :1407] - rm -fr /data/1/nijia.nj/test/namespace_standby_20261003_v1/work/db_p.z1.obs0/admin , on => 6.12.232.130 rc => 0 stdout => null
[2026-10-08 17:19:15.878][INFO ] [Role           :1412] - rm -fr /data/1/nijia.nj/test/namespace_standby_20261003_v1/work/db_p.z1.obs0/wallet , on => 6.12.232.130 rc => 0 stdout => null
[2026-10-08 17:19:15.892][INFO ] [Role           :1417] - rm -fr /data/1/nijia.nj/test/namespace_standby_20261003_v1/work/db_p.z1.obs0/etc/observer.c*nf*.bin* /data/1/nijia.nj/test/namespace_standby_20261003_v1/work/db_p.z1.obs0/etc/seekdb.c*nf*.bin* , on => 6.12.232.130 rc => 0 stdout => null
[2026-10-08 17:19:15.904][INFO ] [Role           :1423] - rm -fr /data/1/nijia.nj/test/namespace_standby_20261003_v1/work/db_p.z1.obs0/etc/observer.data_version.bin* /data/1/nijia.nj/test/namespace_standby_20261003_v1/work/db_p.z1.obs0/etc/seekdb.data_version.bin* , on => 6.12.232.130 rc => 0 stdout => null
[2026-10-08 17:19:15.911][INFO ] [Role           :1429] - rm -fr /data/1/nijia.nj/test/namespace_standby_20261003_v1/work/db_p.z1.obs0/etc2/observer.c*nf*.bin* , on => 6.12.232.130 rc => 0 stdout => null
[2026-10-08 17:19:15.921][INFO ] [Role           :1434] - rm -fr /data/1/nijia.nj/test/namespace_standby_20261003_v1/work/db_p.z1.obs0/etc3/observer.c*nf*.bin* , on => 6.12.232.130 rc => 0 stdout => null
[2026-10-08 17:19:15.926][INFO ] [Role           :1439] - rm -fr /data/1/nijia.nj/test/namespace_standby_20261003_v1/work/db_p.z1.obs0/run/observer.pid /data/1/nijia.nj/test/namespace_standby_20261003_v1/work/db_p.z1.obs0/run/seekdb.pid , on => 6.12.232.130 rc => 0 stdout => null
[2026-10-08 17:19:15.932][INFO ] [Role           :1444] - rm -fr /data/1/nijia.nj/test/namespace_standby_20261003_v1/work/db_p.z1.obs0/store/clog_shm , on => 6.12.232.130 rc => 0 stdout => null
[2026-10-08 17:19:15.943][INFO ] [Role           :1449] - rm -fr /data/1/nijia.nj/test/namespace_standby_20261003_v1/work/db_p.z1.obs0/store/ilog_shm , on => 6.12.232.130 rc => 0 stdout => null
[2026-10-08 17:19:15.953][INFO ] [Role           :1454] - rm -fr /data/1/nijia.nj/test/namespace_standby_20261003_v1/work/db_p.z1.obs0/store/manifest* , on => 6.12.232.130 rc => 0 stdout => null
[2026-10-08 17:19:15.969][INFO ] [Role           :1467] - rm -fr /data/1/nijia.nj/test/namespace_standby_20261003_v1/work/db_p.z1.obs0/core* , on => 6.12.232.130 rc => 0 stdout => null
[2026-10-08 17:19:15.978][INFO ] [Role           :1504] - rm -fr /data/1/nijia.nj/test/namespace_standby_20261003_v1/clog/db_p.z1.obs0.nijia.nj/ /data/1/nijia.nj/test/namespace_standby_20261003_v1/data/db_p.z1.obs0.nijia.nj/ , on => 6.12.232.130 rc => 0 stdout => null
[2026-10-08 17:19:16.365][INFO ] [Role           :1510] - rm -fr /data/1/nijia.nj/test/namespace_standby_20261003_v1/work/db_p.z1.obs0 , on => 6.12.232.130 rc => 0 stdout => null
[2026-10-08 17:19:16.371][INFO ] [Deploy         :294] - execute db_p.z1.obs0.rmdir  result => true
[2026-10-08 17:19:16.372][INFO ] [Deploy         :362] - execute db_p.z1.rmdir result => true [true]
[2026-10-08 17:19:16.372][INFO ] [Deploy         :331] - execute db_p.z1.cleanup result => true
[2026-10-08 17:19:16.373][INFO ] [Deploy         :362] - execute db_p.z1.cleanup_logstore result => true []
[2026-10-08 17:19:16.374][INFO ] [Deploy         :331] - execute db_p.z1.cleanup_all result => true
[2026-10-08 17:19:16.374][INFO ] [Deploy         :287] - execute db_p.z1.genconf
[2026-10-08 17:19:16.374][INFO ] [Deploy         :294] - execute db_p.z1.genconf result => true
[2026-10-08 17:19:16.377][INFO ] [Deploy         :287] - execute db_p.z1.obs0.mkdir 
[2026-10-08 17:19:16.380][INFO ] [Role           :1768] - mkdir -p /data/1/nijia.nj/test/namespace_standby_20261003_v1/work/db_p.z1.obs0/store/;mkdir -p /data/1/nijia.nj/test/namespace_standby_20261003_v1/clog/db_p.z1.obs0.nijia.nj/store/clog /data/1/nijia.nj/test/namespace_standby_20261003_v1/clog/db_p.z1.obs0.nijia.nj/store/ilog /data/1/nijia.nj/test/namespace_standby_20261003_v1/clog/db_p.z1.obs0.nijia.nj/store/slog /data/1/nijia.nj/test/namespace_standby_20261003_v1/data/db_p.z1.obs0.nijia.nj/sort_dir /data/1/nijia.nj/test/namespace_standby_20261003_v1/data/db_p.z1.obs0.nijia.nj/sstable;ln -sf /data/1/nijia.nj/test/namespace_standby_20261003_v1/data/db_p.z1.obs0.nijia.nj/sstable /data/1/nijia.nj/test/namespace_standby_20261003_v1/work/db_p.z1.obs0/store/;ln -sf /data/1/nijia.nj/test/namespace_standby_20261003_v1/clog/db_p.z1.obs0.nijia.nj/store/clog /data/1/nijia.nj/test/namespace_standby_20261003_v1/work/db_p.z1.obs0/store/;ln -sf /data/1/nijia.nj/test/namespace_standby_20261003_v1/clog/db_p.z1.obs0.nijia.nj/store/ilog /data/1/nijia.nj/test/namespace_standby_20261003_v1/work/db_p.z1.obs0/store/;ln -sf /data/1/nijia.nj/test/namespace_standby_20261003_v1/clog/db_p.z1.obs0.nijia.nj/store/slog /data/1/nijia.nj/test/namespace_standby_20261003_v1/work/db_p.z1.obs0/store/;ln -sf /data/1/nijia.nj/test/namespace_standby_20261003_v1/data/db_p.z1.obs0.nijia.nj/sort_dir /data/1/nijia.nj/test/namespace_standby_20261003_v1/work/db_p.z1.obs0/store/ on 6.12.232.130
[2026-10-08 17:19:16.410][INFO ] [Deploy         :294] - execute db_p.z1.obs0.mkdir  result => true
[2026-10-08 17:19:16.411][INFO ] [Deploy         :362] - execute db_p.z1.mkdir_obs result => true [true]
[2026-10-08 17:19:16.412][INFO ] [Deploy         :362] - execute db_p.z1.mkdir_logstore result => true []
[2026-10-08 17:19:16.415][INFO ] [Deploy         :331] - execute db_p.z1.mkdir result => true
[2026-10-08 17:19:16.417][INFO ] [Deploy         :287] - execute db_p.z1.obs0.rsync 
[2026-10-08 17:19:16.418][INFO ] [Role           :1648] - sync server finish, time = 0
[2026-10-08 17:19:16.418][INFO ] [Role           :1563] - rsync server => db_p.z1.obs0 version if specified => .
[2026-10-08 17:19:16.430][INFO ] [Role           :1635] - check disk dir ==> './admin' exist
[2026-10-08 17:19:16.445][WARN ] [Role           :1638] - check disk dir ==> './plugin_dir' not exist
[2026-10-08 17:19:16.450][INFO ] [Role           :1635] - check disk dir ==> './wallet' exist
[2026-10-08 17:19:16.450][INFO ] [Role           :1590] - transfer cmd to =>  rsync -WrptgoDRLv --timeout=600 bin etc lib  admin  wallet /data/1/nijia.nj/test/namespace_standby_20261003_v1/work/db_p.z1.obs0
[2026-10-08 17:19:26.173][INFO ] [Role           :1604] - rsync cmd =>  rsync -WrptgoDRLv --timeout=600 bin etc lib  admin  wallet /data/1/nijia.nj/test/namespace_standby_20261003_v1/work/db_p.z1.obs0
[2026-10-08 17:19:26.174][INFO ] [Deploy         :294] - execute db_p.z1.obs0.rsync  result => true
[2026-10-08 17:19:26.176][INFO ] [Deploy         :362] - execute db_p.z1.rsync_obs result => true [true]
[2026-10-08 17:19:26.177][INFO ] [Deploy         :362] - execute db_p.z1.rsync_logstore result => true []
[2026-10-08 17:19:26.178][INFO ] [Deploy         :331] - execute db_p.z1.rsync result => true
[2026-10-08 17:19:26.179][INFO ] [Deploy         :362] - execute db_p.z1.start_logstore result => true []
[2026-10-08 17:19:26.179][INFO ] [Deploy         :287] - execute db_p.z1.sleep 5
[2026-10-08 17:19:31.181][INFO ] [Deploy         :294] - execute db_p.z1.sleep 5 result => true
[2026-10-08 17:19:31.182][INFO ] [Deploy         :287] - execute db_p.z1.obs0.start 
[2026-10-08 17:19:31.183][INFO ] [Deploy         :381] - execute db_p.lite_mode result => true result type => java.lang.Boolean
[2026-10-08 17:19:31.186][INFO ] [Deploy         :381] - execute db_p.lite_mode result => true result type => java.lang.Boolean
6.12.232.130 is not a valid IPv6 address.
[2026-10-08 17:19:31.191][INFO ] [Role           :539] - cluster_id1
[2026-10-08 17:19:31.192][INFO ] [Deploy         :381] - execute db_p.z_num result => 1 result type => java.lang.Integer
[2026-10-08 17:19:31.192][INFO ] [Role           :552] - db_p have 1 ZONE
[2026-10-08 17:19:31.192][INFO ] [Role           :584] - ofs_list ofs_list='z1@' has_ofs_zone false
[2026-10-08 17:19:31.195][INFO ] [Role           :637] - ulimit -c unlimited -s 4096;cd /data/1/nijia.nj/test/namespace_standby_20261003_v1/work/db_p.z1.obs0;LD_LIBRARY_PATH=./lib:/usr/local/lib:/usr/lib:/usr/lib64:/usr/local/lib64:$LD_LIBRARY_PATH /data/1/nijia.nj/test/namespace_standby_20261003_v1/work/db_p.z1.obs0/bin/observer --port 42035 --data-dir /data/1/nijia.nj/test/namespace_standby_20261003_v1/work/db_p.z1.obs0/store --redo-dir /data/1/nijia.nj/test/namespace_standby_20261003_v1/work/db_p.z1.obs0/store/clog  --role=PRIMARY --parameter enable_rpc_service=true --parameter rpc_port=42000 --parameter datafile_size='2G' --parameter log_disk_size='2G' --parameter cpu_count=4 --parameter memory_limit='8G' on 6.12.232.130
[2026-10-08 17:19:31.280][INFO ] [Deploy         :294] - execute db_p.z1.obs0.start  result => true
[2026-10-08 17:19:31.281][INFO ] [Deploy         :362] - execute db_p.z1.start_obs result => true [true]
[2026-10-08 17:19:31.283][INFO ] [Deploy         :331] - execute db_p.z1.start result => true
[2026-10-08 17:19:31.283][INFO ] [Deploy         :287] - execute db_p.z1.sleep 8
[2026-10-08 17:19:39.285][INFO ] [Deploy         :294] - execute db_p.z1.sleep 8 result => true
[2026-10-08 17:19:39.286][INFO ] [Deploy         :331] - execute db_p.z1.reboot  result => true
[2026-10-08 17:19:39.286][INFO ] [Deploy         :362] - execute db_p.deploy result => true [true]
[2026-10-08 17:19:39.287][INFO ] [Deploy         :287] - execute db_p.sleep 5
[2026-10-08 17:19:44.288][INFO ] [Deploy         :294] - execute db_p.sleep 5 result => true
[2026-10-08 17:19:44.289][INFO ] [Deploy         :287] - execute db_p.bootstrap
[2026-10-08 17:19:44.289][INFO ] [Deploy         :381] - execute db_p.z_num result => 1 result type => java.lang.Integer
[2026-10-08 17:19:44.290][INFO ] [Deploy         :381] - execute db_p.zone_names result => [Ljava.lang.String;@23ceabc1 result type => [Ljava.lang.String;
[2026-10-08 17:19:44.290][INFO ] [Deploy         :381] - execute db_p.z1.obs_num result => 1 result type => java.lang.Integer
[2026-10-08 17:19:44.291][INFO ] [Deploy         :287] - execute db_p.z1.obs0.get status
[2026-10-08 17:19:44.294][WARN ] [Deploy         :298] - execute db_p.z1.obs0.get status result => null
[2026-10-08 17:19:44.294][INFO ] [Deploy         :381] - execute db_p.lite_mode result => true result type => java.lang.Boolean
[2026-10-08 17:19:44.295][INFO ] [Deploy         :294] - execute db_p.bootstrap result => true
[2026-10-08 17:19:44.295][INFO ] [Deploy         :287] - execute db_p.addserver
[2026-10-08 17:19:44.295][INFO ] [Deploy         :381] - execute db_p.z_num result => 1 result type => java.lang.Integer
[2026-10-08 17:19:44.295][INFO ] [Deploy         :381] - execute db_p.zone_names result => [Ljava.lang.String;@23ceabc1 result type => [Ljava.lang.String;
[2026-10-08 17:19:44.296][INFO ] [Deploy         :381] - execute db_p.z1.obs_num result => 1 result type => java.lang.Integer
[2026-10-08 17:19:44.296][INFO ] [Deploy         :294] - execute db_p.addserver result => true
[2026-10-08 17:19:44.296][INFO ] [Deploy         :287] - execute db_p.exec_init_sql
[2026-10-08 17:19:44.296][INFO ] [Deploy         :381] - execute db_p.lite_mode result => true result type => java.lang.Boolean
[2026-10-08 17:19:44.297][INFO ] [Deploy         :287] - execute db_p.z1.obs0.mysql_tenant_root create user 'admin' IDENTIFIED BY 'admin';use oceanbase;grant all on *.* to 'admin' WITH GRANT OPTION;create database if not exists test;
[2026-10-08 17:19:44.298][INFO ] [Role           :3182] - sql =>create user 'admin' IDENTIFIED BY 'admin';use oceanbase;grant all on *.* to 'admin' WITH GRANT OPTION;create database if not exists test;
 will be executed with connection[z1.obs0]root@sys:@6.12.232.130:42035
[2026-10-08 17:19:44.465][INFO ] [Deploy         :294] - execute db_p.z1.obs0.mysql_tenant_root create user 'admin' IDENTIFIED BY 'admin';use oceanbase;grant all on *.* to 'admin' WITH GRANT OPTION;create database if not exists test; result => true
[2026-10-08 17:19:44.466][INFO ] [Deploy         :381] - execute db_p.lite_mode result => true result type => java.lang.Boolean
[2026-10-08 17:19:44.466][INFO ] [Deploy         :381] - execute db_p.lite_mode result => true result type => java.lang.Boolean
[2026-10-08 17:19:44.466][INFO ] [Deploy         :287] - execute db_p.z1.obs0.mysql_tenant_root create user 'proxyro' IDENTIFIED BY '3u^0kCdpE';grant select on oceanbase.* to 'proxyro' WITH GRANT OPTION;
[2026-10-08 17:19:44.467][INFO ] [Role           :3182] - sql =>create user 'proxyro' IDENTIFIED BY '3u^0kCdpE';grant select on oceanbase.* to 'proxyro' WITH GRANT OPTION;
 will be executed with connection[z1.obs0]root@sys:@6.12.232.130:42035
[2026-10-08 17:19:44.546][INFO ] [Deploy         :294] - execute db_p.z1.obs0.mysql_tenant_root create user 'proxyro' IDENTIFIED BY '3u^0kCdpE';grant select on oceanbase.* to 'proxyro' WITH GRANT OPTION; result => true
[2026-10-08 17:19:44.547][INFO ] [Deploy         :287] - execute db_p.z1.obs0.mysql_tenant_root create user 'sysslaveuser' IDENTIFIED BY 'sysslaveuser';grant select on *.* to 'sysslaveuser' WITH GRANT OPTION;
[2026-10-08 17:19:44.547][INFO ] [Role           :3182] - sql =>create user 'sysslaveuser' IDENTIFIED BY 'sysslaveuser';grant select on *.* to 'sysslaveuser' WITH GRANT OPTION;
 will be executed with connection[z1.obs0]root@sys:@6.12.232.130:42035
[2026-10-08 17:19:44.657][INFO ] [Deploy         :294] - execute db_p.z1.obs0.mysql_tenant_root create user 'sysslaveuser' IDENTIFIED BY 'sysslaveuser';grant select on *.* to 'sysslaveuser' WITH GRANT OPTION; result => true
[2026-10-08 17:19:44.659][INFO ] [Deploy         :294] - execute db_p.exec_init_sql result => true
[2026-10-08 17:19:44.659][INFO ] [Deploy         :287] - execute db_p.register_proxy
[2026-10-08 17:19:44.659][INFO ] [Deploy         :294] - execute db_p.register_proxy result => true
[2026-10-08 17:19:44.660][INFO ] [Deploy         :287] - execute db_p.deploy_proxy
[2026-10-08 17:19:44.660][INFO ] [Deploy         :294] - execute db_p.deploy_proxy result => true
[2026-10-08 17:19:44.660][INFO ] [Deploy         :287] - execute db_p.sleep 5
[2026-10-08 17:19:49.660][INFO ] [Deploy         :294] - execute db_p.sleep 5 result => true
[2026-10-08 17:19:49.661][INFO ] [Deploy         :331] - execute db_p.reboot_proxy result => true
[2026-10-08 17:19:49.661][INFO ] [Deploy         :287] - execute db_p.deploy_asvr
[2026-10-08 17:19:49.662][INFO ] [Deploy         :294] - execute db_p.deploy_asvr result => true
[2026-10-08 17:19:49.662][INFO ] [Deploy         :287] - execute db_p.sleep 5
[2026-10-08 17:19:54.662][INFO ] [Deploy         :294] - execute db_p.sleep 5 result => true
[2026-10-08 17:19:54.663][INFO ] [Deploy         :331] - execute db_p.reboot_asvr result => true
[2026-10-08 17:19:54.663][INFO ] [Deploy         :287] - execute db_p.add_asvr
[2026-10-08 17:19:54.664][INFO ] [OBI            :1509] - There is no need to add asvr.
[2026-10-08 17:19:54.665][INFO ] [Deploy         :294] - execute db_p.add_asvr result => true
[2026-10-08 17:19:54.665][INFO ] [Deploy         :287] - execute db_p.prepare_agent
[2026-10-08 17:19:54.665][INFO ] [Deploy         :294] - execute db_p.prepare_agent result => true
[2026-10-08 17:19:54.666][INFO ] [Deploy         :331] - execute db_p.reboot result => true
[2026-10-08 17:19:54.666][INFO ] [Command        :353] - start[1791451155401] time[39265] tag[Q_DEPLOY]
[2026-10-08 17:19:54.667][INFO ] [Command        :536] - > LINE => 4, CMD => Q_CONNECT, CONTENT => ob_connect(ns_setup, db_p.z1.obs0, root@sys, , oceanbase, , USE_MYSQL_CONNECTOR)
Loading class `com.mysql.jdbc.Driver'. This is deprecated. The new driver class is `com.mysql.cj.jdbc.Driver'. The driver is automatically registered via the SPI and manual loading of the driver class is generally unnecessary.
[2026-10-08 17:19:54.884][INFO ] [SQLProcessor   :1505] - ns_setup create a physical connection  using jdbc:mysql://6.12.232.130:42035/oceanbase?useAffectedRows=true&emulateUnsupportedPstmts=false&characterEncoding=utf8&useServerPrepStmts=true&prepStmtCacheSqlLimit=1000&enableQueryTimeouts=false&useLocalSessionState=false&useLocalTransactionState=false&rewriteBatchedStatements=true&allowMultiQueries=true&socketTimeout=1800000 user/pwd is root@sys/
[2026-10-08 17:19:55.107][INFO ] [SQLProcessor   :1519] - connection => ns_setup is mysql mode.
[2026-10-08 17:19:55.107][INFO ] [SQLProcessor   :1522] - put conn: dataid=ns_setup currentConn=com.mysql.cj.jdbc.ConnectionImpl@9353778 hashcode => 154482552
[2026-10-08 17:19:55.108][INFO ] [Command        :353] - start[1791451194667] time[440] tag[Q_CONNECT]
[2026-10-08 17:19:55.108][INFO ] [Command        :536] - > LINE => 5, CMD => Q_CONNECTION, CONTENT => connection ns_setup
[2026-10-08 17:19:55.108][INFO ] [SQLProcessor   :1128] - use connection => ns_setup hashcode => 154482552
[2026-10-08 17:19:55.110][INFO ] [SQLProcessor   :1158] - connection => ns_setup is mysql mode. conn=com.mysql.cj.jdbc.ConnectionImpl@9353778
[2026-10-08 17:19:55.110][INFO ] [Command        :353] - start[1791451195108] time[2] tag[Q_CONNECTION]
[2026-10-08 17:19:55.111][INFO ] [Command        :536] - > LINE => 6, CMD => Q_QUERY, CONTENT => create database replica_ns;
[2026-10-08 17:19:55.173][INFO ] [Command        :353] - start[1791451195111] time[61] tag[Q_QUERY]
[2026-10-08 17:19:55.174][INFO ] [Command        :536] - > LINE => 7, CMD => Q_QUERY, CONTENT => create table replica_ns.t(id int primary key,v int,note longtext);
[2026-10-08 17:19:55.304][INFO ] [Command        :353] - start[1791451195174] time[129] tag[Q_QUERY]
[2026-10-08 17:19:55.305][INFO ] [Command        :536] - > LINE => 8, CMD => Q_QUERY, CONTENT => insert into replica_ns.t values(1,10,repeat('baseline',2048));
[2026-10-08 17:19:55.329][INFO ] [Command        :353] - start[1791451195305] time[23] tag[Q_QUERY]
[2026-10-08 17:19:55.331][INFO ] [Command        :536] - > LINE => 9, CMD => Q_EVAL, CONTENT => FORK NAMESPACE replica_seed FROM ns1;
[2026-10-08 17:19:55.332][INFO ] [Command        :771] - eval => FORK NAMESPACE replica_seed FROM ns1;
[2026-10-08 17:19:55.350][INFO ] [Command        :353] - start[1791451195332] time[17] tag[Q_EVAL]
[2026-10-08 17:19:55.351][INFO ] [Command        :536] - > LINE => 10, CMD => Q_DEPLOY, CONTENT => db_s=OBI(cluster=1,proxy_num=0,primary=db_p);
[2026-10-08 17:19:55.353][INFO ] [DeployProcessor:78] - OBI define => db_s=OBI(cluster=1,proxy_num=0,primary=db_p)
[2026-10-08 17:19:55.354][INFO ] [Deploy         :381] - execute db_s.z_num result => 1 result type => java.lang.Integer
[2026-10-08 17:19:55.355][INFO ] [Deploy         :464] - assign rpc port. observer=>db_s.z1.obs0, rpc_port=>42001
[2026-10-08 17:19:55.355][INFO ] [Deploy         :471] - assign mysql port. observer=>db_s.z1.obs0, mysql_port=>42036
[2026-10-08 17:19:55.355][INFO ] [Deploy         :478] - assign backup io rpc port. observer=>db_s.z1.obs0, obesi_port=>42071
[2026-10-08 17:19:55.358][INFO ] [OBLog          :99] - config.ob_version='.'
[2026-10-08 17:19:55.359][INFO ] [OBLog          :100] - config.oblog_version='default'
[2026-10-08 17:19:55.359][INFO ] [OBLog          :117] - set oblog version='.'
[2026-10-08 17:19:55.359][INFO ] [OBLog          :126] - set oblog work_dir=''
[2026-10-08 17:19:55.360][INFO ] [OBLog          :148] - oblog.is_obcdc_exist: false
[2026-10-08 17:19:55.360][INFO ] [OBLog          :149] - oblog.exec: oblog/oblog_tailf
[2026-10-08 17:19:55.361][INFO ] [OBLog          :150] - oblog.configFile: oblog/liboblog.conf
[2026-10-08 17:19:55.361][INFO ] [OBLog          :151] - oblog.dataFile: oblog/data.log
[2026-10-08 17:19:55.361][INFO ] [OBLog          :152] - oblog.envCon: LD_LIBRARY_PATH=oblog:$LD_LIBRARY_PATH
[2026-10-08 17:19:55.361][INFO ] [OBLog          :153] - oblog.startCmdHead: ulimit -c unlimited; LD_LIBRARY_PATH=oblog:$LD_LIBRARY_PATH oblog/oblog_tailf
[2026-10-08 17:19:55.361][INFO ] [OBLog          :154] - oblog.defaultStartCmd: ulimit -c unlimited; LD_LIBRARY_PATH=oblog:$LD_LIBRARY_PATH oblog/oblog_tailf  -f oblog/liboblog.conf -D oblog/data.log -H oblog/heartbeat.log -d
[2026-10-08 17:19:55.729][INFO ] [Deploy         :1128] - start observer version is lite mode: true
[2026-10-08 17:19:55.730][INFO ] [Command        :353] - start[1791451195351] time[378] tag[Q_DEPLOY]
[2026-10-08 17:19:55.730][INFO ] [Command        :536] - > LINE => 11, CMD => Q_DEPLOY, CONTENT => db_s.reboot;
[2026-10-08 17:19:55.731][INFO ] [DeployProcessor:93] - deploy => db_s.reboot
[2026-10-08 17:19:55.731][INFO ] [Deploy         :287] - execute db_s.reset
[2026-10-08 17:19:55.732][INFO ] [Deploy         :381] - execute db_s.lite_mode result => true result type => java.lang.Boolean
[2026-10-08 17:19:55.732][INFO ] [Deploy         :294] - execute db_s.reset result => true
[2026-10-08 17:19:55.737][INFO ] [Deploy         :287] - execute db_s.clean_asvr
[2026-10-08 17:19:55.738][INFO ] [Deploy         :294] - execute db_s.clean_asvr result => true
[2026-10-08 17:19:55.740][INFO ] [Deploy         :287] - execute db_s.z1.obs0.force_stop_asvr
[2026-10-08 17:19:55.741][INFO ] [Role           :1228] - pkill -9 -u nijia.nj -f '^/data/1/nijia.nj/test/namespace_standby_20261003_v1/work/db_s.asvr0/bin/observer' on 6.12.232.130
[2026-10-08 17:19:55.792][INFO ] [Role           :1230] - pkill asvr result is => 1
[2026-10-08 17:19:55.793][INFO ] [Deploy         :294] - execute db_s.z1.obs0.force_stop_asvr result => true
[2026-10-08 17:19:55.793][INFO ] [Deploy         :287] - execute db_s.z1.obs0.rmdir_asvr
[2026-10-08 17:19:55.793][INFO ] [Role           :1237] - try to remove asvr dir server  => db_s.z1.obs0
[2026-10-08 17:19:55.807][INFO ] [Role           :1264] - rm -fr /data/1/nijia.nj/test/namespace_standby_20261003_v1/work/db_s.asvr0 , on => 6.12.232.130 rc => 0 stdout => null
[2026-10-08 17:19:55.811][INFO ] [Deploy         :294] - execute db_s.z1.obs0.rmdir_asvr result => true
[2026-10-08 17:19:55.811][INFO ] [Deploy         :331] - execute db_s.z1.obs0.clean_asvr  result => true
[2026-10-08 17:19:55.812][INFO ] [Deploy         :362] - execute db_s.z1.clean_asvr  result => true [true]
[2026-10-08 17:19:55.812][INFO ] [Deploy         :362] - execute db_s.clean_asvr_everywhere result => true [true]
[2026-10-08 17:19:55.813][INFO ] [Deploy         :331] - execute db_s.clean_all_asvr result => true
[2026-10-08 17:19:55.813][INFO ] [Deploy         :287] - execute db_s.deploy_logservice
[2026-10-08 17:19:55.813][INFO ] [Deploy         :294] - execute db_s.deploy_logservice result => true
[2026-10-08 17:19:55.813][INFO ] [Deploy         :287] - execute db_s.bootstrap_logservice
[2026-10-08 17:19:55.813][INFO ] [Deploy         :294] - execute db_s.bootstrap_logservice result => true
[2026-10-08 17:19:55.814][INFO ] [Deploy         :331] - execute db_s.reboot_logservice result => true
[2026-10-08 17:19:55.815][INFO ] [Deploy         :287] - execute db_s.z1.check_local_bin
[2026-10-08 17:19:55.826][INFO ] [Deploy         :294] - execute db_s.z1.check_local_bin result => true
[2026-10-08 17:19:55.827][INFO ] [Deploy         :287] - execute db_s.z1.check_ssh
[2026-10-08 17:19:55.827][INFO ] [Deploy         :294] - execute db_s.z1.check_ssh result => true
[2026-10-08 17:19:55.827][INFO ] [Deploy         :287] - execute db_s.z1.obs0.check_dir 
[2026-10-08 17:19:55.841][INFO ] [Deploy         :294] - execute db_s.z1.obs0.check_dir  result => true
[2026-10-08 17:19:55.843][INFO ] [Deploy         :362] - execute db_s.z1.check_dir result => true [true]
[2026-10-08 17:19:55.844][INFO ] [Deploy         :287] - execute db_s.z1.obs0.force_stop 
[2026-10-08 17:19:55.845][INFO ] [Role           :1307] - pkill -9 -u nijia.nj -f '^/data/1/nijia.nj/test/namespace_standby_20261003_v1/work/db_s.z1.obs0/bin/observer|^/data/1/nijia.nj/test/namespace_standby_20261003_v1/work/db_s.z1.obs0/bin/obesi' on 6.12.232.130
[2026-10-08 17:19:55.869][INFO ] [Role           :1309] - pkill result is => 1
[2026-10-08 17:19:55.871][INFO ] [Role           :1142] - wait stop /data/1/nijia.nj/test/namespace_standby_20261003_v1/work/db_s.z1.obs0/bin/observer on 6.12.232.130
[2026-10-08 17:19:55.872][INFO ] [Role           :1190] - ps uxf | grep "/data/1/nijia.nj/test/namespace_standby_20261003_v1/work/db_s.z1.obs0/bin/observer" | grep -v grep
[2026-10-08 17:19:55.916][INFO ] [Role           :1154] - check port on 6.12.232.130
[2026-10-08 17:19:55.917][INFO ] [RemoteShell    :143] - netstat -lpnt 2>/dev/null | grep '0.0.0.0:42001 ' | awk -F ' ' '{print $7}'
[2026-10-08 17:19:55.990][INFO ] [RemoteShell    :143] - netstat -lpnt 2>/dev/null | grep '0.0.0.0:42036 ' | awk -F ' ' '{print $7}'
[2026-10-08 17:19:56.72][INFO ] [Role           :1164] - stop obs0 took 2 s
[2026-10-08 17:19:56.72][INFO ] [Deploy         :294] - execute db_s.z1.obs0.force_stop  result => true
[2026-10-08 17:19:56.72][INFO ] [Deploy         :362] - execute db_s.z1.force_stop result => true [true]
[2026-10-08 17:19:56.73][INFO ] [Deploy         :362] - execute db_s.z1.force_stop_logstore result => true []
[2026-10-08 17:19:56.73][INFO ] [Deploy         :331] - execute db_s.z1.force_stop_all result => true
[2026-10-08 17:19:56.74][INFO ] [Deploy         :287] - execute db_s.z1.obs0.rmdir 
[2026-10-08 17:19:56.74][INFO ] [Deploy         :381] - execute db_s.lite_mode result => true result type => java.lang.Boolean
[2026-10-08 17:19:56.75][INFO ] [Role           :1395] - rm -fr /data/1/nijia.nj/test/namespace_standby_20261003_v1/data/db_s.z1.obs0.nijia.nj/sstable /data/1/nijia.nj/test/namespace_standby_20261003_v1/clog/db_s.z1.obs0.nijia.nj/store /data/1/nijia.nj/test/namespace_standby_20261003_v1/clog/db_s.z1.obs0.nijia.nj/store/slog /data/1/nijia.nj/test/namespace_standby_20261003_v1/data/db_s.z1.obs0.nijia.nj/sort_dir , on => 6.12.232.130
[2026-10-08 17:19:56.102][INFO ] [Role           :1397] - rm -fr /data/1/nijia.nj/test/namespace_standby_20261003_v1/data/db_s.z1.obs0.nijia.nj/sstable /data/1/nijia.nj/test/namespace_standby_20261003_v1/clog/db_s.z1.obs0.nijia.nj/store /data/1/nijia.nj/test/namespace_standby_20261003_v1/clog/db_s.z1.obs0.nijia.nj/store/slog /data/1/nijia.nj/test/namespace_standby_20261003_v1/data/db_s.z1.obs0.nijia.nj/sort_dir , on => 6.12.232.130 rc => 0 stdout => null
[2026-10-08 17:19:56.162][INFO ] [Role           :1402] - rm -fr /data/1/nijia.nj/test/namespace_standby_20261003_v1/work/db_s.z1.obs0/log , on => 6.12.232.130 rc => 0 stdout => null
[2026-10-08 17:19:56.174][INFO ] [Role           :1407] - rm -fr /data/1/nijia.nj/test/namespace_standby_20261003_v1/work/db_s.z1.obs0/admin , on => 6.12.232.130 rc => 0 stdout => null
[2026-10-08 17:19:56.185][INFO ] [Role           :1412] - rm -fr /data/1/nijia.nj/test/namespace_standby_20261003_v1/work/db_s.z1.obs0/wallet , on => 6.12.232.130 rc => 0 stdout => null
[2026-10-08 17:19:56.198][INFO ] [Role           :1417] - rm -fr /data/1/nijia.nj/test/namespace_standby_20261003_v1/work/db_s.z1.obs0/etc/observer.c*nf*.bin* /data/1/nijia.nj/test/namespace_standby_20261003_v1/work/db_s.z1.obs0/etc/seekdb.c*nf*.bin* , on => 6.12.232.130 rc => 0 stdout => null
[2026-10-08 17:19:56.209][INFO ] [Role           :1423] - rm -fr /data/1/nijia.nj/test/namespace_standby_20261003_v1/work/db_s.z1.obs0/etc/observer.data_version.bin* /data/1/nijia.nj/test/namespace_standby_20261003_v1/work/db_s.z1.obs0/etc/seekdb.data_version.bin* , on => 6.12.232.130 rc => 0 stdout => null
[2026-10-08 17:19:56.216][INFO ] [Role           :1429] - rm -fr /data/1/nijia.nj/test/namespace_standby_20261003_v1/work/db_s.z1.obs0/etc2/observer.c*nf*.bin* , on => 6.12.232.130 rc => 0 stdout => null
[2026-10-08 17:19:56.227][INFO ] [Role           :1434] - rm -fr /data/1/nijia.nj/test/namespace_standby_20261003_v1/work/db_s.z1.obs0/etc3/observer.c*nf*.bin* , on => 6.12.232.130 rc => 0 stdout => null
[2026-10-08 17:19:56.238][INFO ] [Role           :1439] - rm -fr /data/1/nijia.nj/test/namespace_standby_20261003_v1/work/db_s.z1.obs0/run/observer.pid /data/1/nijia.nj/test/namespace_standby_20261003_v1/work/db_s.z1.obs0/run/seekdb.pid , on => 6.12.232.130 rc => 0 stdout => null
[2026-10-08 17:19:56.246][INFO ] [Role           :1444] - rm -fr /data/1/nijia.nj/test/namespace_standby_20261003_v1/work/db_s.z1.obs0/store/clog_shm , on => 6.12.232.130 rc => 0 stdout => null
[2026-10-08 17:19:56.256][INFO ] [Role           :1449] - rm -fr /data/1/nijia.nj/test/namespace_standby_20261003_v1/work/db_s.z1.obs0/store/ilog_shm , on => 6.12.232.130 rc => 0 stdout => null
[2026-10-08 17:19:56.269][INFO ] [Role           :1454] - rm -fr /data/1/nijia.nj/test/namespace_standby_20261003_v1/work/db_s.z1.obs0/store/manifest* , on => 6.12.232.130 rc => 0 stdout => null
[2026-10-08 17:19:56.288][INFO ] [Role           :1467] - rm -fr /data/1/nijia.nj/test/namespace_standby_20261003_v1/work/db_s.z1.obs0/core* , on => 6.12.232.130 rc => 0 stdout => null
[2026-10-08 17:19:56.298][INFO ] [Role           :1504] - rm -fr /data/1/nijia.nj/test/namespace_standby_20261003_v1/clog/db_s.z1.obs0.nijia.nj/ /data/1/nijia.nj/test/namespace_standby_20261003_v1/data/db_s.z1.obs0.nijia.nj/ , on => 6.12.232.130 rc => 0 stdout => null
[2026-10-08 17:19:56.663][INFO ] [Role           :1510] - rm -fr /data/1/nijia.nj/test/namespace_standby_20261003_v1/work/db_s.z1.obs0 , on => 6.12.232.130 rc => 0 stdout => null
[2026-10-08 17:19:56.670][INFO ] [Deploy         :294] - execute db_s.z1.obs0.rmdir  result => true
[2026-10-08 17:19:56.670][INFO ] [Deploy         :362] - execute db_s.z1.rmdir result => true [true]
[2026-10-08 17:19:56.670][INFO ] [Deploy         :331] - execute db_s.z1.cleanup result => true
[2026-10-08 17:19:56.671][INFO ] [Deploy         :362] - execute db_s.z1.cleanup_logstore result => true []
[2026-10-08 17:19:56.671][INFO ] [Deploy         :331] - execute db_s.z1.cleanup_all result => true
[2026-10-08 17:19:56.671][INFO ] [Deploy         :287] - execute db_s.z1.genconf
[2026-10-08 17:19:56.671][INFO ] [Deploy         :294] - execute db_s.z1.genconf result => true
[2026-10-08 17:19:56.672][INFO ] [Deploy         :287] - execute db_s.z1.obs0.mkdir 
[2026-10-08 17:19:56.672][INFO ] [Role           :1768] - mkdir -p /data/1/nijia.nj/test/namespace_standby_20261003_v1/work/db_s.z1.obs0/store/;mkdir -p /data/1/nijia.nj/test/namespace_standby_20261003_v1/clog/db_s.z1.obs0.nijia.nj/store/clog /data/1/nijia.nj/test/namespace_standby_20261003_v1/clog/db_s.z1.obs0.nijia.nj/store/ilog /data/1/nijia.nj/test/namespace_standby_20261003_v1/clog/db_s.z1.obs0.nijia.nj/store/slog /data/1/nijia.nj/test/namespace_standby_20261003_v1/data/db_s.z1.obs0.nijia.nj/sort_dir /data/1/nijia.nj/test/namespace_standby_20261003_v1/data/db_s.z1.obs0.nijia.nj/sstable;ln -sf /data/1/nijia.nj/test/namespace_standby_20261003_v1/data/db_s.z1.obs0.nijia.nj/sstable /data/1/nijia.nj/test/namespace_standby_20261003_v1/work/db_s.z1.obs0/store/;ln -sf /data/1/nijia.nj/test/namespace_standby_20261003_v1/clog/db_s.z1.obs0.nijia.nj/store/clog /data/1/nijia.nj/test/namespace_standby_20261003_v1/work/db_s.z1.obs0/store/;ln -sf /data/1/nijia.nj/test/namespace_standby_20261003_v1/clog/db_s.z1.obs0.nijia.nj/store/ilog /data/1/nijia.nj/test/namespace_standby_20261003_v1/work/db_s.z1.obs0/store/;ln -sf /data/1/nijia.nj/test/namespace_standby_20261003_v1/clog/db_s.z1.obs0.nijia.nj/store/slog /data/1/nijia.nj/test/namespace_standby_20261003_v1/work/db_s.z1.obs0/store/;ln -sf /data/1/nijia.nj/test/namespace_standby_20261003_v1/data/db_s.z1.obs0.nijia.nj/sort_dir /data/1/nijia.nj/test/namespace_standby_20261003_v1/work/db_s.z1.obs0/store/ on 6.12.232.130
[2026-10-08 17:19:56.695][INFO ] [Deploy         :294] - execute db_s.z1.obs0.mkdir  result => true
[2026-10-08 17:19:56.697][INFO ] [Deploy         :362] - execute db_s.z1.mkdir_obs result => true [true]
[2026-10-08 17:19:56.701][INFO ] [Deploy         :362] - execute db_s.z1.mkdir_logstore result => true []
[2026-10-08 17:19:56.702][INFO ] [Deploy         :331] - execute db_s.z1.mkdir result => true
[2026-10-08 17:19:56.702][INFO ] [Deploy         :287] - execute db_s.z1.obs0.rsync 
[2026-10-08 17:19:56.703][INFO ] [Role           :1648] - sync server finish, time = 1
[2026-10-08 17:19:56.703][INFO ] [Role           :1563] - rsync server => db_s.z1.obs0 version if specified => .
[2026-10-08 17:19:56.715][INFO ] [Role           :1635] - check disk dir ==> './admin' exist
[2026-10-08 17:19:56.728][WARN ] [Role           :1638] - check disk dir ==> './plugin_dir' not exist
[2026-10-08 17:19:56.739][INFO ] [Role           :1635] - check disk dir ==> './wallet' exist
[2026-10-08 17:19:56.739][INFO ] [Role           :1590] - transfer cmd to =>  rsync -WrptgoDRLv --timeout=600 bin etc lib  admin  wallet /data/1/nijia.nj/test/namespace_standby_20261003_v1/work/db_s.z1.obs0
[2026-10-08 17:20:07.492][INFO ] [Role           :1604] - rsync cmd =>  rsync -WrptgoDRLv --timeout=600 bin etc lib  admin  wallet /data/1/nijia.nj/test/namespace_standby_20261003_v1/work/db_s.z1.obs0
[2026-10-08 17:20:07.493][INFO ] [Deploy         :294] - execute db_s.z1.obs0.rsync  result => true
[2026-10-08 17:20:07.493][INFO ] [Deploy         :362] - execute db_s.z1.rsync_obs result => true [true]
[2026-10-08 17:20:07.494][INFO ] [Deploy         :362] - execute db_s.z1.rsync_logstore result => true []
[2026-10-08 17:20:07.494][INFO ] [Deploy         :331] - execute db_s.z1.rsync result => true
[2026-10-08 17:20:07.494][INFO ] [Deploy         :362] - execute db_s.z1.start_logstore result => true []
[2026-10-08 17:20:07.494][INFO ] [Deploy         :287] - execute db_s.z1.sleep 5
[2026-10-08 17:20:12.495][INFO ] [Deploy         :294] - execute db_s.z1.sleep 5 result => true
[2026-10-08 17:20:12.496][INFO ] [Deploy         :287] - execute db_s.z1.obs0.start 
[2026-10-08 17:20:12.496][INFO ] [Deploy         :381] - execute db_s.lite_mode result => true result type => java.lang.Boolean
[2026-10-08 17:20:12.497][INFO ] [Deploy         :381] - execute db_s.lite_mode result => true result type => java.lang.Boolean
6.12.232.130 is not a valid IPv6 address.
[2026-10-08 17:20:12.498][INFO ] [Role           :539] - cluster_id1
[2026-10-08 17:20:12.498][INFO ] [Deploy         :381] - execute db_s.z_num result => 1 result type => java.lang.Integer
[2026-10-08 17:20:12.498][INFO ] [Role           :552] - db_s have 1 ZONE
[2026-10-08 17:20:12.498][INFO ] [Role           :584] - ofs_list ofs_list='z1@' has_ofs_zone false
[2026-10-08 17:20:12.499][INFO ] [Role           :637] - ulimit -c unlimited -s 4096;cd /data/1/nijia.nj/test/namespace_standby_20261003_v1/work/db_s.z1.obs0;LD_LIBRARY_PATH=./lib:/usr/local/lib:/usr/lib:/usr/lib64:/usr/local/lib64:$LD_LIBRARY_PATH /data/1/nijia.nj/test/namespace_standby_20261003_v1/work/db_s.z1.obs0/bin/observer --port 42036 --data-dir /data/1/nijia.nj/test/namespace_standby_20261003_v1/work/db_s.z1.obs0/store --redo-dir /data/1/nijia.nj/test/namespace_standby_20261003_v1/work/db_s.z1.obs0/store/clog  --role=STANDBY --parameter log_restore_source=6.12.232.130:42000 --parameter enable_rpc_service=true --parameter rpc_port=42001 --parameter datafile_size='2G' --parameter log_disk_size='2G' --parameter cpu_count=4 --parameter memory_limit='8G' on 6.12.232.130
[2026-10-08 17:20:12.598][INFO ] [Deploy         :294] - execute db_s.z1.obs0.start  result => true
[2026-10-08 17:20:12.598][INFO ] [Deploy         :362] - execute db_s.z1.start_obs result => true [true]
[2026-10-08 17:20:12.599][INFO ] [Deploy         :331] - execute db_s.z1.start result => true
[2026-10-08 17:20:12.599][INFO ] [Deploy         :287] - execute db_s.z1.sleep 8
[2026-10-08 17:20:20.599][INFO ] [Deploy         :294] - execute db_s.z1.sleep 8 result => true
[2026-10-08 17:20:20.600][INFO ] [Deploy         :331] - execute db_s.z1.reboot  result => true
[2026-10-08 17:20:20.600][INFO ] [Deploy         :362] - execute db_s.deploy result => true [true]
[2026-10-08 17:20:20.601][INFO ] [Deploy         :287] - execute db_s.sleep 5
[2026-10-08 17:20:25.601][INFO ] [Deploy         :294] - execute db_s.sleep 5 result => true
[2026-10-08 17:20:25.602][INFO ] [Deploy         :287] - execute db_s.bootstrap
[2026-10-08 17:20:25.604][INFO ] [Deploy         :381] - execute db_s.z_num result => 1 result type => java.lang.Integer
[2026-10-08 17:20:25.604][INFO ] [Deploy         :381] - execute db_s.zone_names result => [Ljava.lang.String;@1afd44cb result type => [Ljava.lang.String;
[2026-10-08 17:20:25.604][INFO ] [Deploy         :381] - execute db_s.z1.obs_num result => 1 result type => java.lang.Integer
[2026-10-08 17:20:25.605][INFO ] [Deploy         :287] - execute db_s.z1.obs0.get status
[2026-10-08 17:20:25.605][WARN ] [Deploy         :298] - execute db_s.z1.obs0.get status result => null
[2026-10-08 17:20:25.605][INFO ] [Deploy         :381] - execute db_s.lite_mode result => true result type => java.lang.Boolean
[2026-10-08 17:20:25.609][INFO ] [Deploy         :294] - execute db_s.bootstrap result => true
[2026-10-08 17:20:25.609][INFO ] [Deploy         :287] - execute db_s.addserver
[2026-10-08 17:20:25.609][INFO ] [Deploy         :381] - execute db_s.z_num result => 1 result type => java.lang.Integer
[2026-10-08 17:20:25.609][INFO ] [Deploy         :381] - execute db_s.zone_names result => [Ljava.lang.String;@1afd44cb result type => [Ljava.lang.String;
[2026-10-08 17:20:25.609][INFO ] [Deploy         :381] - execute db_s.z1.obs_num result => 1 result type => java.lang.Integer
[2026-10-08 17:20:25.610][INFO ] [Deploy         :294] - execute db_s.addserver result => true
[2026-10-08 17:20:25.610][INFO ] [Deploy         :287] - execute db_s.exec_init_sql
[2026-10-08 17:20:25.610][INFO ] [Deploy         :381] - execute db_s.lite_mode result => true result type => java.lang.Boolean
[2026-10-08 17:20:25.610][INFO ] [Deploy         :294] - execute db_s.exec_init_sql result => true
[2026-10-08 17:20:25.610][INFO ] [Deploy         :287] - execute db_s.register_proxy
[2026-10-08 17:20:25.610][INFO ] [Deploy         :294] - execute db_s.register_proxy result => true
[2026-10-08 17:20:25.611][INFO ] [Deploy         :287] - execute db_s.deploy_proxy
[2026-10-08 17:20:25.611][INFO ] [Deploy         :294] - execute db_s.deploy_proxy result => true
[2026-10-08 17:20:25.611][INFO ] [Deploy         :287] - execute db_s.sleep 5
[2026-10-08 17:20:30.611][INFO ] [Deploy         :294] - execute db_s.sleep 5 result => true
[2026-10-08 17:20:30.612][INFO ] [Deploy         :331] - execute db_s.reboot_proxy result => true
[2026-10-08 17:20:30.612][INFO ] [Deploy         :287] - execute db_s.deploy_asvr
[2026-10-08 17:20:30.613][INFO ] [Deploy         :294] - execute db_s.deploy_asvr result => true
[2026-10-08 17:20:30.613][INFO ] [Deploy         :287] - execute db_s.sleep 5
[2026-10-08 17:20:35.613][INFO ] [Deploy         :294] - execute db_s.sleep 5 result => true
[2026-10-08 17:20:35.614][INFO ] [Deploy         :331] - execute db_s.reboot_asvr result => true
[2026-10-08 17:20:35.614][INFO ] [Deploy         :287] - execute db_s.add_asvr
[2026-10-08 17:20:35.615][INFO ] [OBI            :1509] - There is no need to add asvr.
[2026-10-08 17:20:35.615][INFO ] [Deploy         :294] - execute db_s.add_asvr result => true
[2026-10-08 17:20:35.615][INFO ] [Deploy         :287] - execute db_s.prepare_agent
[2026-10-08 17:20:35.615][INFO ] [Deploy         :294] - execute db_s.prepare_agent result => true
[2026-10-08 17:20:35.615][INFO ] [Deploy         :331] - execute db_s.reboot result => true
[2026-10-08 17:20:35.615][INFO ] [Command        :353] - start[1791451195730] time[39884] tag[Q_DEPLOY]
[2026-10-08 17:20:35.616][INFO ] [Command        :536] - > LINE => 12, CMD => Q_SLEEP, CONTENT => 3
[2026-10-08 17:20:38.616][INFO ] [Command        :353] - start[1791451235616] time[3000] tag[Q_SLEEP]
[2026-10-08 17:20:38.632][INFO ] [TestCase       :832] - test success
[2026-10-08 17:20:38.643][INFO ] [MyTest         :151] - cost ts 83s exitcode 0
Shutdown hook ran!
{"case": "primary_lost_after_atomic_schema_source_publication", "owner": "child", "namespace_id": "3", "state": {"name": "replica_seed", "source": 0, "catalog_page": 8124096176406140415, "catalog_cap": 0, "directory_page": 5569022333441255108, "directory_cap": 0, "snapshot": 1791451195328811004, "schema_version": 1791451247493920, "snapshot_ref": 1791451195328811004, "parent_ref": 0, "ref_count": 0, "state": 0, "active_schema_changes": 0, "pending_schema_version": 0, "parent_namespace": 1, "fork_cap": 1791451195328811004}}
{"case": "publication_recovered_after_failover", "owner": "child", "restarted": false}
/home/nijia.nj/.local/lib/python3.8/site-packages/pymysql/_auth.py:9: CryptographyDeprecationWarning: Python 3.8 is no longer supported by the Python core team and support for it is deprecated in cryptography. The next release of cryptography will remove support for Python 3.8.
  from cryptography.hazmat.backends import default_backend
