{"event": "setup", "binary": "/home/nijia.nj/.herdr/worktrees/seekdb/herdr-fork/.scratch/namespace-fork/standby-artifacts/seekdb-native-v4", "base": "/data/1/nijia.nj/test/namespace_fork_PROTOTYPE_instance_meta_native_neklgvns", "pid": 3248850, "port": 39951}
{"event": "native_kv_verified", "recovered": false, "typed_records": true, "pin_reload": true, "durable_phase": "created"}
{"event": "crash_for_recovery", "pid": 3248850, "after_phase": "created"}
{"event": "setup", "binary": "/home/nijia.nj/.herdr/worktrees/seekdb/herdr-fork/.scratch/namespace-fork/standby-artifacts/seekdb-native-v4", "base": "/data/1/nijia.nj/test/namespace_fork_PROTOTYPE_instance_meta_native_neklgvns", "pid": 3250045, "port": 39951}
{"event": "native_kv_verified", "recovered": true, "typed_records": true, "pin_reload": true, "durable_phase": "marked"}
{"event": "crash_for_recovery", "pid": 3250045, "after_phase": "marked"}
{"event": "setup", "binary": "/home/nijia.nj/.herdr/worktrees/seekdb/herdr-fork/.scratch/namespace-fork/standby-artifacts/seekdb-native-v4", "base": "/data/1/nijia.nj/test/namespace_fork_PROTOTYPE_instance_meta_native_neklgvns", "pid": 3251115, "port": 39951}
{"event": "native_kv_verified", "recovered": true, "typed_records": true, "pin_reload": true, "durable_phase": "finished"}
{"event": "crash_for_recovery", "pid": 3251115, "after_phase": "finished"}
{"event": "setup", "binary": "/home/nijia.nj/.herdr/worktrees/seekdb/herdr-fork/.scratch/namespace-fork/standby-artifacts/seekdb-native-v4", "base": "/data/1/nijia.nj/test/namespace_fork_PROTOTYPE_instance_meta_native_neklgvns", "pid": 3252203, "port": 39951}
{"event": "native_kv_verified", "recovered": true, "typed_records": true, "pin_reload": true, "durable_phase": "verified"}
{"event": "PASS", "case": "instance_meta_native", "rollback": true, "cross_collection": true, "duplicate_key": true, "own_writes": true, "snapshot": true, "locked_current_read": true, "binary_value_60000": true, "key_512": true, "value_65536": true, "binary_bounds": true, "scan": true, "erase": true, "snapshot_across_minor": true, "writer_conflict": true, "typed_records": true, "catalog_tree": true, "lineage": true, "snapshot_pin": true, "gc_watermark": true, "pin_reload": true, "crash_recovery": true, "durable_fork_drop": true}
{"event": "stopped", "pid": 3252203, "returncode": -9}
{"event": "data_archived", "path": "/data/1/nijia.nj/test/namespace_fork_PROTOTYPE_instance_meta_native_neklgvns/data.tar.gz", "bytes": 3333016}
/home/nijia.nj/.local/lib/python3.8/site-packages/pymysql/_auth.py:9: CryptographyDeprecationWarning: Python 3.8 is no longer supported by the Python core team and support for it is deprecated in cryptography. The next release of cryptography will remove support for Python 3.8.
  from cryptography.hazmat.backends import default_backend
{"event": "setup", "binary": "/home/nijia.nj/.herdr/worktrees/seekdb/herdr-fork/.scratch/namespace-fork/standby-artifacts/seekdb-native-v4", "base": "/data/1/nijia.nj/test/namespace_fork_PROTOTYPE_tablet_preparation_3qn64vm9", "pid": 3253251, "port": 9271}
{"event": "sql", "sql": "CREATE DATABASE preparation", "rows": []}
{"event": "sql", "sql": "CREATE TABLE preparation.parts(id INT PRIMARY KEY,v INT,b LONGTEXT) PARTITION BY HASH(id) PARTITIONS 32", "rows": []}
{"event": "sql", "sql": "CREATE TABLE preparation.vec(id INT PRIMARY KEY,v VECTOR(2048)) LOB_INROW_THRESHOLD=4096", "rows": []}
{"event": "sql", "sql": "FORK NAMESPACE preparation_child FROM ns1", "rows": []}
{"event": "sql", "sql": "FORK NAMESPACE preparation_ddl FROM ns1", "rows": []}
{"event": "sql", "sql": "CREATE INDEX by_v ON preparation.parts(v)", "rows": []}
{"event": "sql", "sql": "SELECT COUNT(*),SUM(v) FROM preparation.parts FORCE INDEX(by_v)", "rows": [[32, "496"]]}
{"event": "case_pass", "case": "cold_ddl_reuses_binding", "bindings": {"500003": 1}}
{"event": "case_pass", "case": "cold_partitioned_ddl", "partitions": 32}
{"event": "sql", "sql": "SELECT SUM(v),SUM(LENGTH(b)) FROM preparation.parts", "rows": [["496", "384000"]]}
{"event": "sql", "sql": "UPDATE preparation.parts SET v=v+100", "rows": []}
{"event": "sql", "sql": "UPDATE preparation.parts SET v=v+100", "rows": []}
{"event": "case_pass", "case": "owned_update_without_creation_preparation"}
{"event": "sql", "sql": "CREATE INDEX by_v ON preparation.parts(v)", "rows": []}
{"event": "sql", "sql": "SELECT COUNT(*),SUM(v) FROM preparation.parts FORCE INDEX(by_v)", "rows": [[32, "6896"]]}
{"event": "sql", "sql": "ALTER TABLE preparation.parts MODIFY v BIGINT", "rows": []}
{"event": "sql", "sql": "SELECT COUNT(*),SUM(v),SUM(LENGTH(b)) FROM preparation.parts", "rows": [[32, "6896", "384000"]]}
{"event": "sql", "sql": "BEGIN", "rows": []}
{"event": "sql", "sql": "UPDATE preparation.parts SET v=v+1", "rows": []}
{"event": "sql", "sql": "SELECT SUM(v) FROM preparation.parts FORCE INDEX(by_v)", "rows": [["6928"]]}
{"event": "sql", "sql": "DELETE FROM preparation.parts WHERE id=0", "rows": []}
{"event": "sql", "sql": "SELECT COUNT(*) FROM preparation.parts FORCE INDEX(by_v)", "rows": [[31]]}
{"event": "sql", "sql": "ROLLBACK", "rows": []}
{"event": "sql", "sql": "SELECT COUNT(*),SUM(v) FROM preparation.parts FORCE INDEX(by_v)", "rows": [[32, "6896"]]}
{"event": "case_pass", "case": "outrow_vector_caller_buffer", "bytes": ["8192", "8192"]}
{"event": "case_pass", "case": "partitioned_write_ddl_outrow_vector", "partitions": 32}
{"event": "setup", "binary": "/home/nijia.nj/.herdr/worktrees/seekdb/herdr-fork/.scratch/namespace-fork/standby-artifacts/seekdb-native-v4", "base": "/data/1/nijia.nj/test/namespace_fork_PROTOTYPE_tablet_preparation_3qn64vm9", "pid": 3255247, "port": 9271}
{"event": "sql", "sql": "SELECT COUNT(*),SUM(v),SUM(LENGTH(b)) FROM preparation.parts", "rows": [[32, "6896", "384000"]]}
{"event": "pass", "restart": true}
{"event": "stopped", "pid": 3255247, "returncode": -9}
{"event": "data_archived", "path": "/data/1/nijia.nj/test/namespace_fork_PROTOTYPE_tablet_preparation_3qn64vm9/data.tar.gz", "bytes": 3882387}
/home/nijia.nj/.local/lib/python3.8/site-packages/pymysql/_auth.py:9: CryptographyDeprecationWarning: Python 3.8 is no longer supported by the Python core team and support for it is deprecated in cryptography. The next release of cryptography will remove support for Python 3.8.
  from cryptography.hazmat.backends import default_backend
{"event": "setup", "binary": "/home/nijia.nj/.herdr/worktrees/seekdb/herdr-fork/.scratch/namespace-fork/standby-artifacts/seekdb-native-v4", "base": "/data/1/nijia.nj/test/namespace_fork_PROTOTYPE_shared_transaction_v1ezao_0", "pid": 3255606, "port": 35273}
{"event": "sql", "sql": "CREATE DATABASE nstrunc_repro", "rows": []}
{"event": "sql", "sql": "CREATE TABLE nstrunc_repro.t1(id BIGINT AUTO_INCREMENT PRIMARY KEY,v INT,b LONGTEXT)", "rows": []}
{"event": "sql", "sql": "INSERT INTO nstrunc_repro.t1(v,b) VALUES(10,REPEAT('p',10000))", "rows": []}
{"event": "sql", "sql": "FORK NAMESPACE success FROM ns1", "rows": []}
{"event": "sql", "sql": "SET ob_query_timeout=30000000", "rows": []}
{"event": "sql", "sql": "SELECT id,v,LENGTH(b),LEFT(b,1) FROM nstrunc_repro.t1 ORDER BY id", "rows": [[1, 10, 10000, "p"]]}
{"event": "atomic_state", "namespace": 3, "committed": false, "owned": [], "mappings": [], "physical": []}
{"event": "sql", "sql": "UPDATE nstrunc_repro.t1 SET v=11,b=REPEAT('c',12000) WHERE id=1", "rows": []}
{"event": "atomic_state", "namespace": 3, "committed": true, "owned": [[200001, {"table_id": 500003, "kind": 0, "drop_scn": 0, "was_owned": 0, "create_scn": 0}], [200002, {"table_id": 500004, "kind": 0, "drop_scn": 0, "was_owned": 0, "create_scn": 0}], [200003, {"table_id": 500005, "kind": 0, "drop_scn": 0, "was_owned": 0, "create_scn": 0}]], "mappings": [[4611686430744448321], [4611686430744448322], [4611686430744448323]], "physical": [[4611686430744448321, 1, 1, 0], [4611686430744448322, 1, 1, 0], [4611686430744448323, 1, 1, 0]]}
{"event": "sql", "sql": "SELECT id,v,LENGTH(b),LEFT(b,1) FROM nstrunc_repro.t1 ORDER BY id", "rows": [[1, 11, 12000, "c"]]}
{"event": "sql", "sql": "SELECT id,v,LENGTH(b),LEFT(b,1) FROM nstrunc_repro.t1 ORDER BY id", "rows": [[1, 10, 10000, "p"]]}
{"event": "sql", "sql": "INSERT INTO nstrunc_repro.t1(v,b) VALUES(12,'sequence')", "rows": []}
{"event": "sql", "sql": "SELECT MAX(id) FROM nstrunc_repro.t1", "rows": [[1000001]]}
{"event": "sql", "sql": "INSERT INTO nstrunc_repro.t1(v,b) VALUES(13,'next sequence')", "rows": []}
{"event": "sql", "sql": "SELECT MAX(id) FROM nstrunc_repro.t1", "rows": [[1000002]]}
{"event": "sql", "sql": "SELECT id,v,LENGTH(b) FROM nstrunc_repro.t1 ORDER BY id", "rows": [[1, 11, 12000], [1000001, 12, 8], [1000002, 13, 13]]}
{"event": "case_pass", "case": "success", "lob_binding": true, "sequence": true}
{"event": "sql", "sql": "FORK NAMESPACE rollback_create FROM ns1", "rows": []}
{"event": "sql", "sql": "SET ob_query_timeout=30000000", "rows": []}
{"event": "sql", "sql": "SELECT id,v,LENGTH(b),LEFT(b,1) FROM nstrunc_repro.t1 ORDER BY id", "rows": [[1, 10, 10000, "p"]]}
{"event": "atomic_state", "namespace": 4, "committed": false, "owned": [], "mappings": [], "physical": []}
{"event": "sql", "sql": "UPDATE nstrunc_repro.t1 SET v=11,b=REPEAT('c',12000) WHERE id=1", "rows": []}
{"event": "stopped", "pid": 3255606, "returncode": -9}
{"event": "data_archived", "path": "/data/1/nijia.nj/test/namespace_fork_PROTOTYPE_shared_transaction_v1ezao_0/data.tar.gz", "bytes": 3280881}
/home/nijia.nj/.local/lib/python3.8/site-packages/pymysql/_auth.py:9: CryptographyDeprecationWarning: Python 3.8 is no longer supported by the Python core team and support for it is deprecated in cryptography. The next release of cryptography will remove support for Python 3.8.
  from cryptography.hazmat.backends import default_backend
Traceback (most recent call last):
  File "/home/nijia.nj/.herdr/worktrees/seekdb/herdr-fork/.scratch/namespace-fork/shared_transaction_probe.py", line 260, in <module>
    run(args.binary, args.faults, args.case, args.flush_redo)
  File "/home/nijia.nj/.herdr/worktrees/seekdb/herdr-fork/.scratch/namespace-fork/shared_transaction_probe.py", line 142, in run
    raise AssertionError('injected failure did not reach the client')
AssertionError: injected failure did not reach the client
