Run case stanby/namespace_setup_local
[2026-10-08 18:07:37.68][INFO ] [MyTest         :78] - print args => [-use_ob_connector, true, -result_file, r/stanby/namespace_setup_local.result, -test_file, t/stanby/namespace_setup_local.test]
[-use_ob_connector, true, -result_file, r/stanby/namespace_setup_local.result, -test_file, t/stanby/namespace_setup_local.test]
[2026-10-08 18:07:37.71][INFO ] [MyTest         :81] - start case => t/stanby/namespace_setup_local.test
[2026-10-08 18:07:37.76][INFO ] [MyTest         :84] - use data id => obtest_nijia.nj_6.12.232.130
[2026-10-08 18:07:37.186][INFO ] [TestCase       :107] - initilize deploy processor
[2026-10-08 18:07:37.207][INFO ] [DeployConfig   :590] - config port and dataid. port_base=>1124, obs_port=>1124, mysql_port=>1159, data_id=>obtest_nijia.nj_6.12.232.130_0, port_offset=>0
[2026-10-08 18:07:37.281][INFO ] [DeployConfig   :577] - config port and dataid. port_base=>42000, obs_port=>42000, mysql_port=>42035, data_id=>obtest_nijia.nj_6.12.232.130_042000
[2026-10-08 18:07:37.292][INFO ] [OfsProcessor   :53] - ofs_deployer: null/hap.py
[2026-10-08 18:07:37.294][INFO ] [OfsCreateTenantProcessor:32] - ofsshell: null/../../bin/ofsshell
[2026-10-08 18:07:37.294][INFO ] [TestCase       :761] - Read file => t/stanby/namespace_setup_local.test
[2026-10-08 18:07:37.295][INFO ] [TestCase       :721] - Finish read case: file_lines => 12, lineNo => 12
[2026-10-08 18:07:37.319][INFO ] [Command        :536] - > LINE => 1, CMD => Q_DISABLE_ALL_RESULT_LOG, CONTENT => --disable_all_result_log
[2026-10-08 18:07:37.323][INFO ] [Command        :353] - start[1791454057322] time[1] tag[Q_DISABLE_ALL_RESULT_LOG]
[2026-10-08 18:07:37.333][INFO ] [Command        :536] - > LINE => 2, CMD => Q_DEPLOY, CONTENT => db_p=OBI(cluster=1,proxy_num=0,role=primary);
[2026-10-08 18:07:37.337][INFO ] [DeployProcessor:78] - OBI define => db_p=OBI(cluster=1,proxy_num=0,role=primary)
[2026-10-08 18:07:37.364][INFO ] [Deploy         :381] - execute db_p.z_num result => 1 result type => java.lang.Integer
[2026-10-08 18:07:37.537][INFO ] [Deploy         :464] - assign rpc port. observer=>db_p.z1.obs0, rpc_port=>42000
[2026-10-08 18:07:37.538][INFO ] [Deploy         :471] - assign mysql port. observer=>db_p.z1.obs0, mysql_port=>42035
[2026-10-08 18:07:37.538][INFO ] [Deploy         :478] - assign backup io rpc port. observer=>db_p.z1.obs0, obesi_port=>42070
[2026-10-08 18:07:37.553][INFO ] [OBLog          :99] - config.ob_version='.'
[2026-10-08 18:07:37.554][INFO ] [OBLog          :100] - config.oblog_version='default'
[2026-10-08 18:07:37.554][INFO ] [OBLog          :117] - set oblog version='.'
[2026-10-08 18:07:37.558][INFO ] [OBLog          :126] - set oblog work_dir=''
[2026-10-08 18:07:37.558][INFO ] [OBLog          :148] - oblog.is_obcdc_exist: false
[2026-10-08 18:07:37.559][INFO ] [OBLog          :149] - oblog.exec: oblog/oblog_tailf
[2026-10-08 18:07:37.559][INFO ] [OBLog          :150] - oblog.configFile: oblog/liboblog.conf
[2026-10-08 18:07:37.559][INFO ] [OBLog          :151] - oblog.dataFile: oblog/data.log
[2026-10-08 18:07:37.559][INFO ] [OBLog          :152] - oblog.envCon: LD_LIBRARY_PATH=oblog:$LD_LIBRARY_PATH
[2026-10-08 18:07:37.559][INFO ] [OBLog          :153] - oblog.startCmdHead: ulimit -c unlimited; LD_LIBRARY_PATH=oblog:$LD_LIBRARY_PATH oblog/oblog_tailf
[2026-10-08 18:07:37.560][INFO ] [OBLog          :154] - oblog.defaultStartCmd: ulimit -c unlimited; LD_LIBRARY_PATH=oblog:$LD_LIBRARY_PATH oblog/oblog_tailf  -f oblog/liboblog.conf -D oblog/data.log -H oblog/heartbeat.log -d
[2026-10-08 18:07:37.908][INFO ] [Deploy         :1128] - start observer version is lite mode: true
[2026-10-08 18:07:37.909][INFO ] [Command        :353] - start[1791454057334] time[574] tag[Q_DEPLOY]
[2026-10-08 18:07:37.910][INFO ] [Command        :536] - > LINE => 3, CMD => Q_DEPLOY, CONTENT => db_p.reboot;
[2026-10-08 18:07:37.911][INFO ] [DeployProcessor:93] - deploy => db_p.reboot
[2026-10-08 18:07:37.912][INFO ] [Deploy         :287] - execute db_p.reset
[2026-10-08 18:07:37.912][INFO ] [Deploy         :381] - execute db_p.lite_mode result => true result type => java.lang.Boolean
[2026-10-08 18:07:37.912][INFO ] [Deploy         :294] - execute db_p.reset result => true
[2026-10-08 18:07:37.913][INFO ] [Deploy         :287] - execute db_p.clean_asvr
[2026-10-08 18:07:37.913][INFO ] [Deploy         :294] - execute db_p.clean_asvr result => true
[2026-10-08 18:07:37.918][INFO ] [Deploy         :287] - execute db_p.z1.obs0.force_stop_asvr
[2026-10-08 18:07:37.920][INFO ] [Role           :1228] - pkill -9 -u nijia.nj -f '^/data/1/nijia.nj/test/namespace_standby_20261003_v1/work/db_p.asvr0/bin/observer' on 6.12.232.130
[2026-10-08 18:07:37.985][INFO ] [Role           :1230] - pkill asvr result is => 1
[2026-10-08 18:07:37.986][INFO ] [Deploy         :294] - execute db_p.z1.obs0.force_stop_asvr result => true
[2026-10-08 18:07:37.986][INFO ] [Deploy         :287] - execute db_p.z1.obs0.rmdir_asvr
[2026-10-08 18:07:37.987][INFO ] [Role           :1237] - try to remove asvr dir server  => db_p.z1.obs0
[2026-10-08 18:07:38.00][INFO ] [Role           :1264] - rm -fr /data/1/nijia.nj/test/namespace_standby_20261003_v1/work/db_p.asvr0 , on => 6.12.232.130 rc => 0 stdout => null
[2026-10-08 18:07:38.01][INFO ] [Deploy         :294] - execute db_p.z1.obs0.rmdir_asvr result => true
[2026-10-08 18:07:38.01][INFO ] [Deploy         :331] - execute db_p.z1.obs0.clean_asvr  result => true
[2026-10-08 18:07:38.02][INFO ] [Deploy         :362] - execute db_p.z1.clean_asvr  result => true [true]
[2026-10-08 18:07:38.03][INFO ] [Deploy         :362] - execute db_p.clean_asvr_everywhere result => true [true]
[2026-10-08 18:07:38.03][INFO ] [Deploy         :331] - execute db_p.clean_all_asvr result => true
[2026-10-08 18:07:38.04][INFO ] [Deploy         :287] - execute db_p.deploy_logservice
[2026-10-08 18:07:38.04][INFO ] [Deploy         :294] - execute db_p.deploy_logservice result => true
[2026-10-08 18:07:38.04][INFO ] [Deploy         :287] - execute db_p.bootstrap_logservice
[2026-10-08 18:07:38.04][INFO ] [Deploy         :294] - execute db_p.bootstrap_logservice result => true
[2026-10-08 18:07:38.05][INFO ] [Deploy         :331] - execute db_p.reboot_logservice result => true
[2026-10-08 18:07:38.10][INFO ] [Deploy         :287] - execute db_p.z1.check_local_bin
[2026-10-08 18:07:38.33][INFO ] [Deploy         :294] - execute db_p.z1.check_local_bin result => true
[2026-10-08 18:07:38.34][INFO ] [Deploy         :287] - execute db_p.z1.check_ssh
[2026-10-08 18:07:38.34][INFO ] [Deploy         :294] - execute db_p.z1.check_ssh result => true
[2026-10-08 18:07:38.35][INFO ] [Deploy         :287] - execute db_p.z1.obs0.check_dir 
[2026-10-08 18:07:38.51][INFO ] [Deploy         :294] - execute db_p.z1.obs0.check_dir  result => true
[2026-10-08 18:07:38.65][INFO ] [Deploy         :362] - execute db_p.z1.check_dir result => true [true]
[2026-10-08 18:07:38.67][INFO ] [Deploy         :287] - execute db_p.z1.obs0.force_stop 
[2026-10-08 18:07:38.68][INFO ] [Role           :1307] - pkill -9 -u nijia.nj -f '^/data/1/nijia.nj/test/namespace_standby_20261003_v1/work/db_p.z1.obs0/bin/observer|^/data/1/nijia.nj/test/namespace_standby_20261003_v1/work/db_p.z1.obs0/bin/obesi' on 6.12.232.130
[2026-10-08 18:07:38.126][INFO ] [Role           :1309] - pkill result is => 1
[2026-10-08 18:07:38.127][INFO ] [Role           :1142] - wait stop /data/1/nijia.nj/test/namespace_standby_20261003_v1/work/db_p.z1.obs0/bin/observer on 6.12.232.130
[2026-10-08 18:07:38.127][INFO ] [Role           :1190] - ps uxf | grep "/data/1/nijia.nj/test/namespace_standby_20261003_v1/work/db_p.z1.obs0/bin/observer" | grep -v grep
[2026-10-08 18:07:38.239][INFO ] [Role           :1154] - check port on 6.12.232.130
[2026-10-08 18:07:38.240][INFO ] [RemoteShell    :143] - netstat -lpnt 2>/dev/null | grep '0.0.0.0:42000 ' | awk -F ' ' '{print $7}'
[2026-10-08 18:07:38.324][INFO ] [RemoteShell    :143] - netstat -lpnt 2>/dev/null | grep '0.0.0.0:42035 ' | awk -F ' ' '{print $7}'
[2026-10-08 18:07:38.422][INFO ] [Role           :1164] - stop obs0 took 2 s
[2026-10-08 18:07:38.423][INFO ] [Deploy         :294] - execute db_p.z1.obs0.force_stop  result => true
[2026-10-08 18:07:38.423][INFO ] [Deploy         :362] - execute db_p.z1.force_stop result => true [true]
[2026-10-08 18:07:38.424][INFO ] [Deploy         :362] - execute db_p.z1.force_stop_logstore result => true []
[2026-10-08 18:07:38.425][INFO ] [Deploy         :331] - execute db_p.z1.force_stop_all result => true
[2026-10-08 18:07:38.426][INFO ] [Deploy         :287] - execute db_p.z1.obs0.rmdir 
[2026-10-08 18:07:38.426][INFO ] [Deploy         :381] - execute db_p.lite_mode result => true result type => java.lang.Boolean
[2026-10-08 18:07:38.430][INFO ] [Role           :1395] - rm -fr /data/1/nijia.nj/test/namespace_standby_20261003_v1/data/db_p.z1.obs0.nijia.nj/sstable /data/1/nijia.nj/test/namespace_standby_20261003_v1/clog/db_p.z1.obs0.nijia.nj/store /data/1/nijia.nj/test/namespace_standby_20261003_v1/clog/db_p.z1.obs0.nijia.nj/store/slog /data/1/nijia.nj/test/namespace_standby_20261003_v1/data/db_p.z1.obs0.nijia.nj/sort_dir , on => 6.12.232.130
[2026-10-08 18:07:38.441][INFO ] [Role           :1397] - rm -fr /data/1/nijia.nj/test/namespace_standby_20261003_v1/data/db_p.z1.obs0.nijia.nj/sstable /data/1/nijia.nj/test/namespace_standby_20261003_v1/clog/db_p.z1.obs0.nijia.nj/store /data/1/nijia.nj/test/namespace_standby_20261003_v1/clog/db_p.z1.obs0.nijia.nj/store/slog /data/1/nijia.nj/test/namespace_standby_20261003_v1/data/db_p.z1.obs0.nijia.nj/sort_dir , on => 6.12.232.130 rc => 0 stdout => null
[2026-10-08 18:07:38.486][INFO ] [Role           :1402] - rm -fr /data/1/nijia.nj/test/namespace_standby_20261003_v1/work/db_p.z1.obs0/log , on => 6.12.232.130 rc => 0 stdout => null
[2026-10-08 18:07:38.499][INFO ] [Role           :1407] - rm -fr /data/1/nijia.nj/test/namespace_standby_20261003_v1/work/db_p.z1.obs0/admin , on => 6.12.232.130 rc => 0 stdout => null
[2026-10-08 18:07:38.505][INFO ] [Role           :1412] - rm -fr /data/1/nijia.nj/test/namespace_standby_20261003_v1/work/db_p.z1.obs0/wallet , on => 6.12.232.130 rc => 0 stdout => null
[2026-10-08 18:07:38.515][INFO ] [Role           :1417] - rm -fr /data/1/nijia.nj/test/namespace_standby_20261003_v1/work/db_p.z1.obs0/etc/observer.c*nf*.bin* /data/1/nijia.nj/test/namespace_standby_20261003_v1/work/db_p.z1.obs0/etc/seekdb.c*nf*.bin* , on => 6.12.232.130 rc => 0 stdout => null
[2026-10-08 18:07:38.524][INFO ] [Role           :1423] - rm -fr /data/1/nijia.nj/test/namespace_standby_20261003_v1/work/db_p.z1.obs0/etc/observer.data_version.bin* /data/1/nijia.nj/test/namespace_standby_20261003_v1/work/db_p.z1.obs0/etc/seekdb.data_version.bin* , on => 6.12.232.130 rc => 0 stdout => null
[2026-10-08 18:07:38.534][INFO ] [Role           :1429] - rm -fr /data/1/nijia.nj/test/namespace_standby_20261003_v1/work/db_p.z1.obs0/etc2/observer.c*nf*.bin* , on => 6.12.232.130 rc => 0 stdout => null
[2026-10-08 18:07:38.544][INFO ] [Role           :1434] - rm -fr /data/1/nijia.nj/test/namespace_standby_20261003_v1/work/db_p.z1.obs0/etc3/observer.c*nf*.bin* , on => 6.12.232.130 rc => 0 stdout => null
[2026-10-08 18:07:38.550][INFO ] [Role           :1439] - rm -fr /data/1/nijia.nj/test/namespace_standby_20261003_v1/work/db_p.z1.obs0/run/observer.pid /data/1/nijia.nj/test/namespace_standby_20261003_v1/work/db_p.z1.obs0/run/seekdb.pid , on => 6.12.232.130 rc => 0 stdout => null
[2026-10-08 18:07:38.556][INFO ] [Role           :1444] - rm -fr /data/1/nijia.nj/test/namespace_standby_20261003_v1/work/db_p.z1.obs0/store/clog_shm , on => 6.12.232.130 rc => 0 stdout => null
[2026-10-08 18:07:38.567][INFO ] [Role           :1449] - rm -fr /data/1/nijia.nj/test/namespace_standby_20261003_v1/work/db_p.z1.obs0/store/ilog_shm , on => 6.12.232.130 rc => 0 stdout => null
[2026-10-08 18:07:38.573][INFO ] [Role           :1454] - rm -fr /data/1/nijia.nj/test/namespace_standby_20261003_v1/work/db_p.z1.obs0/store/manifest* , on => 6.12.232.130 rc => 0 stdout => null
[2026-10-08 18:07:38.598][INFO ] [Role           :1467] - rm -fr /data/1/nijia.nj/test/namespace_standby_20261003_v1/work/db_p.z1.obs0/core* , on => 6.12.232.130 rc => 0 stdout => null
[2026-10-08 18:07:38.610][INFO ] [Role           :1504] - rm -fr /data/1/nijia.nj/test/namespace_standby_20261003_v1/clog/db_p.z1.obs0.nijia.nj/ /data/1/nijia.nj/test/namespace_standby_20261003_v1/data/db_p.z1.obs0.nijia.nj/ , on => 6.12.232.130 rc => 0 stdout => null
[2026-10-08 18:07:39.56][INFO ] [Role           :1510] - rm -fr /data/1/nijia.nj/test/namespace_standby_20261003_v1/work/db_p.z1.obs0 , on => 6.12.232.130 rc => 0 stdout => null
[2026-10-08 18:07:39.62][INFO ] [Deploy         :294] - execute db_p.z1.obs0.rmdir  result => true
[2026-10-08 18:07:39.62][INFO ] [Deploy         :362] - execute db_p.z1.rmdir result => true [true]
[2026-10-08 18:07:39.62][INFO ] [Deploy         :331] - execute db_p.z1.cleanup result => true
[2026-10-08 18:07:39.63][INFO ] [Deploy         :362] - execute db_p.z1.cleanup_logstore result => true []
[2026-10-08 18:07:39.63][INFO ] [Deploy         :331] - execute db_p.z1.cleanup_all result => true
[2026-10-08 18:07:39.64][INFO ] [Deploy         :287] - execute db_p.z1.genconf
[2026-10-08 18:07:39.64][INFO ] [Deploy         :294] - execute db_p.z1.genconf result => true
[2026-10-08 18:07:39.64][INFO ] [Deploy         :287] - execute db_p.z1.obs0.mkdir 
[2026-10-08 18:07:39.68][INFO ] [Role           :1768] - mkdir -p /data/1/nijia.nj/test/namespace_standby_20261003_v1/work/db_p.z1.obs0/store/;mkdir -p /data/1/nijia.nj/test/namespace_standby_20261003_v1/clog/db_p.z1.obs0.nijia.nj/store/clog /data/1/nijia.nj/test/namespace_standby_20261003_v1/clog/db_p.z1.obs0.nijia.nj/store/ilog /data/1/nijia.nj/test/namespace_standby_20261003_v1/clog/db_p.z1.obs0.nijia.nj/store/slog /data/1/nijia.nj/test/namespace_standby_20261003_v1/data/db_p.z1.obs0.nijia.nj/sort_dir /data/1/nijia.nj/test/namespace_standby_20261003_v1/data/db_p.z1.obs0.nijia.nj/sstable;ln -sf /data/1/nijia.nj/test/namespace_standby_20261003_v1/data/db_p.z1.obs0.nijia.nj/sstable /data/1/nijia.nj/test/namespace_standby_20261003_v1/work/db_p.z1.obs0/store/;ln -sf /data/1/nijia.nj/test/namespace_standby_20261003_v1/clog/db_p.z1.obs0.nijia.nj/store/clog /data/1/nijia.nj/test/namespace_standby_20261003_v1/work/db_p.z1.obs0/store/;ln -sf /data/1/nijia.nj/test/namespace_standby_20261003_v1/clog/db_p.z1.obs0.nijia.nj/store/ilog /data/1/nijia.nj/test/namespace_standby_20261003_v1/work/db_p.z1.obs0/store/;ln -sf /data/1/nijia.nj/test/namespace_standby_20261003_v1/clog/db_p.z1.obs0.nijia.nj/store/slog /data/1/nijia.nj/test/namespace_standby_20261003_v1/work/db_p.z1.obs0/store/;ln -sf /data/1/nijia.nj/test/namespace_standby_20261003_v1/data/db_p.z1.obs0.nijia.nj/sort_dir /data/1/nijia.nj/test/namespace_standby_20261003_v1/work/db_p.z1.obs0/store/ on 6.12.232.130
[2026-10-08 18:07:39.91][INFO ] [Deploy         :294] - execute db_p.z1.obs0.mkdir  result => true
[2026-10-08 18:07:39.91][INFO ] [Deploy         :362] - execute db_p.z1.mkdir_obs result => true [true]
[2026-10-08 18:07:39.92][INFO ] [Deploy         :362] - execute db_p.z1.mkdir_logstore result => true []
[2026-10-08 18:07:39.92][INFO ] [Deploy         :331] - execute db_p.z1.mkdir result => true
[2026-10-08 18:07:39.94][INFO ] [Deploy         :287] - execute db_p.z1.obs0.rsync 
[2026-10-08 18:07:39.95][INFO ] [Role           :1648] - sync server finish, time = 1
[2026-10-08 18:07:39.95][INFO ] [Role           :1563] - rsync server => db_p.z1.obs0 version if specified => .
[2026-10-08 18:07:39.101][INFO ] [Role           :1635] - check disk dir ==> './admin' exist
[2026-10-08 18:07:39.108][WARN ] [Role           :1638] - check disk dir ==> './plugin_dir' not exist
[2026-10-08 18:07:39.115][INFO ] [Role           :1635] - check disk dir ==> './wallet' exist
[2026-10-08 18:07:39.116][INFO ] [Role           :1590] - transfer cmd to =>  rsync -WrptgoDRLv --timeout=600 bin etc lib  admin  wallet /data/1/nijia.nj/test/namespace_standby_20261003_v1/work/db_p.z1.obs0
[2026-10-08 18:07:56.243][INFO ] [Role           :1604] - rsync cmd =>  rsync -WrptgoDRLv --timeout=600 bin etc lib  admin  wallet /data/1/nijia.nj/test/namespace_standby_20261003_v1/work/db_p.z1.obs0
[2026-10-08 18:07:56.247][INFO ] [Deploy         :294] - execute db_p.z1.obs0.rsync  result => true
[2026-10-08 18:07:56.248][INFO ] [Deploy         :362] - execute db_p.z1.rsync_obs result => true [true]
[2026-10-08 18:07:56.250][INFO ] [Deploy         :362] - execute db_p.z1.rsync_logstore result => true []
[2026-10-08 18:07:56.250][INFO ] [Deploy         :331] - execute db_p.z1.rsync result => true
[2026-10-08 18:07:56.255][INFO ] [Deploy         :362] - execute db_p.z1.start_logstore result => true []
[2026-10-08 18:07:56.257][INFO ] [Deploy         :287] - execute db_p.z1.sleep 5
[2026-10-08 18:08:01.259][INFO ] [Deploy         :294] - execute db_p.z1.sleep 5 result => true
[2026-10-08 18:08:01.262][INFO ] [Deploy         :287] - execute db_p.z1.obs0.start 
[2026-10-08 18:08:01.263][INFO ] [Deploy         :381] - execute db_p.lite_mode result => true result type => java.lang.Boolean
[2026-10-08 18:08:01.264][INFO ] [Deploy         :381] - execute db_p.lite_mode result => true result type => java.lang.Boolean
6.12.232.130 is not a valid IPv6 address.
[2026-10-08 18:08:01.265][INFO ] [Role           :539] - cluster_id1
[2026-10-08 18:08:01.266][INFO ] [Deploy         :381] - execute db_p.z_num result => 1 result type => java.lang.Integer
[2026-10-08 18:08:01.266][INFO ] [Role           :552] - db_p have 1 ZONE
[2026-10-08 18:08:01.266][INFO ] [Role           :584] - ofs_list ofs_list='z1@' has_ofs_zone false
[2026-10-08 18:08:01.266][INFO ] [Role           :637] - ulimit -c unlimited -s 4096;cd /data/1/nijia.nj/test/namespace_standby_20261003_v1/work/db_p.z1.obs0;LD_LIBRARY_PATH=./lib:/usr/local/lib:/usr/lib:/usr/lib64:/usr/local/lib64:$LD_LIBRARY_PATH /data/1/nijia.nj/test/namespace_standby_20261003_v1/work/db_p.z1.obs0/bin/observer --port 42035 --data-dir /data/1/nijia.nj/test/namespace_standby_20261003_v1/work/db_p.z1.obs0/store --redo-dir /data/1/nijia.nj/test/namespace_standby_20261003_v1/work/db_p.z1.obs0/store/clog  --role=PRIMARY --parameter enable_rpc_service=true --parameter rpc_port=42000 --parameter datafile_size='2G' --parameter log_disk_size='2G' --parameter cpu_count=4 --parameter memory_limit='8G' on 6.12.232.130
[2026-10-08 18:08:01.669][INFO ] [Deploy         :294] - execute db_p.z1.obs0.start  result => true
[2026-10-08 18:08:01.674][INFO ] [Deploy         :362] - execute db_p.z1.start_obs result => true [true]
[2026-10-08 18:08:01.683][INFO ] [Deploy         :331] - execute db_p.z1.start result => true
[2026-10-08 18:08:01.683][INFO ] [Deploy         :287] - execute db_p.z1.sleep 8
[2026-10-08 18:08:09.684][INFO ] [Deploy         :294] - execute db_p.z1.sleep 8 result => true
[2026-10-08 18:08:09.684][INFO ] [Deploy         :331] - execute db_p.z1.reboot  result => true
[2026-10-08 18:08:09.685][INFO ] [Deploy         :362] - execute db_p.deploy result => true [true]
[2026-10-08 18:08:09.685][INFO ] [Deploy         :287] - execute db_p.sleep 5
[2026-10-08 18:08:14.686][INFO ] [Deploy         :294] - execute db_p.sleep 5 result => true
[2026-10-08 18:08:14.686][INFO ] [Deploy         :287] - execute db_p.bootstrap
[2026-10-08 18:08:14.687][INFO ] [Deploy         :381] - execute db_p.z_num result => 1 result type => java.lang.Integer
[2026-10-08 18:08:14.687][INFO ] [Deploy         :381] - execute db_p.zone_names result => [Ljava.lang.String;@23ceabc1 result type => [Ljava.lang.String;
[2026-10-08 18:08:14.687][INFO ] [Deploy         :381] - execute db_p.z1.obs_num result => 1 result type => java.lang.Integer
[2026-10-08 18:08:14.688][INFO ] [Deploy         :287] - execute db_p.z1.obs0.get status
[2026-10-08 18:08:14.688][WARN ] [Deploy         :298] - execute db_p.z1.obs0.get status result => null
[2026-10-08 18:08:14.688][INFO ] [Deploy         :381] - execute db_p.lite_mode result => true result type => java.lang.Boolean
[2026-10-08 18:08:14.689][INFO ] [Deploy         :294] - execute db_p.bootstrap result => true
[2026-10-08 18:08:14.689][INFO ] [Deploy         :287] - execute db_p.addserver
[2026-10-08 18:08:14.689][INFO ] [Deploy         :381] - execute db_p.z_num result => 1 result type => java.lang.Integer
[2026-10-08 18:08:14.689][INFO ] [Deploy         :381] - execute db_p.zone_names result => [Ljava.lang.String;@23ceabc1 result type => [Ljava.lang.String;
[2026-10-08 18:08:14.689][INFO ] [Deploy         :381] - execute db_p.z1.obs_num result => 1 result type => java.lang.Integer
[2026-10-08 18:08:14.690][INFO ] [Deploy         :294] - execute db_p.addserver result => true
[2026-10-08 18:08:14.690][INFO ] [Deploy         :287] - execute db_p.exec_init_sql
[2026-10-08 18:08:14.690][INFO ] [Deploy         :381] - execute db_p.lite_mode result => true result type => java.lang.Boolean
[2026-10-08 18:08:14.691][INFO ] [Deploy         :287] - execute db_p.z1.obs0.mysql_tenant_root create user 'admin' IDENTIFIED BY 'admin';use oceanbase;grant all on *.* to 'admin' WITH GRANT OPTION;create database if not exists test;
[2026-10-08 18:08:14.692][INFO ] [Role           :3182] - sql =>create user 'admin' IDENTIFIED BY 'admin';use oceanbase;grant all on *.* to 'admin' WITH GRANT OPTION;create database if not exists test;
 will be executed with connection[z1.obs0]root@sys:@6.12.232.130:42035
[2026-10-08 18:08:14.785][ERROR] [Role           :3190] - rc => 1 stdout => ERROR 2013 (HY000): Lost connection to MySQL server at 'handshake: reading initial communication packet', system error: 11
[2026-10-08 18:08:14.786][INFO ] [Deploy         :294] - execute db_p.z1.obs0.mysql_tenant_root create user 'admin' IDENTIFIED BY 'admin';use oceanbase;grant all on *.* to 'admin' WITH GRANT OPTION;create database if not exists test; result => false
[2026-10-08 18:08:14.786][ERROR] [OBI            :403] - failed to create default user ! sql => create user 'admin' IDENTIFIED BY 'admin';use oceanbase;grant all on *.* to 'admin' WITH GRANT OPTION;create database if not exists test;
[2026-10-08 18:08:14.787][INFO ] [Deploy         :294] - execute db_p.exec_init_sql result => false
[2026-10-08 18:08:14.787][ERROR] [Deploy         :324] - execute sub command => db_p.exec_init_sql result => false
[2026-10-08 18:08:14.787][INFO ] [Deploy         :331] - execute db_p.reboot result => false
[2026-10-08 18:08:14.787][ERROR] [Result         :119] - set code
com.etao.mytest.exception.ExecuteErrorException: set code 1
	at com.etao.mytest.command.Result.setCode(Result.java:118)
	at com.etao.mytest.processor.DeployProcessor.process(DeployProcessor.java:160)
	at com.etao.mytest.command.Command.execute(Command.java:552)
	at com.etao.mytest.main.TestCase.run(TestCase.java:779)
	at com.etao.mytest.main.MyTest.main(MyTest.java:129)
[2026-10-08 18:08:14.787][ERROR] [Command        :555] - deploy failed, content => db_p.reboot;
[2026-10-08 18:08:14.788][ERROR] [TestCase       :781] - Fatal error!!! current line number => 3, file => t/stanby/namespace_setup_local.test (maybe)
com.etao.mytest.exception.ExecuteErrorException: deploy failed, content => db_p.reboot;
	at com.etao.mytest.command.Command.execute(Command.java:556)
	at com.etao.mytest.main.TestCase.run(TestCase.java:779)
	at com.etao.mytest.main.MyTest.main(MyTest.java:129)
[2026-10-08 18:08:14.788][ERROR] [MyTest         :137] - deploy failed, content => db_p.reboot;
[2026-10-08 18:08:14.793][INFO ] [Deploy         :287] - execute db_p.z1.obs0.gen_pstack 
[2026-10-08 18:08:14.920][WARN ] [Role           :2029] - execute cmd =>pstack  3946958 > /data/1/nijia.nj/test/namespace_standby_20261003_v1/work/db_p.z1.obs0/log/pstack.3946958.log && kill -60 3946958 fail!
[2026-10-08 18:08:14.933][INFO ] [Deploy         :287] - execute db_p.z1.obs0.save_log 
[2026-10-08 18:08:15.37][INFO ] [TestCase       :612] - collecting the backup files, executing - cp -r /data/1/nijia.nj/test/namespace_standby_20261003_v1/backup/ob*.nijia.nj collected_log/namespace_setup_local/backup_files/
[2026-10-08 18:08:15.123][INFO ] [MyTest         :151] - cost ts 38s exitcode 255
Shutdown hook ran!
