Run case stanby/basic
[2026-10-03 03:17:17.266][INFO ] [MyTest         :78] - print args => [-use_ob_connector, true, -result_file, r/stanby/basic.result, -test_file, t/stanby/basic.test]
[-use_ob_connector, true, -result_file, r/stanby/basic.result, -test_file, t/stanby/basic.test]
[2026-10-03 03:17:17.268][INFO ] [MyTest         :81] - start case => t/stanby/basic.test
[2026-10-03 03:17:17.273][INFO ] [MyTest         :84] - use data id => obtest_nijia.nj_6.12.232.130
[2026-10-03 03:17:17.348][INFO ] [TestCase       :107] - initilize deploy processor
[2026-10-03 03:17:17.359][INFO ] [DeployConfig   :590] - config port and dataid. port_base=>1124, obs_port=>1124, mysql_port=>1159, data_id=>obtest_nijia.nj_6.12.232.130_0, port_offset=>0
[2026-10-03 03:17:17.436][INFO ] [DeployConfig   :577] - config port and dataid. port_base=>42000, obs_port=>42000, mysql_port=>42035, data_id=>obtest_nijia.nj_6.12.232.130_042000
[2026-10-03 03:17:17.442][INFO ] [OfsProcessor   :53] - ofs_deployer: null/hap.py
[2026-10-03 03:17:17.445][INFO ] [OfsCreateTenantProcessor:32] - ofsshell: null/../../bin/ofsshell
[2026-10-03 03:17:17.446][INFO ] [TestCase       :761] - Read file => t/stanby/basic.test
[2026-10-03 03:17:17.447][INFO ] [TestCase       :721] - Finish read case: file_lines => 176, lineNo => 79
[2026-10-03 03:17:17.459][INFO ] [Command        :536] - > LINE => 13, CMD => Q_DISABLE_ALL_RESULT_LOG, CONTENT => --disable_all_result_log
[2026-10-03 03:17:17.462][INFO ] [Command        :353] - start[1790968637461] time[1] tag[Q_DISABLE_ALL_RESULT_LOG]
[2026-10-03 03:17:17.465][INFO ] [Command        :536] - > LINE => 14, CMD => Q_DEPLOY, CONTENT => db_p=OBI(cluster=1,proxy_num=0,role=primary);
[2026-10-03 03:17:17.468][INFO ] [DeployProcessor:78] - OBI define => db_p=OBI(cluster=1,proxy_num=0,role=primary)
[2026-10-03 03:17:17.486][INFO ] [Deploy         :381] - execute db_p.z_num result => 1 result type => java.lang.Integer
[2026-10-03 03:17:17.572][INFO ] [Deploy         :464] - assign rpc port. observer=>db_p.z1.obs0, rpc_port=>42000
[2026-10-03 03:17:17.572][INFO ] [Deploy         :471] - assign mysql port. observer=>db_p.z1.obs0, mysql_port=>42035
[2026-10-03 03:17:17.573][INFO ] [Deploy         :478] - assign backup io rpc port. observer=>db_p.z1.obs0, obesi_port=>42070
[2026-10-03 03:17:17.578][INFO ] [OBLog          :99] - config.ob_version='.'
[2026-10-03 03:17:17.578][INFO ] [OBLog          :100] - config.oblog_version='default'
[2026-10-03 03:17:17.578][INFO ] [OBLog          :117] - set oblog version='.'
[2026-10-03 03:17:17.579][INFO ] [OBLog          :126] - set oblog work_dir=''
[2026-10-03 03:17:17.579][INFO ] [OBLog          :148] - oblog.is_obcdc_exist: false
[2026-10-03 03:17:17.579][INFO ] [OBLog          :149] - oblog.exec: oblog/oblog_tailf
[2026-10-03 03:17:17.579][INFO ] [OBLog          :150] - oblog.configFile: oblog/liboblog.conf
[2026-10-03 03:17:17.579][INFO ] [OBLog          :151] - oblog.dataFile: oblog/data.log
[2026-10-03 03:17:17.579][INFO ] [OBLog          :152] - oblog.envCon: LD_LIBRARY_PATH=oblog:$LD_LIBRARY_PATH
[2026-10-03 03:17:17.580][INFO ] [OBLog          :153] - oblog.startCmdHead: ulimit -c unlimited; LD_LIBRARY_PATH=oblog:$LD_LIBRARY_PATH oblog/oblog_tailf
[2026-10-03 03:17:17.580][INFO ] [OBLog          :154] - oblog.defaultStartCmd: ulimit -c unlimited; LD_LIBRARY_PATH=oblog:$LD_LIBRARY_PATH oblog/oblog_tailf  -f oblog/liboblog.conf -D oblog/data.log -H oblog/heartbeat.log -d
[2026-10-03 03:17:18.15][INFO ] [Deploy         :1128] - start observer version is lite mode: true
[2026-10-03 03:17:18.15][INFO ] [Command        :353] - start[1790968637465] time[549] tag[Q_DEPLOY]
[2026-10-03 03:17:18.16][INFO ] [Command        :536] - > LINE => 15, CMD => Q_DEPLOY, CONTENT => db_p.reboot;
[2026-10-03 03:17:18.17][INFO ] [DeployProcessor:93] - deploy => db_p.reboot
[2026-10-03 03:17:18.17][INFO ] [Deploy         :287] - execute db_p.reset
[2026-10-03 03:17:18.18][INFO ] [Deploy         :381] - execute db_p.lite_mode result => true result type => java.lang.Boolean
[2026-10-03 03:17:18.18][INFO ] [Deploy         :294] - execute db_p.reset result => true
[2026-10-03 03:17:18.18][INFO ] [Deploy         :287] - execute db_p.clean_asvr
[2026-10-03 03:17:18.19][INFO ] [Deploy         :294] - execute db_p.clean_asvr result => true
[2026-10-03 03:17:18.23][INFO ] [Deploy         :287] - execute db_p.z1.obs0.force_stop_asvr
[2026-10-03 03:17:18.24][INFO ] [Role           :1228] - pkill -9 -u nijia.nj -f '^/data/1/nijia.nj/test/namespace_standby_20261003_v1/work/db_p.asvr0/bin/observer' on 6.12.232.130
[2026-10-03 03:17:18.54][INFO ] [Role           :1230] - pkill asvr result is => 1
[2026-10-03 03:17:18.54][INFO ] [Deploy         :294] - execute db_p.z1.obs0.force_stop_asvr result => true
[2026-10-03 03:17:18.54][INFO ] [Deploy         :287] - execute db_p.z1.obs0.rmdir_asvr
[2026-10-03 03:17:18.55][INFO ] [Role           :1237] - try to remove asvr dir server  => db_p.z1.obs0
[2026-10-03 03:17:18.60][INFO ] [Role           :1264] - rm -fr /data/1/nijia.nj/test/namespace_standby_20261003_v1/work/db_p.asvr0 , on => 6.12.232.130 rc => 0 stdout => null
[2026-10-03 03:17:18.61][INFO ] [Deploy         :294] - execute db_p.z1.obs0.rmdir_asvr result => true
[2026-10-03 03:17:18.61][INFO ] [Deploy         :331] - execute db_p.z1.obs0.clean_asvr  result => true
[2026-10-03 03:17:18.61][INFO ] [Deploy         :362] - execute db_p.z1.clean_asvr  result => true [true]
[2026-10-03 03:17:18.62][INFO ] [Deploy         :362] - execute db_p.clean_asvr_everywhere result => true [true]
[2026-10-03 03:17:18.62][INFO ] [Deploy         :331] - execute db_p.clean_all_asvr result => true
[2026-10-03 03:17:18.63][INFO ] [Deploy         :287] - execute db_p.deploy_logservice
[2026-10-03 03:17:18.63][INFO ] [Deploy         :294] - execute db_p.deploy_logservice result => true
[2026-10-03 03:17:18.63][INFO ] [Deploy         :287] - execute db_p.bootstrap_logservice
[2026-10-03 03:17:18.63][INFO ] [Deploy         :294] - execute db_p.bootstrap_logservice result => true
[2026-10-03 03:17:18.64][INFO ] [Deploy         :331] - execute db_p.reboot_logservice result => true
[2026-10-03 03:17:18.65][INFO ] [Deploy         :287] - execute db_p.z1.check_local_bin
[2026-10-03 03:17:18.78][INFO ] [Deploy         :294] - execute db_p.z1.check_local_bin result => true
[2026-10-03 03:17:18.78][INFO ] [Deploy         :287] - execute db_p.z1.check_ssh
[2026-10-03 03:17:18.78][INFO ] [Deploy         :294] - execute db_p.z1.check_ssh result => true
[2026-10-03 03:17:18.79][INFO ] [Deploy         :287] - execute db_p.z1.obs0.check_dir 
[2026-10-03 03:17:18.100][INFO ] [Deploy         :294] - execute db_p.z1.obs0.check_dir  result => true
[2026-10-03 03:17:18.102][INFO ] [Deploy         :362] - execute db_p.z1.check_dir result => true [true]
[2026-10-03 03:17:18.107][INFO ] [Deploy         :287] - execute db_p.z1.obs0.force_stop 
[2026-10-03 03:17:18.108][INFO ] [Role           :1307] - pkill -9 -u nijia.nj -f '^/data/1/nijia.nj/test/namespace_standby_20261003_v1/work/db_p.z1.obs0/bin/observer|^/data/1/nijia.nj/test/namespace_standby_20261003_v1/work/db_p.z1.obs0/bin/obesi' on 6.12.232.130
[2026-10-03 03:17:18.136][INFO ] [Role           :1309] - pkill result is => 1
[2026-10-03 03:17:18.137][INFO ] [Role           :1142] - wait stop /data/1/nijia.nj/test/namespace_standby_20261003_v1/work/db_p.z1.obs0/bin/observer on 6.12.232.130
[2026-10-03 03:17:18.138][INFO ] [Role           :1190] - ps uxf | grep "/data/1/nijia.nj/test/namespace_standby_20261003_v1/work/db_p.z1.obs0/bin/observer" | grep -v grep
[2026-10-03 03:17:18.192][INFO ] [Role           :1154] - check port on 6.12.232.130
[2026-10-03 03:17:18.193][INFO ] [RemoteShell    :143] - netstat -lpnt 2>/dev/null | grep '0.0.0.0:42000 ' | awk -F ' ' '{print $7}'
[2026-10-03 03:17:18.239][INFO ] [RemoteShell    :143] - netstat -lpnt 2>/dev/null | grep '0.0.0.0:42035 ' | awk -F ' ' '{print $7}'
[2026-10-03 03:17:18.273][INFO ] [Role           :1164] - stop obs0 took 2 s
[2026-10-03 03:17:18.274][INFO ] [Deploy         :294] - execute db_p.z1.obs0.force_stop  result => true
[2026-10-03 03:17:18.274][INFO ] [Deploy         :362] - execute db_p.z1.force_stop result => true [true]
[2026-10-03 03:17:18.275][INFO ] [Deploy         :362] - execute db_p.z1.force_stop_logstore result => true []
[2026-10-03 03:17:18.276][INFO ] [Deploy         :331] - execute db_p.z1.force_stop_all result => true
[2026-10-03 03:17:18.276][INFO ] [Deploy         :287] - execute db_p.z1.obs0.rmdir 
[2026-10-03 03:17:18.277][INFO ] [Deploy         :381] - execute db_p.lite_mode result => true result type => java.lang.Boolean
[2026-10-03 03:17:18.278][INFO ] [Role           :1395] - rm -fr /data/1/nijia.nj/test/namespace_standby_20261003_v1/data/db_p.z1.obs0.nijia.nj/sstable /data/1/nijia.nj/test/namespace_standby_20261003_v1/clog/db_p.z1.obs0.nijia.nj/store /data/1/nijia.nj/test/namespace_standby_20261003_v1/clog/db_p.z1.obs0.nijia.nj/store/slog /data/1/nijia.nj/test/namespace_standby_20261003_v1/data/db_p.z1.obs0.nijia.nj/sort_dir , on => 6.12.232.130
[2026-10-03 03:17:18.283][INFO ] [Role           :1397] - rm -fr /data/1/nijia.nj/test/namespace_standby_20261003_v1/data/db_p.z1.obs0.nijia.nj/sstable /data/1/nijia.nj/test/namespace_standby_20261003_v1/clog/db_p.z1.obs0.nijia.nj/store /data/1/nijia.nj/test/namespace_standby_20261003_v1/clog/db_p.z1.obs0.nijia.nj/store/slog /data/1/nijia.nj/test/namespace_standby_20261003_v1/data/db_p.z1.obs0.nijia.nj/sort_dir , on => 6.12.232.130 rc => 0 stdout => null
[2026-10-03 03:17:18.288][INFO ] [Role           :1402] - rm -fr /data/1/nijia.nj/test/namespace_standby_20261003_v1/work/db_p.z1.obs0/log , on => 6.12.232.130 rc => 0 stdout => null
[2026-10-03 03:17:18.292][INFO ] [Role           :1407] - rm -fr /data/1/nijia.nj/test/namespace_standby_20261003_v1/work/db_p.z1.obs0/admin , on => 6.12.232.130 rc => 0 stdout => null
[2026-10-03 03:17:18.297][INFO ] [Role           :1412] - rm -fr /data/1/nijia.nj/test/namespace_standby_20261003_v1/work/db_p.z1.obs0/wallet , on => 6.12.232.130 rc => 0 stdout => null
[2026-10-03 03:17:18.301][INFO ] [Role           :1417] - rm -fr /data/1/nijia.nj/test/namespace_standby_20261003_v1/work/db_p.z1.obs0/etc/observer.c*nf*.bin* /data/1/nijia.nj/test/namespace_standby_20261003_v1/work/db_p.z1.obs0/etc/seekdb.c*nf*.bin* , on => 6.12.232.130 rc => 0 stdout => null
[2026-10-03 03:17:18.306][INFO ] [Role           :1423] - rm -fr /data/1/nijia.nj/test/namespace_standby_20261003_v1/work/db_p.z1.obs0/etc/observer.data_version.bin* /data/1/nijia.nj/test/namespace_standby_20261003_v1/work/db_p.z1.obs0/etc/seekdb.data_version.bin* , on => 6.12.232.130 rc => 0 stdout => null
[2026-10-03 03:17:18.310][INFO ] [Role           :1429] - rm -fr /data/1/nijia.nj/test/namespace_standby_20261003_v1/work/db_p.z1.obs0/etc2/observer.c*nf*.bin* , on => 6.12.232.130 rc => 0 stdout => null
[2026-10-03 03:17:18.315][INFO ] [Role           :1434] - rm -fr /data/1/nijia.nj/test/namespace_standby_20261003_v1/work/db_p.z1.obs0/etc3/observer.c*nf*.bin* , on => 6.12.232.130 rc => 0 stdout => null
[2026-10-03 03:17:18.319][INFO ] [Role           :1439] - rm -fr /data/1/nijia.nj/test/namespace_standby_20261003_v1/work/db_p.z1.obs0/run/observer.pid /data/1/nijia.nj/test/namespace_standby_20261003_v1/work/db_p.z1.obs0/run/seekdb.pid , on => 6.12.232.130 rc => 0 stdout => null
[2026-10-03 03:17:18.324][INFO ] [Role           :1444] - rm -fr /data/1/nijia.nj/test/namespace_standby_20261003_v1/work/db_p.z1.obs0/store/clog_shm , on => 6.12.232.130 rc => 0 stdout => null
[2026-10-03 03:17:18.329][INFO ] [Role           :1449] - rm -fr /data/1/nijia.nj/test/namespace_standby_20261003_v1/work/db_p.z1.obs0/store/ilog_shm , on => 6.12.232.130 rc => 0 stdout => null
[2026-10-03 03:17:18.334][INFO ] [Role           :1454] - rm -fr /data/1/nijia.nj/test/namespace_standby_20261003_v1/work/db_p.z1.obs0/store/manifest* , on => 6.12.232.130 rc => 0 stdout => null
[2026-10-03 03:17:18.342][INFO ] [Role           :1467] - rm -fr /data/1/nijia.nj/test/namespace_standby_20261003_v1/work/db_p.z1.obs0/core* , on => 6.12.232.130 rc => 0 stdout => null
[2026-10-03 03:17:18.348][INFO ] [Role           :1504] - rm -fr /data/1/nijia.nj/test/namespace_standby_20261003_v1/clog/db_p.z1.obs0.nijia.nj/ /data/1/nijia.nj/test/namespace_standby_20261003_v1/data/db_p.z1.obs0.nijia.nj/ , on => 6.12.232.130 rc => 0 stdout => null
[2026-10-03 03:17:18.352][INFO ] [Role           :1510] - rm -fr /data/1/nijia.nj/test/namespace_standby_20261003_v1/work/db_p.z1.obs0 , on => 6.12.232.130 rc => 0 stdout => null
[2026-10-03 03:17:18.357][INFO ] [Deploy         :294] - execute db_p.z1.obs0.rmdir  result => true
[2026-10-03 03:17:18.358][INFO ] [Deploy         :362] - execute db_p.z1.rmdir result => true [true]
[2026-10-03 03:17:18.358][INFO ] [Deploy         :331] - execute db_p.z1.cleanup result => true
[2026-10-03 03:17:18.359][INFO ] [Deploy         :362] - execute db_p.z1.cleanup_logstore result => true []
[2026-10-03 03:17:18.360][INFO ] [Deploy         :331] - execute db_p.z1.cleanup_all result => true
[2026-10-03 03:17:18.360][INFO ] [Deploy         :287] - execute db_p.z1.genconf
[2026-10-03 03:17:18.360][INFO ] [Deploy         :294] - execute db_p.z1.genconf result => true
[2026-10-03 03:17:18.361][INFO ] [Deploy         :287] - execute db_p.z1.obs0.mkdir 
[2026-10-03 03:17:18.362][INFO ] [Role           :1768] - mkdir -p /data/1/nijia.nj/test/namespace_standby_20261003_v1/work/db_p.z1.obs0/store/;mkdir -p /data/1/nijia.nj/test/namespace_standby_20261003_v1/clog/db_p.z1.obs0.nijia.nj/store/clog /data/1/nijia.nj/test/namespace_standby_20261003_v1/clog/db_p.z1.obs0.nijia.nj/store/ilog /data/1/nijia.nj/test/namespace_standby_20261003_v1/clog/db_p.z1.obs0.nijia.nj/store/slog /data/1/nijia.nj/test/namespace_standby_20261003_v1/data/db_p.z1.obs0.nijia.nj/sort_dir /data/1/nijia.nj/test/namespace_standby_20261003_v1/data/db_p.z1.obs0.nijia.nj/sstable;ln -sf /data/1/nijia.nj/test/namespace_standby_20261003_v1/data/db_p.z1.obs0.nijia.nj/sstable /data/1/nijia.nj/test/namespace_standby_20261003_v1/work/db_p.z1.obs0/store/;ln -sf /data/1/nijia.nj/test/namespace_standby_20261003_v1/clog/db_p.z1.obs0.nijia.nj/store/clog /data/1/nijia.nj/test/namespace_standby_20261003_v1/work/db_p.z1.obs0/store/;ln -sf /data/1/nijia.nj/test/namespace_standby_20261003_v1/clog/db_p.z1.obs0.nijia.nj/store/ilog /data/1/nijia.nj/test/namespace_standby_20261003_v1/work/db_p.z1.obs0/store/;ln -sf /data/1/nijia.nj/test/namespace_standby_20261003_v1/clog/db_p.z1.obs0.nijia.nj/store/slog /data/1/nijia.nj/test/namespace_standby_20261003_v1/work/db_p.z1.obs0/store/;ln -sf /data/1/nijia.nj/test/namespace_standby_20261003_v1/data/db_p.z1.obs0.nijia.nj/sort_dir /data/1/nijia.nj/test/namespace_standby_20261003_v1/work/db_p.z1.obs0/store/ on 6.12.232.130
[2026-10-03 03:17:18.378][INFO ] [Deploy         :294] - execute db_p.z1.obs0.mkdir  result => true
[2026-10-03 03:17:18.378][INFO ] [Deploy         :362] - execute db_p.z1.mkdir_obs result => true [true]
[2026-10-03 03:17:18.380][INFO ] [Deploy         :362] - execute db_p.z1.mkdir_logstore result => true []
[2026-10-03 03:17:18.380][INFO ] [Deploy         :331] - execute db_p.z1.mkdir result => true
[2026-10-03 03:17:18.381][INFO ] [Deploy         :287] - execute db_p.z1.obs0.rsync 
[2026-10-03 03:17:18.381][INFO ] [Role           :1648] - sync server finish, time = 0
[2026-10-03 03:17:18.382][INFO ] [Role           :1563] - rsync server => db_p.z1.obs0 version if specified => .
[2026-10-03 03:17:18.387][INFO ] [Role           :1635] - check disk dir ==> './admin' exist
[2026-10-03 03:17:18.392][WARN ] [Role           :1638] - check disk dir ==> './plugin_dir' not exist
[2026-10-03 03:17:18.398][INFO ] [Role           :1635] - check disk dir ==> './wallet' exist
[2026-10-03 03:17:18.398][INFO ] [Role           :1590] - transfer cmd to =>  rsync -WrptgoDRLv --timeout=600 bin etc lib  admin  wallet /data/1/nijia.nj/test/namespace_standby_20261003_v1/work/db_p.z1.obs0
[2026-10-03 03:17:23.585][INFO ] [Role           :1604] - rsync cmd =>  rsync -WrptgoDRLv --timeout=600 bin etc lib  admin  wallet /data/1/nijia.nj/test/namespace_standby_20261003_v1/work/db_p.z1.obs0
[2026-10-03 03:17:23.586][INFO ] [Deploy         :294] - execute db_p.z1.obs0.rsync  result => true
[2026-10-03 03:17:23.587][INFO ] [Deploy         :362] - execute db_p.z1.rsync_obs result => true [true]
[2026-10-03 03:17:23.587][INFO ] [Deploy         :362] - execute db_p.z1.rsync_logstore result => true []
[2026-10-03 03:17:23.588][INFO ] [Deploy         :331] - execute db_p.z1.rsync result => true
[2026-10-03 03:17:23.588][INFO ] [Deploy         :362] - execute db_p.z1.start_logstore result => true []
[2026-10-03 03:17:23.589][INFO ] [Deploy         :287] - execute db_p.z1.sleep 5
[2026-10-03 03:17:28.590][INFO ] [Deploy         :294] - execute db_p.z1.sleep 5 result => true
[2026-10-03 03:17:28.591][INFO ] [Deploy         :287] - execute db_p.z1.obs0.start 
[2026-10-03 03:17:28.591][INFO ] [Deploy         :381] - execute db_p.lite_mode result => true result type => java.lang.Boolean
[2026-10-03 03:17:28.592][INFO ] [Deploy         :381] - execute db_p.lite_mode result => true result type => java.lang.Boolean
6.12.232.130 is not a valid IPv6 address.
[2026-10-03 03:17:28.593][INFO ] [Role           :539] - cluster_id1
[2026-10-03 03:17:28.594][INFO ] [Deploy         :381] - execute db_p.z_num result => 1 result type => java.lang.Integer
[2026-10-03 03:17:28.594][INFO ] [Role           :552] - db_p have 1 ZONE
[2026-10-03 03:17:28.594][INFO ] [Role           :584] - ofs_list ofs_list='z1@' has_ofs_zone false
[2026-10-03 03:17:28.594][INFO ] [Role           :637] - ulimit -c unlimited -s 4096;cd /data/1/nijia.nj/test/namespace_standby_20261003_v1/work/db_p.z1.obs0;LD_LIBRARY_PATH=./lib:/usr/local/lib:/usr/lib:/usr/lib64:/usr/local/lib64:$LD_LIBRARY_PATH /data/1/nijia.nj/test/namespace_standby_20261003_v1/work/db_p.z1.obs0/bin/observer --port 42035 --data-dir /data/1/nijia.nj/test/namespace_standby_20261003_v1/work/db_p.z1.obs0/store --redo-dir /data/1/nijia.nj/test/namespace_standby_20261003_v1/work/db_p.z1.obs0/store/clog  --role=PRIMARY --parameter enable_rpc_service=true --parameter rpc_port=42000 --parameter datafile_size='2G' --parameter log_disk_size='2G' --parameter cpu_count=4 --parameter memory_limit='8G' on 6.12.232.130
[2026-10-03 03:17:28.651][INFO ] [Deploy         :294] - execute db_p.z1.obs0.start  result => true
[2026-10-03 03:17:28.652][INFO ] [Deploy         :362] - execute db_p.z1.start_obs result => true [true]
[2026-10-03 03:17:28.653][INFO ] [Deploy         :331] - execute db_p.z1.start result => true
[2026-10-03 03:17:28.653][INFO ] [Deploy         :287] - execute db_p.z1.sleep 8
[2026-10-03 03:17:36.653][INFO ] [Deploy         :294] - execute db_p.z1.sleep 8 result => true
[2026-10-03 03:17:36.654][INFO ] [Deploy         :331] - execute db_p.z1.reboot  result => true
[2026-10-03 03:17:36.654][INFO ] [Deploy         :362] - execute db_p.deploy result => true [true]
[2026-10-03 03:17:36.655][INFO ] [Deploy         :287] - execute db_p.sleep 5
[2026-10-03 03:17:41.655][INFO ] [Deploy         :294] - execute db_p.sleep 5 result => true
[2026-10-03 03:17:41.655][INFO ] [Deploy         :287] - execute db_p.bootstrap
[2026-10-03 03:17:41.656][INFO ] [Deploy         :381] - execute db_p.z_num result => 1 result type => java.lang.Integer
[2026-10-03 03:17:41.656][INFO ] [Deploy         :381] - execute db_p.zone_names result => [Ljava.lang.String;@23ceabc1 result type => [Ljava.lang.String;
[2026-10-03 03:17:41.656][INFO ] [Deploy         :381] - execute db_p.z1.obs_num result => 1 result type => java.lang.Integer
[2026-10-03 03:17:41.657][INFO ] [Deploy         :287] - execute db_p.z1.obs0.get status
[2026-10-03 03:17:41.657][WARN ] [Deploy         :298] - execute db_p.z1.obs0.get status result => null
[2026-10-03 03:17:41.657][INFO ] [Deploy         :381] - execute db_p.lite_mode result => true result type => java.lang.Boolean
[2026-10-03 03:17:41.657][INFO ] [Deploy         :294] - execute db_p.bootstrap result => true
[2026-10-03 03:17:41.657][INFO ] [Deploy         :287] - execute db_p.addserver
[2026-10-03 03:17:41.658][INFO ] [Deploy         :381] - execute db_p.z_num result => 1 result type => java.lang.Integer
[2026-10-03 03:17:41.658][INFO ] [Deploy         :381] - execute db_p.zone_names result => [Ljava.lang.String;@23ceabc1 result type => [Ljava.lang.String;
[2026-10-03 03:17:41.658][INFO ] [Deploy         :381] - execute db_p.z1.obs_num result => 1 result type => java.lang.Integer
[2026-10-03 03:17:41.658][INFO ] [Deploy         :294] - execute db_p.addserver result => true
[2026-10-03 03:17:41.658][INFO ] [Deploy         :287] - execute db_p.exec_init_sql
[2026-10-03 03:17:41.659][INFO ] [Deploy         :381] - execute db_p.lite_mode result => true result type => java.lang.Boolean
[2026-10-03 03:17:41.659][INFO ] [Deploy         :287] - execute db_p.z1.obs0.mysql_tenant_root create user 'admin' IDENTIFIED BY 'admin';use oceanbase;grant all on *.* to 'admin' WITH GRANT OPTION;create database if not exists test;
[2026-10-03 03:17:41.660][INFO ] [Role           :3182] - sql =>create user 'admin' IDENTIFIED BY 'admin';use oceanbase;grant all on *.* to 'admin' WITH GRANT OPTION;create database if not exists test;
 will be executed with connection[z1.obs0]root@sys:@6.12.232.130:42035
[2026-10-03 03:17:41.739][INFO ] [Deploy         :294] - execute db_p.z1.obs0.mysql_tenant_root create user 'admin' IDENTIFIED BY 'admin';use oceanbase;grant all on *.* to 'admin' WITH GRANT OPTION;create database if not exists test; result => true
[2026-10-03 03:17:41.740][INFO ] [Deploy         :381] - execute db_p.lite_mode result => true result type => java.lang.Boolean
[2026-10-03 03:17:41.740][INFO ] [Deploy         :381] - execute db_p.lite_mode result => true result type => java.lang.Boolean
[2026-10-03 03:17:41.740][INFO ] [Deploy         :287] - execute db_p.z1.obs0.mysql_tenant_root create user 'proxyro' IDENTIFIED BY '3u^0kCdpE';grant select on oceanbase.* to 'proxyro' WITH GRANT OPTION;
[2026-10-03 03:17:41.741][INFO ] [Role           :3182] - sql =>create user 'proxyro' IDENTIFIED BY '3u^0kCdpE';grant select on oceanbase.* to 'proxyro' WITH GRANT OPTION;
 will be executed with connection[z1.obs0]root@sys:@6.12.232.130:42035
[2026-10-03 03:17:41.795][INFO ] [Deploy         :294] - execute db_p.z1.obs0.mysql_tenant_root create user 'proxyro' IDENTIFIED BY '3u^0kCdpE';grant select on oceanbase.* to 'proxyro' WITH GRANT OPTION; result => true
[2026-10-03 03:17:41.795][INFO ] [Deploy         :287] - execute db_p.z1.obs0.mysql_tenant_root create user 'sysslaveuser' IDENTIFIED BY 'sysslaveuser';grant select on *.* to 'sysslaveuser' WITH GRANT OPTION;
[2026-10-03 03:17:41.795][INFO ] [Role           :3182] - sql =>create user 'sysslaveuser' IDENTIFIED BY 'sysslaveuser';grant select on *.* to 'sysslaveuser' WITH GRANT OPTION;
 will be executed with connection[z1.obs0]root@sys:@6.12.232.130:42035
[2026-10-03 03:17:41.842][INFO ] [Deploy         :294] - execute db_p.z1.obs0.mysql_tenant_root create user 'sysslaveuser' IDENTIFIED BY 'sysslaveuser';grant select on *.* to 'sysslaveuser' WITH GRANT OPTION; result => true
[2026-10-03 03:17:41.843][INFO ] [Deploy         :294] - execute db_p.exec_init_sql result => true
[2026-10-03 03:17:41.843][INFO ] [Deploy         :287] - execute db_p.register_proxy
[2026-10-03 03:17:41.843][INFO ] [Deploy         :294] - execute db_p.register_proxy result => true
[2026-10-03 03:17:41.844][INFO ] [Deploy         :287] - execute db_p.deploy_proxy
[2026-10-03 03:17:41.844][INFO ] [Deploy         :294] - execute db_p.deploy_proxy result => true
[2026-10-03 03:17:41.844][INFO ] [Deploy         :287] - execute db_p.sleep 5
[2026-10-03 03:17:46.844][INFO ] [Deploy         :294] - execute db_p.sleep 5 result => true
[2026-10-03 03:17:46.845][INFO ] [Deploy         :331] - execute db_p.reboot_proxy result => true
[2026-10-03 03:17:46.845][INFO ] [Deploy         :287] - execute db_p.deploy_asvr
[2026-10-03 03:17:46.845][INFO ] [Deploy         :294] - execute db_p.deploy_asvr result => true
[2026-10-03 03:17:46.845][INFO ] [Deploy         :287] - execute db_p.sleep 5
[2026-10-03 03:17:51.845][INFO ] [Deploy         :294] - execute db_p.sleep 5 result => true
[2026-10-03 03:17:51.846][INFO ] [Deploy         :331] - execute db_p.reboot_asvr result => true
[2026-10-03 03:17:51.846][INFO ] [Deploy         :287] - execute db_p.add_asvr
[2026-10-03 03:17:51.846][INFO ] [OBI            :1509] - There is no need to add asvr.
[2026-10-03 03:17:51.846][INFO ] [Deploy         :294] - execute db_p.add_asvr result => true
[2026-10-03 03:17:51.847][INFO ] [Deploy         :287] - execute db_p.prepare_agent
[2026-10-03 03:17:51.847][INFO ] [Deploy         :294] - execute db_p.prepare_agent result => true
[2026-10-03 03:17:51.847][INFO ] [Deploy         :331] - execute db_p.reboot result => true
[2026-10-03 03:17:51.847][INFO ] [Command        :353] - start[1790968638017] time[33830] tag[Q_DEPLOY]
[2026-10-03 03:17:51.848][INFO ] [Command        :536] - > LINE => 17, CMD => Q_DEPLOY, CONTENT => db_s=OBI(cluster=1,proxy_num=0,primary=db_p);
[2026-10-03 03:17:51.848][INFO ] [DeployProcessor:78] - OBI define => db_s=OBI(cluster=1,proxy_num=0,primary=db_p)
[2026-10-03 03:17:51.849][INFO ] [Deploy         :381] - execute db_s.z_num result => 1 result type => java.lang.Integer
[2026-10-03 03:17:51.849][INFO ] [Deploy         :464] - assign rpc port. observer=>db_s.z1.obs0, rpc_port=>42001
[2026-10-03 03:17:51.849][INFO ] [Deploy         :471] - assign mysql port. observer=>db_s.z1.obs0, mysql_port=>42036
[2026-10-03 03:17:51.849][INFO ] [Deploy         :478] - assign backup io rpc port. observer=>db_s.z1.obs0, obesi_port=>42071
[2026-10-03 03:17:51.850][INFO ] [OBLog          :99] - config.ob_version='.'
[2026-10-03 03:17:51.850][INFO ] [OBLog          :100] - config.oblog_version='default'
[2026-10-03 03:17:51.850][INFO ] [OBLog          :117] - set oblog version='.'
[2026-10-03 03:17:51.850][INFO ] [OBLog          :126] - set oblog work_dir=''
[2026-10-03 03:17:51.851][INFO ] [OBLog          :148] - oblog.is_obcdc_exist: false
[2026-10-03 03:17:51.851][INFO ] [OBLog          :149] - oblog.exec: oblog/oblog_tailf
[2026-10-03 03:17:51.851][INFO ] [OBLog          :150] - oblog.configFile: oblog/liboblog.conf
[2026-10-03 03:17:51.851][INFO ] [OBLog          :151] - oblog.dataFile: oblog/data.log
[2026-10-03 03:17:51.851][INFO ] [OBLog          :152] - oblog.envCon: LD_LIBRARY_PATH=oblog:$LD_LIBRARY_PATH
[2026-10-03 03:17:51.851][INFO ] [OBLog          :153] - oblog.startCmdHead: ulimit -c unlimited; LD_LIBRARY_PATH=oblog:$LD_LIBRARY_PATH oblog/oblog_tailf
[2026-10-03 03:17:51.851][INFO ] [OBLog          :154] - oblog.defaultStartCmd: ulimit -c unlimited; LD_LIBRARY_PATH=oblog:$LD_LIBRARY_PATH oblog/oblog_tailf  -f oblog/liboblog.conf -D oblog/data.log -H oblog/heartbeat.log -d
[2026-10-03 03:17:52.141][INFO ] [Deploy         :1128] - start observer version is lite mode: true
[2026-10-03 03:17:52.142][INFO ] [Command        :353] - start[1790968671848] time[293] tag[Q_DEPLOY]
[2026-10-03 03:17:52.142][INFO ] [Command        :536] - > LINE => 18, CMD => Q_DEPLOY, CONTENT => db_s.reboot;
[2026-10-03 03:17:52.143][INFO ] [DeployProcessor:93] - deploy => db_s.reboot
[2026-10-03 03:17:52.143][INFO ] [Deploy         :287] - execute db_s.reset
[2026-10-03 03:17:52.143][INFO ] [Deploy         :381] - execute db_s.lite_mode result => true result type => java.lang.Boolean
[2026-10-03 03:17:52.143][INFO ] [Deploy         :294] - execute db_s.reset result => true
[2026-10-03 03:17:52.143][INFO ] [Deploy         :287] - execute db_s.clean_asvr
[2026-10-03 03:17:52.144][INFO ] [Deploy         :294] - execute db_s.clean_asvr result => true
[2026-10-03 03:17:52.146][INFO ] [Deploy         :287] - execute db_s.z1.obs0.force_stop_asvr
[2026-10-03 03:17:52.147][INFO ] [Role           :1228] - pkill -9 -u nijia.nj -f '^/data/1/nijia.nj/test/namespace_standby_20261003_v1/work/db_s.asvr0/bin/observer' on 6.12.232.130
[2026-10-03 03:17:52.170][INFO ] [Role           :1230] - pkill asvr result is => 1
[2026-10-03 03:17:52.170][INFO ] [Deploy         :294] - execute db_s.z1.obs0.force_stop_asvr result => true
[2026-10-03 03:17:52.170][INFO ] [Deploy         :287] - execute db_s.z1.obs0.rmdir_asvr
[2026-10-03 03:17:52.170][INFO ] [Role           :1237] - try to remove asvr dir server  => db_s.z1.obs0
[2026-10-03 03:17:52.174][INFO ] [Role           :1264] - rm -fr /data/1/nijia.nj/test/namespace_standby_20261003_v1/work/db_s.asvr0 , on => 6.12.232.130 rc => 0 stdout => null
[2026-10-03 03:17:52.175][INFO ] [Deploy         :294] - execute db_s.z1.obs0.rmdir_asvr result => true
[2026-10-03 03:17:52.175][INFO ] [Deploy         :331] - execute db_s.z1.obs0.clean_asvr  result => true
[2026-10-03 03:17:52.175][INFO ] [Deploy         :362] - execute db_s.z1.clean_asvr  result => true [true]
[2026-10-03 03:17:52.175][INFO ] [Deploy         :362] - execute db_s.clean_asvr_everywhere result => true [true]
[2026-10-03 03:17:52.176][INFO ] [Deploy         :331] - execute db_s.clean_all_asvr result => true
[2026-10-03 03:17:52.176][INFO ] [Deploy         :287] - execute db_s.deploy_logservice
[2026-10-03 03:17:52.176][INFO ] [Deploy         :294] - execute db_s.deploy_logservice result => true
[2026-10-03 03:17:52.176][INFO ] [Deploy         :287] - execute db_s.bootstrap_logservice
[2026-10-03 03:17:52.176][INFO ] [Deploy         :294] - execute db_s.bootstrap_logservice result => true
[2026-10-03 03:17:52.176][INFO ] [Deploy         :331] - execute db_s.reboot_logservice result => true
[2026-10-03 03:17:52.177][INFO ] [Deploy         :287] - execute db_s.z1.check_local_bin
[2026-10-03 03:17:52.182][INFO ] [Deploy         :294] - execute db_s.z1.check_local_bin result => true
[2026-10-03 03:17:52.182][INFO ] [Deploy         :287] - execute db_s.z1.check_ssh
[2026-10-03 03:17:52.183][INFO ] [Deploy         :294] - execute db_s.z1.check_ssh result => true
[2026-10-03 03:17:52.183][INFO ] [Deploy         :287] - execute db_s.z1.obs0.check_dir 
[2026-10-03 03:17:52.190][INFO ] [Deploy         :294] - execute db_s.z1.obs0.check_dir  result => true
[2026-10-03 03:17:52.190][INFO ] [Deploy         :362] - execute db_s.z1.check_dir result => true [true]
[2026-10-03 03:17:52.191][INFO ] [Deploy         :287] - execute db_s.z1.obs0.force_stop 
[2026-10-03 03:17:52.192][INFO ] [Role           :1307] - pkill -9 -u nijia.nj -f '^/data/1/nijia.nj/test/namespace_standby_20261003_v1/work/db_s.z1.obs0/bin/observer|^/data/1/nijia.nj/test/namespace_standby_20261003_v1/work/db_s.z1.obs0/bin/obesi' on 6.12.232.130
[2026-10-03 03:17:52.207][INFO ] [Role           :1309] - pkill result is => 1
[2026-10-03 03:17:52.207][INFO ] [Role           :1142] - wait stop /data/1/nijia.nj/test/namespace_standby_20261003_v1/work/db_s.z1.obs0/bin/observer on 6.12.232.130
[2026-10-03 03:17:52.208][INFO ] [Role           :1190] - ps uxf | grep "/data/1/nijia.nj/test/namespace_standby_20261003_v1/work/db_s.z1.obs0/bin/observer" | grep -v grep
[2026-10-03 03:17:52.241][INFO ] [Role           :1154] - check port on 6.12.232.130
[2026-10-03 03:17:52.242][INFO ] [RemoteShell    :143] - netstat -lpnt 2>/dev/null | grep '0.0.0.0:42001 ' | awk -F ' ' '{print $7}'
[2026-10-03 03:17:52.268][INFO ] [RemoteShell    :143] - netstat -lpnt 2>/dev/null | grep '0.0.0.0:42036 ' | awk -F ' ' '{print $7}'
[2026-10-03 03:17:52.296][INFO ] [Role           :1164] - stop obs0 took 2 s
[2026-10-03 03:17:52.297][INFO ] [Deploy         :294] - execute db_s.z1.obs0.force_stop  result => true
[2026-10-03 03:17:52.297][INFO ] [Deploy         :362] - execute db_s.z1.force_stop result => true [true]
[2026-10-03 03:17:52.297][INFO ] [Deploy         :362] - execute db_s.z1.force_stop_logstore result => true []
[2026-10-03 03:17:52.297][INFO ] [Deploy         :331] - execute db_s.z1.force_stop_all result => true
[2026-10-03 03:17:52.298][INFO ] [Deploy         :287] - execute db_s.z1.obs0.rmdir 
[2026-10-03 03:17:52.298][INFO ] [Deploy         :381] - execute db_s.lite_mode result => true result type => java.lang.Boolean
[2026-10-03 03:17:52.299][INFO ] [Role           :1395] - rm -fr /data/1/nijia.nj/test/namespace_standby_20261003_v1/data/db_s.z1.obs0.nijia.nj/sstable /data/1/nijia.nj/test/namespace_standby_20261003_v1/clog/db_s.z1.obs0.nijia.nj/store /data/1/nijia.nj/test/namespace_standby_20261003_v1/clog/db_s.z1.obs0.nijia.nj/store/slog /data/1/nijia.nj/test/namespace_standby_20261003_v1/data/db_s.z1.obs0.nijia.nj/sort_dir , on => 6.12.232.130
[2026-10-03 03:17:52.303][INFO ] [Role           :1397] - rm -fr /data/1/nijia.nj/test/namespace_standby_20261003_v1/data/db_s.z1.obs0.nijia.nj/sstable /data/1/nijia.nj/test/namespace_standby_20261003_v1/clog/db_s.z1.obs0.nijia.nj/store /data/1/nijia.nj/test/namespace_standby_20261003_v1/clog/db_s.z1.obs0.nijia.nj/store/slog /data/1/nijia.nj/test/namespace_standby_20261003_v1/data/db_s.z1.obs0.nijia.nj/sort_dir , on => 6.12.232.130 rc => 0 stdout => null
[2026-10-03 03:17:52.316][INFO ] [Role           :1402] - rm -fr /data/1/nijia.nj/test/namespace_standby_20261003_v1/work/db_s.z1.obs0/log , on => 6.12.232.130 rc => 0 stdout => null
[2026-10-03 03:17:52.320][INFO ] [Role           :1407] - rm -fr /data/1/nijia.nj/test/namespace_standby_20261003_v1/work/db_s.z1.obs0/admin , on => 6.12.232.130 rc => 0 stdout => null
[2026-10-03 03:17:52.332][INFO ] [Role           :1412] - rm -fr /data/1/nijia.nj/test/namespace_standby_20261003_v1/work/db_s.z1.obs0/wallet , on => 6.12.232.130 rc => 0 stdout => null
[2026-10-03 03:17:52.342][INFO ] [Role           :1417] - rm -fr /data/1/nijia.nj/test/namespace_standby_20261003_v1/work/db_s.z1.obs0/etc/observer.c*nf*.bin* /data/1/nijia.nj/test/namespace_standby_20261003_v1/work/db_s.z1.obs0/etc/seekdb.c*nf*.bin* , on => 6.12.232.130 rc => 0 stdout => null
[2026-10-03 03:17:52.348][INFO ] [Role           :1423] - rm -fr /data/1/nijia.nj/test/namespace_standby_20261003_v1/work/db_s.z1.obs0/etc/observer.data_version.bin* /data/1/nijia.nj/test/namespace_standby_20261003_v1/work/db_s.z1.obs0/etc/seekdb.data_version.bin* , on => 6.12.232.130 rc => 0 stdout => null
[2026-10-03 03:17:52.354][INFO ] [Role           :1429] - rm -fr /data/1/nijia.nj/test/namespace_standby_20261003_v1/work/db_s.z1.obs0/etc2/observer.c*nf*.bin* , on => 6.12.232.130 rc => 0 stdout => null
[2026-10-03 03:17:52.359][INFO ] [Role           :1434] - rm -fr /data/1/nijia.nj/test/namespace_standby_20261003_v1/work/db_s.z1.obs0/etc3/observer.c*nf*.bin* , on => 6.12.232.130 rc => 0 stdout => null
[2026-10-03 03:17:52.363][INFO ] [Role           :1439] - rm -fr /data/1/nijia.nj/test/namespace_standby_20261003_v1/work/db_s.z1.obs0/run/observer.pid /data/1/nijia.nj/test/namespace_standby_20261003_v1/work/db_s.z1.obs0/run/seekdb.pid , on => 6.12.232.130 rc => 0 stdout => null
[2026-10-03 03:17:52.368][INFO ] [Role           :1444] - rm -fr /data/1/nijia.nj/test/namespace_standby_20261003_v1/work/db_s.z1.obs0/store/clog_shm , on => 6.12.232.130 rc => 0 stdout => null
[2026-10-03 03:17:52.372][INFO ] [Role           :1449] - rm -fr /data/1/nijia.nj/test/namespace_standby_20261003_v1/work/db_s.z1.obs0/store/ilog_shm , on => 6.12.232.130 rc => 0 stdout => null
[2026-10-03 03:17:52.376][INFO ] [Role           :1454] - rm -fr /data/1/nijia.nj/test/namespace_standby_20261003_v1/work/db_s.z1.obs0/store/manifest* , on => 6.12.232.130 rc => 0 stdout => null
[2026-10-03 03:17:52.384][INFO ] [Role           :1467] - rm -fr /data/1/nijia.nj/test/namespace_standby_20261003_v1/work/db_s.z1.obs0/core* , on => 6.12.232.130 rc => 0 stdout => null
[2026-10-03 03:17:52.389][INFO ] [Role           :1504] - rm -fr /data/1/nijia.nj/test/namespace_standby_20261003_v1/clog/db_s.z1.obs0.nijia.nj/ /data/1/nijia.nj/test/namespace_standby_20261003_v1/data/db_s.z1.obs0.nijia.nj/ , on => 6.12.232.130 rc => 0 stdout => null
[2026-10-03 03:17:52.393][INFO ] [Role           :1510] - rm -fr /data/1/nijia.nj/test/namespace_standby_20261003_v1/work/db_s.z1.obs0 , on => 6.12.232.130 rc => 0 stdout => null
[2026-10-03 03:17:52.398][INFO ] [Deploy         :294] - execute db_s.z1.obs0.rmdir  result => true
[2026-10-03 03:17:52.399][INFO ] [Deploy         :362] - execute db_s.z1.rmdir result => true [true]
[2026-10-03 03:17:52.399][INFO ] [Deploy         :331] - execute db_s.z1.cleanup result => true
[2026-10-03 03:17:52.399][INFO ] [Deploy         :362] - execute db_s.z1.cleanup_logstore result => true []
[2026-10-03 03:17:52.399][INFO ] [Deploy         :331] - execute db_s.z1.cleanup_all result => true
[2026-10-03 03:17:52.399][INFO ] [Deploy         :287] - execute db_s.z1.genconf
[2026-10-03 03:17:52.399][INFO ] [Deploy         :294] - execute db_s.z1.genconf result => true
[2026-10-03 03:17:52.400][INFO ] [Deploy         :287] - execute db_s.z1.obs0.mkdir 
[2026-10-03 03:17:52.401][INFO ] [Role           :1768] - mkdir -p /data/1/nijia.nj/test/namespace_standby_20261003_v1/work/db_s.z1.obs0/store/;mkdir -p /data/1/nijia.nj/test/namespace_standby_20261003_v1/clog/db_s.z1.obs0.nijia.nj/store/clog /data/1/nijia.nj/test/namespace_standby_20261003_v1/clog/db_s.z1.obs0.nijia.nj/store/ilog /data/1/nijia.nj/test/namespace_standby_20261003_v1/clog/db_s.z1.obs0.nijia.nj/store/slog /data/1/nijia.nj/test/namespace_standby_20261003_v1/data/db_s.z1.obs0.nijia.nj/sort_dir /data/1/nijia.nj/test/namespace_standby_20261003_v1/data/db_s.z1.obs0.nijia.nj/sstable;ln -sf /data/1/nijia.nj/test/namespace_standby_20261003_v1/data/db_s.z1.obs0.nijia.nj/sstable /data/1/nijia.nj/test/namespace_standby_20261003_v1/work/db_s.z1.obs0/store/;ln -sf /data/1/nijia.nj/test/namespace_standby_20261003_v1/clog/db_s.z1.obs0.nijia.nj/store/clog /data/1/nijia.nj/test/namespace_standby_20261003_v1/work/db_s.z1.obs0/store/;ln -sf /data/1/nijia.nj/test/namespace_standby_20261003_v1/clog/db_s.z1.obs0.nijia.nj/store/ilog /data/1/nijia.nj/test/namespace_standby_20261003_v1/work/db_s.z1.obs0/store/;ln -sf /data/1/nijia.nj/test/namespace_standby_20261003_v1/clog/db_s.z1.obs0.nijia.nj/store/slog /data/1/nijia.nj/test/namespace_standby_20261003_v1/work/db_s.z1.obs0/store/;ln -sf /data/1/nijia.nj/test/namespace_standby_20261003_v1/data/db_s.z1.obs0.nijia.nj/sort_dir /data/1/nijia.nj/test/namespace_standby_20261003_v1/work/db_s.z1.obs0/store/ on 6.12.232.130
[2026-10-03 03:17:52.415][INFO ] [Deploy         :294] - execute db_s.z1.obs0.mkdir  result => true
[2026-10-03 03:17:52.416][INFO ] [Deploy         :362] - execute db_s.z1.mkdir_obs result => true [true]
[2026-10-03 03:17:52.417][INFO ] [Deploy         :362] - execute db_s.z1.mkdir_logstore result => true []
[2026-10-03 03:17:52.417][INFO ] [Deploy         :331] - execute db_s.z1.mkdir result => true
[2026-10-03 03:17:52.418][INFO ] [Deploy         :287] - execute db_s.z1.obs0.rsync 
[2026-10-03 03:17:52.418][INFO ] [Role           :1648] - sync server finish, time = 0
[2026-10-03 03:17:52.419][INFO ] [Role           :1563] - rsync server => db_s.z1.obs0 version if specified => .
[2026-10-03 03:17:52.424][INFO ] [Role           :1635] - check disk dir ==> './admin' exist
[2026-10-03 03:17:52.429][WARN ] [Role           :1638] - check disk dir ==> './plugin_dir' not exist
[2026-10-03 03:17:52.452][INFO ] [Role           :1635] - check disk dir ==> './wallet' exist
[2026-10-03 03:17:52.453][INFO ] [Role           :1590] - transfer cmd to =>  rsync -WrptgoDRLv --timeout=600 bin etc lib  admin  wallet /data/1/nijia.nj/test/namespace_standby_20261003_v1/work/db_s.z1.obs0
[2026-10-03 03:17:58.197][INFO ] [Role           :1604] - rsync cmd =>  rsync -WrptgoDRLv --timeout=600 bin etc lib  admin  wallet /data/1/nijia.nj/test/namespace_standby_20261003_v1/work/db_s.z1.obs0
[2026-10-03 03:17:58.198][INFO ] [Deploy         :294] - execute db_s.z1.obs0.rsync  result => true
[2026-10-03 03:17:58.198][INFO ] [Deploy         :362] - execute db_s.z1.rsync_obs result => true [true]
[2026-10-03 03:17:58.199][INFO ] [Deploy         :362] - execute db_s.z1.rsync_logstore result => true []
[2026-10-03 03:17:58.199][INFO ] [Deploy         :331] - execute db_s.z1.rsync result => true
[2026-10-03 03:17:58.199][INFO ] [Deploy         :362] - execute db_s.z1.start_logstore result => true []
[2026-10-03 03:17:58.199][INFO ] [Deploy         :287] - execute db_s.z1.sleep 5
[2026-10-03 03:18:03.199][INFO ] [Deploy         :294] - execute db_s.z1.sleep 5 result => true
[2026-10-03 03:18:03.200][INFO ] [Deploy         :287] - execute db_s.z1.obs0.start 
[2026-10-03 03:18:03.200][INFO ] [Deploy         :381] - execute db_s.lite_mode result => true result type => java.lang.Boolean
[2026-10-03 03:18:03.201][INFO ] [Deploy         :381] - execute db_s.lite_mode result => true result type => java.lang.Boolean
6.12.232.130 is not a valid IPv6 address.
[2026-10-03 03:18:03.202][INFO ] [Role           :539] - cluster_id1
[2026-10-03 03:18:03.202][INFO ] [Deploy         :381] - execute db_s.z_num result => 1 result type => java.lang.Integer
[2026-10-03 03:18:03.202][INFO ] [Role           :552] - db_s have 1 ZONE
[2026-10-03 03:18:03.202][INFO ] [Role           :584] - ofs_list ofs_list='z1@' has_ofs_zone false
[2026-10-03 03:18:03.203][INFO ] [Role           :637] - ulimit -c unlimited -s 4096;cd /data/1/nijia.nj/test/namespace_standby_20261003_v1/work/db_s.z1.obs0;LD_LIBRARY_PATH=./lib:/usr/local/lib:/usr/lib:/usr/lib64:/usr/local/lib64:$LD_LIBRARY_PATH /data/1/nijia.nj/test/namespace_standby_20261003_v1/work/db_s.z1.obs0/bin/observer --port 42036 --data-dir /data/1/nijia.nj/test/namespace_standby_20261003_v1/work/db_s.z1.obs0/store --redo-dir /data/1/nijia.nj/test/namespace_standby_20261003_v1/work/db_s.z1.obs0/store/clog  --role=STANDBY --parameter log_restore_source=6.12.232.130:42000 --parameter enable_rpc_service=true --parameter rpc_port=42001 --parameter datafile_size='2G' --parameter log_disk_size='2G' --parameter cpu_count=4 --parameter memory_limit='8G' on 6.12.232.130
[2026-10-03 03:18:03.289][INFO ] [Deploy         :294] - execute db_s.z1.obs0.start  result => true
[2026-10-03 03:18:03.290][INFO ] [Deploy         :362] - execute db_s.z1.start_obs result => true [true]
[2026-10-03 03:18:03.290][INFO ] [Deploy         :331] - execute db_s.z1.start result => true
[2026-10-03 03:18:03.290][INFO ] [Deploy         :287] - execute db_s.z1.sleep 8
[2026-10-03 03:18:11.291][INFO ] [Deploy         :294] - execute db_s.z1.sleep 8 result => true
[2026-10-03 03:18:11.291][INFO ] [Deploy         :331] - execute db_s.z1.reboot  result => true
[2026-10-03 03:18:11.298][INFO ] [Deploy         :362] - execute db_s.deploy result => true [true]
[2026-10-03 03:18:11.298][INFO ] [Deploy         :287] - execute db_s.sleep 5
[2026-10-03 03:18:16.298][INFO ] [Deploy         :294] - execute db_s.sleep 5 result => true
[2026-10-03 03:18:16.299][INFO ] [Deploy         :287] - execute db_s.bootstrap
[2026-10-03 03:18:16.299][INFO ] [Deploy         :381] - execute db_s.z_num result => 1 result type => java.lang.Integer
[2026-10-03 03:18:16.299][INFO ] [Deploy         :381] - execute db_s.zone_names result => [Ljava.lang.String;@5c3bd550 result type => [Ljava.lang.String;
[2026-10-03 03:18:16.299][INFO ] [Deploy         :381] - execute db_s.z1.obs_num result => 1 result type => java.lang.Integer
[2026-10-03 03:18:16.299][INFO ] [Deploy         :287] - execute db_s.z1.obs0.get status
[2026-10-03 03:18:16.299][WARN ] [Deploy         :298] - execute db_s.z1.obs0.get status result => null
[2026-10-03 03:18:16.300][INFO ] [Deploy         :381] - execute db_s.lite_mode result => true result type => java.lang.Boolean
[2026-10-03 03:18:16.300][INFO ] [Deploy         :294] - execute db_s.bootstrap result => true
[2026-10-03 03:18:16.300][INFO ] [Deploy         :287] - execute db_s.addserver
[2026-10-03 03:18:16.300][INFO ] [Deploy         :381] - execute db_s.z_num result => 1 result type => java.lang.Integer
[2026-10-03 03:18:16.300][INFO ] [Deploy         :381] - execute db_s.zone_names result => [Ljava.lang.String;@5c3bd550 result type => [Ljava.lang.String;
[2026-10-03 03:18:16.300][INFO ] [Deploy         :381] - execute db_s.z1.obs_num result => 1 result type => java.lang.Integer
[2026-10-03 03:18:16.300][INFO ] [Deploy         :294] - execute db_s.addserver result => true
[2026-10-03 03:18:16.300][INFO ] [Deploy         :287] - execute db_s.exec_init_sql
[2026-10-03 03:18:16.300][INFO ] [Deploy         :381] - execute db_s.lite_mode result => true result type => java.lang.Boolean
[2026-10-03 03:18:16.300][INFO ] [Deploy         :294] - execute db_s.exec_init_sql result => true
[2026-10-03 03:18:16.300][INFO ] [Deploy         :287] - execute db_s.register_proxy
[2026-10-03 03:18:16.300][INFO ] [Deploy         :294] - execute db_s.register_proxy result => true
[2026-10-03 03:18:16.301][INFO ] [Deploy         :287] - execute db_s.deploy_proxy
[2026-10-03 03:18:16.301][INFO ] [Deploy         :294] - execute db_s.deploy_proxy result => true
[2026-10-03 03:18:16.301][INFO ] [Deploy         :287] - execute db_s.sleep 5
[2026-10-03 03:18:21.301][INFO ] [Deploy         :294] - execute db_s.sleep 5 result => true
[2026-10-03 03:18:21.301][INFO ] [Deploy         :331] - execute db_s.reboot_proxy result => true
[2026-10-03 03:18:21.301][INFO ] [Deploy         :287] - execute db_s.deploy_asvr
[2026-10-03 03:18:21.302][INFO ] [Deploy         :294] - execute db_s.deploy_asvr result => true
[2026-10-03 03:18:21.302][INFO ] [Deploy         :287] - execute db_s.sleep 5
[2026-10-03 03:18:26.302][INFO ] [Deploy         :294] - execute db_s.sleep 5 result => true
[2026-10-03 03:18:26.302][INFO ] [Deploy         :331] - execute db_s.reboot_asvr result => true
[2026-10-03 03:18:26.302][INFO ] [Deploy         :287] - execute db_s.add_asvr
[2026-10-03 03:18:26.303][INFO ] [OBI            :1509] - There is no need to add asvr.
[2026-10-03 03:18:26.303][INFO ] [Deploy         :294] - execute db_s.add_asvr result => true
[2026-10-03 03:18:26.303][INFO ] [Deploy         :287] - execute db_s.prepare_agent
[2026-10-03 03:18:26.303][INFO ] [Deploy         :294] - execute db_s.prepare_agent result => true
[2026-10-03 03:18:26.303][INFO ] [Deploy         :331] - execute db_s.reboot result => true
[2026-10-03 03:18:26.303][INFO ] [Command        :353] - start[1790968672142] time[34160] tag[Q_DEPLOY]
[2026-10-03 03:18:26.303][INFO ] [Command        :536] - > LINE => 21, CMD => Q_SLEEP, CONTENT => 5
[2026-10-03 03:18:31.304][INFO ] [Command        :353] - start[1790968706303] time[5000] tag[Q_SLEEP]
[2026-10-03 03:18:31.305][INFO ] [Command        :536] - > LINE => 22, CMD => Q_ENABLE_ALL_RESULT_LOG, CONTENT => --enable_all_result_log
[2026-10-03 03:18:31.305][INFO ] [Command        :353] - start[1790968711305] time[0] tag[Q_ENABLE_ALL_RESULT_LOG]
[2026-10-03 03:18:31.305][INFO ] [Command        :536] - > LINE => 27, CMD => Q_ECHO, CONTENT => ========== Case 1: Primary Cluster Switchover to Standby ==========
[2026-10-03 03:18:31.306][INFO ] [Command        :353] - start[1790968711305] time[0] tag[Q_ECHO]
[2026-10-03 03:18:31.306][INFO ] [Command        :536] - > LINE => 30, CMD => Q_DEPLOY, CONTENT => db_p.check_until_timeout select count(*) from oceanbase.__all_virtual_server_stat where role = 'PRIMARY', 1, 30;
[2026-10-03 03:18:31.307][INFO ] [DeployProcessor:93] - deploy => db_p.check_until_timeout select count(*) from oceanbase.__all_virtual_server_stat where role = 'PRIMARY', 1, 30
[2026-10-03 03:18:31.307][INFO ] [Deploy         :287] - execute db_p.check_until_timeout select count(*) from oceanbase.__all_virtual_server_stat where role = 'PRIMARY', 1, 30
[2026-10-03 03:18:31.307][INFO ] [Deploy         :287] - execute db_p.select_one_value select count(*) from oceanbase.__all_virtual_server_stat where role = 'PRIMARY'
Loading class `com.mysql.jdbc.Driver'. This is deprecated. The new driver class is `com.mysql.cj.jdbc.Driver'. The driver is automatically registered via the SPI and manual loading of the driver class is generally unnecessary.
[2026-10-03 03:18:31.442][INFO ] [SQLProcessor   :2086] - execute sql => select count(*) from oceanbase.__all_virtual_server_stat where role = 'PRIMARY'
[2026-10-03 03:18:31.687][INFO ] [Deploy         :294] - execute db_p.select_one_value select count(*) from oceanbase.__all_virtual_server_stat where role = 'PRIMARY' result => 1
[2026-10-03 03:18:31.687][INFO ] [OBI            :5345] - check success! use time = 0
[2026-10-03 03:18:31.687][INFO ] [Deploy         :294] - execute db_p.check_until_timeout select count(*) from oceanbase.__all_virtual_server_stat where role = 'PRIMARY', 1, 30 result => true
[2026-10-03 03:18:31.687][INFO ] [Command        :353] - start[1790968711306] time[380] tag[Q_DEPLOY]
[2026-10-03 03:18:31.687][INFO ] [Command        :536] - > LINE => 33, CMD => Q_CONNECT, CONTENT => ob_connect(conn_sys_p, db_p.z1.obs0, root@sys, , oceanbase, , USE_MYSQL_CONNECTOR)
[2026-10-03 03:18:31.690][INFO ] [SQLProcessor   :1505] - conn_sys_p create a physical connection  using jdbc:mysql://6.12.232.130:42035/oceanbase?useAffectedRows=true&emulateUnsupportedPstmts=false&characterEncoding=utf8&useServerPrepStmts=true&prepStmtCacheSqlLimit=1000&enableQueryTimeouts=false&useLocalSessionState=false&useLocalTransactionState=false&rewriteBatchedStatements=true&allowMultiQueries=true&socketTimeout=1800000 user/pwd is root@sys/
[2026-10-03 03:18:31.706][INFO ] [SQLProcessor   :1519] - connection => conn_sys_p is mysql mode.
[2026-10-03 03:18:31.707][INFO ] [SQLProcessor   :1522] - put conn: dataid=conn_sys_p currentConn=com.mysql.cj.jdbc.ConnectionImpl@694abbdc hashcode => 1766505436
[2026-10-03 03:18:31.707][INFO ] [Command        :353] - start[1790968711687] time[19] tag[Q_CONNECT]
[2026-10-03 03:18:31.707][INFO ] [Command        :536] - > LINE => 34, CMD => Q_CONNECTION, CONTENT => connection conn_sys_p
[2026-10-03 03:18:31.708][INFO ] [SQLProcessor   :1128] - use connection => conn_sys_p hashcode => 1766505436
[2026-10-03 03:18:31.709][INFO ] [SQLProcessor   :1158] - connection => conn_sys_p is mysql mode. conn=com.mysql.cj.jdbc.ConnectionImpl@694abbdc
[2026-10-03 03:18:31.709][INFO ] [Command        :353] - start[1790968711707] time[1] tag[Q_CONNECTION]
[2026-10-03 03:18:31.709][INFO ] [Command        :536] - > LINE => 35, CMD => Q_QUERY, CONTENT => create table if not exists test_table_primary(a int primary key, b int);
[2026-10-03 03:18:31.933][INFO ] [Command        :353] - start[1790968711709] time[223] tag[Q_QUERY]
[2026-10-03 03:18:31.933][INFO ] [Command        :536] - > LINE => 36, CMD => Q_QUERY, CONTENT => insert into test_table_primary values(1, 1);
[2026-10-03 03:18:31.941][INFO ] [Command        :353] - start[1790968711934] time[7] tag[Q_QUERY]
[2026-10-03 03:18:31.941][INFO ] [Command        :536] - > LINE => 39, CMD => Q_QUERY, CONTENT => ALTER SYSTEM SWITCHOVER TO STANDBY VERIFY;
[2026-10-03 03:18:31.945][INFO ] [Command        :353] - start[1790968711941] time[3] tag[Q_QUERY]
[2026-10-03 03:18:31.946][INFO ] [Command        :536] - > LINE => 42, CMD => Q_DEPLOY, CONTENT => db_p.mysql_p select role from oceanbase.__all_virtual_server_stat;
[2026-10-03 03:18:31.946][INFO ] [DeployProcessor:93] - deploy => db_p.mysql_p select role from oceanbase.__all_virtual_server_stat
[2026-10-03 03:18:31.947][INFO ] [Deploy         :287] - execute db_p.mysql_p select role from oceanbase.__all_virtual_server_stat
[2026-10-03 03:18:31.947][INFO ] [Deploy         :287] - execute db_p.z1.obs0.mysql_p select role from oceanbase.__all_virtual_server_stat
[2026-10-03 03:18:31.947][INFO ] [Role           :3304] - sql =>select role from oceanbase.__all_virtual_server_stat
 will be executed with connection[z1.obs0]admin:admin@6.12.232.130:42035
[2026-10-03 03:18:31.969][INFO ] [Deploy         :294] - execute db_p.z1.obs0.mysql_p select role from oceanbase.__all_virtual_server_stat result => role
PRIMARY
[2026-10-03 03:18:31.969][INFO ] [Deploy         :294] - execute db_p.mysql_p select role from oceanbase.__all_virtual_server_stat result => role
PRIMARY
[2026-10-03 03:18:31.969][INFO ] [Command        :353] - start[1790968711946] time[23] tag[Q_DEPLOY]
[2026-10-03 03:18:31.969][INFO ] [Command        :536] - > LINE => 46, CMD => Q_LET_DEPLOY, CONTENT => $db_s_svr_ip
[2026-10-03 03:18:31.970][INFO ] [Deploy         :287] - execute db_s.select select svr_ip from oceanbase.__all_virtual_server_stat limit 1, svr_ip, 1
[2026-10-03 03:18:31.970][INFO ] [SQLProcessor   :2086] - execute sql => select svr_ip from oceanbase.__all_virtual_server_stat limit 1
[2026-10-03 03:18:31.977][ERROR] [SQLProcessor   :2096] - user => admin@sys, passwd => admin, jdbcUrl => jdbc:mysql://6.12.232.130:42036/oceanbase?useAffectedRows=true&emulateUnsupportedPstmts=false&characterEncoding=utf8&useServerPrepStmts=false&prepStmtCacheSqlLimit=1000&enableQueryTimeouts=true&useLocalSessionState=false&useLocalTransactionState=false&rewriteBatchedStatements=true&allowMultiQueries=true&socketTimeout=600000
[2026-10-03 03:18:31.977][ERROR] [SQLProcessor   :2098] - execute sql => select svr_ip from oceanbase.__all_virtual_server_stat limit 1 failed
com.mysql.cj.jdbc.exceptions.CommunicationsException: Communications link failure

The last packet sent successfully to the server was 0 milliseconds ago. The driver has not received any packets from the server.
	at com.mysql.cj.jdbc.exceptions.SQLError.createCommunicationsException(SQLError.java:175)
	at com.mysql.cj.jdbc.exceptions.SQLExceptionsMapping.translateException(SQLExceptionsMapping.java:64)
	at com.mysql.cj.jdbc.ConnectionImpl.createNewIO(ConnectionImpl.java:825)
	at com.mysql.cj.jdbc.ConnectionImpl.<init>(ConnectionImpl.java:446)
	at com.mysql.cj.jdbc.ConnectionImpl.getInstance(ConnectionImpl.java:239)
	at com.mysql.cj.jdbc.NonRegisteringDriver.connect(NonRegisteringDriver.java:188)
	at java.sql.DriverManager.getConnection(DriverManager.java:664)
	at java.sql.DriverManager.getConnection(DriverManager.java:247)
	at com.etao.mytest.processor.SQLProcessor.selectGetValue(SQLProcessor.java:2088)
	at com.etao.mytest.deploy.OBI.select(OBI.java:4467)
	at sun.reflect.NativeMethodAccessorImpl.invoke0(Native Method)
	at sun.reflect.NativeMethodAccessorImpl.invoke(NativeMethodAccessorImpl.java:62)
	at sun.reflect.DelegatingMethodAccessorImpl.invoke(DelegatingMethodAccessorImpl.java:43)
	at java.lang.reflect.Method.invoke(Method.java:498)
	at com.etao.mytest.deploy.Deploy.execute(Deploy.java:289)
	at com.etao.mytest.command.Command.execute(Command.java:864)
	at com.etao.mytest.main.TestCase.run(TestCase.java:779)
	at com.etao.mytest.main.MyTest.main(MyTest.java:129)
Caused by: com.mysql.cj.exceptions.CJCommunicationsException: Communications link failure

The last packet sent successfully to the server was 0 milliseconds ago. The driver has not received any packets from the server.
	at sun.reflect.NativeConstructorAccessorImpl.newInstance0(Native Method)
	at sun.reflect.NativeConstructorAccessorImpl.newInstance(NativeConstructorAccessorImpl.java:62)
	at sun.reflect.DelegatingConstructorAccessorImpl.newInstance(DelegatingConstructorAccessorImpl.java:45)
	at java.lang.reflect.Constructor.newInstance(Constructor.java:423)
	at com.mysql.cj.exceptions.ExceptionFactory.createException(ExceptionFactory.java:62)
	at com.mysql.cj.exceptions.ExceptionFactory.createException(ExceptionFactory.java:105)
	at com.mysql.cj.exceptions.ExceptionFactory.createException(ExceptionFactory.java:150)
	at com.mysql.cj.exceptions.ExceptionFactory.createCommunicationsException(ExceptionFactory.java:166)
	at com.mysql.cj.protocol.a.NativeSocketConnection.connect(NativeSocketConnection.java:89)
	at com.mysql.cj.NativeSession.connect(NativeSession.java:121)
	at com.mysql.cj.jdbc.ConnectionImpl.connectOneTryOnly(ConnectionImpl.java:945)
	at com.mysql.cj.jdbc.ConnectionImpl.createNewIO(ConnectionImpl.java:815)
	... 15 more
Caused by: java.net.ConnectException: Connection refused (Connection refused)
	at java.net.PlainSocketImpl.socketConnect(Native Method)
	at java.net.AbstractPlainSocketImpl.doConnect(AbstractPlainSocketImpl.java:350)
	at java.net.AbstractPlainSocketImpl.connectToAddress(AbstractPlainSocketImpl.java:206)
	at java.net.AbstractPlainSocketImpl.connect(AbstractPlainSocketImpl.java:188)
	at java.net.SocksSocketImpl.connect(SocksSocketImpl.java:392)
	at java.net.Socket.connect(Socket.java:607)
	at com.mysql.cj.protocol.StandardSocketFactory.connect(StandardSocketFactory.java:153)
	at com.mysql.cj.protocol.a.NativeSocketConnection.connect(NativeSocketConnection.java:63)
	... 18 more
[2026-10-03 03:18:31.978][WARN ] [Deploy         :298] - execute db_s.select select svr_ip from oceanbase.__all_virtual_server_stat limit 1, svr_ip, 1 result => null
[2026-10-03 03:18:31.978][ERROR] [TestCase       :781] - Fatal error!!! current line number => 46, file => t/stanby/basic.test (maybe)
java.lang.Exception: get value is null : db_s.select select svr_ip from oceanbase.__all_virtual_server_stat limit 1, svr_ip, 1
	at com.etao.mytest.command.Command.execute(Command.java:866)
	at com.etao.mytest.main.TestCase.run(TestCase.java:779)
	at com.etao.mytest.main.MyTest.main(MyTest.java:129)
[2026-10-03 03:18:31.978][ERROR] [MyTest         :146] - run case failed
java.lang.Exception: get value is null : db_s.select select svr_ip from oceanbase.__all_virtual_server_stat limit 1, svr_ip, 1
	at com.etao.mytest.command.Command.execute(Command.java:866)
	at com.etao.mytest.main.TestCase.run(TestCase.java:779)
	at com.etao.mytest.main.MyTest.main(MyTest.java:129)
[2026-10-03 03:18:31.981][INFO ] [Deploy         :287] - execute db_p.z1.obs0.gen_pstack 
[2026-10-03 03:18:32.19][WARN ] [Role           :2029] - execute cmd =>pstack  3012709 > /data/1/nijia.nj/test/namespace_standby_20261003_v1/work/db_p.z1.obs0/log/pstack.3012709.log && kill -60 3012709 fail!
[2026-10-03 03:18:32.22][INFO ] [Deploy         :287] - execute db_p.z1.obs0.save_log 
[2026-10-03 03:18:32.109][INFO ] [Deploy         :287] - execute db_s.z1.obs0.gen_pstack 
[2026-10-03 03:18:32.143][INFO ] [Deploy         :287] - execute db_s.z1.obs0.save_log 
[2026-10-03 03:18:32.248][INFO ] [TestCase       :612] - collecting the backup files, executing - cp -r /data/1/nijia.nj/test/namespace_standby_20261003_v1/backup/ob*.nijia.nj collected_log/basic/backup_files/
[2026-10-03 03:18:32.257][INFO ] [MyTest         :151] - cost ts 75s exitcode 255
Shutdown hook ran!
