[  0%] Built target oblib_lib_simd
[  6%] Built target zstd_1_3_8_objs
[  8%] Built target oblib_grpc
[  8%] Built target restore
[  8%] Built target oblib_lib_bitmap
[  9%] Built target oblib_rpc
[ 10%] Built target malloc_hook
[ 10%] Built target ob_data_plane
[ 11%] Built target ob_query
[ 12%] Built target ob_malloc_object
[ 13%] Built target ob_sql_simd
[ 17%] Built target oblib_common
[ 22%] Built target ob_sql_server_parser_objects
[ 22%] Built target generate_syspack_source
[ 22%] Built target ob_standby
[ 22%] Built target ob_standby_runtime
[ 22%] Built target ob_storage_simd
[ 23%] Built target ob_storage_tablet_autoincrement_state
[ 24%] Built target ob_namespace
[ 24%] Built target ob_logservice
[ 26%] Built target ob_pl
[ 27%] Built target ob_main
[ 27%] Built target sql_nio_build
[ 27%] Built target ob_sql_server_parser_static
[ 30%] Built target ob_share_extra
[ 30%] Built target ob_malloc
[ 31%] Built target zstd_1_3_8
[ 37%] Built target ob_sql_extra
[ 37%] Built target syspack_source
[ 38%] Built target compress
[ 43%] Built target ob_server
[ 47%] Built target oblib_lib
[ 47%] Building CXX object src/rootserver/CMakeFiles/ob_rootserver.dir/Unity/unity_ob_rootserver_ob_rootserver_runtime_fork_freeze_0_c___cxx.cxx.o
[ 47%] Built target oblib
[ 59%] Built target ob_storage
[ 59%] Built target ob_storage_static
[ 76%] Built target ob_share
[ 76%] Built target ob_share_static
[ 95%] Built target ob_sql
[ 95%] Built target ob_sql_static
[100%] Built target ob_rootserver
[100%] Linking CXX static library liboceanbase_static.a
[100%] Built target oceanbase_static
[100%] Linking CXX executable seekdb
[100%] Built target seekdb
[100%] Built target observer
