[  1%] Built target restore
[  2%] Built target ob_malloc_object
[  8%] Built target zstd_1_3_8_objs
[  8%] Built target oblib_lib_simd
[  9%] Built target oblib_rpc
[  9%] Built target oblib_lib_bitmap
[ 10%] Built target malloc_hook
[ 10%] Built target ob_data_plane
[ 11%] Built target ob_query
[ 12%] Built target ob_sql_simd
[ 16%] Built target oblib_common
[ 17%] Built target oblib_grpc
[ 17%] Built target generate_syspack_source
[ 18%] Built target ob_standby
[ 18%] Built target ob_storage_tablet_autoincrement_state
[ 18%] Built target ob_standby_runtime
[ 18%] Built target ob_namespace
[ 23%] Built target ob_sql_server_parser_objects
[ 23%] Built target ob_storage_simd
[ 24%] Built target ob_logservice
[ 26%] Built target ob_pl
[ 27%] Built target ob_main
[ 27%] Built target sql_nio_build
[ 27%] Built target ob_malloc
[ 27%] Built target ob_sql_server_parser_static
[ 27%] Built target syspack_source
[ 30%] Built target ob_share_extra
[ 35%] Built target ob_rootserver
[ 36%] Built target zstd_1_3_8
[ 41%] Built target ob_sql_extra
[ 42%] Built target compress
[ 46%] Built target oblib_lib
[ 46%] Built target oblib
[ 51%] Built target ob_server
[ 68%] Built target ob_share
[ 68%] Built target ob_share_static
[ 87%] Built target ob_sql
[ 87%] Built target ob_sql_static
[ 87%] Building CXX object src/storage/CMakeFiles/ob_storage.dir/Unity/unity_ob_storage_ob_storage_tx_storage_0_c___cxx.cxx.o
[100%] Built target ob_storage
[100%] Linking CXX static library libob_storage_static.a
[100%] Built target ob_storage_static
[100%] Built target oceanbase_static
[100%] Linking CXX executable seekdb
[100%] Built target seekdb
[100%] Built target observer
