[  6%] Built target zstd_1_3_8_objs
[  7%] Built target oblib_grpc
[  8%] Built target ob_malloc_object
[  8%] Built target oblib_lib_simd
[  9%] Built target oblib_lib_bitmap
[  9%] Built target malloc_hook
[  9%] Built target ob_data_plane
[ 10%] Built target ob_query
[ 11%] Built target oblib_rpc
[ 12%] Built target ob_sql_simd
[ 12%] Built target generate_syspack_source
[ 13%] Built target restore
[ 17%] Built target oblib_common
[ 22%] Built target ob_sql_server_parser_objects
[ 23%] Built target ob_storage_tablet_autoincrement_state
[ 24%] Built target ob_logservice
[ 24%] Built target ob_standby
[ 24%] Built target ob_storage_simd
[ 24%] Built target ob_namespace
[ 24%] Built target sql_nio_build
[ 25%] Built target ob_main
[ 25%] Built target ob_sql_server_parser_static
[ 27%] Built target ob_pl
[ 30%] Built target ob_share_extra
[ 30%] Built target ob_malloc
[ 31%] Built target zstd_1_3_8
[ 31%] Built target syspack_source
[ 31%] Built target ob_standby_runtime
[ 37%] Built target ob_sql_extra
[ 38%] Built target compress
[ 42%] Built target ob_rootserver
[ 46%] Built target oblib_lib
[ 47%] Building CXX object src/observer/CMakeFiles/ob_server.dir/ob_server.cpp.o
[ 47%] Built target oblib
[ 59%] Built target ob_storage
[ 59%] Built target ob_storage_static
[ 79%] Built target ob_sql
[ 79%] Built target ob_sql_static
[ 95%] Built target ob_share
[ 95%] Built target ob_share_static
[100%] Built target ob_server
[100%] Linking CXX static library liboceanbase_static.a
[100%] Built target oceanbase_static
[100%] Linking CXX executable seekdb
[100%] Built target seekdb
[100%] Built target observer
