[  1%] Built target restore
[  7%] Built target zstd_1_3_8_objs
[  8%] Built target ob_malloc_object
[  9%] Built target oblib_grpc
[  9%] Built target oblib_lib_simd
[ 10%] Built target oblib_rpc
[ 10%] Built target ob_data_plane
[ 14%] Built target oblib_common
[ 15%] Built target oblib_lib_bitmap
[ 15%] Built target ob_sql_simd
[ 16%] Built target ob_query
[ 17%] Built target malloc_hook
[ 22%] Built target ob_sql_server_parser_objects
[ 22%] Built target generate_syspack_source
[ 22%] Built target ob_standby
[ 23%] Built target ob_storage_tablet_autoincrement_state
[ 24%] Built target ob_logservice
[ 24%] Built target ob_standby_runtime
[ 24%] Built target ob_storage_simd
[ 24%] Built target ob_namespace
[ 24%] Built target sql_nio_build
[ 27%] Built target ob_share_extra
[ 28%] Built target ob_main
[ 30%] Built target ob_pl
[ 31%] Built target ob_sql_server_parser_static
[ 31%] Built target zstd_1_3_8
[ 31%] Built target ob_malloc
[ 37%] Built target ob_sql_extra
[ 37%] Built target syspack_source
[ 38%] Built target compress
[ 42%] Built target ob_rootserver
[ 46%] Built target oblib_lib
[ 46%] Built target oblib
[ 62%] Built target ob_share
[ 68%] Built target ob_server
[ 68%] Built target ob_share_static
[ 80%] Built target ob_storage
[100%] Built target ob_sql
[100%] Built target ob_storage_static
[100%] Built target ob_sql_static
[100%] Built target oceanbase_static
[100%] Built target seekdb
[100%] Built target observer
