[  2%] Built target restore
[  2%] Built target oblib_grpc
[  3%] Built target ob_malloc_object
[  3%] Built target oblib_lib_bitmap
[  4%] Built target malloc_hook
[  4%] Built target ob_data_plane
[  5%] Built target ob_query
[ 11%] Built target zstd_1_3_8_objs
[ 12%] Built target ob_sql_simd
[ 16%] Built target oblib_common
[ 17%] Built target oblib_rpc
[ 17%] Built target ob_namespace
[ 17%] Built target generate_syspack_source
[ 17%] Built target ob_standby
[ 18%] Built target ob_storage_tablet_autoincrement_state
[ 18%] Built target ob_storage_simd
[ 18%] Built target oblib_lib_simd
[ 19%] Built target ob_logservice
[ 24%] Built target ob_sql_server_parser_objects
[ 24%] Built target ob_standby_runtime
[ 24%] Built target sql_nio_build
[ 25%] Built target ob_main
[ 25%] Built target syspack_source
[ 26%] Built target zstd_1_3_8
[ 29%] Built target ob_share_extra
[ 29%] Built target ob_sql_server_parser_static
[ 29%] Built target ob_malloc
[ 35%] Built target ob_sql_extra
[ 37%] Built target ob_pl
[ 38%] Built target compress
[ 38%] Building CXX object src/rootserver/CMakeFiles/ob_rootserver.dir/Unity/unity_ob_rootserver_ob_rootserver_runtime_fork_freeze_0_c___cxx.cxx.o
[ 42%] Built target oblib_lib
[ 42%] Built target oblib
[ 47%] Built target ob_server
[ 63%] Built target ob_share
[ 63%] Built target ob_share_static
[ 83%] Built target ob_sql
[ 83%] Built target ob_sql_static
[ 95%] Built target ob_storage
[ 95%] Built target ob_storage_static
[100%] Built target ob_rootserver
[100%] Linking CXX static library liboceanbase_static.a
[100%] Built target oceanbase_static
[100%] Linking CXX executable seekdb
[100%] Built target seekdb
[100%] Built target observer
