[New LWP 3154282]
[New LWP 3154293]
[New LWP 3154294]
[New LWP 3154295]
[New LWP 3154296]
[New LWP 3154297]
[New LWP 3154298]
[New LWP 3154299]
[New LWP 3154300]
[New LWP 3154301]
[New LWP 3154302]
[New LWP 3154304]
[New LWP 3154305]
[New LWP 3154306]
[New LWP 3154307]
[New LWP 3154308]
[New LWP 3154309]
[New LWP 3154310]
[New LWP 3154311]
[New LWP 3154312]
[New LWP 3154313]
[New LWP 3154314]
[New LWP 3154315]
[New LWP 3154316]
[New LWP 3154317]
[New LWP 3154318]
[New LWP 3154319]
[New LWP 3154320]
[New LWP 3154321]
[New LWP 3154322]
[New LWP 3154323]
[New LWP 3154324]
[New LWP 3154325]
[New LWP 3154326]
[New LWP 3154327]
[New LWP 3154328]
[New LWP 3154329]
[New LWP 3154330]
[New LWP 3154331]
[New LWP 3154333]
[New LWP 3154334]
[New LWP 3154335]
[New LWP 3154337]
[New LWP 3154338]
[New LWP 3154339]
[New LWP 3154340]
[New LWP 3154341]
[New LWP 3154342]
[New LWP 3154343]
[New LWP 3154351]
[New LWP 3154352]
[New LWP 3154353]
[New LWP 3154354]
[New LWP 3154355]
[New LWP 3154356]
[New LWP 3154357]
[New LWP 3154358]
[New LWP 3154359]
[New LWP 3154360]
[New LWP 3154364]
[New LWP 3154431]
[New LWP 3154469]
[New LWP 3154470]
[New LWP 3154471]
[New LWP 3154472]
[New LWP 3154473]
[New LWP 3154474]
[New LWP 3154475]
[New LWP 3154547]
[New LWP 3154556]
[New LWP 3155000]
[New LWP 3155312]
[New LWP 3155313]
[New LWP 3166536]
[New LWP 3172243]
[New LWP 3172244]
[New LWP 3172569]
[New LWP 3172735]
[New LWP 3172857]
[New LWP 3172858]
[New LWP 3172859]

warning: Cannot parse .gnu_debugdata section; LZMA support was disabled at compile time
[Thread debugging using libthread_db enabled]
Using host libthread_db library "/lib64/libthread_db.so.1".
0x00007f33372d1a31 in clock_nanosleep@GLIBC_2.2.5 () from /usr/lib64/libc.so.6
Breakpoint 1 at 0x4ec3f09: file ./src/storage/compaction/ob_medium_compaction_func.cpp, line 340.
[Switching to Thread 0x7f32ec4b6240 (LWP 3155313)]

Thread 74 "T1_TxLoopWorker" hit Breakpoint 1, oceanbase::compaction::ObMediumCompactionScheduleFunc::schedule_next_medium_primary_cluster (this=0x7f32ec4a8118, schedule_major_snapshot=1790971900038007018, medium_clog_submitted=@0x7f32ec4a8227: false) at ./src/storage/compaction/ob_medium_compaction_func.cpp:340
340	  } else if (!medium_info_list_->could_schedule_next_round(last_major_snapshot_version)) { // check serialized list
$1 = 1
$2 = {is_inited_ = true, allocator_ = 0x7f32ec4a8948, extra_info_ = {static MEDIUM_LIST_FORMAT_VERSION = 1, static MEDIUM_LIST_INFO_RESERVED_BITS = 51, {info_ = 1, {format_version_ = 1, last_compaction_type_ = 0, wait_check_flag_ = 0, reserved_ = 0}}, last_medium_scn_ = 0}, medium_info_list_ = {header_ = {_vptr$ObDLinkBase = 0x832b150 <vtable for oceanbase::common::ObDLinkBase<oceanbase::compaction::ObMediumCompactionInfo>+16>, prev_ = 0x7f32ffe257c0, next_ = 0x7f32ffe257c0}, size_ = 0}}
$3 = oceanbase::compaction::ObAdaptiveMergePolicy::NONE
0x00000000049347cc in oceanbase::compaction::ObScheduleTabletFunc::schedule_tablet_new_round (this=this@entry=0x7f32ec4a8420, tablet_handle=..., user_request=<optimized out>) at ./src/storage/compaction/ob_schedule_tablet_func.cpp:116
116	    if (OB_FAIL(func.schedule_next_medium_for_leader(
Value returned is $4 = -4279
$5 = -4279
[Inferior 1 (process 3154281) detached]
