{"event": "setup", "binary": "/home/nijia.nj/.herdr/worktrees/seekdb/herdr-fork/.scratch/namespace-fork/standby-artifacts/seekdb-native-v4", "base": "/data/1/nijia.nj/test/namespace_fork_PROTOTYPE_major_progress_imprm42o", "pid": 3256840, "port": 61337}
{"event": "sql", "sql": "create database major_probe", "rows": []}
{"event": "sql", "sql": "create table major_probe.t(id int primary key,v int)", "rows": []}
{"event": "sql", "sql": "insert into major_probe.t values(1,10),(2,20),(3,30)", "rows": []}
{"event": "sql", "sql": "alter system set ob_compaction_schedule_interval='3s'", "rows": []}
{"event": "sql", "sql": "alter system minor freeze", "rows": []}
{"event": "sql", "sql": "alter system major freeze", "rows": []}
{"event": "stopped", "pid": 3256840, "returncode": -9}
{"event": "data_archived", "path": "/data/1/nijia.nj/test/namespace_fork_PROTOTYPE_major_progress_imprm42o/data.tar.gz", "bytes": 5687656}
/home/nijia.nj/.local/lib/python3.8/site-packages/pymysql/_auth.py:9: CryptographyDeprecationWarning: Python 3.8 is no longer supported by the Python core team and support for it is deprecated in cryptography. The next release of cryptography will remove support for Python 3.8.
  from cryptography.hazmat.backends import default_backend
Traceback (most recent call last):
  File ".scratch/namespace-fork/primary_major_namespace_probe.py", line 30, in <module>
    found = exp.sql(f"select tablet_id,table_type,row_count from oceanbase.V$OB_SSTABLES where tablet_id={tid} and end_log_scn={scn}", log=False)
  File "/home/nijia.nj/.herdr/worktrees/seekdb/herdr-fork/.scratch/excluded-from-branch/tools/obtest/namespace_fork_prototype.py", line 116, in sql
    cur.execute(statement)
  File "/home/nijia.nj/.local/lib/python3.8/site-packages/pymysql/cursors.py", line 153, in execute
    result = self._query(query)
  File "/home/nijia.nj/.local/lib/python3.8/site-packages/pymysql/cursors.py", line 322, in _query
    conn.query(q)
  File "/home/nijia.nj/.local/lib/python3.8/site-packages/pymysql/connections.py", line 575, in query
    self._affected_rows = self._read_query_result(unbuffered=unbuffered)
  File "/home/nijia.nj/.local/lib/python3.8/site-packages/pymysql/connections.py", line 826, in _read_query_result
    result.read()
  File "/home/nijia.nj/.local/lib/python3.8/site-packages/pymysql/connections.py", line 1203, in read
    first_packet = self.connection._read_packet()
  File "/home/nijia.nj/.local/lib/python3.8/site-packages/pymysql/connections.py", line 782, in _read_packet
    packet.raise_for_error()
  File "/home/nijia.nj/.local/lib/python3.8/site-packages/pymysql/protocol.py", line 219, in raise_for_error
    err.raise_mysql_exception(self._data)
  File "/home/nijia.nj/.local/lib/python3.8/site-packages/pymysql/err.py", line 150, in raise_mysql_exception
    raise errorclass(errno, errval)
pymysql.err.OperationalError: (1054, "Unknown column 'row_count' in 'field list'")
