[New LWP 3154282]
[New LWP 3154293]
[New LWP 3154294]
[New LWP 3154295]
[New LWP 3154296]
[New LWP 3154297]
[New LWP 3154298]
[New LWP 3154299]
[New LWP 3154300]
[New LWP 3154301]
[New LWP 3154302]
[New LWP 3154304]
[New LWP 3154305]
[New LWP 3154306]
[New LWP 3154307]
[New LWP 3154308]
[New LWP 3154309]
[New LWP 3154310]
[New LWP 3154311]
[New LWP 3154312]
[New LWP 3154313]
[New LWP 3154314]
[New LWP 3154315]
[New LWP 3154316]
[New LWP 3154317]
[New LWP 3154318]
[New LWP 3154319]
[New LWP 3154320]
[New LWP 3154321]
[New LWP 3154322]
[New LWP 3154323]
[New LWP 3154324]
[New LWP 3154325]
[New LWP 3154326]
[New LWP 3154327]
[New LWP 3154328]
[New LWP 3154329]
[New LWP 3154330]
[New LWP 3154331]
[New LWP 3154333]
[New LWP 3154334]
[New LWP 3154335]
[New LWP 3154337]
[New LWP 3154338]
[New LWP 3154339]
[New LWP 3154340]
[New LWP 3154341]
[New LWP 3154342]
[New LWP 3154343]
[New LWP 3154351]
[New LWP 3154352]
[New LWP 3154353]
[New LWP 3154354]
[New LWP 3154355]
[New LWP 3154356]
[New LWP 3154357]
[New LWP 3154358]
[New LWP 3154359]
[New LWP 3154360]
[New LWP 3154364]
[New LWP 3154431]
[New LWP 3154469]
[New LWP 3154470]
[New LWP 3154471]
[New LWP 3154472]
[New LWP 3154473]
[New LWP 3154474]
[New LWP 3154475]
[New LWP 3154547]
[New LWP 3154556]
[New LWP 3155000]
[New LWP 3155312]
[New LWP 3155313]
[New LWP 3166536]
[New LWP 3172057]
[New LWP 3172058]
[New LWP 3172059]
[New LWP 3172094]

warning: Cannot parse .gnu_debugdata section; LZMA support was disabled at compile time
[Thread debugging using libthread_db enabled]
Using host libthread_db library "/lib64/libthread_db.so.1".
0x00007f33372d1a31 in clock_nanosleep@GLIBC_2.2.5 () from /usr/lib64/libc.so.6
Breakpoint 1 at 0x4935c94: file ./src/storage/compaction/ob_schedule_status_cache.cpp, line 320.
[New Thread 0x7f32db5a6240 (LWP 3172243)]
[Thread 0x7f32fa4aa240 (LWP 3172057) exited]
[New Thread 0x7f32fcb9d240 (LWP 3172244)]
[New Thread 0x7f32f7042240 (LWP 3172245)]
[New Thread 0x7f32f5643240 (LWP 3172246)]
[Switching to Thread 0x7f3326908240 (LWP 3154556)]

Thread 71 "T1_TxLoopWorker" hit Breakpoint 1, oceanbase::compaction::ObTabletStatusCache::register_map (this=0x7f33268fa938, tablet=...) at ./src/storage/compaction/ob_schedule_status_cache.cpp:320
320	  ObTabletCreateDeleteMdsUserData user_data;
$1 = {static MIN_USER_TABLET_ID = 200000, static INVALID_TABLET_ID = 0, static MIN_VALID_TABLET_ID = 1, static MIN_USER_NORMAL_ROWID_TABLE_TABLET_ID = 200000, static MAX_USER_NORMAL_ROWID_TABLE_TABLET_ID = 137438953471, static MAX_USER_TABLET_ID = 137438953471, static MIN_LS_INNER_TABLET_ID = 49400, static LS_TX_CTX_TABLET_ID = 49401, static LS_TX_DATA_TABLET_ID = 49402, static LS_LOCK_TABLET_ID = 49403, static LS_INSTANCE_META_TABLET_ID = 49404, static MAX_LS_INNER_TABLET_ID = 49500, id_ = 4611686155866392403}
[New Thread 0x7f32e7fad240 (LWP 3172252)]
oceanbase::compaction::ObTabletStatusCache::inner_init_could_schedule_new_round (this=this@entry=0x7f33268fa938, tablet=..., ls_could_schedule_new_round=true, normal_schedule=<optimized out>) at ./src/storage/compaction/ob_schedule_status_cache.cpp:274
274	}
$2 = 0
[Inferior 1 (process 3154281) detached]
