Run case stanby/namespace_setup_local
[2026-10-03 03:45:37.833][INFO ] [MyTest         :78] - print args => [-use_ob_connector, true, -result_file, r/stanby/namespace_setup_local.result, -test_file, t/stanby/namespace_setup_local.test]
[-use_ob_connector, true, -result_file, r/stanby/namespace_setup_local.result, -test_file, t/stanby/namespace_setup_local.test]
[2026-10-03 03:45:37.835][INFO ] [MyTest         :81] - start case => t/stanby/namespace_setup_local.test
[2026-10-03 03:45:37.840][INFO ] [MyTest         :84] - use data id => obtest_nijia.nj_6.12.232.130
[2026-10-03 03:45:37.906][INFO ] [TestCase       :107] - initilize deploy processor
[2026-10-03 03:45:37.915][INFO ] [DeployConfig   :590] - config port and dataid. port_base=>1124, obs_port=>1124, mysql_port=>1159, data_id=>obtest_nijia.nj_6.12.232.130_0, port_offset=>0
[2026-10-03 03:45:37.972][INFO ] [DeployConfig   :577] - config port and dataid. port_base=>42000, obs_port=>42000, mysql_port=>42035, data_id=>obtest_nijia.nj_6.12.232.130_042000
[2026-10-03 03:45:37.978][INFO ] [OfsProcessor   :53] - ofs_deployer: null/hap.py
[2026-10-03 03:45:37.979][INFO ] [OfsCreateTenantProcessor:32] - ofsshell: null/../../bin/ofsshell
[2026-10-03 03:45:37.985][INFO ] [TestCase       :761] - Read file => t/stanby/namespace_setup_local.test
[2026-10-03 03:45:37.986][INFO ] [TestCase       :721] - Finish read case: file_lines => 12, lineNo => 12
[2026-10-03 03:45:37.994][INFO ] [Command        :536] - > LINE => 1, CMD => Q_DISABLE_ALL_RESULT_LOG, CONTENT => --disable_all_result_log
[2026-10-03 03:45:37.996][INFO ] [Command        :353] - start[1790970337995] time[0] tag[Q_DISABLE_ALL_RESULT_LOG]
[2026-10-03 03:45:37.999][INFO ] [Command        :536] - > LINE => 2, CMD => Q_DEPLOY, CONTENT => db_p=OBI(cluster=1,proxy_num=0,role=primary);
[2026-10-03 03:45:38.02][INFO ] [DeployProcessor:78] - OBI define => db_p=OBI(cluster=1,proxy_num=0,role=primary)
[2026-10-03 03:45:38.23][INFO ] [Deploy         :381] - execute db_p.z_num result => 1 result type => java.lang.Integer
[2026-10-03 03:45:38.106][INFO ] [Deploy         :464] - assign rpc port. observer=>db_p.z1.obs0, rpc_port=>42000
[2026-10-03 03:45:38.107][INFO ] [Deploy         :471] - assign mysql port. observer=>db_p.z1.obs0, mysql_port=>42035
[2026-10-03 03:45:38.107][INFO ] [Deploy         :478] - assign backup io rpc port. observer=>db_p.z1.obs0, obesi_port=>42070
[2026-10-03 03:45:38.114][INFO ] [OBLog          :99] - config.ob_version='.'
[2026-10-03 03:45:38.114][INFO ] [OBLog          :100] - config.oblog_version='default'
[2026-10-03 03:45:38.114][INFO ] [OBLog          :117] - set oblog version='.'
[2026-10-03 03:45:38.114][INFO ] [OBLog          :126] - set oblog work_dir=''
[2026-10-03 03:45:38.114][INFO ] [OBLog          :148] - oblog.is_obcdc_exist: false
[2026-10-03 03:45:38.115][INFO ] [OBLog          :149] - oblog.exec: oblog/oblog_tailf
[2026-10-03 03:45:38.115][INFO ] [OBLog          :150] - oblog.configFile: oblog/liboblog.conf
[2026-10-03 03:45:38.115][INFO ] [OBLog          :151] - oblog.dataFile: oblog/data.log
[2026-10-03 03:45:38.115][INFO ] [OBLog          :152] - oblog.envCon: LD_LIBRARY_PATH=oblog:$LD_LIBRARY_PATH
[2026-10-03 03:45:38.115][INFO ] [OBLog          :153] - oblog.startCmdHead: ulimit -c unlimited; LD_LIBRARY_PATH=oblog:$LD_LIBRARY_PATH oblog/oblog_tailf
[2026-10-03 03:45:38.116][INFO ] [OBLog          :154] - oblog.defaultStartCmd: ulimit -c unlimited; LD_LIBRARY_PATH=oblog:$LD_LIBRARY_PATH oblog/oblog_tailf  -f oblog/liboblog.conf -D oblog/data.log -H oblog/heartbeat.log -d
[2026-10-03 03:45:38.409][INFO ] [Deploy         :1128] - start observer version is lite mode: true
[2026-10-03 03:45:38.409][INFO ] [Command        :353] - start[1790970337999] time[409] tag[Q_DEPLOY]
[2026-10-03 03:45:38.410][INFO ] [Command        :536] - > LINE => 3, CMD => Q_DEPLOY, CONTENT => db_p.reboot;
[2026-10-03 03:45:38.411][INFO ] [DeployProcessor:93] - deploy => db_p.reboot
[2026-10-03 03:45:38.411][INFO ] [Deploy         :287] - execute db_p.reset
[2026-10-03 03:45:38.412][INFO ] [Deploy         :381] - execute db_p.lite_mode result => true result type => java.lang.Boolean
[2026-10-03 03:45:38.412][INFO ] [Deploy         :294] - execute db_p.reset result => true
[2026-10-03 03:45:38.412][INFO ] [Deploy         :287] - execute db_p.clean_asvr
[2026-10-03 03:45:38.413][INFO ] [Deploy         :294] - execute db_p.clean_asvr result => true
[2026-10-03 03:45:38.417][INFO ] [Deploy         :287] - execute db_p.z1.obs0.force_stop_asvr
[2026-10-03 03:45:38.418][INFO ] [Role           :1228] - pkill -9 -u nijia.nj -f '^/data/1/nijia.nj/test/namespace_standby_20261003_v1/work/db_p.asvr0/bin/observer' on 6.12.232.130
[2026-10-03 03:45:38.439][INFO ] [Role           :1230] - pkill asvr result is => 1
[2026-10-03 03:45:38.440][INFO ] [Deploy         :294] - execute db_p.z1.obs0.force_stop_asvr result => true
[2026-10-03 03:45:38.440][INFO ] [Deploy         :287] - execute db_p.z1.obs0.rmdir_asvr
[2026-10-03 03:45:38.440][INFO ] [Role           :1237] - try to remove asvr dir server  => db_p.z1.obs0
[2026-10-03 03:45:38.444][INFO ] [Role           :1264] - rm -fr /data/1/nijia.nj/test/namespace_standby_20261003_v1/work/db_p.asvr0 , on => 6.12.232.130 rc => 0 stdout => null
[2026-10-03 03:45:38.444][INFO ] [Deploy         :294] - execute db_p.z1.obs0.rmdir_asvr result => true
[2026-10-03 03:45:38.445][INFO ] [Deploy         :331] - execute db_p.z1.obs0.clean_asvr  result => true
[2026-10-03 03:45:38.445][INFO ] [Deploy         :362] - execute db_p.z1.clean_asvr  result => true [true]
[2026-10-03 03:45:38.446][INFO ] [Deploy         :362] - execute db_p.clean_asvr_everywhere result => true [true]
[2026-10-03 03:45:38.446][INFO ] [Deploy         :331] - execute db_p.clean_all_asvr result => true
[2026-10-03 03:45:38.446][INFO ] [Deploy         :287] - execute db_p.deploy_logservice
[2026-10-03 03:45:38.447][INFO ] [Deploy         :294] - execute db_p.deploy_logservice result => true
[2026-10-03 03:45:38.447][INFO ] [Deploy         :287] - execute db_p.bootstrap_logservice
[2026-10-03 03:45:38.447][INFO ] [Deploy         :294] - execute db_p.bootstrap_logservice result => true
[2026-10-03 03:45:38.447][INFO ] [Deploy         :331] - execute db_p.reboot_logservice result => true
[2026-10-03 03:45:38.449][INFO ] [Deploy         :287] - execute db_p.z1.check_local_bin
[2026-10-03 03:45:38.454][INFO ] [Deploy         :294] - execute db_p.z1.check_local_bin result => true
[2026-10-03 03:45:38.454][INFO ] [Deploy         :287] - execute db_p.z1.check_ssh
[2026-10-03 03:45:38.454][INFO ] [Deploy         :294] - execute db_p.z1.check_ssh result => true
[2026-10-03 03:45:38.457][INFO ] [Deploy         :287] - execute db_p.z1.obs0.check_dir 
[2026-10-03 03:45:38.467][INFO ] [Deploy         :294] - execute db_p.z1.obs0.check_dir  result => true
[2026-10-03 03:45:38.478][INFO ] [Deploy         :362] - execute db_p.z1.check_dir result => true [true]
[2026-10-03 03:45:38.479][INFO ] [Deploy         :287] - execute db_p.z1.obs0.force_stop 
[2026-10-03 03:45:38.480][INFO ] [Role           :1307] - pkill -9 -u nijia.nj -f '^/data/1/nijia.nj/test/namespace_standby_20261003_v1/work/db_p.z1.obs0/bin/observer|^/data/1/nijia.nj/test/namespace_standby_20261003_v1/work/db_p.z1.obs0/bin/obesi' on 6.12.232.130
[2026-10-03 03:45:38.500][INFO ] [Role           :1309] - pkill result is => 0
[2026-10-03 03:45:38.501][INFO ] [Role           :1142] - wait stop /data/1/nijia.nj/test/namespace_standby_20261003_v1/work/db_p.z1.obs0/bin/observer on 6.12.232.130
[2026-10-03 03:45:38.502][INFO ] [Role           :1190] - ps uxf | grep "/data/1/nijia.nj/test/namespace_standby_20261003_v1/work/db_p.z1.obs0/bin/observer" | grep -v grep
[2026-10-03 03:45:38.551][INFO ] [Role           :1154] - check port on 6.12.232.130
[2026-10-03 03:45:38.552][INFO ] [RemoteShell    :143] - netstat -lpnt 2>/dev/null | grep '0.0.0.0:42000 ' | awk -F ' ' '{print $7}'
[2026-10-03 03:45:38.592][INFO ] [RemoteShell    :143] - netstat -lpnt 2>/dev/null | grep '0.0.0.0:42035 ' | awk -F ' ' '{print $7}'
[2026-10-03 03:45:38.635][INFO ] [Role           :1164] - stop obs0 took 2 s
[2026-10-03 03:45:38.636][INFO ] [Deploy         :294] - execute db_p.z1.obs0.force_stop  result => true
[2026-10-03 03:45:38.636][INFO ] [Deploy         :362] - execute db_p.z1.force_stop result => true [true]
[2026-10-03 03:45:38.637][INFO ] [Deploy         :362] - execute db_p.z1.force_stop_logstore result => true []
[2026-10-03 03:45:38.637][INFO ] [Deploy         :331] - execute db_p.z1.force_stop_all result => true
[2026-10-03 03:45:38.638][INFO ] [Deploy         :287] - execute db_p.z1.obs0.rmdir 
[2026-10-03 03:45:38.639][INFO ] [Deploy         :381] - execute db_p.lite_mode result => true result type => java.lang.Boolean
[2026-10-03 03:45:38.640][INFO ] [Role           :1395] - rm -fr /data/1/nijia.nj/test/namespace_standby_20261003_v1/data/db_p.z1.obs0.nijia.nj/sstable /data/1/nijia.nj/test/namespace_standby_20261003_v1/clog/db_p.z1.obs0.nijia.nj/store /data/1/nijia.nj/test/namespace_standby_20261003_v1/clog/db_p.z1.obs0.nijia.nj/store/slog /data/1/nijia.nj/test/namespace_standby_20261003_v1/data/db_p.z1.obs0.nijia.nj/sort_dir , on => 6.12.232.130
[2026-10-03 03:45:38.645][INFO ] [Role           :1397] - rm -fr /data/1/nijia.nj/test/namespace_standby_20261003_v1/data/db_p.z1.obs0.nijia.nj/sstable /data/1/nijia.nj/test/namespace_standby_20261003_v1/clog/db_p.z1.obs0.nijia.nj/store /data/1/nijia.nj/test/namespace_standby_20261003_v1/clog/db_p.z1.obs0.nijia.nj/store/slog /data/1/nijia.nj/test/namespace_standby_20261003_v1/data/db_p.z1.obs0.nijia.nj/sort_dir , on => 6.12.232.130 rc => 0 stdout => null
[2026-10-03 03:45:38.660][INFO ] [Role           :1402] - rm -fr /data/1/nijia.nj/test/namespace_standby_20261003_v1/work/db_p.z1.obs0/log , on => 6.12.232.130 rc => 0 stdout => null
[2026-10-03 03:45:38.665][INFO ] [Role           :1407] - rm -fr /data/1/nijia.nj/test/namespace_standby_20261003_v1/work/db_p.z1.obs0/admin , on => 6.12.232.130 rc => 0 stdout => null
[2026-10-03 03:45:38.670][INFO ] [Role           :1412] - rm -fr /data/1/nijia.nj/test/namespace_standby_20261003_v1/work/db_p.z1.obs0/wallet , on => 6.12.232.130 rc => 0 stdout => null
[2026-10-03 03:45:38.675][INFO ] [Role           :1417] - rm -fr /data/1/nijia.nj/test/namespace_standby_20261003_v1/work/db_p.z1.obs0/etc/observer.c*nf*.bin* /data/1/nijia.nj/test/namespace_standby_20261003_v1/work/db_p.z1.obs0/etc/seekdb.c*nf*.bin* , on => 6.12.232.130 rc => 0 stdout => null
[2026-10-03 03:45:38.679][INFO ] [Role           :1423] - rm -fr /data/1/nijia.nj/test/namespace_standby_20261003_v1/work/db_p.z1.obs0/etc/observer.data_version.bin* /data/1/nijia.nj/test/namespace_standby_20261003_v1/work/db_p.z1.obs0/etc/seekdb.data_version.bin* , on => 6.12.232.130 rc => 0 stdout => null
[2026-10-03 03:45:38.684][INFO ] [Role           :1429] - rm -fr /data/1/nijia.nj/test/namespace_standby_20261003_v1/work/db_p.z1.obs0/etc2/observer.c*nf*.bin* , on => 6.12.232.130 rc => 0 stdout => null
[2026-10-03 03:45:38.688][INFO ] [Role           :1434] - rm -fr /data/1/nijia.nj/test/namespace_standby_20261003_v1/work/db_p.z1.obs0/etc3/observer.c*nf*.bin* , on => 6.12.232.130 rc => 0 stdout => null
[2026-10-03 03:45:38.693][INFO ] [Role           :1439] - rm -fr /data/1/nijia.nj/test/namespace_standby_20261003_v1/work/db_p.z1.obs0/run/observer.pid /data/1/nijia.nj/test/namespace_standby_20261003_v1/work/db_p.z1.obs0/run/seekdb.pid , on => 6.12.232.130 rc => 0 stdout => null
[2026-10-03 03:45:38.697][INFO ] [Role           :1444] - rm -fr /data/1/nijia.nj/test/namespace_standby_20261003_v1/work/db_p.z1.obs0/store/clog_shm , on => 6.12.232.130 rc => 0 stdout => null
[2026-10-03 03:45:38.702][INFO ] [Role           :1449] - rm -fr /data/1/nijia.nj/test/namespace_standby_20261003_v1/work/db_p.z1.obs0/store/ilog_shm , on => 6.12.232.130 rc => 0 stdout => null
[2026-10-03 03:45:38.706][INFO ] [Role           :1454] - rm -fr /data/1/nijia.nj/test/namespace_standby_20261003_v1/work/db_p.z1.obs0/store/manifest* , on => 6.12.232.130 rc => 0 stdout => null
[2026-10-03 03:45:38.714][INFO ] [Role           :1467] - rm -fr /data/1/nijia.nj/test/namespace_standby_20261003_v1/work/db_p.z1.obs0/core* , on => 6.12.232.130 rc => 0 stdout => null
[2026-10-03 03:45:38.719][INFO ] [Role           :1504] - rm -fr /data/1/nijia.nj/test/namespace_standby_20261003_v1/clog/db_p.z1.obs0.nijia.nj/ /data/1/nijia.nj/test/namespace_standby_20261003_v1/data/db_p.z1.obs0.nijia.nj/ , on => 6.12.232.130 rc => 0 stdout => null
[2026-10-03 03:45:38.921][INFO ] [Role           :1510] - rm -fr /data/1/nijia.nj/test/namespace_standby_20261003_v1/work/db_p.z1.obs0 , on => 6.12.232.130 rc => 0 stdout => null
[2026-10-03 03:45:38.925][INFO ] [Deploy         :294] - execute db_p.z1.obs0.rmdir  result => true
[2026-10-03 03:45:38.926][INFO ] [Deploy         :362] - execute db_p.z1.rmdir result => true [true]
[2026-10-03 03:45:38.926][INFO ] [Deploy         :331] - execute db_p.z1.cleanup result => true
[2026-10-03 03:45:38.927][INFO ] [Deploy         :362] - execute db_p.z1.cleanup_logstore result => true []
[2026-10-03 03:45:38.927][INFO ] [Deploy         :331] - execute db_p.z1.cleanup_all result => true
[2026-10-03 03:45:38.927][INFO ] [Deploy         :287] - execute db_p.z1.genconf
[2026-10-03 03:45:38.928][INFO ] [Deploy         :294] - execute db_p.z1.genconf result => true
[2026-10-03 03:45:38.929][INFO ] [Deploy         :287] - execute db_p.z1.obs0.mkdir 
[2026-10-03 03:45:38.929][INFO ] [Role           :1768] - mkdir -p /data/1/nijia.nj/test/namespace_standby_20261003_v1/work/db_p.z1.obs0/store/;mkdir -p /data/1/nijia.nj/test/namespace_standby_20261003_v1/clog/db_p.z1.obs0.nijia.nj/store/clog /data/1/nijia.nj/test/namespace_standby_20261003_v1/clog/db_p.z1.obs0.nijia.nj/store/ilog /data/1/nijia.nj/test/namespace_standby_20261003_v1/clog/db_p.z1.obs0.nijia.nj/store/slog /data/1/nijia.nj/test/namespace_standby_20261003_v1/data/db_p.z1.obs0.nijia.nj/sort_dir /data/1/nijia.nj/test/namespace_standby_20261003_v1/data/db_p.z1.obs0.nijia.nj/sstable;ln -sf /data/1/nijia.nj/test/namespace_standby_20261003_v1/data/db_p.z1.obs0.nijia.nj/sstable /data/1/nijia.nj/test/namespace_standby_20261003_v1/work/db_p.z1.obs0/store/;ln -sf /data/1/nijia.nj/test/namespace_standby_20261003_v1/clog/db_p.z1.obs0.nijia.nj/store/clog /data/1/nijia.nj/test/namespace_standby_20261003_v1/work/db_p.z1.obs0/store/;ln -sf /data/1/nijia.nj/test/namespace_standby_20261003_v1/clog/db_p.z1.obs0.nijia.nj/store/ilog /data/1/nijia.nj/test/namespace_standby_20261003_v1/work/db_p.z1.obs0/store/;ln -sf /data/1/nijia.nj/test/namespace_standby_20261003_v1/clog/db_p.z1.obs0.nijia.nj/store/slog /data/1/nijia.nj/test/namespace_standby_20261003_v1/work/db_p.z1.obs0/store/;ln -sf /data/1/nijia.nj/test/namespace_standby_20261003_v1/data/db_p.z1.obs0.nijia.nj/sort_dir /data/1/nijia.nj/test/namespace_standby_20261003_v1/work/db_p.z1.obs0/store/ on 6.12.232.130
[2026-10-03 03:45:38.945][INFO ] [Deploy         :294] - execute db_p.z1.obs0.mkdir  result => true
[2026-10-03 03:45:38.946][INFO ] [Deploy         :362] - execute db_p.z1.mkdir_obs result => true [true]
[2026-10-03 03:45:38.947][INFO ] [Deploy         :362] - execute db_p.z1.mkdir_logstore result => true []
[2026-10-03 03:45:38.947][INFO ] [Deploy         :331] - execute db_p.z1.mkdir result => true
[2026-10-03 03:45:38.949][INFO ] [Deploy         :287] - execute db_p.z1.obs0.rsync 
[2026-10-03 03:45:38.954][INFO ] [Role           :1648] - sync server finish, time = 1
[2026-10-03 03:45:38.954][INFO ] [Role           :1563] - rsync server => db_p.z1.obs0 version if specified => .
[2026-10-03 03:45:38.959][INFO ] [Role           :1635] - check disk dir ==> './admin' exist
[2026-10-03 03:45:38.964][WARN ] [Role           :1638] - check disk dir ==> './plugin_dir' not exist
[2026-10-03 03:45:38.969][INFO ] [Role           :1635] - check disk dir ==> './wallet' exist
[2026-10-03 03:45:38.969][INFO ] [Role           :1590] - transfer cmd to =>  rsync -WrptgoDRLv --timeout=600 bin etc lib  admin  wallet /data/1/nijia.nj/test/namespace_standby_20261003_v1/work/db_p.z1.obs0
[2026-10-03 03:45:43.673][INFO ] [Role           :1604] - rsync cmd =>  rsync -WrptgoDRLv --timeout=600 bin etc lib  admin  wallet /data/1/nijia.nj/test/namespace_standby_20261003_v1/work/db_p.z1.obs0
[2026-10-03 03:45:43.673][INFO ] [Deploy         :294] - execute db_p.z1.obs0.rsync  result => true
[2026-10-03 03:45:43.674][INFO ] [Deploy         :362] - execute db_p.z1.rsync_obs result => true [true]
[2026-10-03 03:45:43.675][INFO ] [Deploy         :362] - execute db_p.z1.rsync_logstore result => true []
[2026-10-03 03:45:43.675][INFO ] [Deploy         :331] - execute db_p.z1.rsync result => true
[2026-10-03 03:45:43.676][INFO ] [Deploy         :362] - execute db_p.z1.start_logstore result => true []
[2026-10-03 03:45:43.676][INFO ] [Deploy         :287] - execute db_p.z1.sleep 5
[2026-10-03 03:45:48.677][INFO ] [Deploy         :294] - execute db_p.z1.sleep 5 result => true
[2026-10-03 03:45:48.679][INFO ] [Deploy         :287] - execute db_p.z1.obs0.start 
[2026-10-03 03:45:48.679][INFO ] [Deploy         :381] - execute db_p.lite_mode result => true result type => java.lang.Boolean
[2026-10-03 03:45:48.680][INFO ] [Deploy         :381] - execute db_p.lite_mode result => true result type => java.lang.Boolean
6.12.232.130 is not a valid IPv6 address.
[2026-10-03 03:45:48.681][INFO ] [Role           :539] - cluster_id1
[2026-10-03 03:45:48.682][INFO ] [Deploy         :381] - execute db_p.z_num result => 1 result type => java.lang.Integer
[2026-10-03 03:45:48.682][INFO ] [Role           :552] - db_p have 1 ZONE
[2026-10-03 03:45:48.683][INFO ] [Role           :584] - ofs_list ofs_list='z1@' has_ofs_zone false
[2026-10-03 03:45:48.683][INFO ] [Role           :637] - ulimit -c unlimited -s 4096;cd /data/1/nijia.nj/test/namespace_standby_20261003_v1/work/db_p.z1.obs0;LD_LIBRARY_PATH=./lib:/usr/local/lib:/usr/lib:/usr/lib64:/usr/local/lib64:$LD_LIBRARY_PATH /data/1/nijia.nj/test/namespace_standby_20261003_v1/work/db_p.z1.obs0/bin/observer --port 42035 --data-dir /data/1/nijia.nj/test/namespace_standby_20261003_v1/work/db_p.z1.obs0/store --redo-dir /data/1/nijia.nj/test/namespace_standby_20261003_v1/work/db_p.z1.obs0/store/clog  --role=PRIMARY --parameter enable_rpc_service=true --parameter rpc_port=42000 --parameter datafile_size='2G' --parameter log_disk_size='2G' --parameter cpu_count=4 --parameter memory_limit='8G' on 6.12.232.130
[2026-10-03 03:45:48.793][INFO ] [Deploy         :294] - execute db_p.z1.obs0.start  result => true
[2026-10-03 03:45:48.794][INFO ] [Deploy         :362] - execute db_p.z1.start_obs result => true [true]
[2026-10-03 03:45:48.795][INFO ] [Deploy         :331] - execute db_p.z1.start result => true
[2026-10-03 03:45:48.795][INFO ] [Deploy         :287] - execute db_p.z1.sleep 8
[2026-10-03 03:45:56.796][INFO ] [Deploy         :294] - execute db_p.z1.sleep 8 result => true
[2026-10-03 03:45:56.796][INFO ] [Deploy         :331] - execute db_p.z1.reboot  result => true
[2026-10-03 03:45:56.797][INFO ] [Deploy         :362] - execute db_p.deploy result => true [true]
[2026-10-03 03:45:56.797][INFO ] [Deploy         :287] - execute db_p.sleep 5
[2026-10-03 03:46:01.797][INFO ] [Deploy         :294] - execute db_p.sleep 5 result => true
[2026-10-03 03:46:01.798][INFO ] [Deploy         :287] - execute db_p.bootstrap
[2026-10-03 03:46:01.798][INFO ] [Deploy         :381] - execute db_p.z_num result => 1 result type => java.lang.Integer
[2026-10-03 03:46:01.799][INFO ] [Deploy         :381] - execute db_p.zone_names result => [Ljava.lang.String;@23ceabc1 result type => [Ljava.lang.String;
[2026-10-03 03:46:01.799][INFO ] [Deploy         :381] - execute db_p.z1.obs_num result => 1 result type => java.lang.Integer
[2026-10-03 03:46:01.799][INFO ] [Deploy         :287] - execute db_p.z1.obs0.get status
[2026-10-03 03:46:01.800][WARN ] [Deploy         :298] - execute db_p.z1.obs0.get status result => null
[2026-10-03 03:46:01.800][INFO ] [Deploy         :381] - execute db_p.lite_mode result => true result type => java.lang.Boolean
[2026-10-03 03:46:01.800][INFO ] [Deploy         :294] - execute db_p.bootstrap result => true
[2026-10-03 03:46:01.801][INFO ] [Deploy         :287] - execute db_p.addserver
[2026-10-03 03:46:01.801][INFO ] [Deploy         :381] - execute db_p.z_num result => 1 result type => java.lang.Integer
[2026-10-03 03:46:01.801][INFO ] [Deploy         :381] - execute db_p.zone_names result => [Ljava.lang.String;@23ceabc1 result type => [Ljava.lang.String;
[2026-10-03 03:46:01.801][INFO ] [Deploy         :381] - execute db_p.z1.obs_num result => 1 result type => java.lang.Integer
[2026-10-03 03:46:01.801][INFO ] [Deploy         :294] - execute db_p.addserver result => true
[2026-10-03 03:46:01.802][INFO ] [Deploy         :287] - execute db_p.exec_init_sql
[2026-10-03 03:46:01.802][INFO ] [Deploy         :381] - execute db_p.lite_mode result => true result type => java.lang.Boolean
[2026-10-03 03:46:01.802][INFO ] [Deploy         :287] - execute db_p.z1.obs0.mysql_tenant_root create user 'admin' IDENTIFIED BY 'admin';use oceanbase;grant all on *.* to 'admin' WITH GRANT OPTION;create database if not exists test;
[2026-10-03 03:46:01.803][INFO ] [Role           :3182] - sql =>create user 'admin' IDENTIFIED BY 'admin';use oceanbase;grant all on *.* to 'admin' WITH GRANT OPTION;create database if not exists test;
 will be executed with connection[z1.obs0]root@sys:@6.12.232.130:42035
[2026-10-03 03:46:01.898][INFO ] [Deploy         :294] - execute db_p.z1.obs0.mysql_tenant_root create user 'admin' IDENTIFIED BY 'admin';use oceanbase;grant all on *.* to 'admin' WITH GRANT OPTION;create database if not exists test; result => true
[2026-10-03 03:46:01.899][INFO ] [Deploy         :381] - execute db_p.lite_mode result => true result type => java.lang.Boolean
[2026-10-03 03:46:01.899][INFO ] [Deploy         :381] - execute db_p.lite_mode result => true result type => java.lang.Boolean
[2026-10-03 03:46:01.900][INFO ] [Deploy         :287] - execute db_p.z1.obs0.mysql_tenant_root create user 'proxyro' IDENTIFIED BY '3u^0kCdpE';grant select on oceanbase.* to 'proxyro' WITH GRANT OPTION;
[2026-10-03 03:46:01.900][INFO ] [Role           :3182] - sql =>create user 'proxyro' IDENTIFIED BY '3u^0kCdpE';grant select on oceanbase.* to 'proxyro' WITH GRANT OPTION;
 will be executed with connection[z1.obs0]root@sys:@6.12.232.130:42035
[2026-10-03 03:46:01.958][INFO ] [Deploy         :294] - execute db_p.z1.obs0.mysql_tenant_root create user 'proxyro' IDENTIFIED BY '3u^0kCdpE';grant select on oceanbase.* to 'proxyro' WITH GRANT OPTION; result => true
[2026-10-03 03:46:01.959][INFO ] [Deploy         :287] - execute db_p.z1.obs0.mysql_tenant_root create user 'sysslaveuser' IDENTIFIED BY 'sysslaveuser';grant select on *.* to 'sysslaveuser' WITH GRANT OPTION;
[2026-10-03 03:46:01.959][INFO ] [Role           :3182] - sql =>create user 'sysslaveuser' IDENTIFIED BY 'sysslaveuser';grant select on *.* to 'sysslaveuser' WITH GRANT OPTION;
 will be executed with connection[z1.obs0]root@sys:@6.12.232.130:42035
[2026-10-03 03:46:02.18][INFO ] [Deploy         :294] - execute db_p.z1.obs0.mysql_tenant_root create user 'sysslaveuser' IDENTIFIED BY 'sysslaveuser';grant select on *.* to 'sysslaveuser' WITH GRANT OPTION; result => true
[2026-10-03 03:46:02.19][INFO ] [Deploy         :294] - execute db_p.exec_init_sql result => true
[2026-10-03 03:46:02.19][INFO ] [Deploy         :287] - execute db_p.register_proxy
[2026-10-03 03:46:02.19][INFO ] [Deploy         :294] - execute db_p.register_proxy result => true
[2026-10-03 03:46:02.20][INFO ] [Deploy         :287] - execute db_p.deploy_proxy
[2026-10-03 03:46:02.20][INFO ] [Deploy         :294] - execute db_p.deploy_proxy result => true
[2026-10-03 03:46:02.20][INFO ] [Deploy         :287] - execute db_p.sleep 5
[2026-10-03 03:46:07.20][INFO ] [Deploy         :294] - execute db_p.sleep 5 result => true
[2026-10-03 03:46:07.21][INFO ] [Deploy         :331] - execute db_p.reboot_proxy result => true
[2026-10-03 03:46:07.21][INFO ] [Deploy         :287] - execute db_p.deploy_asvr
[2026-10-03 03:46:07.21][INFO ] [Deploy         :294] - execute db_p.deploy_asvr result => true
[2026-10-03 03:46:07.22][INFO ] [Deploy         :287] - execute db_p.sleep 5
[2026-10-03 03:46:12.22][INFO ] [Deploy         :294] - execute db_p.sleep 5 result => true
[2026-10-03 03:46:12.22][INFO ] [Deploy         :331] - execute db_p.reboot_asvr result => true
[2026-10-03 03:46:12.22][INFO ] [Deploy         :287] - execute db_p.add_asvr
[2026-10-03 03:46:12.23][INFO ] [OBI            :1509] - There is no need to add asvr.
[2026-10-03 03:46:12.23][INFO ] [Deploy         :294] - execute db_p.add_asvr result => true
[2026-10-03 03:46:12.23][INFO ] [Deploy         :287] - execute db_p.prepare_agent
[2026-10-03 03:46:12.23][INFO ] [Deploy         :294] - execute db_p.prepare_agent result => true
[2026-10-03 03:46:12.23][INFO ] [Deploy         :331] - execute db_p.reboot result => true
[2026-10-03 03:46:12.23][INFO ] [Command        :353] - start[1790970338411] time[33612] tag[Q_DEPLOY]
[2026-10-03 03:46:12.24][INFO ] [Command        :536] - > LINE => 4, CMD => Q_CONNECT, CONTENT => ob_connect(ns_setup, db_p.z1.obs0, root@sys, , oceanbase, , USE_MYSQL_CONNECTOR)
Loading class `com.mysql.jdbc.Driver'. This is deprecated. The new driver class is `com.mysql.cj.jdbc.Driver'. The driver is automatically registered via the SPI and manual loading of the driver class is generally unnecessary.
[2026-10-03 03:46:12.126][INFO ] [SQLProcessor   :1505] - ns_setup create a physical connection  using jdbc:mysql://6.12.232.130:42035/oceanbase?useAffectedRows=true&emulateUnsupportedPstmts=false&characterEncoding=utf8&useServerPrepStmts=true&prepStmtCacheSqlLimit=1000&enableQueryTimeouts=false&useLocalSessionState=false&useLocalTransactionState=false&rewriteBatchedStatements=true&allowMultiQueries=true&socketTimeout=1800000 user/pwd is root@sys/
[2026-10-03 03:46:12.328][INFO ] [SQLProcessor   :1519] - connection => ns_setup is mysql mode.
[2026-10-03 03:46:12.329][INFO ] [SQLProcessor   :1522] - put conn: dataid=ns_setup currentConn=com.mysql.cj.jdbc.ConnectionImpl@9353778 hashcode => 154482552
[2026-10-03 03:46:12.329][INFO ] [Command        :353] - start[1790970372024] time[305] tag[Q_CONNECT]
[2026-10-03 03:46:12.330][INFO ] [Command        :536] - > LINE => 5, CMD => Q_CONNECTION, CONTENT => connection ns_setup
[2026-10-03 03:46:12.330][INFO ] [SQLProcessor   :1128] - use connection => ns_setup hashcode => 154482552
[2026-10-03 03:46:12.332][INFO ] [SQLProcessor   :1158] - connection => ns_setup is mysql mode. conn=com.mysql.cj.jdbc.ConnectionImpl@9353778
[2026-10-03 03:46:12.332][INFO ] [Command        :353] - start[1790970372330] time[2] tag[Q_CONNECTION]
[2026-10-03 03:46:12.333][INFO ] [Command        :536] - > LINE => 6, CMD => Q_QUERY, CONTENT => create database replica_ns;
[2026-10-03 03:46:12.366][INFO ] [Command        :353] - start[1790970372333] time[33] tag[Q_QUERY]
[2026-10-03 03:46:12.370][INFO ] [Command        :536] - > LINE => 7, CMD => Q_QUERY, CONTENT => create table replica_ns.t(id int primary key,v int,note longtext);
[2026-10-03 03:46:12.510][INFO ] [Command        :353] - start[1790970372370] time[139] tag[Q_QUERY]
[2026-10-03 03:46:12.510][INFO ] [Command        :536] - > LINE => 8, CMD => Q_QUERY, CONTENT => insert into replica_ns.t values(1,10,repeat('baseline',2048));
[2026-10-03 03:46:12.520][INFO ] [Command        :353] - start[1790970372511] time[9] tag[Q_QUERY]
[2026-10-03 03:46:12.521][INFO ] [Command        :536] - > LINE => 9, CMD => Q_EVAL, CONTENT => FORK NAMESPACE replica_seed FROM ns1;
[2026-10-03 03:46:12.522][INFO ] [Command        :771] - eval => FORK NAMESPACE replica_seed FROM ns1;
[2026-10-03 03:46:12.527][INFO ] [Command        :353] - start[1790970372521] time[5] tag[Q_EVAL]
[2026-10-03 03:46:12.527][INFO ] [Command        :536] - > LINE => 10, CMD => Q_DEPLOY, CONTENT => db_s=OBI(cluster=1,proxy_num=0,primary=db_p);
[2026-10-03 03:46:12.528][INFO ] [DeployProcessor:78] - OBI define => db_s=OBI(cluster=1,proxy_num=0,primary=db_p)
[2026-10-03 03:46:12.528][INFO ] [Deploy         :381] - execute db_s.z_num result => 1 result type => java.lang.Integer
[2026-10-03 03:46:12.529][INFO ] [Deploy         :464] - assign rpc port. observer=>db_s.z1.obs0, rpc_port=>42001
[2026-10-03 03:46:12.529][INFO ] [Deploy         :471] - assign mysql port. observer=>db_s.z1.obs0, mysql_port=>42036
[2026-10-03 03:46:12.529][INFO ] [Deploy         :478] - assign backup io rpc port. observer=>db_s.z1.obs0, obesi_port=>42071
[2026-10-03 03:46:12.530][INFO ] [OBLog          :99] - config.ob_version='.'
[2026-10-03 03:46:12.530][INFO ] [OBLog          :100] - config.oblog_version='default'
[2026-10-03 03:46:12.530][INFO ] [OBLog          :117] - set oblog version='.'
[2026-10-03 03:46:12.530][INFO ] [OBLog          :126] - set oblog work_dir=''
[2026-10-03 03:46:12.530][INFO ] [OBLog          :148] - oblog.is_obcdc_exist: false
[2026-10-03 03:46:12.530][INFO ] [OBLog          :149] - oblog.exec: oblog/oblog_tailf
[2026-10-03 03:46:12.530][INFO ] [OBLog          :150] - oblog.configFile: oblog/liboblog.conf
[2026-10-03 03:46:12.530][INFO ] [OBLog          :151] - oblog.dataFile: oblog/data.log
[2026-10-03 03:46:12.531][INFO ] [OBLog          :152] - oblog.envCon: LD_LIBRARY_PATH=oblog:$LD_LIBRARY_PATH
[2026-10-03 03:46:12.531][INFO ] [OBLog          :153] - oblog.startCmdHead: ulimit -c unlimited; LD_LIBRARY_PATH=oblog:$LD_LIBRARY_PATH oblog/oblog_tailf
[2026-10-03 03:46:12.531][INFO ] [OBLog          :154] - oblog.defaultStartCmd: ulimit -c unlimited; LD_LIBRARY_PATH=oblog:$LD_LIBRARY_PATH oblog/oblog_tailf  -f oblog/liboblog.conf -D oblog/data.log -H oblog/heartbeat.log -d
[2026-10-03 03:46:12.782][INFO ] [Deploy         :1128] - start observer version is lite mode: true
[2026-10-03 03:46:12.782][INFO ] [Command        :353] - start[1790970372527] time[254] tag[Q_DEPLOY]
[2026-10-03 03:46:12.783][INFO ] [Command        :536] - > LINE => 11, CMD => Q_DEPLOY, CONTENT => db_s.reboot;
[2026-10-03 03:46:12.783][INFO ] [DeployProcessor:93] - deploy => db_s.reboot
[2026-10-03 03:46:12.784][INFO ] [Deploy         :287] - execute db_s.reset
[2026-10-03 03:46:12.784][INFO ] [Deploy         :381] - execute db_s.lite_mode result => true result type => java.lang.Boolean
[2026-10-03 03:46:12.784][INFO ] [Deploy         :294] - execute db_s.reset result => true
[2026-10-03 03:46:12.784][INFO ] [Deploy         :287] - execute db_s.clean_asvr
[2026-10-03 03:46:12.785][INFO ] [Deploy         :294] - execute db_s.clean_asvr result => true
[2026-10-03 03:46:12.787][INFO ] [Deploy         :287] - execute db_s.z1.obs0.force_stop_asvr
[2026-10-03 03:46:12.787][INFO ] [Role           :1228] - pkill -9 -u nijia.nj -f '^/data/1/nijia.nj/test/namespace_standby_20261003_v1/work/db_s.asvr0/bin/observer' on 6.12.232.130
[2026-10-03 03:46:12.804][INFO ] [Role           :1230] - pkill asvr result is => 1
[2026-10-03 03:46:12.804][INFO ] [Deploy         :294] - execute db_s.z1.obs0.force_stop_asvr result => true
[2026-10-03 03:46:12.804][INFO ] [Deploy         :287] - execute db_s.z1.obs0.rmdir_asvr
[2026-10-03 03:46:12.805][INFO ] [Role           :1237] - try to remove asvr dir server  => db_s.z1.obs0
[2026-10-03 03:46:12.808][INFO ] [Role           :1264] - rm -fr /data/1/nijia.nj/test/namespace_standby_20261003_v1/work/db_s.asvr0 , on => 6.12.232.130 rc => 0 stdout => null
[2026-10-03 03:46:12.809][INFO ] [Deploy         :294] - execute db_s.z1.obs0.rmdir_asvr result => true
[2026-10-03 03:46:12.809][INFO ] [Deploy         :331] - execute db_s.z1.obs0.clean_asvr  result => true
[2026-10-03 03:46:12.809][INFO ] [Deploy         :362] - execute db_s.z1.clean_asvr  result => true [true]
[2026-10-03 03:46:12.810][INFO ] [Deploy         :362] - execute db_s.clean_asvr_everywhere result => true [true]
[2026-10-03 03:46:12.810][INFO ] [Deploy         :331] - execute db_s.clean_all_asvr result => true
[2026-10-03 03:46:12.810][INFO ] [Deploy         :287] - execute db_s.deploy_logservice
[2026-10-03 03:46:12.810][INFO ] [Deploy         :294] - execute db_s.deploy_logservice result => true
[2026-10-03 03:46:12.810][INFO ] [Deploy         :287] - execute db_s.bootstrap_logservice
[2026-10-03 03:46:12.811][INFO ] [Deploy         :294] - execute db_s.bootstrap_logservice result => true
[2026-10-03 03:46:12.811][INFO ] [Deploy         :331] - execute db_s.reboot_logservice result => true
[2026-10-03 03:46:12.812][INFO ] [Deploy         :287] - execute db_s.z1.check_local_bin
[2026-10-03 03:46:12.816][INFO ] [Deploy         :294] - execute db_s.z1.check_local_bin result => true
[2026-10-03 03:46:12.817][INFO ] [Deploy         :287] - execute db_s.z1.check_ssh
[2026-10-03 03:46:12.817][INFO ] [Deploy         :294] - execute db_s.z1.check_ssh result => true
[2026-10-03 03:46:12.817][INFO ] [Deploy         :287] - execute db_s.z1.obs0.check_dir 
[2026-10-03 03:46:12.824][INFO ] [Deploy         :294] - execute db_s.z1.obs0.check_dir  result => true
[2026-10-03 03:46:12.825][INFO ] [Deploy         :362] - execute db_s.z1.check_dir result => true [true]
[2026-10-03 03:46:12.825][INFO ] [Deploy         :287] - execute db_s.z1.obs0.force_stop 
[2026-10-03 03:46:12.826][INFO ] [Role           :1307] - pkill -9 -u nijia.nj -f '^/data/1/nijia.nj/test/namespace_standby_20261003_v1/work/db_s.z1.obs0/bin/observer|^/data/1/nijia.nj/test/namespace_standby_20261003_v1/work/db_s.z1.obs0/bin/obesi' on 6.12.232.130
[2026-10-03 03:46:12.844][INFO ] [Role           :1309] - pkill result is => 0
[2026-10-03 03:46:12.845][INFO ] [Role           :1142] - wait stop /data/1/nijia.nj/test/namespace_standby_20261003_v1/work/db_s.z1.obs0/bin/observer on 6.12.232.130
[2026-10-03 03:46:12.845][INFO ] [Role           :1190] - ps uxf | grep "/data/1/nijia.nj/test/namespace_standby_20261003_v1/work/db_s.z1.obs0/bin/observer" | grep -v grep
[2026-10-03 03:46:12.884][INFO ] [Role           :1154] - check port on 6.12.232.130
[2026-10-03 03:46:12.884][INFO ] [RemoteShell    :143] - netstat -lpnt 2>/dev/null | grep '0.0.0.0:42001 ' | awk -F ' ' '{print $7}'
[2026-10-03 03:46:12.913][INFO ] [RemoteShell    :143] - netstat -lpnt 2>/dev/null | grep '0.0.0.0:42036 ' | awk -F ' ' '{print $7}'
[2026-10-03 03:46:12.942][ERROR] [RemoteShell    :146] - 42036 in use, PID/Program name : -
[2026-10-03 03:46:12.943][INFO ] [Role           :1154] - check port on 6.12.232.130
[2026-10-03 03:46:12.943][INFO ] [RemoteShell    :143] - netstat -lpnt 2>/dev/null | grep '0.0.0.0:42001 ' | awk -F ' ' '{print $7}'
[2026-10-03 03:46:12.968][INFO ] [RemoteShell    :143] - netstat -lpnt 2>/dev/null | grep '0.0.0.0:42036 ' | awk -F ' ' '{print $7}'
[2026-10-03 03:46:13.00][INFO ] [Role           :1164] - stop obs0 took 3 s
[2026-10-03 03:46:13.00][INFO ] [Deploy         :294] - execute db_s.z1.obs0.force_stop  result => true
[2026-10-03 03:46:13.00][INFO ] [Deploy         :362] - execute db_s.z1.force_stop result => true [true]
[2026-10-03 03:46:13.01][INFO ] [Deploy         :362] - execute db_s.z1.force_stop_logstore result => true []
[2026-10-03 03:46:13.01][INFO ] [Deploy         :331] - execute db_s.z1.force_stop_all result => true
[2026-10-03 03:46:13.02][INFO ] [Deploy         :287] - execute db_s.z1.obs0.rmdir 
[2026-10-03 03:46:13.02][INFO ] [Deploy         :381] - execute db_s.lite_mode result => true result type => java.lang.Boolean
[2026-10-03 03:46:13.03][INFO ] [Role           :1395] - rm -fr /data/1/nijia.nj/test/namespace_standby_20261003_v1/data/db_s.z1.obs0.nijia.nj/sstable /data/1/nijia.nj/test/namespace_standby_20261003_v1/clog/db_s.z1.obs0.nijia.nj/store /data/1/nijia.nj/test/namespace_standby_20261003_v1/clog/db_s.z1.obs0.nijia.nj/store/slog /data/1/nijia.nj/test/namespace_standby_20261003_v1/data/db_s.z1.obs0.nijia.nj/sort_dir , on => 6.12.232.130
[2026-10-03 03:46:13.11][INFO ] [Role           :1397] - rm -fr /data/1/nijia.nj/test/namespace_standby_20261003_v1/data/db_s.z1.obs0.nijia.nj/sstable /data/1/nijia.nj/test/namespace_standby_20261003_v1/clog/db_s.z1.obs0.nijia.nj/store /data/1/nijia.nj/test/namespace_standby_20261003_v1/clog/db_s.z1.obs0.nijia.nj/store/slog /data/1/nijia.nj/test/namespace_standby_20261003_v1/data/db_s.z1.obs0.nijia.nj/sort_dir , on => 6.12.232.130 rc => 0 stdout => null
[2026-10-03 03:46:13.50][INFO ] [Role           :1402] - rm -fr /data/1/nijia.nj/test/namespace_standby_20261003_v1/work/db_s.z1.obs0/log , on => 6.12.232.130 rc => 0 stdout => null
[2026-10-03 03:46:13.58][INFO ] [Role           :1407] - rm -fr /data/1/nijia.nj/test/namespace_standby_20261003_v1/work/db_s.z1.obs0/admin , on => 6.12.232.130 rc => 0 stdout => null
[2026-10-03 03:46:13.62][INFO ] [Role           :1412] - rm -fr /data/1/nijia.nj/test/namespace_standby_20261003_v1/work/db_s.z1.obs0/wallet , on => 6.12.232.130 rc => 0 stdout => null
[2026-10-03 03:46:13.67][INFO ] [Role           :1417] - rm -fr /data/1/nijia.nj/test/namespace_standby_20261003_v1/work/db_s.z1.obs0/etc/observer.c*nf*.bin* /data/1/nijia.nj/test/namespace_standby_20261003_v1/work/db_s.z1.obs0/etc/seekdb.c*nf*.bin* , on => 6.12.232.130 rc => 0 stdout => null
[2026-10-03 03:46:13.72][INFO ] [Role           :1423] - rm -fr /data/1/nijia.nj/test/namespace_standby_20261003_v1/work/db_s.z1.obs0/etc/observer.data_version.bin* /data/1/nijia.nj/test/namespace_standby_20261003_v1/work/db_s.z1.obs0/etc/seekdb.data_version.bin* , on => 6.12.232.130 rc => 0 stdout => null
[2026-10-03 03:46:13.78][INFO ] [Role           :1429] - rm -fr /data/1/nijia.nj/test/namespace_standby_20261003_v1/work/db_s.z1.obs0/etc2/observer.c*nf*.bin* , on => 6.12.232.130 rc => 0 stdout => null
[2026-10-03 03:46:13.81][INFO ] [Role           :1434] - rm -fr /data/1/nijia.nj/test/namespace_standby_20261003_v1/work/db_s.z1.obs0/etc3/observer.c*nf*.bin* , on => 6.12.232.130 rc => 0 stdout => null
[2026-10-03 03:46:13.86][INFO ] [Role           :1439] - rm -fr /data/1/nijia.nj/test/namespace_standby_20261003_v1/work/db_s.z1.obs0/run/observer.pid /data/1/nijia.nj/test/namespace_standby_20261003_v1/work/db_s.z1.obs0/run/seekdb.pid , on => 6.12.232.130 rc => 0 stdout => null
[2026-10-03 03:46:13.90][INFO ] [Role           :1444] - rm -fr /data/1/nijia.nj/test/namespace_standby_20261003_v1/work/db_s.z1.obs0/store/clog_shm , on => 6.12.232.130 rc => 0 stdout => null
[2026-10-03 03:46:13.94][INFO ] [Role           :1449] - rm -fr /data/1/nijia.nj/test/namespace_standby_20261003_v1/work/db_s.z1.obs0/store/ilog_shm , on => 6.12.232.130 rc => 0 stdout => null
[2026-10-03 03:46:13.98][INFO ] [Role           :1454] - rm -fr /data/1/nijia.nj/test/namespace_standby_20261003_v1/work/db_s.z1.obs0/store/manifest* , on => 6.12.232.130 rc => 0 stdout => null
[2026-10-03 03:46:13.106][INFO ] [Role           :1467] - rm -fr /data/1/nijia.nj/test/namespace_standby_20261003_v1/work/db_s.z1.obs0/core* , on => 6.12.232.130 rc => 0 stdout => null
[2026-10-03 03:46:13.110][INFO ] [Role           :1504] - rm -fr /data/1/nijia.nj/test/namespace_standby_20261003_v1/clog/db_s.z1.obs0.nijia.nj/ /data/1/nijia.nj/test/namespace_standby_20261003_v1/data/db_s.z1.obs0.nijia.nj/ , on => 6.12.232.130 rc => 0 stdout => null
[2026-10-03 03:46:13.376][INFO ] [Role           :1510] - rm -fr /data/1/nijia.nj/test/namespace_standby_20261003_v1/work/db_s.z1.obs0 , on => 6.12.232.130 rc => 0 stdout => null
[2026-10-03 03:46:13.383][INFO ] [Deploy         :294] - execute db_s.z1.obs0.rmdir  result => true
[2026-10-03 03:46:13.384][INFO ] [Deploy         :362] - execute db_s.z1.rmdir result => true [true]
[2026-10-03 03:46:13.384][INFO ] [Deploy         :331] - execute db_s.z1.cleanup result => true
[2026-10-03 03:46:13.385][INFO ] [Deploy         :362] - execute db_s.z1.cleanup_logstore result => true []
[2026-10-03 03:46:13.385][INFO ] [Deploy         :331] - execute db_s.z1.cleanup_all result => true
[2026-10-03 03:46:13.385][INFO ] [Deploy         :287] - execute db_s.z1.genconf
[2026-10-03 03:46:13.385][INFO ] [Deploy         :294] - execute db_s.z1.genconf result => true
[2026-10-03 03:46:13.385][INFO ] [Deploy         :287] - execute db_s.z1.obs0.mkdir 
[2026-10-03 03:46:13.386][INFO ] [Role           :1768] - mkdir -p /data/1/nijia.nj/test/namespace_standby_20261003_v1/work/db_s.z1.obs0/store/;mkdir -p /data/1/nijia.nj/test/namespace_standby_20261003_v1/clog/db_s.z1.obs0.nijia.nj/store/clog /data/1/nijia.nj/test/namespace_standby_20261003_v1/clog/db_s.z1.obs0.nijia.nj/store/ilog /data/1/nijia.nj/test/namespace_standby_20261003_v1/clog/db_s.z1.obs0.nijia.nj/store/slog /data/1/nijia.nj/test/namespace_standby_20261003_v1/data/db_s.z1.obs0.nijia.nj/sort_dir /data/1/nijia.nj/test/namespace_standby_20261003_v1/data/db_s.z1.obs0.nijia.nj/sstable;ln -sf /data/1/nijia.nj/test/namespace_standby_20261003_v1/data/db_s.z1.obs0.nijia.nj/sstable /data/1/nijia.nj/test/namespace_standby_20261003_v1/work/db_s.z1.obs0/store/;ln -sf /data/1/nijia.nj/test/namespace_standby_20261003_v1/clog/db_s.z1.obs0.nijia.nj/store/clog /data/1/nijia.nj/test/namespace_standby_20261003_v1/work/db_s.z1.obs0/store/;ln -sf /data/1/nijia.nj/test/namespace_standby_20261003_v1/clog/db_s.z1.obs0.nijia.nj/store/ilog /data/1/nijia.nj/test/namespace_standby_20261003_v1/work/db_s.z1.obs0/store/;ln -sf /data/1/nijia.nj/test/namespace_standby_20261003_v1/clog/db_s.z1.obs0.nijia.nj/store/slog /data/1/nijia.nj/test/namespace_standby_20261003_v1/work/db_s.z1.obs0/store/;ln -sf /data/1/nijia.nj/test/namespace_standby_20261003_v1/data/db_s.z1.obs0.nijia.nj/sort_dir /data/1/nijia.nj/test/namespace_standby_20261003_v1/work/db_s.z1.obs0/store/ on 6.12.232.130
[2026-10-03 03:46:13.401][INFO ] [Deploy         :294] - execute db_s.z1.obs0.mkdir  result => true
[2026-10-03 03:46:13.401][INFO ] [Deploy         :362] - execute db_s.z1.mkdir_obs result => true [true]
[2026-10-03 03:46:13.402][INFO ] [Deploy         :362] - execute db_s.z1.mkdir_logstore result => true []
[2026-10-03 03:46:13.402][INFO ] [Deploy         :331] - execute db_s.z1.mkdir result => true
[2026-10-03 03:46:13.403][INFO ] [Deploy         :287] - execute db_s.z1.obs0.rsync 
[2026-10-03 03:46:13.404][INFO ] [Role           :1648] - sync server finish, time = 1
[2026-10-03 03:46:13.404][INFO ] [Role           :1563] - rsync server => db_s.z1.obs0 version if specified => .
[2026-10-03 03:46:13.408][INFO ] [Role           :1635] - check disk dir ==> './admin' exist
[2026-10-03 03:46:13.413][WARN ] [Role           :1638] - check disk dir ==> './plugin_dir' not exist
[2026-10-03 03:46:13.417][INFO ] [Role           :1635] - check disk dir ==> './wallet' exist
[2026-10-03 03:46:13.417][INFO ] [Role           :1590] - transfer cmd to =>  rsync -WrptgoDRLv --timeout=600 bin etc lib  admin  wallet /data/1/nijia.nj/test/namespace_standby_20261003_v1/work/db_s.z1.obs0
[2026-10-03 03:46:20.819][INFO ] [Role           :1604] - rsync cmd =>  rsync -WrptgoDRLv --timeout=600 bin etc lib  admin  wallet /data/1/nijia.nj/test/namespace_standby_20261003_v1/work/db_s.z1.obs0
[2026-10-03 03:46:20.820][INFO ] [Deploy         :294] - execute db_s.z1.obs0.rsync  result => true
[2026-10-03 03:46:20.820][INFO ] [Deploy         :362] - execute db_s.z1.rsync_obs result => true [true]
[2026-10-03 03:46:20.821][INFO ] [Deploy         :362] - execute db_s.z1.rsync_logstore result => true []
[2026-10-03 03:46:20.821][INFO ] [Deploy         :331] - execute db_s.z1.rsync result => true
[2026-10-03 03:46:20.821][INFO ] [Deploy         :362] - execute db_s.z1.start_logstore result => true []
[2026-10-03 03:46:20.821][INFO ] [Deploy         :287] - execute db_s.z1.sleep 5
[2026-10-03 03:46:25.821][INFO ] [Deploy         :294] - execute db_s.z1.sleep 5 result => true
[2026-10-03 03:46:25.822][INFO ] [Deploy         :287] - execute db_s.z1.obs0.start 
[2026-10-03 03:46:25.823][INFO ] [Deploy         :381] - execute db_s.lite_mode result => true result type => java.lang.Boolean
[2026-10-03 03:46:25.823][INFO ] [Deploy         :381] - execute db_s.lite_mode result => true result type => java.lang.Boolean
6.12.232.130 is not a valid IPv6 address.
[2026-10-03 03:46:25.824][INFO ] [Role           :539] - cluster_id1
[2026-10-03 03:46:25.824][INFO ] [Deploy         :381] - execute db_s.z_num result => 1 result type => java.lang.Integer
[2026-10-03 03:46:25.824][INFO ] [Role           :552] - db_s have 1 ZONE
[2026-10-03 03:46:25.824][INFO ] [Role           :584] - ofs_list ofs_list='z1@' has_ofs_zone false
[2026-10-03 03:46:25.825][INFO ] [Role           :637] - ulimit -c unlimited -s 4096;cd /data/1/nijia.nj/test/namespace_standby_20261003_v1/work/db_s.z1.obs0;LD_LIBRARY_PATH=./lib:/usr/local/lib:/usr/lib:/usr/lib64:/usr/local/lib64:$LD_LIBRARY_PATH /data/1/nijia.nj/test/namespace_standby_20261003_v1/work/db_s.z1.obs0/bin/observer --port 42036 --data-dir /data/1/nijia.nj/test/namespace_standby_20261003_v1/work/db_s.z1.obs0/store --redo-dir /data/1/nijia.nj/test/namespace_standby_20261003_v1/work/db_s.z1.obs0/store/clog  --role=STANDBY --parameter log_restore_source=6.12.232.130:42000 --parameter enable_rpc_service=true --parameter rpc_port=42001 --parameter datafile_size='2G' --parameter log_disk_size='2G' --parameter cpu_count=4 --parameter memory_limit='8G' on 6.12.232.130
[2026-10-03 03:46:25.884][INFO ] [Deploy         :294] - execute db_s.z1.obs0.start  result => true
[2026-10-03 03:46:25.885][INFO ] [Deploy         :362] - execute db_s.z1.start_obs result => true [true]
[2026-10-03 03:46:25.885][INFO ] [Deploy         :331] - execute db_s.z1.start result => true
[2026-10-03 03:46:25.885][INFO ] [Deploy         :287] - execute db_s.z1.sleep 8
[2026-10-03 03:46:33.886][INFO ] [Deploy         :294] - execute db_s.z1.sleep 8 result => true
[2026-10-03 03:46:33.886][INFO ] [Deploy         :331] - execute db_s.z1.reboot  result => true
[2026-10-03 03:46:33.886][INFO ] [Deploy         :362] - execute db_s.deploy result => true [true]
[2026-10-03 03:46:33.887][INFO ] [Deploy         :287] - execute db_s.sleep 5
[2026-10-03 03:46:38.887][INFO ] [Deploy         :294] - execute db_s.sleep 5 result => true
[2026-10-03 03:46:38.887][INFO ] [Deploy         :287] - execute db_s.bootstrap
[2026-10-03 03:46:38.888][INFO ] [Deploy         :381] - execute db_s.z_num result => 1 result type => java.lang.Integer
[2026-10-03 03:46:38.888][INFO ] [Deploy         :381] - execute db_s.zone_names result => [Ljava.lang.String;@1afd44cb result type => [Ljava.lang.String;
[2026-10-03 03:46:38.888][INFO ] [Deploy         :381] - execute db_s.z1.obs_num result => 1 result type => java.lang.Integer
[2026-10-03 03:46:38.888][INFO ] [Deploy         :287] - execute db_s.z1.obs0.get status
[2026-10-03 03:46:38.889][WARN ] [Deploy         :298] - execute db_s.z1.obs0.get status result => null
[2026-10-03 03:46:38.889][INFO ] [Deploy         :381] - execute db_s.lite_mode result => true result type => java.lang.Boolean
[2026-10-03 03:46:38.889][INFO ] [Deploy         :294] - execute db_s.bootstrap result => true
[2026-10-03 03:46:38.889][INFO ] [Deploy         :287] - execute db_s.addserver
[2026-10-03 03:46:38.889][INFO ] [Deploy         :381] - execute db_s.z_num result => 1 result type => java.lang.Integer
[2026-10-03 03:46:38.889][INFO ] [Deploy         :381] - execute db_s.zone_names result => [Ljava.lang.String;@1afd44cb result type => [Ljava.lang.String;
[2026-10-03 03:46:38.889][INFO ] [Deploy         :381] - execute db_s.z1.obs_num result => 1 result type => java.lang.Integer
[2026-10-03 03:46:38.889][INFO ] [Deploy         :294] - execute db_s.addserver result => true
[2026-10-03 03:46:38.889][INFO ] [Deploy         :287] - execute db_s.exec_init_sql
[2026-10-03 03:46:38.889][INFO ] [Deploy         :381] - execute db_s.lite_mode result => true result type => java.lang.Boolean
[2026-10-03 03:46:38.889][INFO ] [Deploy         :294] - execute db_s.exec_init_sql result => true
[2026-10-03 03:46:38.889][INFO ] [Deploy         :287] - execute db_s.register_proxy
[2026-10-03 03:46:38.890][INFO ] [Deploy         :294] - execute db_s.register_proxy result => true
[2026-10-03 03:46:38.890][INFO ] [Deploy         :287] - execute db_s.deploy_proxy
[2026-10-03 03:46:38.890][INFO ] [Deploy         :294] - execute db_s.deploy_proxy result => true
[2026-10-03 03:46:38.890][INFO ] [Deploy         :287] - execute db_s.sleep 5
[2026-10-03 03:46:43.890][INFO ] [Deploy         :294] - execute db_s.sleep 5 result => true
[2026-10-03 03:46:43.891][INFO ] [Deploy         :331] - execute db_s.reboot_proxy result => true
[2026-10-03 03:46:43.891][INFO ] [Deploy         :287] - execute db_s.deploy_asvr
[2026-10-03 03:46:43.891][INFO ] [Deploy         :294] - execute db_s.deploy_asvr result => true
[2026-10-03 03:46:43.891][INFO ] [Deploy         :287] - execute db_s.sleep 5
[2026-10-03 03:46:48.891][INFO ] [Deploy         :294] - execute db_s.sleep 5 result => true
[2026-10-03 03:46:48.892][INFO ] [Deploy         :331] - execute db_s.reboot_asvr result => true
[2026-10-03 03:46:48.892][INFO ] [Deploy         :287] - execute db_s.add_asvr
[2026-10-03 03:46:48.892][INFO ] [OBI            :1509] - There is no need to add asvr.
[2026-10-03 03:46:48.892][INFO ] [Deploy         :294] - execute db_s.add_asvr result => true
[2026-10-03 03:46:48.892][INFO ] [Deploy         :287] - execute db_s.prepare_agent
[2026-10-03 03:46:48.893][INFO ] [Deploy         :294] - execute db_s.prepare_agent result => true
[2026-10-03 03:46:48.893][INFO ] [Deploy         :331] - execute db_s.reboot result => true
[2026-10-03 03:46:48.893][INFO ] [Command        :353] - start[1790970372783] time[36109] tag[Q_DEPLOY]
[2026-10-03 03:46:48.893][INFO ] [Command        :536] - > LINE => 12, CMD => Q_SLEEP, CONTENT => 3
[2026-10-03 03:46:51.893][INFO ] [Command        :353] - start[1790970408893] time[3000] tag[Q_SLEEP]
[2026-10-03 03:46:51.898][INFO ] [ResultHandler  :135] - the result is not expected,here is the diff
[2026-10-03 03:46:51.898][INFO ] [ResultHandler  :136] - 
--- r/stanby/namespace_setup_local.result	2026-10-03 03:42:31.215918667 +0800
+++ r/stanby/namespace_setup_local.reject	2026-10-03 03:46:51.894103419 +0800
@@ -0,0 +1 @@
+
[2026-10-03 03:46:51.898][ERROR] [MyTest         :140] - test failed, use 'vimdiff r/stanby/namespace_setup_local.reject r/stanby/namespace_setup_local.result'
[2026-10-03 03:46:51.908][INFO ] [Deploy         :287] - execute db_p.z1.obs0.gen_pstack 
[2026-10-03 03:46:51.941][WARN ] [Role           :2029] - execute cmd =>pstack  3082273 > /data/1/nijia.nj/test/namespace_standby_20261003_v1/work/db_p.z1.obs0/log/pstack.3082273.log && kill -60 3082273 fail!
[2026-10-03 03:46:51.944][INFO ] [Deploy         :287] - execute db_p.z1.obs0.save_log 
[2026-10-03 03:46:52.30][INFO ] [Deploy         :287] - execute db_s.z1.obs0.gen_pstack 
[2026-10-03 03:46:52.151][WARN ] [Role           :2029] - execute cmd =>pstack  3083544 > /data/1/nijia.nj/test/namespace_standby_20261003_v1/work/db_s.z1.obs0/log/pstack.3083544.log && kill -60 3083544 fail!
[2026-10-03 03:46:52.153][INFO ] [Deploy         :287] - execute db_s.z1.obs0.save_log 
[2026-10-03 03:46:52.288][INFO ] [TestCase       :612] - collecting the backup files, executing - cp -r /data/1/nijia.nj/test/namespace_standby_20261003_v1/backup/ob*.nijia.nj collected_log/namespace_setup_local/backup_files/
[2026-10-03 03:46:52.302][INFO ] [MyTest         :151] - cost ts 74s exitcode 254
Shutdown hook ran!
