Run case stanby/namespace_setup_local
[2026-10-03 03:44:16.36][INFO ] [MyTest         :78] - print args => [-use_ob_connector, true, -result_file, r/stanby/namespace_setup_local.result, -test_file, t/stanby/namespace_setup_local.test]
[-use_ob_connector, true, -result_file, r/stanby/namespace_setup_local.result, -test_file, t/stanby/namespace_setup_local.test]
[2026-10-03 03:44:16.38][INFO ] [MyTest         :81] - start case => t/stanby/namespace_setup_local.test
[2026-10-03 03:44:16.44][INFO ] [MyTest         :84] - use data id => obtest_nijia.nj_6.12.232.130
[2026-10-03 03:44:16.127][INFO ] [TestCase       :107] - initilize deploy processor
[2026-10-03 03:44:16.140][INFO ] [DeployConfig   :590] - config port and dataid. port_base=>1124, obs_port=>1124, mysql_port=>1159, data_id=>obtest_nijia.nj_6.12.232.130_0, port_offset=>0
[2026-10-03 03:44:16.190][INFO ] [DeployConfig   :577] - config port and dataid. port_base=>42000, obs_port=>42000, mysql_port=>42035, data_id=>obtest_nijia.nj_6.12.232.130_042000
[2026-10-03 03:44:16.195][INFO ] [OfsProcessor   :53] - ofs_deployer: null/hap.py
[2026-10-03 03:44:16.196][INFO ] [OfsCreateTenantProcessor:32] - ofsshell: null/../../bin/ofsshell
[2026-10-03 03:44:16.197][INFO ] [TestCase       :761] - Read file => t/stanby/namespace_setup_local.test
[2026-10-03 03:44:16.198][INFO ] [TestCase       :721] - Finish read case: file_lines => 12, lineNo => 12
[2026-10-03 03:44:16.206][INFO ] [Command        :536] - > LINE => 1, CMD => Q_DISABLE_ALL_RESULT_LOG, CONTENT => --disable_all_result_log
[2026-10-03 03:44:16.208][INFO ] [Command        :353] - start[1790970256207] time[0] tag[Q_DISABLE_ALL_RESULT_LOG]
[2026-10-03 03:44:16.211][INFO ] [Command        :536] - > LINE => 2, CMD => Q_DEPLOY, CONTENT => db_p=OBI(cluster=1,proxy_num=0,role=primary);
[2026-10-03 03:44:16.214][INFO ] [DeployProcessor:78] - OBI define => db_p=OBI(cluster=1,proxy_num=0,role=primary)
[2026-10-03 03:44:16.230][INFO ] [Deploy         :381] - execute db_p.z_num result => 1 result type => java.lang.Integer
[2026-10-03 03:44:16.294][INFO ] [Deploy         :464] - assign rpc port. observer=>db_p.z1.obs0, rpc_port=>42000
[2026-10-03 03:44:16.294][INFO ] [Deploy         :471] - assign mysql port. observer=>db_p.z1.obs0, mysql_port=>42035
[2026-10-03 03:44:16.295][INFO ] [Deploy         :478] - assign backup io rpc port. observer=>db_p.z1.obs0, obesi_port=>42070
[2026-10-03 03:44:16.301][INFO ] [OBLog          :99] - config.ob_version='.'
[2026-10-03 03:44:16.302][INFO ] [OBLog          :100] - config.oblog_version='default'
[2026-10-03 03:44:16.302][INFO ] [OBLog          :117] - set oblog version='.'
[2026-10-03 03:44:16.302][INFO ] [OBLog          :126] - set oblog work_dir=''
[2026-10-03 03:44:16.302][INFO ] [OBLog          :148] - oblog.is_obcdc_exist: false
[2026-10-03 03:44:16.303][INFO ] [OBLog          :149] - oblog.exec: oblog/oblog_tailf
[2026-10-03 03:44:16.303][INFO ] [OBLog          :150] - oblog.configFile: oblog/liboblog.conf
[2026-10-03 03:44:16.303][INFO ] [OBLog          :151] - oblog.dataFile: oblog/data.log
[2026-10-03 03:44:16.303][INFO ] [OBLog          :152] - oblog.envCon: LD_LIBRARY_PATH=oblog:$LD_LIBRARY_PATH
[2026-10-03 03:44:16.304][INFO ] [OBLog          :153] - oblog.startCmdHead: ulimit -c unlimited; LD_LIBRARY_PATH=oblog:$LD_LIBRARY_PATH oblog/oblog_tailf
[2026-10-03 03:44:16.304][INFO ] [OBLog          :154] - oblog.defaultStartCmd: ulimit -c unlimited; LD_LIBRARY_PATH=oblog:$LD_LIBRARY_PATH oblog/oblog_tailf  -f oblog/liboblog.conf -D oblog/data.log -H oblog/heartbeat.log -d
[2026-10-03 03:44:16.589][INFO ] [Deploy         :1128] - start observer version is lite mode: true
[2026-10-03 03:44:16.590][INFO ] [Command        :353] - start[1790970256212] time[377] tag[Q_DEPLOY]
[2026-10-03 03:44:16.591][INFO ] [Command        :536] - > LINE => 3, CMD => Q_DEPLOY, CONTENT => db_p.reboot;
[2026-10-03 03:44:16.592][INFO ] [DeployProcessor:93] - deploy => db_p.reboot
[2026-10-03 03:44:16.592][INFO ] [Deploy         :287] - execute db_p.reset
[2026-10-03 03:44:16.592][INFO ] [Deploy         :381] - execute db_p.lite_mode result => true result type => java.lang.Boolean
[2026-10-03 03:44:16.593][INFO ] [Deploy         :294] - execute db_p.reset result => true
[2026-10-03 03:44:16.593][INFO ] [Deploy         :287] - execute db_p.clean_asvr
[2026-10-03 03:44:16.593][INFO ] [Deploy         :294] - execute db_p.clean_asvr result => true
[2026-10-03 03:44:16.599][INFO ] [Deploy         :287] - execute db_p.z1.obs0.force_stop_asvr
[2026-10-03 03:44:16.600][INFO ] [Role           :1228] - pkill -9 -u nijia.nj -f '^/data/1/nijia.nj/test/namespace_standby_20261003_v1/work/db_p.asvr0/bin/observer' on 6.12.232.130
[2026-10-03 03:44:16.631][INFO ] [Role           :1230] - pkill asvr result is => 1
[2026-10-03 03:44:16.631][INFO ] [Deploy         :294] - execute db_p.z1.obs0.force_stop_asvr result => true
[2026-10-03 03:44:16.632][INFO ] [Deploy         :287] - execute db_p.z1.obs0.rmdir_asvr
[2026-10-03 03:44:16.632][INFO ] [Role           :1237] - try to remove asvr dir server  => db_p.z1.obs0
[2026-10-03 03:44:16.638][INFO ] [Role           :1264] - rm -fr /data/1/nijia.nj/test/namespace_standby_20261003_v1/work/db_p.asvr0 , on => 6.12.232.130 rc => 0 stdout => null
[2026-10-03 03:44:16.638][INFO ] [Deploy         :294] - execute db_p.z1.obs0.rmdir_asvr result => true
[2026-10-03 03:44:16.638][INFO ] [Deploy         :331] - execute db_p.z1.obs0.clean_asvr  result => true
[2026-10-03 03:44:16.639][INFO ] [Deploy         :362] - execute db_p.z1.clean_asvr  result => true [true]
[2026-10-03 03:44:16.639][INFO ] [Deploy         :362] - execute db_p.clean_asvr_everywhere result => true [true]
[2026-10-03 03:44:16.640][INFO ] [Deploy         :331] - execute db_p.clean_all_asvr result => true
[2026-10-03 03:44:16.640][INFO ] [Deploy         :287] - execute db_p.deploy_logservice
[2026-10-03 03:44:16.641][INFO ] [Deploy         :294] - execute db_p.deploy_logservice result => true
[2026-10-03 03:44:16.641][INFO ] [Deploy         :287] - execute db_p.bootstrap_logservice
[2026-10-03 03:44:16.641][INFO ] [Deploy         :294] - execute db_p.bootstrap_logservice result => true
[2026-10-03 03:44:16.641][INFO ] [Deploy         :331] - execute db_p.reboot_logservice result => true
[2026-10-03 03:44:16.643][INFO ] [Deploy         :287] - execute db_p.z1.check_local_bin
[2026-10-03 03:44:16.649][INFO ] [Deploy         :294] - execute db_p.z1.check_local_bin result => true
[2026-10-03 03:44:16.650][INFO ] [Deploy         :287] - execute db_p.z1.check_ssh
[2026-10-03 03:44:16.650][INFO ] [Deploy         :294] - execute db_p.z1.check_ssh result => true
[2026-10-03 03:44:16.651][INFO ] [Deploy         :287] - execute db_p.z1.obs0.check_dir 
[2026-10-03 03:44:16.662][INFO ] [Deploy         :294] - execute db_p.z1.obs0.check_dir  result => true
[2026-10-03 03:44:16.673][INFO ] [Deploy         :362] - execute db_p.z1.check_dir result => true [true]
[2026-10-03 03:44:16.674][INFO ] [Deploy         :287] - execute db_p.z1.obs0.force_stop 
[2026-10-03 03:44:16.676][INFO ] [Role           :1307] - pkill -9 -u nijia.nj -f '^/data/1/nijia.nj/test/namespace_standby_20261003_v1/work/db_p.z1.obs0/bin/observer|^/data/1/nijia.nj/test/namespace_standby_20261003_v1/work/db_p.z1.obs0/bin/obesi' on 6.12.232.130
[2026-10-03 03:44:16.696][INFO ] [Role           :1309] - pkill result is => 0
[2026-10-03 03:44:16.696][INFO ] [Role           :1142] - wait stop /data/1/nijia.nj/test/namespace_standby_20261003_v1/work/db_p.z1.obs0/bin/observer on 6.12.232.130
[2026-10-03 03:44:16.697][INFO ] [Role           :1190] - ps uxf | grep "/data/1/nijia.nj/test/namespace_standby_20261003_v1/work/db_p.z1.obs0/bin/observer" | grep -v grep
[2026-10-03 03:44:16.739][INFO ] [Role           :1154] - check port on 6.12.232.130
[2026-10-03 03:44:16.740][INFO ] [RemoteShell    :143] - netstat -lpnt 2>/dev/null | grep '0.0.0.0:42000 ' | awk -F ' ' '{print $7}'
[2026-10-03 03:44:16.779][INFO ] [RemoteShell    :143] - netstat -lpnt 2>/dev/null | grep '0.0.0.0:42035 ' | awk -F ' ' '{print $7}'
[2026-10-03 03:44:16.820][INFO ] [Role           :1164] - stop obs0 took 2 s
[2026-10-03 03:44:16.820][INFO ] [Deploy         :294] - execute db_p.z1.obs0.force_stop  result => true
[2026-10-03 03:44:16.821][INFO ] [Deploy         :362] - execute db_p.z1.force_stop result => true [true]
[2026-10-03 03:44:16.822][INFO ] [Deploy         :362] - execute db_p.z1.force_stop_logstore result => true []
[2026-10-03 03:44:16.822][INFO ] [Deploy         :331] - execute db_p.z1.force_stop_all result => true
[2026-10-03 03:44:16.823][INFO ] [Deploy         :287] - execute db_p.z1.obs0.rmdir 
[2026-10-03 03:44:16.824][INFO ] [Deploy         :381] - execute db_p.lite_mode result => true result type => java.lang.Boolean
[2026-10-03 03:44:16.825][INFO ] [Role           :1395] - rm -fr /data/1/nijia.nj/test/namespace_standby_20261003_v1/data/db_p.z1.obs0.nijia.nj/sstable /data/1/nijia.nj/test/namespace_standby_20261003_v1/clog/db_p.z1.obs0.nijia.nj/store /data/1/nijia.nj/test/namespace_standby_20261003_v1/clog/db_p.z1.obs0.nijia.nj/store/slog /data/1/nijia.nj/test/namespace_standby_20261003_v1/data/db_p.z1.obs0.nijia.nj/sort_dir , on => 6.12.232.130
[2026-10-03 03:44:16.831][INFO ] [Role           :1397] - rm -fr /data/1/nijia.nj/test/namespace_standby_20261003_v1/data/db_p.z1.obs0.nijia.nj/sstable /data/1/nijia.nj/test/namespace_standby_20261003_v1/clog/db_p.z1.obs0.nijia.nj/store /data/1/nijia.nj/test/namespace_standby_20261003_v1/clog/db_p.z1.obs0.nijia.nj/store/slog /data/1/nijia.nj/test/namespace_standby_20261003_v1/data/db_p.z1.obs0.nijia.nj/sort_dir , on => 6.12.232.130 rc => 0 stdout => null
[2026-10-03 03:44:16.842][INFO ] [Role           :1402] - rm -fr /data/1/nijia.nj/test/namespace_standby_20261003_v1/work/db_p.z1.obs0/log , on => 6.12.232.130 rc => 0 stdout => null
[2026-10-03 03:44:16.846][INFO ] [Role           :1407] - rm -fr /data/1/nijia.nj/test/namespace_standby_20261003_v1/work/db_p.z1.obs0/admin , on => 6.12.232.130 rc => 0 stdout => null
[2026-10-03 03:44:16.852][INFO ] [Role           :1412] - rm -fr /data/1/nijia.nj/test/namespace_standby_20261003_v1/work/db_p.z1.obs0/wallet , on => 6.12.232.130 rc => 0 stdout => null
[2026-10-03 03:44:16.856][INFO ] [Role           :1417] - rm -fr /data/1/nijia.nj/test/namespace_standby_20261003_v1/work/db_p.z1.obs0/etc/observer.c*nf*.bin* /data/1/nijia.nj/test/namespace_standby_20261003_v1/work/db_p.z1.obs0/etc/seekdb.c*nf*.bin* , on => 6.12.232.130 rc => 0 stdout => null
[2026-10-03 03:44:16.861][INFO ] [Role           :1423] - rm -fr /data/1/nijia.nj/test/namespace_standby_20261003_v1/work/db_p.z1.obs0/etc/observer.data_version.bin* /data/1/nijia.nj/test/namespace_standby_20261003_v1/work/db_p.z1.obs0/etc/seekdb.data_version.bin* , on => 6.12.232.130 rc => 0 stdout => null
[2026-10-03 03:44:16.865][INFO ] [Role           :1429] - rm -fr /data/1/nijia.nj/test/namespace_standby_20261003_v1/work/db_p.z1.obs0/etc2/observer.c*nf*.bin* , on => 6.12.232.130 rc => 0 stdout => null
[2026-10-03 03:44:16.870][INFO ] [Role           :1434] - rm -fr /data/1/nijia.nj/test/namespace_standby_20261003_v1/work/db_p.z1.obs0/etc3/observer.c*nf*.bin* , on => 6.12.232.130 rc => 0 stdout => null
[2026-10-03 03:44:16.875][INFO ] [Role           :1439] - rm -fr /data/1/nijia.nj/test/namespace_standby_20261003_v1/work/db_p.z1.obs0/run/observer.pid /data/1/nijia.nj/test/namespace_standby_20261003_v1/work/db_p.z1.obs0/run/seekdb.pid , on => 6.12.232.130 rc => 0 stdout => null
[2026-10-03 03:44:16.881][INFO ] [Role           :1444] - rm -fr /data/1/nijia.nj/test/namespace_standby_20261003_v1/work/db_p.z1.obs0/store/clog_shm , on => 6.12.232.130 rc => 0 stdout => null
[2026-10-03 03:44:16.886][INFO ] [Role           :1449] - rm -fr /data/1/nijia.nj/test/namespace_standby_20261003_v1/work/db_p.z1.obs0/store/ilog_shm , on => 6.12.232.130 rc => 0 stdout => null
[2026-10-03 03:44:16.890][INFO ] [Role           :1454] - rm -fr /data/1/nijia.nj/test/namespace_standby_20261003_v1/work/db_p.z1.obs0/store/manifest* , on => 6.12.232.130 rc => 0 stdout => null
[2026-10-03 03:44:16.899][INFO ] [Role           :1467] - rm -fr /data/1/nijia.nj/test/namespace_standby_20261003_v1/work/db_p.z1.obs0/core* , on => 6.12.232.130 rc => 0 stdout => null
[2026-10-03 03:44:16.903][INFO ] [Role           :1504] - rm -fr /data/1/nijia.nj/test/namespace_standby_20261003_v1/clog/db_p.z1.obs0.nijia.nj/ /data/1/nijia.nj/test/namespace_standby_20261003_v1/data/db_p.z1.obs0.nijia.nj/ , on => 6.12.232.130 rc => 0 stdout => null
[2026-10-03 03:44:17.145][INFO ] [Role           :1510] - rm -fr /data/1/nijia.nj/test/namespace_standby_20261003_v1/work/db_p.z1.obs0 , on => 6.12.232.130 rc => 0 stdout => null
[2026-10-03 03:44:17.150][INFO ] [Deploy         :294] - execute db_p.z1.obs0.rmdir  result => true
[2026-10-03 03:44:17.150][INFO ] [Deploy         :362] - execute db_p.z1.rmdir result => true [true]
[2026-10-03 03:44:17.151][INFO ] [Deploy         :331] - execute db_p.z1.cleanup result => true
[2026-10-03 03:44:17.152][INFO ] [Deploy         :362] - execute db_p.z1.cleanup_logstore result => true []
[2026-10-03 03:44:17.152][INFO ] [Deploy         :331] - execute db_p.z1.cleanup_all result => true
[2026-10-03 03:44:17.152][INFO ] [Deploy         :287] - execute db_p.z1.genconf
[2026-10-03 03:44:17.152][INFO ] [Deploy         :294] - execute db_p.z1.genconf result => true
[2026-10-03 03:44:17.153][INFO ] [Deploy         :287] - execute db_p.z1.obs0.mkdir 
[2026-10-03 03:44:17.154][INFO ] [Role           :1768] - mkdir -p /data/1/nijia.nj/test/namespace_standby_20261003_v1/work/db_p.z1.obs0/store/;mkdir -p /data/1/nijia.nj/test/namespace_standby_20261003_v1/clog/db_p.z1.obs0.nijia.nj/store/clog /data/1/nijia.nj/test/namespace_standby_20261003_v1/clog/db_p.z1.obs0.nijia.nj/store/ilog /data/1/nijia.nj/test/namespace_standby_20261003_v1/clog/db_p.z1.obs0.nijia.nj/store/slog /data/1/nijia.nj/test/namespace_standby_20261003_v1/data/db_p.z1.obs0.nijia.nj/sort_dir /data/1/nijia.nj/test/namespace_standby_20261003_v1/data/db_p.z1.obs0.nijia.nj/sstable;ln -sf /data/1/nijia.nj/test/namespace_standby_20261003_v1/data/db_p.z1.obs0.nijia.nj/sstable /data/1/nijia.nj/test/namespace_standby_20261003_v1/work/db_p.z1.obs0/store/;ln -sf /data/1/nijia.nj/test/namespace_standby_20261003_v1/clog/db_p.z1.obs0.nijia.nj/store/clog /data/1/nijia.nj/test/namespace_standby_20261003_v1/work/db_p.z1.obs0/store/;ln -sf /data/1/nijia.nj/test/namespace_standby_20261003_v1/clog/db_p.z1.obs0.nijia.nj/store/ilog /data/1/nijia.nj/test/namespace_standby_20261003_v1/work/db_p.z1.obs0/store/;ln -sf /data/1/nijia.nj/test/namespace_standby_20261003_v1/clog/db_p.z1.obs0.nijia.nj/store/slog /data/1/nijia.nj/test/namespace_standby_20261003_v1/work/db_p.z1.obs0/store/;ln -sf /data/1/nijia.nj/test/namespace_standby_20261003_v1/data/db_p.z1.obs0.nijia.nj/sort_dir /data/1/nijia.nj/test/namespace_standby_20261003_v1/work/db_p.z1.obs0/store/ on 6.12.232.130
[2026-10-03 03:44:17.168][INFO ] [Deploy         :294] - execute db_p.z1.obs0.mkdir  result => true
[2026-10-03 03:44:17.168][INFO ] [Deploy         :362] - execute db_p.z1.mkdir_obs result => true [true]
[2026-10-03 03:44:17.169][INFO ] [Deploy         :362] - execute db_p.z1.mkdir_logstore result => true []
[2026-10-03 03:44:17.169][INFO ] [Deploy         :331] - execute db_p.z1.mkdir result => true
[2026-10-03 03:44:17.170][INFO ] [Deploy         :287] - execute db_p.z1.obs0.rsync 
[2026-10-03 03:44:17.170][INFO ] [Role           :1648] - sync server finish, time = 0
[2026-10-03 03:44:17.171][INFO ] [Role           :1563] - rsync server => db_p.z1.obs0 version if specified => .
[2026-10-03 03:44:17.176][INFO ] [Role           :1635] - check disk dir ==> './admin' exist
[2026-10-03 03:44:17.180][WARN ] [Role           :1638] - check disk dir ==> './plugin_dir' not exist
[2026-10-03 03:44:17.186][INFO ] [Role           :1635] - check disk dir ==> './wallet' exist
[2026-10-03 03:44:17.186][INFO ] [Role           :1590] - transfer cmd to =>  rsync -WrptgoDRLv --timeout=600 bin etc lib  admin  wallet /data/1/nijia.nj/test/namespace_standby_20261003_v1/work/db_p.z1.obs0
[2026-10-03 03:44:22.214][INFO ] [Role           :1604] - rsync cmd =>  rsync -WrptgoDRLv --timeout=600 bin etc lib  admin  wallet /data/1/nijia.nj/test/namespace_standby_20261003_v1/work/db_p.z1.obs0
[2026-10-03 03:44:22.215][INFO ] [Deploy         :294] - execute db_p.z1.obs0.rsync  result => true
[2026-10-03 03:44:22.219][INFO ] [Deploy         :362] - execute db_p.z1.rsync_obs result => true [true]
[2026-10-03 03:44:22.220][INFO ] [Deploy         :362] - execute db_p.z1.rsync_logstore result => true []
[2026-10-03 03:44:22.221][INFO ] [Deploy         :331] - execute db_p.z1.rsync result => true
[2026-10-03 03:44:22.221][INFO ] [Deploy         :362] - execute db_p.z1.start_logstore result => true []
[2026-10-03 03:44:22.221][INFO ] [Deploy         :287] - execute db_p.z1.sleep 5
[2026-10-03 03:44:27.222][INFO ] [Deploy         :294] - execute db_p.z1.sleep 5 result => true
[2026-10-03 03:44:27.223][INFO ] [Deploy         :287] - execute db_p.z1.obs0.start 
[2026-10-03 03:44:27.224][INFO ] [Deploy         :381] - execute db_p.lite_mode result => true result type => java.lang.Boolean
[2026-10-03 03:44:27.226][INFO ] [Deploy         :381] - execute db_p.lite_mode result => true result type => java.lang.Boolean
6.12.232.130 is not a valid IPv6 address.
[2026-10-03 03:44:27.228][INFO ] [Role           :539] - cluster_id1
[2026-10-03 03:44:27.228][INFO ] [Deploy         :381] - execute db_p.z_num result => 1 result type => java.lang.Integer
[2026-10-03 03:44:27.228][INFO ] [Role           :552] - db_p have 1 ZONE
[2026-10-03 03:44:27.229][INFO ] [Role           :584] - ofs_list ofs_list='z1@' has_ofs_zone false
[2026-10-03 03:44:27.230][INFO ] [Role           :637] - ulimit -c unlimited -s 4096;cd /data/1/nijia.nj/test/namespace_standby_20261003_v1/work/db_p.z1.obs0;LD_LIBRARY_PATH=./lib:/usr/local/lib:/usr/lib:/usr/lib64:/usr/local/lib64:$LD_LIBRARY_PATH /data/1/nijia.nj/test/namespace_standby_20261003_v1/work/db_p.z1.obs0/bin/observer --port 42035 --data-dir /data/1/nijia.nj/test/namespace_standby_20261003_v1/work/db_p.z1.obs0/store --redo-dir /data/1/nijia.nj/test/namespace_standby_20261003_v1/work/db_p.z1.obs0/store/clog  --role=PRIMARY --parameter enable_rpc_service=true --parameter rpc_port=42000 --parameter datafile_size='2G' --parameter log_disk_size='2G' --parameter cpu_count=4 --parameter memory_limit='8G' on 6.12.232.130
[2026-10-03 03:44:27.302][INFO ] [Deploy         :294] - execute db_p.z1.obs0.start  result => true
[2026-10-03 03:44:27.302][INFO ] [Deploy         :362] - execute db_p.z1.start_obs result => true [true]
[2026-10-03 03:44:27.303][INFO ] [Deploy         :331] - execute db_p.z1.start result => true
[2026-10-03 03:44:27.303][INFO ] [Deploy         :287] - execute db_p.z1.sleep 8
[2026-10-03 03:44:35.305][INFO ] [Deploy         :294] - execute db_p.z1.sleep 8 result => true
[2026-10-03 03:44:35.305][INFO ] [Deploy         :331] - execute db_p.z1.reboot  result => true
[2026-10-03 03:44:35.306][INFO ] [Deploy         :362] - execute db_p.deploy result => true [true]
[2026-10-03 03:44:35.306][INFO ] [Deploy         :287] - execute db_p.sleep 5
[2026-10-03 03:44:40.306][INFO ] [Deploy         :294] - execute db_p.sleep 5 result => true
[2026-10-03 03:44:40.307][INFO ] [Deploy         :287] - execute db_p.bootstrap
[2026-10-03 03:44:40.308][INFO ] [Deploy         :381] - execute db_p.z_num result => 1 result type => java.lang.Integer
[2026-10-03 03:44:40.308][INFO ] [Deploy         :381] - execute db_p.zone_names result => [Ljava.lang.String;@23ceabc1 result type => [Ljava.lang.String;
[2026-10-03 03:44:40.308][INFO ] [Deploy         :381] - execute db_p.z1.obs_num result => 1 result type => java.lang.Integer
[2026-10-03 03:44:40.309][INFO ] [Deploy         :287] - execute db_p.z1.obs0.get status
[2026-10-03 03:44:40.309][WARN ] [Deploy         :298] - execute db_p.z1.obs0.get status result => null
[2026-10-03 03:44:40.309][INFO ] [Deploy         :381] - execute db_p.lite_mode result => true result type => java.lang.Boolean
[2026-10-03 03:44:40.310][INFO ] [Deploy         :294] - execute db_p.bootstrap result => true
[2026-10-03 03:44:40.310][INFO ] [Deploy         :287] - execute db_p.addserver
[2026-10-03 03:44:40.310][INFO ] [Deploy         :381] - execute db_p.z_num result => 1 result type => java.lang.Integer
[2026-10-03 03:44:40.310][INFO ] [Deploy         :381] - execute db_p.zone_names result => [Ljava.lang.String;@23ceabc1 result type => [Ljava.lang.String;
[2026-10-03 03:44:40.320][INFO ] [Deploy         :381] - execute db_p.z1.obs_num result => 1 result type => java.lang.Integer
[2026-10-03 03:44:40.321][INFO ] [Deploy         :294] - execute db_p.addserver result => true
[2026-10-03 03:44:40.321][INFO ] [Deploy         :287] - execute db_p.exec_init_sql
[2026-10-03 03:44:40.321][INFO ] [Deploy         :381] - execute db_p.lite_mode result => true result type => java.lang.Boolean
[2026-10-03 03:44:40.324][INFO ] [Deploy         :287] - execute db_p.z1.obs0.mysql_tenant_root create user 'admin' IDENTIFIED BY 'admin';use oceanbase;grant all on *.* to 'admin' WITH GRANT OPTION;create database if not exists test;
[2026-10-03 03:44:40.328][INFO ] [Role           :3182] - sql =>create user 'admin' IDENTIFIED BY 'admin';use oceanbase;grant all on *.* to 'admin' WITH GRANT OPTION;create database if not exists test;
 will be executed with connection[z1.obs0]root@sys:@6.12.232.130:42035
[2026-10-03 03:44:40.495][INFO ] [Deploy         :294] - execute db_p.z1.obs0.mysql_tenant_root create user 'admin' IDENTIFIED BY 'admin';use oceanbase;grant all on *.* to 'admin' WITH GRANT OPTION;create database if not exists test; result => true
[2026-10-03 03:44:40.496][INFO ] [Deploy         :381] - execute db_p.lite_mode result => true result type => java.lang.Boolean
[2026-10-03 03:44:40.496][INFO ] [Deploy         :381] - execute db_p.lite_mode result => true result type => java.lang.Boolean
[2026-10-03 03:44:40.496][INFO ] [Deploy         :287] - execute db_p.z1.obs0.mysql_tenant_root create user 'proxyro' IDENTIFIED BY '3u^0kCdpE';grant select on oceanbase.* to 'proxyro' WITH GRANT OPTION;
[2026-10-03 03:44:40.497][INFO ] [Role           :3182] - sql =>create user 'proxyro' IDENTIFIED BY '3u^0kCdpE';grant select on oceanbase.* to 'proxyro' WITH GRANT OPTION;
 will be executed with connection[z1.obs0]root@sys:@6.12.232.130:42035
[2026-10-03 03:44:40.556][INFO ] [Deploy         :294] - execute db_p.z1.obs0.mysql_tenant_root create user 'proxyro' IDENTIFIED BY '3u^0kCdpE';grant select on oceanbase.* to 'proxyro' WITH GRANT OPTION; result => true
[2026-10-03 03:44:40.557][INFO ] [Deploy         :287] - execute db_p.z1.obs0.mysql_tenant_root create user 'sysslaveuser' IDENTIFIED BY 'sysslaveuser';grant select on *.* to 'sysslaveuser' WITH GRANT OPTION;
[2026-10-03 03:44:40.557][INFO ] [Role           :3182] - sql =>create user 'sysslaveuser' IDENTIFIED BY 'sysslaveuser';grant select on *.* to 'sysslaveuser' WITH GRANT OPTION;
 will be executed with connection[z1.obs0]root@sys:@6.12.232.130:42035
[2026-10-03 03:44:40.630][INFO ] [Deploy         :294] - execute db_p.z1.obs0.mysql_tenant_root create user 'sysslaveuser' IDENTIFIED BY 'sysslaveuser';grant select on *.* to 'sysslaveuser' WITH GRANT OPTION; result => true
[2026-10-03 03:44:40.631][INFO ] [Deploy         :294] - execute db_p.exec_init_sql result => true
[2026-10-03 03:44:40.631][INFO ] [Deploy         :287] - execute db_p.register_proxy
[2026-10-03 03:44:40.632][INFO ] [Deploy         :294] - execute db_p.register_proxy result => true
[2026-10-03 03:44:40.632][INFO ] [Deploy         :287] - execute db_p.deploy_proxy
[2026-10-03 03:44:40.632][INFO ] [Deploy         :294] - execute db_p.deploy_proxy result => true
[2026-10-03 03:44:40.632][INFO ] [Deploy         :287] - execute db_p.sleep 5
[2026-10-03 03:44:45.632][INFO ] [Deploy         :294] - execute db_p.sleep 5 result => true
[2026-10-03 03:44:45.633][INFO ] [Deploy         :331] - execute db_p.reboot_proxy result => true
[2026-10-03 03:44:45.633][INFO ] [Deploy         :287] - execute db_p.deploy_asvr
[2026-10-03 03:44:45.633][INFO ] [Deploy         :294] - execute db_p.deploy_asvr result => true
[2026-10-03 03:44:45.634][INFO ] [Deploy         :287] - execute db_p.sleep 5
[2026-10-03 03:44:50.634][INFO ] [Deploy         :294] - execute db_p.sleep 5 result => true
[2026-10-03 03:44:50.634][INFO ] [Deploy         :331] - execute db_p.reboot_asvr result => true
[2026-10-03 03:44:50.635][INFO ] [Deploy         :287] - execute db_p.add_asvr
[2026-10-03 03:44:50.635][INFO ] [OBI            :1509] - There is no need to add asvr.
[2026-10-03 03:44:50.635][INFO ] [Deploy         :294] - execute db_p.add_asvr result => true
[2026-10-03 03:44:50.635][INFO ] [Deploy         :287] - execute db_p.prepare_agent
[2026-10-03 03:44:50.635][INFO ] [Deploy         :294] - execute db_p.prepare_agent result => true
[2026-10-03 03:44:50.636][INFO ] [Deploy         :331] - execute db_p.reboot result => true
[2026-10-03 03:44:50.636][INFO ] [Command        :353] - start[1790970256591] time[34044] tag[Q_DEPLOY]
[2026-10-03 03:44:50.636][INFO ] [Command        :536] - > LINE => 4, CMD => Q_CONNECT, CONTENT => ob_connect(ns_setup, db_p.z1.obs0, root@sys, , oceanbase, , USE_MYSQL_CONNECTOR)
Loading class `com.mysql.jdbc.Driver'. This is deprecated. The new driver class is `com.mysql.cj.jdbc.Driver'. The driver is automatically registered via the SPI and manual loading of the driver class is generally unnecessary.
[2026-10-03 03:44:50.741][INFO ] [SQLProcessor   :1505] - ns_setup create a physical connection  using jdbc:mysql://6.12.232.130:42035/oceanbase?useAffectedRows=true&emulateUnsupportedPstmts=false&characterEncoding=utf8&useServerPrepStmts=true&prepStmtCacheSqlLimit=1000&enableQueryTimeouts=false&useLocalSessionState=false&useLocalTransactionState=false&rewriteBatchedStatements=true&allowMultiQueries=true&socketTimeout=1800000 user/pwd is root@sys/
[2026-10-03 03:44:50.936][INFO ] [SQLProcessor   :1519] - connection => ns_setup is mysql mode.
[2026-10-03 03:44:50.937][INFO ] [SQLProcessor   :1522] - put conn: dataid=ns_setup currentConn=com.mysql.cj.jdbc.ConnectionImpl@9353778 hashcode => 154482552
[2026-10-03 03:44:50.937][INFO ] [Command        :353] - start[1790970290636] time[300] tag[Q_CONNECT]
[2026-10-03 03:44:50.937][INFO ] [Command        :536] - > LINE => 5, CMD => Q_CONNECTION, CONTENT => connection ns_setup
[2026-10-03 03:44:50.938][INFO ] [SQLProcessor   :1128] - use connection => ns_setup hashcode => 154482552
[2026-10-03 03:44:50.939][INFO ] [SQLProcessor   :1158] - connection => ns_setup is mysql mode. conn=com.mysql.cj.jdbc.ConnectionImpl@9353778
[2026-10-03 03:44:50.939][INFO ] [Command        :353] - start[1790970290937] time[2] tag[Q_CONNECTION]
[2026-10-03 03:44:50.940][INFO ] [Command        :536] - > LINE => 6, CMD => Q_QUERY, CONTENT => create database replica_ns;
[2026-10-03 03:44:50.963][INFO ] [Command        :353] - start[1790970290940] time[22] tag[Q_QUERY]
[2026-10-03 03:44:50.964][INFO ] [Command        :536] - > LINE => 7, CMD => Q_QUERY, CONTENT => create table replica_ns.t(id int primary key,v int,note longtext);
[2026-10-03 03:44:51.81][INFO ] [Command        :353] - start[1790970290964] time[116] tag[Q_QUERY]
[2026-10-03 03:44:51.81][INFO ] [Command        :536] - > LINE => 8, CMD => Q_QUERY, CONTENT => insert into replica_ns.t values(1,10,repeat('baseline',2048));
[2026-10-03 03:44:51.90][INFO ] [Command        :353] - start[1790970291082] time[8] tag[Q_QUERY]
[2026-10-03 03:44:51.92][INFO ] [Command        :536] - > LINE => 9, CMD => Q_DEPLOY, CONTENT => FORK NAMESPACE replica_seed FROM ns1;
[2026-10-03 03:44:51.93][INFO ] [DeployProcessor:93] - deploy => FORK NAMESPACE replica_seed FROM ns1
[2026-10-03 03:44:51.93][ERROR] [Deploy         :386] - execute FORK NAMESPACE replica_seed FROM ns1 failed !!!
java.lang.StringIndexOutOfBoundsException: String index out of range: -1
	at java.lang.String.substring(String.java:1967)
	at com.etao.mytest.deploy.Deploy.execute(Deploy.java:276)
	at com.etao.mytest.processor.DeployProcessor.process(DeployProcessor.java:157)
	at com.etao.mytest.command.Command.execute(Command.java:552)
	at com.etao.mytest.main.TestCase.run(TestCase.java:779)
	at com.etao.mytest.main.MyTest.main(MyTest.java:129)
[2026-10-03 03:44:51.94][ERROR] [Result         :119] - set code
com.etao.mytest.exception.ExecuteErrorException: set code 1
	at com.etao.mytest.command.Result.setCode(Result.java:118)
	at com.etao.mytest.processor.DeployProcessor.process(DeployProcessor.java:160)
	at com.etao.mytest.command.Command.execute(Command.java:552)
	at com.etao.mytest.main.TestCase.run(TestCase.java:779)
	at com.etao.mytest.main.MyTest.main(MyTest.java:129)
[2026-10-03 03:44:51.94][ERROR] [Command        :555] - deploy failed, content => FORK NAMESPACE replica_seed FROM ns1;
[2026-10-03 03:44:51.94][ERROR] [TestCase       :781] - Fatal error!!! current line number => 9, file => t/stanby/namespace_setup_local.test (maybe)
com.etao.mytest.exception.ExecuteErrorException: deploy failed, content => FORK NAMESPACE replica_seed FROM ns1;
	at com.etao.mytest.command.Command.execute(Command.java:556)
	at com.etao.mytest.main.TestCase.run(TestCase.java:779)
	at com.etao.mytest.main.MyTest.main(MyTest.java:129)
[2026-10-03 03:44:51.95][ERROR] [MyTest         :137] - deploy failed, content => FORK NAMESPACE replica_seed FROM ns1;
[2026-10-03 03:44:51.107][INFO ] [Deploy         :287] - execute db_p.z1.obs0.gen_pstack 
[2026-10-03 03:44:51.152][WARN ] [Role           :2029] - execute cmd =>pstack  3078403 > /data/1/nijia.nj/test/namespace_standby_20261003_v1/work/db_p.z1.obs0/log/pstack.3078403.log && kill -60 3078403 fail!
[2026-10-03 03:44:51.155][INFO ] [Deploy         :287] - execute db_p.z1.obs0.save_log 
[2026-10-03 03:44:51.238][INFO ] [TestCase       :612] - collecting the backup files, executing - cp -r /data/1/nijia.nj/test/namespace_standby_20261003_v1/backup/ob*.nijia.nj collected_log/namespace_setup_local/backup_files/
[2026-10-03 03:44:51.246][INFO ] [MyTest         :151] - cost ts 35s exitcode 255
Shutdown hook ran!
