{"iteration": 0, "error": "(2013, 'Lost connection to MySQL server during query')", "seconds": 0.03106105700135231}
/home/nijia.nj/.local/lib/python3.8/site-packages/pymysql/_auth.py:9: CryptographyDeprecationWarning: Python 3.8 is no longer supported by the Python core team and support for it is deprecated in cryptography. The next release of cryptography will remove support for Python 3.8.
  from cryptography.hazmat.backends import default_backend
Traceback (most recent call last):
  File ".scratch/namespace-fork/standby_refresh_race_probe.py", line 19, in <module>
    row=sql(s,'select role,sync_scn from __all_virtual_server_stat');break
  File ".scratch/namespace-fork/standby_refresh_race_probe.py", line 7, in sql
    with c.cursor() as q:q.execute(text);return q.fetchall()
  File "/home/nijia.nj/.local/lib/python3.8/site-packages/pymysql/cursors.py", line 153, in execute
    result = self._query(query)
  File "/home/nijia.nj/.local/lib/python3.8/site-packages/pymysql/cursors.py", line 322, in _query
    conn.query(q)
  File "/home/nijia.nj/.local/lib/python3.8/site-packages/pymysql/connections.py", line 575, in query
    self._affected_rows = self._read_query_result(unbuffered=unbuffered)
  File "/home/nijia.nj/.local/lib/python3.8/site-packages/pymysql/connections.py", line 826, in _read_query_result
    result.read()
  File "/home/nijia.nj/.local/lib/python3.8/site-packages/pymysql/connections.py", line 1203, in read
    first_packet = self.connection._read_packet()
  File "/home/nijia.nj/.local/lib/python3.8/site-packages/pymysql/connections.py", line 751, in _read_packet
    packet_header = self._read_bytes(4)
  File "/home/nijia.nj/.local/lib/python3.8/site-packages/pymysql/connections.py", line 805, in _read_bytes
    raise err.OperationalError(
pymysql.err.OperationalError: (2013, 'Lost connection to MySQL server during query')
