[New LWP 3056599]
[New LWP 3056610]
[New LWP 3056611]
[New LWP 3056612]
[New LWP 3056613]
[New LWP 3056614]
[New LWP 3056615]
[New LWP 3056616]
[New LWP 3056617]
[New LWP 3056618]
[New LWP 3056619]
[New LWP 3056646]
[New LWP 3056647]
[New LWP 3056648]
[New LWP 3056649]
[New LWP 3056650]
[New LWP 3056651]
[New LWP 3056654]
[New LWP 3056655]
[New LWP 3056656]
[New LWP 3056657]
[New LWP 3056658]
[New LWP 3056659]
[New LWP 3056660]
[New LWP 3056661]
[New LWP 3056662]
[New LWP 3056663]
[New LWP 3056664]
[New LWP 3056665]
[New LWP 3056666]
[New LWP 3056667]
[New LWP 3056668]
[New LWP 3056669]
[New LWP 3056670]
[New LWP 3056671]
[New LWP 3056672]
[New LWP 3056673]
[New LWP 3056674]
[New LWP 3056675]
[New LWP 3056678]
[New LWP 3056687]
[New LWP 3056688]
[New LWP 3056689]
[New LWP 3056693]
[New LWP 3056694]
[New LWP 3056695]
[New LWP 3056697]
[New LWP 3056698]
[New LWP 3056699]
[New LWP 3056700]
[New LWP 3056703]
[New LWP 3056722]
[New LWP 3056723]
[New LWP 3056739]
[New LWP 3056846]
[New LWP 3056847]
[New LWP 3056848]
[New LWP 3056849]
[New LWP 3056850]
[New LWP 3056851]
[New LWP 3056852]
[New LWP 3056956]
[New LWP 3056957]
[New LWP 3056958]
[New LWP 3056959]
[New LWP 3056960]
[New LWP 3056961]
[New LWP 3056962]
[New LWP 3057132]
[New LWP 3057133]
[New LWP 3057661]
[New LWP 3059295]
[New LWP 3059496]
[New LWP 3059497]
[New LWP 3059498]
[New LWP 3059499]

warning: Cannot parse .gnu_debugdata section; LZMA support was disabled at compile time
[Thread debugging using libthread_db enabled]
Using host libthread_db library "/lib64/libthread_db.so.1".
0x00007fc053a8ea31 in clock_nanosleep@GLIBC_2.2.5 () from /usr/lib64/libc.so.6
#0  0x00007fc053a8ea31 in clock_nanosleep@GLIBC_2.2.5 () from /usr/lib64/libc.so.6
#1  0x00007fc053a93ef7 in nanosleep () from /usr/lib64/libc.so.6
#2  0x00007fc053a93e2e in sleep () from /usr/lib64/libc.so.6
#3  0x00000000027bb9fa in oceanbase::observer::ObServer::wait (this=0x86bd0c0 <oceanbase::observer::ObServer::get_instance()::THE_ONE>) at ./src/observer/ob_server.cpp:1823
#4  0x0000000001c9934b in inner_main (argc=<optimized out>, argv=<optimized out>) at ./src/observer/main.cpp:821
#5  0x00000000064fdf50 in oceanbase::common::jump_call (arg_=0x0, arg_@entry=0x7ffda7bb1bc0, func_=0x0, stack_addr=0x7fc053938e90) at ./src/oblib/lib/utility/ob_smart_call.cpp:50
#6  0x0000000001c9ac93 in oceanbase::common::call_with_new_stack (arg_=0x7ffda7bb1bc0, stack_addr=0x7fc05383b000, stack_size=1048576, func_=<optimized out>) at ./src/oblib/lib/utility/ob_smart_call.h:64
#7  main (argc=1, argv=0x7ffda7bb2d08) at ./src/observer/main.cpp:885
[Inferior 1 (process 3056598) detached]
