Run case stanby/basic
[2026-10-09 02:32:47.978][INFO ] [MyTest         :78] - print args => [-use_ob_connector, true, -result_file, r/stanby/basic.result, -test_file, t/stanby/basic.test]
[-use_ob_connector, true, -result_file, r/stanby/basic.result, -test_file, t/stanby/basic.test]
[2026-10-09 02:32:47.981][INFO ] [MyTest         :81] - start case => t/stanby/basic.test
[2026-10-09 02:32:47.986][INFO ] [MyTest         :84] - use data id => obtest_nijia.nj_6.12.232.130
[2026-10-09 02:32:48.74][INFO ] [TestCase       :107] - initilize deploy processor
[2026-10-09 02:32:48.87][INFO ] [DeployConfig   :590] - config port and dataid. port_base=>1124, obs_port=>1124, mysql_port=>1159, data_id=>obtest_nijia.nj_6.12.232.130_0, port_offset=>0
[2026-10-09 02:32:48.135][INFO ] [DeployConfig   :577] - config port and dataid. port_base=>42000, obs_port=>42000, mysql_port=>42035, data_id=>obtest_nijia.nj_6.12.232.130_042000
[2026-10-09 02:32:48.140][INFO ] [OfsProcessor   :53] - ofs_deployer: null/hap.py
[2026-10-09 02:32:48.141][INFO ] [OfsCreateTenantProcessor:32] - ofsshell: null/../../bin/ofsshell
[2026-10-09 02:32:48.141][INFO ] [TestCase       :761] - Read file => t/stanby/basic.test
[2026-10-09 02:32:48.142][INFO ] [TestCase       :721] - Finish read case: file_lines => 176, lineNo => 79
[2026-10-09 02:32:48.157][INFO ] [Command        :536] - > LINE => 13, CMD => Q_DISABLE_ALL_RESULT_LOG, CONTENT => --disable_all_result_log
[2026-10-09 02:32:48.159][INFO ] [Command        :353] - start[1791484368158] time[1] tag[Q_DISABLE_ALL_RESULT_LOG]
[2026-10-09 02:32:48.163][INFO ] [Command        :536] - > LINE => 14, CMD => Q_DEPLOY, CONTENT => db_p=OBI(cluster=1,proxy_num=0,role=primary);
[2026-10-09 02:32:48.175][INFO ] [DeployProcessor:78] - OBI define => db_p=OBI(cluster=1,proxy_num=0,role=primary)
[2026-10-09 02:32:48.257][INFO ] [Deploy         :381] - execute db_p.z_num result => 1 result type => java.lang.Integer
[2026-10-09 02:32:48.397][INFO ] [Deploy         :464] - assign rpc port. observer=>db_p.z1.obs0, rpc_port=>42000
[2026-10-09 02:32:48.398][INFO ] [Deploy         :471] - assign mysql port. observer=>db_p.z1.obs0, mysql_port=>42035
[2026-10-09 02:32:48.398][INFO ] [Deploy         :478] - assign backup io rpc port. observer=>db_p.z1.obs0, obesi_port=>42070
[2026-10-09 02:32:48.407][INFO ] [OBLog          :99] - config.ob_version='.'
[2026-10-09 02:32:48.407][INFO ] [OBLog          :100] - config.oblog_version='default'
[2026-10-09 02:32:48.408][INFO ] [OBLog          :117] - set oblog version='.'
[2026-10-09 02:32:48.408][INFO ] [OBLog          :126] - set oblog work_dir=''
[2026-10-09 02:32:48.409][INFO ] [OBLog          :148] - oblog.is_obcdc_exist: false
[2026-10-09 02:32:48.409][INFO ] [OBLog          :149] - oblog.exec: oblog/oblog_tailf
[2026-10-09 02:32:48.409][INFO ] [OBLog          :150] - oblog.configFile: oblog/liboblog.conf
[2026-10-09 02:32:48.409][INFO ] [OBLog          :151] - oblog.dataFile: oblog/data.log
[2026-10-09 02:32:48.409][INFO ] [OBLog          :152] - oblog.envCon: LD_LIBRARY_PATH=oblog:$LD_LIBRARY_PATH
[2026-10-09 02:32:48.410][INFO ] [OBLog          :153] - oblog.startCmdHead: ulimit -c unlimited; LD_LIBRARY_PATH=oblog:$LD_LIBRARY_PATH oblog/oblog_tailf
[2026-10-09 02:32:48.410][INFO ] [OBLog          :154] - oblog.defaultStartCmd: ulimit -c unlimited; LD_LIBRARY_PATH=oblog:$LD_LIBRARY_PATH oblog/oblog_tailf  -f oblog/liboblog.conf -D oblog/data.log -H oblog/heartbeat.log -d
[2026-10-09 02:32:48.711][INFO ] [Deploy         :1128] - start observer version is lite mode: true
[2026-10-09 02:32:48.712][INFO ] [Command        :353] - start[1791484368163] time[548] tag[Q_DEPLOY]
[2026-10-09 02:32:48.713][INFO ] [Command        :536] - > LINE => 15, CMD => Q_DEPLOY, CONTENT => db_p.reboot;
[2026-10-09 02:32:48.713][INFO ] [DeployProcessor:93] - deploy => db_p.reboot
[2026-10-09 02:32:48.714][INFO ] [Deploy         :287] - execute db_p.reset
[2026-10-09 02:32:48.714][INFO ] [Deploy         :381] - execute db_p.lite_mode result => true result type => java.lang.Boolean
[2026-10-09 02:32:48.714][INFO ] [Deploy         :294] - execute db_p.reset result => true
[2026-10-09 02:32:48.715][INFO ] [Deploy         :287] - execute db_p.clean_asvr
[2026-10-09 02:32:48.715][INFO ] [Deploy         :294] - execute db_p.clean_asvr result => true
[2026-10-09 02:32:48.730][INFO ] [Deploy         :287] - execute db_p.z1.obs0.force_stop_asvr
[2026-10-09 02:32:48.731][INFO ] [Role           :1228] - pkill -9 -u nijia.nj -f '^/data/1/nijia.nj/test/namespace_standby_20261003_v1/work/db_p.asvr0/bin/observer' on 6.12.232.130
[2026-10-09 02:32:48.768][INFO ] [Role           :1230] - pkill asvr result is => 1
[2026-10-09 02:32:48.769][INFO ] [Deploy         :294] - execute db_p.z1.obs0.force_stop_asvr result => true
[2026-10-09 02:32:48.769][INFO ] [Deploy         :287] - execute db_p.z1.obs0.rmdir_asvr
[2026-10-09 02:32:48.770][INFO ] [Role           :1237] - try to remove asvr dir server  => db_p.z1.obs0
[2026-10-09 02:32:48.775][INFO ] [Role           :1264] - rm -fr /data/1/nijia.nj/test/namespace_standby_20261003_v1/work/db_p.asvr0 , on => 6.12.232.130 rc => 0 stdout => null
[2026-10-09 02:32:48.775][INFO ] [Deploy         :294] - execute db_p.z1.obs0.rmdir_asvr result => true
[2026-10-09 02:32:48.775][INFO ] [Deploy         :331] - execute db_p.z1.obs0.clean_asvr  result => true
[2026-10-09 02:32:48.776][INFO ] [Deploy         :362] - execute db_p.z1.clean_asvr  result => true [true]
[2026-10-09 02:32:48.776][INFO ] [Deploy         :362] - execute db_p.clean_asvr_everywhere result => true [true]
[2026-10-09 02:32:48.777][INFO ] [Deploy         :331] - execute db_p.clean_all_asvr result => true
[2026-10-09 02:32:48.777][INFO ] [Deploy         :287] - execute db_p.deploy_logservice
[2026-10-09 02:32:48.778][INFO ] [Deploy         :294] - execute db_p.deploy_logservice result => true
[2026-10-09 02:32:48.778][INFO ] [Deploy         :287] - execute db_p.bootstrap_logservice
[2026-10-09 02:32:48.778][INFO ] [Deploy         :294] - execute db_p.bootstrap_logservice result => true
[2026-10-09 02:32:48.778][INFO ] [Deploy         :331] - execute db_p.reboot_logservice result => true
[2026-10-09 02:32:48.780][INFO ] [Deploy         :287] - execute db_p.z1.check_local_bin
[2026-10-09 02:32:48.789][INFO ] [Deploy         :294] - execute db_p.z1.check_local_bin result => true
[2026-10-09 02:32:48.789][INFO ] [Deploy         :287] - execute db_p.z1.check_ssh
[2026-10-09 02:32:48.790][INFO ] [Deploy         :294] - execute db_p.z1.check_ssh result => true
[2026-10-09 02:32:48.791][INFO ] [Deploy         :287] - execute db_p.z1.obs0.check_dir 
[2026-10-09 02:32:48.806][INFO ] [Deploy         :294] - execute db_p.z1.obs0.check_dir  result => true
[2026-10-09 02:32:48.818][INFO ] [Deploy         :362] - execute db_p.z1.check_dir result => true [true]
[2026-10-09 02:32:48.819][INFO ] [Deploy         :287] - execute db_p.z1.obs0.force_stop 
[2026-10-09 02:32:48.820][INFO ] [Role           :1307] - pkill -9 -u nijia.nj -f '^/data/1/nijia.nj/test/namespace_standby_20261003_v1/work/db_p.z1.obs0/bin/observer|^/data/1/nijia.nj/test/namespace_standby_20261003_v1/work/db_p.z1.obs0/bin/obesi' on 6.12.232.130
[2026-10-09 02:32:48.843][INFO ] [Role           :1309] - pkill result is => 1
[2026-10-09 02:32:48.844][INFO ] [Role           :1142] - wait stop /data/1/nijia.nj/test/namespace_standby_20261003_v1/work/db_p.z1.obs0/bin/observer on 6.12.232.130
[2026-10-09 02:32:48.845][INFO ] [Role           :1190] - ps uxf | grep "/data/1/nijia.nj/test/namespace_standby_20261003_v1/work/db_p.z1.obs0/bin/observer" | grep -v grep
[2026-10-09 02:32:48.900][INFO ] [Role           :1154] - check port on 6.12.232.130
[2026-10-09 02:32:48.901][INFO ] [RemoteShell    :143] - netstat -lpnt 2>/dev/null | grep '0.0.0.0:42000 ' | awk -F ' ' '{print $7}'
[2026-10-09 02:32:48.955][INFO ] [RemoteShell    :143] - netstat -lpnt 2>/dev/null | grep '0.0.0.0:42035 ' | awk -F ' ' '{print $7}'
[2026-10-09 02:32:48.991][INFO ] [Role           :1164] - stop obs0 took 2 s
[2026-10-09 02:32:48.994][INFO ] [Deploy         :294] - execute db_p.z1.obs0.force_stop  result => true
[2026-10-09 02:32:48.994][INFO ] [Deploy         :362] - execute db_p.z1.force_stop result => true [true]
[2026-10-09 02:32:48.998][INFO ] [Deploy         :362] - execute db_p.z1.force_stop_logstore result => true []
[2026-10-09 02:32:48.999][INFO ] [Deploy         :331] - execute db_p.z1.force_stop_all result => true
[2026-10-09 02:32:49.02][INFO ] [Deploy         :287] - execute db_p.z1.obs0.rmdir 
[2026-10-09 02:32:49.03][INFO ] [Deploy         :381] - execute db_p.lite_mode result => true result type => java.lang.Boolean
[2026-10-09 02:32:49.04][INFO ] [Role           :1395] - rm -fr /data/1/nijia.nj/test/namespace_standby_20261003_v1/data/db_p.z1.obs0.nijia.nj/sstable /data/1/nijia.nj/test/namespace_standby_20261003_v1/clog/db_p.z1.obs0.nijia.nj/store /data/1/nijia.nj/test/namespace_standby_20261003_v1/clog/db_p.z1.obs0.nijia.nj/store/slog /data/1/nijia.nj/test/namespace_standby_20261003_v1/data/db_p.z1.obs0.nijia.nj/sort_dir , on => 6.12.232.130
[2026-10-09 02:32:49.12][INFO ] [Role           :1397] - rm -fr /data/1/nijia.nj/test/namespace_standby_20261003_v1/data/db_p.z1.obs0.nijia.nj/sstable /data/1/nijia.nj/test/namespace_standby_20261003_v1/clog/db_p.z1.obs0.nijia.nj/store /data/1/nijia.nj/test/namespace_standby_20261003_v1/clog/db_p.z1.obs0.nijia.nj/store/slog /data/1/nijia.nj/test/namespace_standby_20261003_v1/data/db_p.z1.obs0.nijia.nj/sort_dir , on => 6.12.232.130 rc => 0 stdout => null
[2026-10-09 02:32:49.73][INFO ] [Role           :1402] - rm -fr /data/1/nijia.nj/test/namespace_standby_20261003_v1/work/db_p.z1.obs0/log , on => 6.12.232.130 rc => 0 stdout => null
[2026-10-09 02:32:49.84][INFO ] [Role           :1407] - rm -fr /data/1/nijia.nj/test/namespace_standby_20261003_v1/work/db_p.z1.obs0/admin , on => 6.12.232.130 rc => 0 stdout => null
[2026-10-09 02:32:49.91][INFO ] [Role           :1412] - rm -fr /data/1/nijia.nj/test/namespace_standby_20261003_v1/work/db_p.z1.obs0/wallet , on => 6.12.232.130 rc => 0 stdout => null
[2026-10-09 02:32:49.95][INFO ] [Role           :1417] - rm -fr /data/1/nijia.nj/test/namespace_standby_20261003_v1/work/db_p.z1.obs0/etc/observer.c*nf*.bin* /data/1/nijia.nj/test/namespace_standby_20261003_v1/work/db_p.z1.obs0/etc/seekdb.c*nf*.bin* , on => 6.12.232.130 rc => 0 stdout => null
[2026-10-09 02:32:49.107][INFO ] [Role           :1423] - rm -fr /data/1/nijia.nj/test/namespace_standby_20261003_v1/work/db_p.z1.obs0/etc/observer.data_version.bin* /data/1/nijia.nj/test/namespace_standby_20261003_v1/work/db_p.z1.obs0/etc/seekdb.data_version.bin* , on => 6.12.232.130 rc => 0 stdout => null
[2026-10-09 02:32:49.116][INFO ] [Role           :1429] - rm -fr /data/1/nijia.nj/test/namespace_standby_20261003_v1/work/db_p.z1.obs0/etc2/observer.c*nf*.bin* , on => 6.12.232.130 rc => 0 stdout => null
[2026-10-09 02:32:49.128][INFO ] [Role           :1434] - rm -fr /data/1/nijia.nj/test/namespace_standby_20261003_v1/work/db_p.z1.obs0/etc3/observer.c*nf*.bin* , on => 6.12.232.130 rc => 0 stdout => null
[2026-10-09 02:32:49.134][INFO ] [Role           :1439] - rm -fr /data/1/nijia.nj/test/namespace_standby_20261003_v1/work/db_p.z1.obs0/run/observer.pid /data/1/nijia.nj/test/namespace_standby_20261003_v1/work/db_p.z1.obs0/run/seekdb.pid , on => 6.12.232.130 rc => 0 stdout => null
[2026-10-09 02:32:49.140][INFO ] [Role           :1444] - rm -fr /data/1/nijia.nj/test/namespace_standby_20261003_v1/work/db_p.z1.obs0/store/clog_shm , on => 6.12.232.130 rc => 0 stdout => null
[2026-10-09 02:32:49.146][INFO ] [Role           :1449] - rm -fr /data/1/nijia.nj/test/namespace_standby_20261003_v1/work/db_p.z1.obs0/store/ilog_shm , on => 6.12.232.130 rc => 0 stdout => null
[2026-10-09 02:32:49.153][INFO ] [Role           :1454] - rm -fr /data/1/nijia.nj/test/namespace_standby_20261003_v1/work/db_p.z1.obs0/store/manifest* , on => 6.12.232.130 rc => 0 stdout => null
[2026-10-09 02:32:49.163][INFO ] [Role           :1467] - rm -fr /data/1/nijia.nj/test/namespace_standby_20261003_v1/work/db_p.z1.obs0/core* , on => 6.12.232.130 rc => 0 stdout => null
[2026-10-09 02:32:49.172][INFO ] [Role           :1504] - rm -fr /data/1/nijia.nj/test/namespace_standby_20261003_v1/clog/db_p.z1.obs0.nijia.nj/ /data/1/nijia.nj/test/namespace_standby_20261003_v1/data/db_p.z1.obs0.nijia.nj/ , on => 6.12.232.130 rc => 0 stdout => null
[2026-10-09 02:32:49.464][INFO ] [Role           :1510] - rm -fr /data/1/nijia.nj/test/namespace_standby_20261003_v1/work/db_p.z1.obs0 , on => 6.12.232.130 rc => 0 stdout => null
[2026-10-09 02:32:49.470][INFO ] [Deploy         :294] - execute db_p.z1.obs0.rmdir  result => true
[2026-10-09 02:32:49.470][INFO ] [Deploy         :362] - execute db_p.z1.rmdir result => true [true]
[2026-10-09 02:32:49.470][INFO ] [Deploy         :331] - execute db_p.z1.cleanup result => true
[2026-10-09 02:32:49.471][INFO ] [Deploy         :362] - execute db_p.z1.cleanup_logstore result => true []
[2026-10-09 02:32:49.472][INFO ] [Deploy         :331] - execute db_p.z1.cleanup_all result => true
[2026-10-09 02:32:49.472][INFO ] [Deploy         :287] - execute db_p.z1.genconf
[2026-10-09 02:32:49.472][INFO ] [Deploy         :294] - execute db_p.z1.genconf result => true
[2026-10-09 02:32:49.475][INFO ] [Deploy         :287] - execute db_p.z1.obs0.mkdir 
[2026-10-09 02:32:49.476][INFO ] [Role           :1768] - mkdir -p /data/1/nijia.nj/test/namespace_standby_20261003_v1/work/db_p.z1.obs0/store/;mkdir -p /data/1/nijia.nj/test/namespace_standby_20261003_v1/clog/db_p.z1.obs0.nijia.nj/store/clog /data/1/nijia.nj/test/namespace_standby_20261003_v1/clog/db_p.z1.obs0.nijia.nj/store/ilog /data/1/nijia.nj/test/namespace_standby_20261003_v1/clog/db_p.z1.obs0.nijia.nj/store/slog /data/1/nijia.nj/test/namespace_standby_20261003_v1/data/db_p.z1.obs0.nijia.nj/sort_dir /data/1/nijia.nj/test/namespace_standby_20261003_v1/data/db_p.z1.obs0.nijia.nj/sstable;ln -sf /data/1/nijia.nj/test/namespace_standby_20261003_v1/data/db_p.z1.obs0.nijia.nj/sstable /data/1/nijia.nj/test/namespace_standby_20261003_v1/work/db_p.z1.obs0/store/;ln -sf /data/1/nijia.nj/test/namespace_standby_20261003_v1/clog/db_p.z1.obs0.nijia.nj/store/clog /data/1/nijia.nj/test/namespace_standby_20261003_v1/work/db_p.z1.obs0/store/;ln -sf /data/1/nijia.nj/test/namespace_standby_20261003_v1/clog/db_p.z1.obs0.nijia.nj/store/ilog /data/1/nijia.nj/test/namespace_standby_20261003_v1/work/db_p.z1.obs0/store/;ln -sf /data/1/nijia.nj/test/namespace_standby_20261003_v1/clog/db_p.z1.obs0.nijia.nj/store/slog /data/1/nijia.nj/test/namespace_standby_20261003_v1/work/db_p.z1.obs0/store/;ln -sf /data/1/nijia.nj/test/namespace_standby_20261003_v1/data/db_p.z1.obs0.nijia.nj/sort_dir /data/1/nijia.nj/test/namespace_standby_20261003_v1/work/db_p.z1.obs0/store/ on 6.12.232.130
[2026-10-09 02:32:49.514][INFO ] [Deploy         :294] - execute db_p.z1.obs0.mkdir  result => true
[2026-10-09 02:32:49.515][INFO ] [Deploy         :362] - execute db_p.z1.mkdir_obs result => true [true]
[2026-10-09 02:32:49.516][INFO ] [Deploy         :362] - execute db_p.z1.mkdir_logstore result => true []
[2026-10-09 02:32:49.516][INFO ] [Deploy         :331] - execute db_p.z1.mkdir result => true
[2026-10-09 02:32:49.517][INFO ] [Deploy         :287] - execute db_p.z1.obs0.rsync 
[2026-10-09 02:32:49.518][INFO ] [Role           :1648] - sync server finish, time = 1
[2026-10-09 02:32:49.518][INFO ] [Role           :1563] - rsync server => db_p.z1.obs0 version if specified => .
[2026-10-09 02:32:49.525][INFO ] [Role           :1635] - check disk dir ==> './admin' exist
[2026-10-09 02:32:49.530][WARN ] [Role           :1638] - check disk dir ==> './plugin_dir' not exist
[2026-10-09 02:32:49.537][INFO ] [Role           :1635] - check disk dir ==> './wallet' exist
[2026-10-09 02:32:49.539][INFO ] [Role           :1590] - transfer cmd to =>  rsync -WrptgoDRLv --timeout=600 bin etc lib  admin  wallet /data/1/nijia.nj/test/namespace_standby_20261003_v1/work/db_p.z1.obs0
[2026-10-09 02:32:56.453][INFO ] [Role           :1604] - rsync cmd =>  rsync -WrptgoDRLv --timeout=600 bin etc lib  admin  wallet /data/1/nijia.nj/test/namespace_standby_20261003_v1/work/db_p.z1.obs0
[2026-10-09 02:32:56.454][INFO ] [Deploy         :294] - execute db_p.z1.obs0.rsync  result => true
[2026-10-09 02:32:56.456][INFO ] [Deploy         :362] - execute db_p.z1.rsync_obs result => true [true]
[2026-10-09 02:32:56.457][INFO ] [Deploy         :362] - execute db_p.z1.rsync_logstore result => true []
[2026-10-09 02:32:56.457][INFO ] [Deploy         :331] - execute db_p.z1.rsync result => true
[2026-10-09 02:32:56.458][INFO ] [Deploy         :362] - execute db_p.z1.start_logstore result => true []
[2026-10-09 02:32:56.458][INFO ] [Deploy         :287] - execute db_p.z1.sleep 5
[2026-10-09 02:33:01.459][INFO ] [Deploy         :294] - execute db_p.z1.sleep 5 result => true
[2026-10-09 02:33:01.462][INFO ] [Deploy         :287] - execute db_p.z1.obs0.start 
[2026-10-09 02:33:01.462][INFO ] [Deploy         :381] - execute db_p.lite_mode result => true result type => java.lang.Boolean
[2026-10-09 02:33:01.463][INFO ] [Deploy         :381] - execute db_p.lite_mode result => true result type => java.lang.Boolean
6.12.232.130 is not a valid IPv6 address.
[2026-10-09 02:33:01.465][INFO ] [Role           :539] - cluster_id1
[2026-10-09 02:33:01.466][INFO ] [Deploy         :381] - execute db_p.z_num result => 1 result type => java.lang.Integer
[2026-10-09 02:33:01.469][INFO ] [Role           :552] - db_p have 1 ZONE
[2026-10-09 02:33:01.470][INFO ] [Role           :584] - ofs_list ofs_list='z1@' has_ofs_zone false
[2026-10-09 02:33:01.470][INFO ] [Role           :637] - ulimit -c unlimited -s 4096;cd /data/1/nijia.nj/test/namespace_standby_20261003_v1/work/db_p.z1.obs0;LD_LIBRARY_PATH=./lib:/usr/local/lib:/usr/lib:/usr/lib64:/usr/local/lib64:$LD_LIBRARY_PATH /data/1/nijia.nj/test/namespace_standby_20261003_v1/work/db_p.z1.obs0/bin/observer --port 42035 --data-dir /data/1/nijia.nj/test/namespace_standby_20261003_v1/work/db_p.z1.obs0/store --redo-dir /data/1/nijia.nj/test/namespace_standby_20261003_v1/work/db_p.z1.obs0/store/clog  --role=PRIMARY --parameter enable_rpc_service=true --parameter rpc_port=42000 --parameter datafile_size='2G' --parameter log_disk_size='2G' --parameter cpu_count=4 --parameter memory_limit='8G' on 6.12.232.130
[2026-10-09 02:33:01.564][INFO ] [Deploy         :294] - execute db_p.z1.obs0.start  result => true
[2026-10-09 02:33:01.565][INFO ] [Deploy         :362] - execute db_p.z1.start_obs result => true [true]
[2026-10-09 02:33:01.566][INFO ] [Deploy         :331] - execute db_p.z1.start result => true
[2026-10-09 02:33:01.566][INFO ] [Deploy         :287] - execute db_p.z1.sleep 8
[2026-10-09 02:33:09.566][INFO ] [Deploy         :294] - execute db_p.z1.sleep 8 result => true
[2026-10-09 02:33:09.567][INFO ] [Deploy         :331] - execute db_p.z1.reboot  result => true
[2026-10-09 02:33:09.567][INFO ] [Deploy         :362] - execute db_p.deploy result => true [true]
[2026-10-09 02:33:09.568][INFO ] [Deploy         :287] - execute db_p.sleep 5
[2026-10-09 02:33:14.568][INFO ] [Deploy         :294] - execute db_p.sleep 5 result => true
[2026-10-09 02:33:14.569][INFO ] [Deploy         :287] - execute db_p.bootstrap
[2026-10-09 02:33:14.570][INFO ] [Deploy         :381] - execute db_p.z_num result => 1 result type => java.lang.Integer
[2026-10-09 02:33:14.570][INFO ] [Deploy         :381] - execute db_p.zone_names result => [Ljava.lang.String;@23ceabc1 result type => [Ljava.lang.String;
[2026-10-09 02:33:14.570][INFO ] [Deploy         :381] - execute db_p.z1.obs_num result => 1 result type => java.lang.Integer
[2026-10-09 02:33:14.571][INFO ] [Deploy         :287] - execute db_p.z1.obs0.get status
[2026-10-09 02:33:14.571][WARN ] [Deploy         :298] - execute db_p.z1.obs0.get status result => null
[2026-10-09 02:33:14.571][INFO ] [Deploy         :381] - execute db_p.lite_mode result => true result type => java.lang.Boolean
[2026-10-09 02:33:14.571][INFO ] [Deploy         :294] - execute db_p.bootstrap result => true
[2026-10-09 02:33:14.572][INFO ] [Deploy         :287] - execute db_p.addserver
[2026-10-09 02:33:14.572][INFO ] [Deploy         :381] - execute db_p.z_num result => 1 result type => java.lang.Integer
[2026-10-09 02:33:14.572][INFO ] [Deploy         :381] - execute db_p.zone_names result => [Ljava.lang.String;@23ceabc1 result type => [Ljava.lang.String;
[2026-10-09 02:33:14.572][INFO ] [Deploy         :381] - execute db_p.z1.obs_num result => 1 result type => java.lang.Integer
[2026-10-09 02:33:14.572][INFO ] [Deploy         :294] - execute db_p.addserver result => true
[2026-10-09 02:33:14.573][INFO ] [Deploy         :287] - execute db_p.exec_init_sql
[2026-10-09 02:33:14.573][INFO ] [Deploy         :381] - execute db_p.lite_mode result => true result type => java.lang.Boolean
[2026-10-09 02:33:14.573][INFO ] [Deploy         :287] - execute db_p.z1.obs0.mysql_tenant_root create user 'admin' IDENTIFIED BY 'admin';use oceanbase;grant all on *.* to 'admin' WITH GRANT OPTION;create database if not exists test;
[2026-10-09 02:33:14.574][INFO ] [Role           :3182] - sql =>create user 'admin' IDENTIFIED BY 'admin';use oceanbase;grant all on *.* to 'admin' WITH GRANT OPTION;create database if not exists test;
 will be executed with connection[z1.obs0]root@sys:@6.12.232.130:42035
[2026-10-09 02:33:14.605][ERROR] [Role           :3190] - rc => 1 stdout => ERROR 2013 (HY000): Lost connection to MySQL server at 'handshake: reading initial communication packet', system error: 11
[2026-10-09 02:33:14.606][INFO ] [Deploy         :294] - execute db_p.z1.obs0.mysql_tenant_root create user 'admin' IDENTIFIED BY 'admin';use oceanbase;grant all on *.* to 'admin' WITH GRANT OPTION;create database if not exists test; result => false
[2026-10-09 02:33:14.606][ERROR] [OBI            :403] - failed to create default user ! sql => create user 'admin' IDENTIFIED BY 'admin';use oceanbase;grant all on *.* to 'admin' WITH GRANT OPTION;create database if not exists test;
[2026-10-09 02:33:14.607][INFO ] [Deploy         :294] - execute db_p.exec_init_sql result => false
[2026-10-09 02:33:14.607][ERROR] [Deploy         :324] - execute sub command => db_p.exec_init_sql result => false
[2026-10-09 02:33:14.607][INFO ] [Deploy         :331] - execute db_p.reboot result => false
[2026-10-09 02:33:14.607][ERROR] [Result         :119] - set code
com.etao.mytest.exception.ExecuteErrorException: set code 1
	at com.etao.mytest.command.Result.setCode(Result.java:118)
	at com.etao.mytest.processor.DeployProcessor.process(DeployProcessor.java:160)
	at com.etao.mytest.command.Command.execute(Command.java:552)
	at com.etao.mytest.main.TestCase.run(TestCase.java:779)
	at com.etao.mytest.main.MyTest.main(MyTest.java:129)
[2026-10-09 02:33:14.607][ERROR] [Command        :555] - deploy failed, content => db_p.reboot;
[2026-10-09 02:33:14.608][ERROR] [TestCase       :781] - Fatal error!!! current line number => 15, file => t/stanby/basic.test (maybe)
com.etao.mytest.exception.ExecuteErrorException: deploy failed, content => db_p.reboot;
	at com.etao.mytest.command.Command.execute(Command.java:556)
	at com.etao.mytest.main.TestCase.run(TestCase.java:779)
	at com.etao.mytest.main.MyTest.main(MyTest.java:129)
[2026-10-09 02:33:14.608][ERROR] [MyTest         :137] - deploy failed, content => db_p.reboot;
[2026-10-09 02:33:14.612][INFO ] [Deploy         :287] - execute db_p.z1.obs0.gen_pstack 
[2026-10-09 02:33:14.663][WARN ] [Role           :2029] - execute cmd =>pstack  988744 > /data/1/nijia.nj/test/namespace_standby_20261003_v1/work/db_p.z1.obs0/log/pstack.988744.log && kill -60 988744 fail!
[2026-10-09 02:33:14.668][INFO ] [Deploy         :287] - execute db_p.z1.obs0.save_log 
[2026-10-09 02:33:15.33][INFO ] [TestCase       :612] - collecting the backup files, executing - cp -r /data/1/nijia.nj/test/namespace_standby_20261003_v1/backup/ob*.nijia.nj collected_log/basic/backup_files/
[2026-10-09 02:33:15.48][INFO ] [MyTest         :151] - cost ts 27s exitcode 255
Shutdown hook ran!
