Run case stanby/cascade_standby
[2026-10-09 02:33:15.645][INFO ] [MyTest         :78] - print args => [-use_ob_connector, true, -result_file, r/stanby/cascade_standby.result, -test_file, t/stanby/cascade_standby.test]
[-use_ob_connector, true, -result_file, r/stanby/cascade_standby.result, -test_file, t/stanby/cascade_standby.test]
[2026-10-09 02:33:15.648][INFO ] [MyTest         :81] - start case => t/stanby/cascade_standby.test
[2026-10-09 02:33:15.653][INFO ] [MyTest         :84] - use data id => obtest_nijia.nj_6.12.232.130
[2026-10-09 02:33:15.731][INFO ] [TestCase       :107] - initilize deploy processor
[2026-10-09 02:33:15.742][INFO ] [DeployConfig   :590] - config port and dataid. port_base=>1124, obs_port=>1124, mysql_port=>1159, data_id=>obtest_nijia.nj_6.12.232.130_0, port_offset=>0
[2026-10-09 02:33:15.831][INFO ] [DeployConfig   :577] - config port and dataid. port_base=>42000, obs_port=>42000, mysql_port=>42035, data_id=>obtest_nijia.nj_6.12.232.130_042000
[2026-10-09 02:33:15.837][INFO ] [OfsProcessor   :53] - ofs_deployer: null/hap.py
[2026-10-09 02:33:15.839][INFO ] [OfsCreateTenantProcessor:32] - ofsshell: null/../../bin/ofsshell
[2026-10-09 02:33:15.839][INFO ] [TestCase       :761] - Read file => t/stanby/cascade_standby.test
[2026-10-09 02:33:15.842][INFO ] [TestCase       :721] - Finish read case: file_lines => 528, lineNo => 257
[2026-10-09 02:33:15.861][INFO ] [Command        :536] - > LINE => 21, CMD => Q_DISABLE_ALL_RESULT_LOG, CONTENT => --disable_all_result_log
[2026-10-09 02:33:15.865][INFO ] [Command        :353] - start[1791484395862] time[2] tag[Q_DISABLE_ALL_RESULT_LOG]
[2026-10-09 02:33:15.871][INFO ] [Command        :536] - > LINE => 22, CMD => Q_DEPLOY, CONTENT => db_p=OBI(cluster=1,proxy_num=0,role=primary);
[2026-10-09 02:33:15.875][INFO ] [DeployProcessor:78] - OBI define => db_p=OBI(cluster=1,proxy_num=0,role=primary)
[2026-10-09 02:33:15.895][INFO ] [Deploy         :381] - execute db_p.z_num result => 1 result type => java.lang.Integer
[2026-10-09 02:33:16.40][INFO ] [Deploy         :464] - assign rpc port. observer=>db_p.z1.obs0, rpc_port=>42000
[2026-10-09 02:33:16.41][INFO ] [Deploy         :471] - assign mysql port. observer=>db_p.z1.obs0, mysql_port=>42035
[2026-10-09 02:33:16.41][INFO ] [Deploy         :478] - assign backup io rpc port. observer=>db_p.z1.obs0, obesi_port=>42070
[2026-10-09 02:33:16.50][INFO ] [OBLog          :99] - config.ob_version='.'
[2026-10-09 02:33:16.50][INFO ] [OBLog          :100] - config.oblog_version='default'
[2026-10-09 02:33:16.50][INFO ] [OBLog          :117] - set oblog version='.'
[2026-10-09 02:33:16.51][INFO ] [OBLog          :126] - set oblog work_dir=''
[2026-10-09 02:33:16.51][INFO ] [OBLog          :148] - oblog.is_obcdc_exist: false
[2026-10-09 02:33:16.51][INFO ] [OBLog          :149] - oblog.exec: oblog/oblog_tailf
[2026-10-09 02:33:16.51][INFO ] [OBLog          :150] - oblog.configFile: oblog/liboblog.conf
[2026-10-09 02:33:16.52][INFO ] [OBLog          :151] - oblog.dataFile: oblog/data.log
[2026-10-09 02:33:16.52][INFO ] [OBLog          :152] - oblog.envCon: LD_LIBRARY_PATH=oblog:$LD_LIBRARY_PATH
[2026-10-09 02:33:16.53][INFO ] [OBLog          :153] - oblog.startCmdHead: ulimit -c unlimited; LD_LIBRARY_PATH=oblog:$LD_LIBRARY_PATH oblog/oblog_tailf
[2026-10-09 02:33:16.53][INFO ] [OBLog          :154] - oblog.defaultStartCmd: ulimit -c unlimited; LD_LIBRARY_PATH=oblog:$LD_LIBRARY_PATH oblog/oblog_tailf  -f oblog/liboblog.conf -D oblog/data.log -H oblog/heartbeat.log -d
[2026-10-09 02:33:16.392][INFO ] [Deploy         :1128] - start observer version is lite mode: true
[2026-10-09 02:33:16.393][INFO ] [Command        :353] - start[1791484395872] time[520] tag[Q_DEPLOY]
[2026-10-09 02:33:16.395][INFO ] [Command        :536] - > LINE => 23, CMD => Q_DEPLOY, CONTENT => db_p.reboot;
[2026-10-09 02:33:16.396][INFO ] [DeployProcessor:93] - deploy => db_p.reboot
[2026-10-09 02:33:16.396][INFO ] [Deploy         :287] - execute db_p.reset
[2026-10-09 02:33:16.396][INFO ] [Deploy         :381] - execute db_p.lite_mode result => true result type => java.lang.Boolean
[2026-10-09 02:33:16.397][INFO ] [Deploy         :294] - execute db_p.reset result => true
[2026-10-09 02:33:16.397][INFO ] [Deploy         :287] - execute db_p.clean_asvr
[2026-10-09 02:33:16.398][INFO ] [Deploy         :294] - execute db_p.clean_asvr result => true
[2026-10-09 02:33:16.403][INFO ] [Deploy         :287] - execute db_p.z1.obs0.force_stop_asvr
[2026-10-09 02:33:16.404][INFO ] [Role           :1228] - pkill -9 -u nijia.nj -f '^/data/1/nijia.nj/test/namespace_standby_20261003_v1/work/db_p.asvr0/bin/observer' on 6.12.232.130
[2026-10-09 02:33:16.449][INFO ] [Role           :1230] - pkill asvr result is => 1
[2026-10-09 02:33:16.450][INFO ] [Deploy         :294] - execute db_p.z1.obs0.force_stop_asvr result => true
[2026-10-09 02:33:16.450][INFO ] [Deploy         :287] - execute db_p.z1.obs0.rmdir_asvr
[2026-10-09 02:33:16.450][INFO ] [Role           :1237] - try to remove asvr dir server  => db_p.z1.obs0
[2026-10-09 02:33:16.466][INFO ] [Role           :1264] - rm -fr /data/1/nijia.nj/test/namespace_standby_20261003_v1/work/db_p.asvr0 , on => 6.12.232.130 rc => 0 stdout => null
[2026-10-09 02:33:16.467][INFO ] [Deploy         :294] - execute db_p.z1.obs0.rmdir_asvr result => true
[2026-10-09 02:33:16.467][INFO ] [Deploy         :331] - execute db_p.z1.obs0.clean_asvr  result => true
[2026-10-09 02:33:16.468][INFO ] [Deploy         :362] - execute db_p.z1.clean_asvr  result => true [true]
[2026-10-09 02:33:16.469][INFO ] [Deploy         :362] - execute db_p.clean_asvr_everywhere result => true [true]
[2026-10-09 02:33:16.469][INFO ] [Deploy         :331] - execute db_p.clean_all_asvr result => true
[2026-10-09 02:33:16.470][INFO ] [Deploy         :287] - execute db_p.deploy_logservice
[2026-10-09 02:33:16.470][INFO ] [Deploy         :294] - execute db_p.deploy_logservice result => true
[2026-10-09 02:33:16.470][INFO ] [Deploy         :287] - execute db_p.bootstrap_logservice
[2026-10-09 02:33:16.471][INFO ] [Deploy         :294] - execute db_p.bootstrap_logservice result => true
[2026-10-09 02:33:16.471][INFO ] [Deploy         :331] - execute db_p.reboot_logservice result => true
[2026-10-09 02:33:16.473][INFO ] [Deploy         :287] - execute db_p.z1.check_local_bin
[2026-10-09 02:33:16.484][INFO ] [Deploy         :294] - execute db_p.z1.check_local_bin result => true
[2026-10-09 02:33:16.484][INFO ] [Deploy         :287] - execute db_p.z1.check_ssh
[2026-10-09 02:33:16.484][INFO ] [Deploy         :294] - execute db_p.z1.check_ssh result => true
[2026-10-09 02:33:16.486][INFO ] [Deploy         :287] - execute db_p.z1.obs0.check_dir 
[2026-10-09 02:33:16.497][INFO ] [Deploy         :294] - execute db_p.z1.obs0.check_dir  result => true
[2026-10-09 02:33:16.511][INFO ] [Deploy         :362] - execute db_p.z1.check_dir result => true [true]
[2026-10-09 02:33:16.512][INFO ] [Deploy         :287] - execute db_p.z1.obs0.force_stop 
[2026-10-09 02:33:16.515][INFO ] [Role           :1307] - pkill -9 -u nijia.nj -f '^/data/1/nijia.nj/test/namespace_standby_20261003_v1/work/db_p.z1.obs0/bin/observer|^/data/1/nijia.nj/test/namespace_standby_20261003_v1/work/db_p.z1.obs0/bin/obesi' on 6.12.232.130
[2026-10-09 02:33:16.540][INFO ] [Role           :1309] - pkill result is => 1
[2026-10-09 02:33:16.541][INFO ] [Role           :1142] - wait stop /data/1/nijia.nj/test/namespace_standby_20261003_v1/work/db_p.z1.obs0/bin/observer on 6.12.232.130
[2026-10-09 02:33:16.541][INFO ] [Role           :1190] - ps uxf | grep "/data/1/nijia.nj/test/namespace_standby_20261003_v1/work/db_p.z1.obs0/bin/observer" | grep -v grep
[2026-10-09 02:33:16.600][INFO ] [Role           :1154] - check port on 6.12.232.130
[2026-10-09 02:33:16.601][INFO ] [RemoteShell    :143] - netstat -lpnt 2>/dev/null | grep '0.0.0.0:42000 ' | awk -F ' ' '{print $7}'
[2026-10-09 02:33:16.659][INFO ] [RemoteShell    :143] - netstat -lpnt 2>/dev/null | grep '0.0.0.0:42035 ' | awk -F ' ' '{print $7}'
[2026-10-09 02:33:16.702][INFO ] [Role           :1164] - stop obs0 took 2 s
[2026-10-09 02:33:16.703][INFO ] [Deploy         :294] - execute db_p.z1.obs0.force_stop  result => true
[2026-10-09 02:33:16.703][INFO ] [Deploy         :362] - execute db_p.z1.force_stop result => true [true]
[2026-10-09 02:33:16.704][INFO ] [Deploy         :362] - execute db_p.z1.force_stop_logstore result => true []
[2026-10-09 02:33:16.705][INFO ] [Deploy         :331] - execute db_p.z1.force_stop_all result => true
[2026-10-09 02:33:16.706][INFO ] [Deploy         :287] - execute db_p.z1.obs0.rmdir 
[2026-10-09 02:33:16.706][INFO ] [Deploy         :381] - execute db_p.lite_mode result => true result type => java.lang.Boolean
[2026-10-09 02:33:16.707][INFO ] [Role           :1395] - rm -fr /data/1/nijia.nj/test/namespace_standby_20261003_v1/data/db_p.z1.obs0.nijia.nj/sstable /data/1/nijia.nj/test/namespace_standby_20261003_v1/clog/db_p.z1.obs0.nijia.nj/store /data/1/nijia.nj/test/namespace_standby_20261003_v1/clog/db_p.z1.obs0.nijia.nj/store/slog /data/1/nijia.nj/test/namespace_standby_20261003_v1/data/db_p.z1.obs0.nijia.nj/sort_dir , on => 6.12.232.130
[2026-10-09 02:33:16.720][INFO ] [Role           :1397] - rm -fr /data/1/nijia.nj/test/namespace_standby_20261003_v1/data/db_p.z1.obs0.nijia.nj/sstable /data/1/nijia.nj/test/namespace_standby_20261003_v1/clog/db_p.z1.obs0.nijia.nj/store /data/1/nijia.nj/test/namespace_standby_20261003_v1/clog/db_p.z1.obs0.nijia.nj/store/slog /data/1/nijia.nj/test/namespace_standby_20261003_v1/data/db_p.z1.obs0.nijia.nj/sort_dir , on => 6.12.232.130 rc => 0 stdout => null
[2026-10-09 02:33:16.744][INFO ] [Role           :1402] - rm -fr /data/1/nijia.nj/test/namespace_standby_20261003_v1/work/db_p.z1.obs0/log , on => 6.12.232.130 rc => 0 stdout => null
[2026-10-09 02:33:16.754][INFO ] [Role           :1407] - rm -fr /data/1/nijia.nj/test/namespace_standby_20261003_v1/work/db_p.z1.obs0/admin , on => 6.12.232.130 rc => 0 stdout => null
[2026-10-09 02:33:16.760][INFO ] [Role           :1412] - rm -fr /data/1/nijia.nj/test/namespace_standby_20261003_v1/work/db_p.z1.obs0/wallet , on => 6.12.232.130 rc => 0 stdout => null
[2026-10-09 02:33:16.769][INFO ] [Role           :1417] - rm -fr /data/1/nijia.nj/test/namespace_standby_20261003_v1/work/db_p.z1.obs0/etc/observer.c*nf*.bin* /data/1/nijia.nj/test/namespace_standby_20261003_v1/work/db_p.z1.obs0/etc/seekdb.c*nf*.bin* , on => 6.12.232.130 rc => 0 stdout => null
[2026-10-09 02:33:16.775][INFO ] [Role           :1423] - rm -fr /data/1/nijia.nj/test/namespace_standby_20261003_v1/work/db_p.z1.obs0/etc/observer.data_version.bin* /data/1/nijia.nj/test/namespace_standby_20261003_v1/work/db_p.z1.obs0/etc/seekdb.data_version.bin* , on => 6.12.232.130 rc => 0 stdout => null
[2026-10-09 02:33:16.785][INFO ] [Role           :1429] - rm -fr /data/1/nijia.nj/test/namespace_standby_20261003_v1/work/db_p.z1.obs0/etc2/observer.c*nf*.bin* , on => 6.12.232.130 rc => 0 stdout => null
[2026-10-09 02:33:16.792][INFO ] [Role           :1434] - rm -fr /data/1/nijia.nj/test/namespace_standby_20261003_v1/work/db_p.z1.obs0/etc3/observer.c*nf*.bin* , on => 6.12.232.130 rc => 0 stdout => null
[2026-10-09 02:33:16.803][INFO ] [Role           :1439] - rm -fr /data/1/nijia.nj/test/namespace_standby_20261003_v1/work/db_p.z1.obs0/run/observer.pid /data/1/nijia.nj/test/namespace_standby_20261003_v1/work/db_p.z1.obs0/run/seekdb.pid , on => 6.12.232.130 rc => 0 stdout => null
[2026-10-09 02:33:16.812][INFO ] [Role           :1444] - rm -fr /data/1/nijia.nj/test/namespace_standby_20261003_v1/work/db_p.z1.obs0/store/clog_shm , on => 6.12.232.130 rc => 0 stdout => null
[2026-10-09 02:33:16.823][INFO ] [Role           :1449] - rm -fr /data/1/nijia.nj/test/namespace_standby_20261003_v1/work/db_p.z1.obs0/store/ilog_shm , on => 6.12.232.130 rc => 0 stdout => null
[2026-10-09 02:33:16.831][INFO ] [Role           :1454] - rm -fr /data/1/nijia.nj/test/namespace_standby_20261003_v1/work/db_p.z1.obs0/store/manifest* , on => 6.12.232.130 rc => 0 stdout => null
[2026-10-09 02:33:16.848][INFO ] [Role           :1467] - rm -fr /data/1/nijia.nj/test/namespace_standby_20261003_v1/work/db_p.z1.obs0/core* , on => 6.12.232.130 rc => 0 stdout => null
[2026-10-09 02:33:16.854][INFO ] [Role           :1504] - rm -fr /data/1/nijia.nj/test/namespace_standby_20261003_v1/clog/db_p.z1.obs0.nijia.nj/ /data/1/nijia.nj/test/namespace_standby_20261003_v1/data/db_p.z1.obs0.nijia.nj/ , on => 6.12.232.130 rc => 0 stdout => null
[2026-10-09 02:33:17.144][INFO ] [Role           :1510] - rm -fr /data/1/nijia.nj/test/namespace_standby_20261003_v1/work/db_p.z1.obs0 , on => 6.12.232.130 rc => 0 stdout => null
[2026-10-09 02:33:17.154][INFO ] [Deploy         :294] - execute db_p.z1.obs0.rmdir  result => true
[2026-10-09 02:33:17.154][INFO ] [Deploy         :362] - execute db_p.z1.rmdir result => true [true]
[2026-10-09 02:33:17.155][INFO ] [Deploy         :331] - execute db_p.z1.cleanup result => true
[2026-10-09 02:33:17.155][INFO ] [Deploy         :362] - execute db_p.z1.cleanup_logstore result => true []
[2026-10-09 02:33:17.156][INFO ] [Deploy         :331] - execute db_p.z1.cleanup_all result => true
[2026-10-09 02:33:17.156][INFO ] [Deploy         :287] - execute db_p.z1.genconf
[2026-10-09 02:33:17.156][INFO ] [Deploy         :294] - execute db_p.z1.genconf result => true
[2026-10-09 02:33:17.157][INFO ] [Deploy         :287] - execute db_p.z1.obs0.mkdir 
[2026-10-09 02:33:17.158][INFO ] [Role           :1768] - mkdir -p /data/1/nijia.nj/test/namespace_standby_20261003_v1/work/db_p.z1.obs0/store/;mkdir -p /data/1/nijia.nj/test/namespace_standby_20261003_v1/clog/db_p.z1.obs0.nijia.nj/store/clog /data/1/nijia.nj/test/namespace_standby_20261003_v1/clog/db_p.z1.obs0.nijia.nj/store/ilog /data/1/nijia.nj/test/namespace_standby_20261003_v1/clog/db_p.z1.obs0.nijia.nj/store/slog /data/1/nijia.nj/test/namespace_standby_20261003_v1/data/db_p.z1.obs0.nijia.nj/sort_dir /data/1/nijia.nj/test/namespace_standby_20261003_v1/data/db_p.z1.obs0.nijia.nj/sstable;ln -sf /data/1/nijia.nj/test/namespace_standby_20261003_v1/data/db_p.z1.obs0.nijia.nj/sstable /data/1/nijia.nj/test/namespace_standby_20261003_v1/work/db_p.z1.obs0/store/;ln -sf /data/1/nijia.nj/test/namespace_standby_20261003_v1/clog/db_p.z1.obs0.nijia.nj/store/clog /data/1/nijia.nj/test/namespace_standby_20261003_v1/work/db_p.z1.obs0/store/;ln -sf /data/1/nijia.nj/test/namespace_standby_20261003_v1/clog/db_p.z1.obs0.nijia.nj/store/ilog /data/1/nijia.nj/test/namespace_standby_20261003_v1/work/db_p.z1.obs0/store/;ln -sf /data/1/nijia.nj/test/namespace_standby_20261003_v1/clog/db_p.z1.obs0.nijia.nj/store/slog /data/1/nijia.nj/test/namespace_standby_20261003_v1/work/db_p.z1.obs0/store/;ln -sf /data/1/nijia.nj/test/namespace_standby_20261003_v1/data/db_p.z1.obs0.nijia.nj/sort_dir /data/1/nijia.nj/test/namespace_standby_20261003_v1/work/db_p.z1.obs0/store/ on 6.12.232.130
[2026-10-09 02:33:17.177][INFO ] [Deploy         :294] - execute db_p.z1.obs0.mkdir  result => true
[2026-10-09 02:33:17.178][INFO ] [Deploy         :362] - execute db_p.z1.mkdir_obs result => true [true]
[2026-10-09 02:33:17.179][INFO ] [Deploy         :362] - execute db_p.z1.mkdir_logstore result => true []
[2026-10-09 02:33:17.180][INFO ] [Deploy         :331] - execute db_p.z1.mkdir result => true
[2026-10-09 02:33:17.180][INFO ] [Deploy         :287] - execute db_p.z1.obs0.rsync 
[2026-10-09 02:33:17.181][INFO ] [Role           :1648] - sync server finish, time = 0
[2026-10-09 02:33:17.181][INFO ] [Role           :1563] - rsync server => db_p.z1.obs0 version if specified => .
[2026-10-09 02:33:17.188][INFO ] [Role           :1635] - check disk dir ==> './admin' exist
[2026-10-09 02:33:17.194][WARN ] [Role           :1638] - check disk dir ==> './plugin_dir' not exist
[2026-10-09 02:33:17.206][INFO ] [Role           :1635] - check disk dir ==> './wallet' exist
[2026-10-09 02:33:17.207][INFO ] [Role           :1590] - transfer cmd to =>  rsync -WrptgoDRLv --timeout=600 bin etc lib  admin  wallet /data/1/nijia.nj/test/namespace_standby_20261003_v1/work/db_p.z1.obs0
[2026-10-09 02:33:25.327][INFO ] [Role           :1604] - rsync cmd =>  rsync -WrptgoDRLv --timeout=600 bin etc lib  admin  wallet /data/1/nijia.nj/test/namespace_standby_20261003_v1/work/db_p.z1.obs0
[2026-10-09 02:33:25.328][INFO ] [Deploy         :294] - execute db_p.z1.obs0.rsync  result => true
[2026-10-09 02:33:25.330][INFO ] [Deploy         :362] - execute db_p.z1.rsync_obs result => true [true]
[2026-10-09 02:33:25.331][INFO ] [Deploy         :362] - execute db_p.z1.rsync_logstore result => true []
[2026-10-09 02:33:25.332][INFO ] [Deploy         :331] - execute db_p.z1.rsync result => true
[2026-10-09 02:33:25.333][INFO ] [Deploy         :362] - execute db_p.z1.start_logstore result => true []
[2026-10-09 02:33:25.333][INFO ] [Deploy         :287] - execute db_p.z1.sleep 5
[2026-10-09 02:33:30.334][INFO ] [Deploy         :294] - execute db_p.z1.sleep 5 result => true
[2026-10-09 02:33:30.336][INFO ] [Deploy         :287] - execute db_p.z1.obs0.start 
[2026-10-09 02:33:30.336][INFO ] [Deploy         :381] - execute db_p.lite_mode result => true result type => java.lang.Boolean
[2026-10-09 02:33:30.337][INFO ] [Deploy         :381] - execute db_p.lite_mode result => true result type => java.lang.Boolean
6.12.232.130 is not a valid IPv6 address.
[2026-10-09 02:33:30.346][INFO ] [Role           :539] - cluster_id1
[2026-10-09 02:33:30.346][INFO ] [Deploy         :381] - execute db_p.z_num result => 1 result type => java.lang.Integer
[2026-10-09 02:33:30.347][INFO ] [Role           :552] - db_p have 1 ZONE
[2026-10-09 02:33:30.347][INFO ] [Role           :584] - ofs_list ofs_list='z1@' has_ofs_zone false
[2026-10-09 02:33:30.347][INFO ] [Role           :637] - ulimit -c unlimited -s 4096;cd /data/1/nijia.nj/test/namespace_standby_20261003_v1/work/db_p.z1.obs0;LD_LIBRARY_PATH=./lib:/usr/local/lib:/usr/lib:/usr/lib64:/usr/local/lib64:$LD_LIBRARY_PATH /data/1/nijia.nj/test/namespace_standby_20261003_v1/work/db_p.z1.obs0/bin/observer --port 42035 --data-dir /data/1/nijia.nj/test/namespace_standby_20261003_v1/work/db_p.z1.obs0/store --redo-dir /data/1/nijia.nj/test/namespace_standby_20261003_v1/work/db_p.z1.obs0/store/clog  --role=PRIMARY --parameter enable_rpc_service=true --parameter rpc_port=42000 --parameter datafile_size='2G' --parameter log_disk_size='2G' --parameter cpu_count=4 --parameter memory_limit='8G' on 6.12.232.130
[2026-10-09 02:33:30.475][INFO ] [Deploy         :294] - execute db_p.z1.obs0.start  result => true
[2026-10-09 02:33:30.476][INFO ] [Deploy         :362] - execute db_p.z1.start_obs result => true [true]
[2026-10-09 02:33:30.477][INFO ] [Deploy         :331] - execute db_p.z1.start result => true
[2026-10-09 02:33:30.477][INFO ] [Deploy         :287] - execute db_p.z1.sleep 8
[2026-10-09 02:33:38.477][INFO ] [Deploy         :294] - execute db_p.z1.sleep 8 result => true
[2026-10-09 02:33:38.478][INFO ] [Deploy         :331] - execute db_p.z1.reboot  result => true
[2026-10-09 02:33:38.478][INFO ] [Deploy         :362] - execute db_p.deploy result => true [true]
[2026-10-09 02:33:38.479][INFO ] [Deploy         :287] - execute db_p.sleep 5
[2026-10-09 02:33:43.479][INFO ] [Deploy         :294] - execute db_p.sleep 5 result => true
[2026-10-09 02:33:43.480][INFO ] [Deploy         :287] - execute db_p.bootstrap
[2026-10-09 02:33:43.485][INFO ] [Deploy         :381] - execute db_p.z_num result => 1 result type => java.lang.Integer
[2026-10-09 02:33:43.485][INFO ] [Deploy         :381] - execute db_p.zone_names result => [Ljava.lang.String;@23ceabc1 result type => [Ljava.lang.String;
[2026-10-09 02:33:43.485][INFO ] [Deploy         :381] - execute db_p.z1.obs_num result => 1 result type => java.lang.Integer
[2026-10-09 02:33:43.486][INFO ] [Deploy         :287] - execute db_p.z1.obs0.get status
[2026-10-09 02:33:43.486][WARN ] [Deploy         :298] - execute db_p.z1.obs0.get status result => null
[2026-10-09 02:33:43.487][INFO ] [Deploy         :381] - execute db_p.lite_mode result => true result type => java.lang.Boolean
[2026-10-09 02:33:43.487][INFO ] [Deploy         :294] - execute db_p.bootstrap result => true
[2026-10-09 02:33:43.487][INFO ] [Deploy         :287] - execute db_p.addserver
[2026-10-09 02:33:43.487][INFO ] [Deploy         :381] - execute db_p.z_num result => 1 result type => java.lang.Integer
[2026-10-09 02:33:43.488][INFO ] [Deploy         :381] - execute db_p.zone_names result => [Ljava.lang.String;@23ceabc1 result type => [Ljava.lang.String;
[2026-10-09 02:33:43.488][INFO ] [Deploy         :381] - execute db_p.z1.obs_num result => 1 result type => java.lang.Integer
[2026-10-09 02:33:43.488][INFO ] [Deploy         :294] - execute db_p.addserver result => true
[2026-10-09 02:33:43.489][INFO ] [Deploy         :287] - execute db_p.exec_init_sql
[2026-10-09 02:33:43.489][INFO ] [Deploy         :381] - execute db_p.lite_mode result => true result type => java.lang.Boolean
[2026-10-09 02:33:43.490][INFO ] [Deploy         :287] - execute db_p.z1.obs0.mysql_tenant_root create user 'admin' IDENTIFIED BY 'admin';use oceanbase;grant all on *.* to 'admin' WITH GRANT OPTION;create database if not exists test;
[2026-10-09 02:33:43.490][INFO ] [Role           :3182] - sql =>create user 'admin' IDENTIFIED BY 'admin';use oceanbase;grant all on *.* to 'admin' WITH GRANT OPTION;create database if not exists test;
 will be executed with connection[z1.obs0]root@sys:@6.12.232.130:42035
[2026-10-09 02:33:43.518][ERROR] [Role           :3190] - rc => 1 stdout => ERROR 2013 (HY000): Lost connection to MySQL server at 'handshake: reading initial communication packet', system error: 11
[2026-10-09 02:33:43.519][INFO ] [Deploy         :294] - execute db_p.z1.obs0.mysql_tenant_root create user 'admin' IDENTIFIED BY 'admin';use oceanbase;grant all on *.* to 'admin' WITH GRANT OPTION;create database if not exists test; result => false
[2026-10-09 02:33:43.519][ERROR] [OBI            :403] - failed to create default user ! sql => create user 'admin' IDENTIFIED BY 'admin';use oceanbase;grant all on *.* to 'admin' WITH GRANT OPTION;create database if not exists test;
[2026-10-09 02:33:43.519][INFO ] [Deploy         :294] - execute db_p.exec_init_sql result => false
[2026-10-09 02:33:43.519][ERROR] [Deploy         :324] - execute sub command => db_p.exec_init_sql result => false
[2026-10-09 02:33:43.519][INFO ] [Deploy         :331] - execute db_p.reboot result => false
[2026-10-09 02:33:43.519][ERROR] [Result         :119] - set code
com.etao.mytest.exception.ExecuteErrorException: set code 1
	at com.etao.mytest.command.Result.setCode(Result.java:118)
	at com.etao.mytest.processor.DeployProcessor.process(DeployProcessor.java:160)
	at com.etao.mytest.command.Command.execute(Command.java:552)
	at com.etao.mytest.main.TestCase.run(TestCase.java:779)
	at com.etao.mytest.main.MyTest.main(MyTest.java:129)
[2026-10-09 02:33:43.520][ERROR] [Command        :555] - deploy failed, content => db_p.reboot;
[2026-10-09 02:33:43.520][ERROR] [TestCase       :781] - Fatal error!!! current line number => 23, file => t/stanby/cascade_standby.test (maybe)
com.etao.mytest.exception.ExecuteErrorException: deploy failed, content => db_p.reboot;
	at com.etao.mytest.command.Command.execute(Command.java:556)
	at com.etao.mytest.main.TestCase.run(TestCase.java:779)
	at com.etao.mytest.main.MyTest.main(MyTest.java:129)
[2026-10-09 02:33:43.520][ERROR] [MyTest         :137] - deploy failed, content => db_p.reboot;
[2026-10-09 02:33:43.525][INFO ] [Deploy         :287] - execute db_p.z1.obs0.gen_pstack 
[2026-10-09 02:33:43.578][WARN ] [Role           :2029] - execute cmd =>pstack  991063 > /data/1/nijia.nj/test/namespace_standby_20261003_v1/work/db_p.z1.obs0/log/pstack.991063.log && kill -60 991063 fail!
[2026-10-09 02:33:43.582][INFO ] [Deploy         :287] - execute db_p.z1.obs0.save_log 
[2026-10-09 02:33:43.739][INFO ] [TestCase       :612] - collecting the backup files, executing - cp -r /data/1/nijia.nj/test/namespace_standby_20261003_v1/backup/ob*.nijia.nj collected_log/cascade_standby/backup_files/
[2026-10-09 02:33:43.749][INFO ] [MyTest         :151] - cost ts 28s exitcode 255
Shutdown hook ran!
