make: Entering directory '/home/nijia.nj/.herdr/worktrees/seekdb/herdr-fork/build_release'
make[1]: Entering directory '/home/nijia.nj/.herdr/worktrees/seekdb/herdr-fork/build_release'
make[2]: Entering directory '/home/nijia.nj/.herdr/worktrees/seekdb/herdr-fork/build_release'
make[2]: Entering directory '/home/nijia.nj/.herdr/worktrees/seekdb/herdr-fork/build_release'
make[2]: Entering directory '/home/nijia.nj/.herdr/worktrees/seekdb/herdr-fork/build_release'
make[2]: Entering directory '/home/nijia.nj/.herdr/worktrees/seekdb/herdr-fork/build_release'
make[2]: Entering directory '/home/nijia.nj/.herdr/worktrees/seekdb/herdr-fork/build_release'
make[2]: Entering directory '/home/nijia.nj/.herdr/worktrees/seekdb/herdr-fork/build_release'
make[2]: Entering directory '/home/nijia.nj/.herdr/worktrees/seekdb/herdr-fork/build_release'
make[2]: Entering directory '/home/nijia.nj/.herdr/worktrees/seekdb/herdr-fork/build_release'
make[2]: Entering directory '/home/nijia.nj/.herdr/worktrees/seekdb/herdr-fork/build_release'
make[2]: Entering directory '/home/nijia.nj/.herdr/worktrees/seekdb/herdr-fork/build_release'
make[2]: Entering directory '/home/nijia.nj/.herdr/worktrees/seekdb/herdr-fork/build_release'
make[2]: Entering directory '/home/nijia.nj/.herdr/worktrees/seekdb/herdr-fork/build_release'
make[2]: Leaving directory '/home/nijia.nj/.herdr/worktrees/seekdb/herdr-fork/build_release'
make[2]: Entering directory '/home/nijia.nj/.herdr/worktrees/seekdb/herdr-fork/build_release'
make[2]: Leaving directory '/home/nijia.nj/.herdr/worktrees/seekdb/herdr-fork/build_release'
make[2]: Leaving directory '/home/nijia.nj/.herdr/worktrees/seekdb/herdr-fork/build_release'
make[2]: Leaving directory '/home/nijia.nj/.herdr/worktrees/seekdb/herdr-fork/build_release'
make[2]: Leaving directory '/home/nijia.nj/.herdr/worktrees/seekdb/herdr-fork/build_release'
make[2]: Leaving directory '/home/nijia.nj/.herdr/worktrees/seekdb/herdr-fork/build_release'
make[2]: Leaving directory '/home/nijia.nj/.herdr/worktrees/seekdb/herdr-fork/build_release'
make[2]: Leaving directory '/home/nijia.nj/.herdr/worktrees/seekdb/herdr-fork/build_release'
make[2]: Leaving directory '/home/nijia.nj/.herdr/worktrees/seekdb/herdr-fork/build_release'
make[2]: Leaving directory '/home/nijia.nj/.herdr/worktrees/seekdb/herdr-fork/build_release'
make[2]: Leaving directory '/home/nijia.nj/.herdr/worktrees/seekdb/herdr-fork/build_release'
make[2]: Entering directory '/home/nijia.nj/.herdr/worktrees/seekdb/herdr-fork/build_release'
make[2]: Leaving directory '/home/nijia.nj/.herdr/worktrees/seekdb/herdr-fork/build_release'
make[2]: Leaving directory '/home/nijia.nj/.herdr/worktrees/seekdb/herdr-fork/build_release'
make[2]: Leaving directory '/home/nijia.nj/.herdr/worktrees/seekdb/herdr-fork/build_release'
make[2]: Entering directory '/home/nijia.nj/.herdr/worktrees/seekdb/herdr-fork/build_release'
[  1%] Built target ob_malloc_object
[  2%] Built target restore
[  3%] Built target oblib_grpc
[  4%] Built target oblib_rpc
[  5%] Built target malloc_hook
[  5%] Built target ob_data_plane
[  5%] Built target oblib_lib_bitmap
[  5%] Built target oblib_lib_simd
make[2]: Leaving directory '/home/nijia.nj/.herdr/worktrees/seekdb/herdr-fork/build_release'
[ 11%] Built target zstd_1_3_8_objs
[ 12%] Built target ob_query
[ 17%] Built target ob_sql_server_parser_objects
make[2]: Entering directory '/home/nijia.nj/.herdr/worktrees/seekdb/herdr-fork/build_release'
make[2]: Entering directory '/home/nijia.nj/.herdr/worktrees/seekdb/herdr-fork/build_release'
[ 21%] Built target oblib_common
[ 22%] Built target ob_sql_simd
[ 22%] Built target generate_syspack_source
make[2]: Leaving directory '/home/nijia.nj/.herdr/worktrees/seekdb/herdr-fork/build_release'
make[2]: Entering directory '/home/nijia.nj/.herdr/worktrees/seekdb/herdr-fork/build_release'
make[2]: Entering directory '/home/nijia.nj/.herdr/worktrees/seekdb/herdr-fork/build_release'
make[2]: Leaving directory '/home/nijia.nj/.herdr/worktrees/seekdb/herdr-fork/build_release'
make[2]: Leaving directory '/home/nijia.nj/.herdr/worktrees/seekdb/herdr-fork/build_release'
make[2]: Entering directory '/home/nijia.nj/.herdr/worktrees/seekdb/herdr-fork/build_release'
make[2]: Entering directory '/home/nijia.nj/.herdr/worktrees/seekdb/herdr-fork/build_release'
make[2]: Leaving directory '/home/nijia.nj/.herdr/worktrees/seekdb/herdr-fork/build_release'
make[2]: Leaving directory '/home/nijia.nj/.herdr/worktrees/seekdb/herdr-fork/build_release'
make[2]: Entering directory '/home/nijia.nj/.herdr/worktrees/seekdb/herdr-fork/build_release'
[ 24%] Built target ob_pl
make[2]: Entering directory '/home/nijia.nj/.herdr/worktrees/seekdb/herdr-fork/build_release'
[ 25%] Built target ob_storage_tablet_autoincrement_state
make[2]: Leaving directory '/home/nijia.nj/.herdr/worktrees/seekdb/herdr-fork/build_release'
[ 25%] Built target ob_standby
make[2]: Entering directory '/home/nijia.nj/.herdr/worktrees/seekdb/herdr-fork/build_release'
[ 25%] Building CXX object src/standby/CMakeFiles/ob_standby_runtime.dir/Unity/unity_ob_standby_runtime_common/0_cxx.cxx.o
[ 25%] Built target ob_storage_simd
[ 26%] Built target ob_logservice
make[2]: Leaving directory '/home/nijia.nj/.herdr/worktrees/seekdb/herdr-fork/build_release'
make[2]: Entering directory '/home/nijia.nj/.herdr/worktrees/seekdb/herdr-fork/build_release'
make[2]: Entering directory '/home/nijia.nj/.herdr/worktrees/seekdb/herdr-fork/build_release'
make[2]: Leaving directory '/home/nijia.nj/.herdr/worktrees/seekdb/herdr-fork/build_release'
[ 26%] Built target sql_nio_build
[ 26%] Built target ob_namespace
make[2]: Entering directory '/home/nijia.nj/.herdr/worktrees/seekdb/herdr-fork/build_release'
make[2]: Leaving directory '/home/nijia.nj/.herdr/worktrees/seekdb/herdr-fork/build_release'
make[2]: Entering directory '/home/nijia.nj/.herdr/worktrees/seekdb/herdr-fork/build_release'
make[2]: Leaving directory '/home/nijia.nj/.herdr/worktrees/seekdb/herdr-fork/build_release'
make[2]: Entering directory '/home/nijia.nj/.herdr/worktrees/seekdb/herdr-fork/build_release'
make[2]: Leaving directory '/home/nijia.nj/.herdr/worktrees/seekdb/herdr-fork/build_release'
[ 27%] Building CXX object src/observer/CMakeFiles/ob_main.dir/main.cpp.o
[ 30%] Built target ob_share_extra
make[2]: Entering directory '/home/nijia.nj/.herdr/worktrees/seekdb/herdr-fork/build_release'
make[2]: Entering directory '/home/nijia.nj/.herdr/worktrees/seekdb/herdr-fork/build_release'
[ 30%] Built target ob_sql_server_parser_static
make[2]: Entering directory '/home/nijia.nj/.herdr/worktrees/seekdb/herdr-fork/build_release'
make[2]: Leaving directory '/home/nijia.nj/.herdr/worktrees/seekdb/herdr-fork/build_release'
make[2]: Leaving directory '/home/nijia.nj/.herdr/worktrees/seekdb/herdr-fork/build_release'
make[2]: Leaving directory '/home/nijia.nj/.herdr/worktrees/seekdb/herdr-fork/build_release'
[ 31%] Built target zstd_1_3_8
[ 31%] Built target syspack_source
[ 31%] Built target ob_malloc
make[2]: Entering directory '/home/nijia.nj/.herdr/worktrees/seekdb/herdr-fork/build_release'
make[2]: Entering directory '/home/nijia.nj/.herdr/worktrees/seekdb/herdr-fork/build_release'
make[2]: Entering directory '/home/nijia.nj/.herdr/worktrees/seekdb/herdr-fork/build_release'
make[2]: Entering directory '/home/nijia.nj/.herdr/worktrees/seekdb/herdr-fork/build_release'
[ 37%] Built target ob_sql_extra
make[2]: Entering directory '/home/nijia.nj/.herdr/worktrees/seekdb/herdr-fork/build_release'
make[2]: Leaving directory '/home/nijia.nj/.herdr/worktrees/seekdb/herdr-fork/build_release'
make[2]: Leaving directory '/home/nijia.nj/.herdr/worktrees/seekdb/herdr-fork/build_release'
make[2]: Leaving directory '/home/nijia.nj/.herdr/worktrees/seekdb/herdr-fork/build_release'
[ 38%] Built target compress
make[2]: Leaving directory '/home/nijia.nj/.herdr/worktrees/seekdb/herdr-fork/build_release'
make[2]: Leaving directory '/home/nijia.nj/.herdr/worktrees/seekdb/herdr-fork/build_release'
make[2]: Leaving directory '/home/nijia.nj/.herdr/worktrees/seekdb/herdr-fork/build_release'
make[2]: Entering directory '/home/nijia.nj/.herdr/worktrees/seekdb/herdr-fork/build_release'
make[2]: Leaving directory '/home/nijia.nj/.herdr/worktrees/seekdb/herdr-fork/build_release'
make[2]: Entering directory '/home/nijia.nj/.herdr/worktrees/seekdb/herdr-fork/build_release'
[ 38%] Building CXX object src/storage/CMakeFiles/ob_storage.dir/Unity/unity_ob_storage_ob_storage_access_1_c___cxx.cxx.o
[ 38%] Building CXX object src/storage/CMakeFiles/ob_storage.dir/Unity/unity_ob_storage_ob_storage_ls_0_c___cxx.cxx.o
[ 38%] Building CXX object src/storage/CMakeFiles/ob_storage.dir/Unity/unity_ob_storage_ob_storage_lob_0_c___cxx.cxx.o
[ 39%] Building CXX object src/storage/CMakeFiles/ob_storage.dir/Unity/unity_ob_storage_ob_storage_multi_data_source_0_c___cxx.cxx.o
make[2]: Entering directory '/home/nijia.nj/.herdr/worktrees/seekdb/herdr-fork/build_release'
[ 40%] Building CXX object src/storage/CMakeFiles/ob_storage.dir/Unity/unity_ob_storage_ob_storage_blocksstable_encoding2_0_c___cxx.cxx.o
[ 40%] Building CXX object src/storage/CMakeFiles/ob_storage.dir/Unity/unity_ob_storage_ob_storage_ckpt_0_c___cxx.cxx.o
[ 43%] Building CXX object src/storage/CMakeFiles/ob_storage.dir/Unity/unity_ob_storage_ob_storage_memtable_mvcc_0_c___cxx.cxx.o
[ 45%] Built target oblib_lib
[ 45%] Building CXX object src/storage/CMakeFiles/ob_storage.dir/Unity/unity_ob_storage_ob_storage_fts_0_c___cxx.cxx.o
[ 45%] Building CXX object src/storage/CMakeFiles/ob_storage.dir/Unity/unity_ob_storage_ob_storage_retrieval_0_c___cxx.cxx.o
[ 45%] Building CXX object src/rootserver/CMakeFiles/ob_rootserver.dir/Unity/unity_ob_rootserver_ob_rootserver_base_maintenance_0_c___cxx.cxx.o
[ 46%] Building CXX object src/rootserver/CMakeFiles/ob_rootserver.dir/Unity/unity_ob_rootserver_ob_rootserver_query_0_c___cxx.cxx.o
make[2]: Entering directory '/home/nijia.nj/.herdr/worktrees/seekdb/herdr-fork/build_release'
[ 46%] Building CXX object src/rootserver/CMakeFiles/ob_rootserver.dir/Unity/unity_ob_rootserver_ob_rootserver_storage_common_0_c___cxx.cxx.o
[ 46%] Building CXX object src/rootserver/CMakeFiles/ob_rootserver.dir/Unity/unity_ob_rootserver_ob_rootserver_storage_freeze_0_c___cxx.cxx.o
[ 47%] Building CXX object src/rootserver/CMakeFiles/ob_rootserver.dir/Unity/unity_ob_rootserver_ob_rootserver_runtime_common_1_c___cxx.cxx.o
make[2]: Entering directory '/home/nijia.nj/.herdr/worktrees/seekdb/herdr-fork/build_release'
make[2]: Leaving directory '/home/nijia.nj/.herdr/worktrees/seekdb/herdr-fork/build_release'
[ 47%] Building CXX object src/storage/CMakeFiles/ob_storage.dir/Unity/unity_ob_storage_ob_storage_compaction_1_c___cxx.cxx.o
[ 47%] Building CXX object src/storage/CMakeFiles/ob_storage.dir/Unity/unity_ob_storage_ob_storage_truncate_info_0_c___cxx.cxx.o
[ 47%] Building CXX object src/rootserver/CMakeFiles/ob_rootserver.dir/Unity/unity_ob_rootserver_ob_rootserver_runtime_common_0_c___cxx.cxx.o
[ 48%] Building CXX object src/storage/CMakeFiles/ob_storage.dir/Unity/unity_ob_storage_ob_storage_blocksstable_0_c___cxx.cxx.o
[ 48%] Building CXX object src/observer/CMakeFiles/ob_server.dir/Unity/unity_ob_server_ob_server_virtual_table_0_c___cxx.cxx.o
[ 48%] Building CXX object src/storage/CMakeFiles/ob_storage.dir/Unity/unity_ob_storage_ob_storage_tx_table_0_c___cxx.cxx.o
[ 48%] Building CXX object src/observer/CMakeFiles/ob_server.dir/Unity/unity_ob_server_ob_server_vector_index_0_c___cxx.cxx.o
[ 48%] Building CXX object src/observer/CMakeFiles/ob_server.dir/Unity/unity_ob_server_ob_server_omt_0_c___cxx.cxx.o
[ 48%] Building CXX object src/storage/CMakeFiles/ob_storage.dir/Unity/unity_ob_storage_ob_storage_vector_index_0_c___cxx.cxx.o
[ 48%] Building CXX object src/observer/CMakeFiles/ob_server.dir/Unity/unity_ob_server_ob_server_ai_service_0_c___cxx.cxx.o
[ 48%] Built target oblib
[ 49%] Building CXX object src/storage/CMakeFiles/ob_storage.dir/Unity/unity_ob_storage_ob_storage_ddl_1_c___cxx.cxx.o
[ 50%] Building CXX object src/observer/CMakeFiles/ob_server.dir/Unity/unity_ob_server_ob_server_mysql_0_c___cxx.cxx.o
[ 50%] Building CXX object src/rootserver/CMakeFiles/ob_rootserver.dir/Unity/unity_ob_rootserver_ob_rootserver_runtime_ddl_0_c___cxx.cxx.o
[ 50%] Building CXX object src/rootserver/CMakeFiles/ob_rootserver.dir/Unity/unity_ob_rootserver_ob_rootserver_runtime_fork_freeze_0_c___cxx.cxx.o
[ 50%] Building CXX object src/rootserver/CMakeFiles/ob_rootserver.dir/ddl_task/ob_ddl_redefinition_task.cpp.o
[ 51%] Building CXX object src/rootserver/CMakeFiles/ob_rootserver.dir/Unity/unity_ob_rootserver_ob_rootserver_runtime_services_0_c___cxx.cxx.o
[ 51%] Building CXX object src/rootserver/CMakeFiles/ob_rootserver.dir/ob_ddl_service.cpp.o
[ 51%] Building CXX object src/storage/CMakeFiles/ob_storage.dir/Unity/unity_ob_storage_ob_storage_compaction_filter_0_c___cxx.cxx.o
[ 51%] Building CXX object src/storage/CMakeFiles/ob_storage.dir/Unity/unity_ob_storage_ob_storage_ddl_0_c___cxx.cxx.o
[ 51%] Building CXX object src/rootserver/CMakeFiles/ob_rootserver.dir/ob_lonely_table_cleaner.cpp.o
[ 51%] Building CXX object src/storage/CMakeFiles/ob_storage.dir/Unity/unity_ob_storage_ob_storage_scheduler_0_c___cxx.cxx.o
[ 51%] Building CXX object src/storage/CMakeFiles/ob_storage.dir/Unity/unity_ob_storage_ob_storage_tx_storage_0_c___cxx.cxx.o
[ 51%] Building CXX object src/storage/CMakeFiles/ob_storage.dir/Unity/unity_ob_storage_ob_storage_tablet_0_c___cxx.cxx.o
[ 51%] Building CXX object src/storage/CMakeFiles/ob_storage.dir/Unity/unity_ob_storage_ob_storage_allocator_0_c___cxx.cxx.o
[ 51%] Building CXX object src/observer/CMakeFiles/ob_server.dir/Unity/unity_ob_server_ob_server_virtual_table_2_c___cxx.cxx.o
[ 51%] Building CXX object src/observer/CMakeFiles/ob_server.dir/Unity/unity_ob_server_ob_server_dbms_job_0_c___cxx.cxx.o
[ 51%] Building CXX object src/storage/CMakeFiles/ob_storage.dir/Unity/unity_ob_storage_ob_storage_meta_store_0_c___cxx.cxx.o
[ 52%] Building CXX object src/storage/CMakeFiles/ob_storage.dir/Unity/unity_ob_storage_ob_storage_access_0_c___cxx.cxx.o
[ 52%] Building CXX object src/observer/CMakeFiles/ob_server.dir/Unity/unity_ob_server_ob_server_virtual_table_1_c___cxx.cxx.o
[ 53%] Building CXX object src/observer/CMakeFiles/ob_server.dir/Unity/unity_ob_server_ob_server_virtual_table_3_c___cxx.cxx.o
[ 53%] Building CXX object src/observer/CMakeFiles/ob_server.dir/Unity/unity_ob_server_ob_server_common_mixed_0_c___cxx.cxx.o
[ 53%] Building CXX object src/storage/CMakeFiles/ob_storage.dir/Unity/unity_ob_storage_ob_storage_common_0_c___cxx.cxx.o
[ 53%] Building CXX object src/storage/CMakeFiles/ob_storage.dir/Unity/unity_ob_storage_ob_storage_blocksstable_2_c___cxx.cxx.o
[ 54%] Building CXX object src/observer/CMakeFiles/ob_server.dir/Unity/unity_ob_server_ob_server_virtual_table_4_c___cxx.cxx.o
[ 54%] Building CXX object src/storage/CMakeFiles/ob_storage.dir/Unity/unity_ob_storage_ob_storage_common_mixed_0_c___cxx.cxx.o
[ 54%] Building CXX object src/observer/CMakeFiles/ob_server.dir/Unity/unity_ob_server_ob_server_scheduler_0_c___cxx.cxx.o
[ 55%] Building CXX object src/storage/CMakeFiles/ob_storage.dir/Unity/unity_ob_storage_ob_storage_tablelock_0_c___cxx.cxx.o
[ 56%] Building CXX object src/observer/CMakeFiles/ob_server.dir/ob_server.cpp.o
[ 55%] Building CXX object src/observer/CMakeFiles/ob_server.dir/Unity/unity_ob_server_ob_server_common_0_c___cxx.cxx.o
[ 56%] Building CXX object src/observer/CMakeFiles/ob_server.dir/Unity/unity_ob_server_ob_server_virtual_table_5_c___cxx.cxx.o
[ 56%] Building CXX object src/observer/CMakeFiles/ob_server.dir/ob_service.cpp.o
[ 56%] Building CXX object src/observer/CMakeFiles/ob_server.dir/composition/retrieval/ob_das_legacy_tr_merge_iter.cpp.o
[ 56%] Building CXX object src/observer/CMakeFiles/ob_server.dir/Unity/unity_ob_server_ob_server_change_stream_0_c___cxx.cxx.o
[ 56%] Building CXX object src/storage/CMakeFiles/ob_storage.dir/Unity/unity_ob_storage_ob_storage_compaction_0_c___cxx.cxx.o
[ 56%] Building CXX object src/storage/CMakeFiles/ob_storage.dir/Unity/unity_ob_storage_ob_storage_blocksstable_encoding1_0_c___cxx.cxx.o
[ 56%] Building CXX object src/storage/CMakeFiles/ob_storage.dir/Unity/unity_ob_storage_ob_storage_blocksstable_index_block_0_c___cxx.cxx.o
[ 57%] Building CXX object src/storage/CMakeFiles/ob_storage.dir/Unity/unity_ob_storage_ob_storage_common_1_c___cxx.cxx.o
[ 57%] Building CXX object src/storage/CMakeFiles/ob_storage.dir/Unity/unity_ob_storage_ob_storage_memtable_0_c___cxx.cxx.o
[ 58%] Building CXX object src/storage/CMakeFiles/ob_storage.dir/Unity/unity_ob_storage_ob_storage_blocksstable_1_c___cxx.cxx.o
[ 58%] Building CXX object src/storage/CMakeFiles/ob_storage.dir/Unity/unity_ob_storage_ob_storage_rebase_0_c___cxx.cxx.o
[ 58%] Building CXX object src/storage/CMakeFiles/ob_storage.dir/Unity/unity_ob_storage_ob_storage_tablet_1_c___cxx.cxx.o
[ 58%] Building CXX object src/storage/CMakeFiles/ob_storage.dir/Unity/unity_ob_storage_ob_storage_slog_0_c___cxx.cxx.o
[ 59%] Building CXX object src/storage/CMakeFiles/ob_storage.dir/Unity/unity_ob_storage_ob_storage_throttle_0_c___cxx.cxx.o
[ 59%] Building CXX object src/storage/CMakeFiles/ob_storage.dir/Unity/unity_ob_storage_ob_storage_tx_0_c___cxx.cxx.o
[ 59%] Building CXX object src/storage/CMakeFiles/ob_storage.dir/Unity/unity_ob_storage_ob_storage_tx_1_c___cxx.cxx.o
[ 59%] Building CXX object src/storage/CMakeFiles/ob_storage.dir/Unity/unity_ob_storage_ob_storage_tx_2_c___cxx.cxx.o
[ 76%] Built target ob_share
make[2]: Entering directory '/home/nijia.nj/.herdr/worktrees/seekdb/herdr-fork/build_release'
make[2]: Leaving directory '/home/nijia.nj/.herdr/worktrees/seekdb/herdr-fork/build_release'
[ 76%] Built target ob_share_static
make[2]: Entering directory '/home/nijia.nj/.herdr/worktrees/seekdb/herdr-fork/build_release'
[ 77%] Building CXX object src/sql/CMakeFiles/ob_sql.dir/Unity/unity_ob_sql_ob_sql_engine_px_0_c___cxx.cxx.o
make[2]: Leaving directory '/home/nijia.nj/.herdr/worktrees/seekdb/herdr-fork/build_release'
[ 77%] Built target ob_main
make[2]: Leaving directory '/home/nijia.nj/.herdr/worktrees/seekdb/herdr-fork/build_release'
[ 77%] Built target ob_standby_runtime
make[2]: Leaving directory '/home/nijia.nj/.herdr/worktrees/seekdb/herdr-fork/build_release'
[ 79%] Built target ob_storage
make[2]: Leaving directory '/home/nijia.nj/.herdr/worktrees/seekdb/herdr-fork/build_release'
[ 80%] Built target ob_server
make[2]: Leaving directory '/home/nijia.nj/.herdr/worktrees/seekdb/herdr-fork/build_release'
[ 98%] Built target ob_sql
make[2]: Leaving directory '/home/nijia.nj/.herdr/worktrees/seekdb/herdr-fork/build_release'
[100%] Built target ob_rootserver
make[2]: Entering directory '/home/nijia.nj/.herdr/worktrees/seekdb/herdr-fork/build_release'
make[2]: Leaving directory '/home/nijia.nj/.herdr/worktrees/seekdb/herdr-fork/build_release'
make[2]: Entering directory '/home/nijia.nj/.herdr/worktrees/seekdb/herdr-fork/build_release'
[100%] Linking CXX static library libob_sql_static.a
make[2]: Leaving directory '/home/nijia.nj/.herdr/worktrees/seekdb/herdr-fork/build_release'
[100%] Built target ob_sql_static
make[2]: Entering directory '/home/nijia.nj/.herdr/worktrees/seekdb/herdr-fork/build_release'
make[2]: Leaving directory '/home/nijia.nj/.herdr/worktrees/seekdb/herdr-fork/build_release'
make[2]: Entering directory '/home/nijia.nj/.herdr/worktrees/seekdb/herdr-fork/build_release'
[100%] Linking CXX static library libob_storage_static.a
make[2]: Leaving directory '/home/nijia.nj/.herdr/worktrees/seekdb/herdr-fork/build_release'
[100%] Built target ob_storage_static
make[2]: Entering directory '/home/nijia.nj/.herdr/worktrees/seekdb/herdr-fork/build_release'
make[2]: Leaving directory '/home/nijia.nj/.herdr/worktrees/seekdb/herdr-fork/build_release'
make[2]: Entering directory '/home/nijia.nj/.herdr/worktrees/seekdb/herdr-fork/build_release'
[100%] Linking CXX static library liboceanbase_static.a
make[2]: Leaving directory '/home/nijia.nj/.herdr/worktrees/seekdb/herdr-fork/build_release'
[100%] Built target oceanbase_static
make[2]: Entering directory '/home/nijia.nj/.herdr/worktrees/seekdb/herdr-fork/build_release'
make[2]: Leaving directory '/home/nijia.nj/.herdr/worktrees/seekdb/herdr-fork/build_release'
make[2]: Entering directory '/home/nijia.nj/.herdr/worktrees/seekdb/herdr-fork/build_release'
[100%] Linking CXX executable seekdb
make[2]: Leaving directory '/home/nijia.nj/.herdr/worktrees/seekdb/herdr-fork/build_release'
[100%] Built target seekdb
make[2]: Entering directory '/home/nijia.nj/.herdr/worktrees/seekdb/herdr-fork/build_release'
make[2]: Leaving directory '/home/nijia.nj/.herdr/worktrees/seekdb/herdr-fork/build_release'
make[2]: Entering directory '/home/nijia.nj/.herdr/worktrees/seekdb/herdr-fork/build_release'
make[2]: Leaving directory '/home/nijia.nj/.herdr/worktrees/seekdb/herdr-fork/build_release'
[100%] Built target observer
make[1]: Leaving directory '/home/nijia.nj/.herdr/worktrees/seekdb/herdr-fork/build_release'
make: Leaving directory '/home/nijia.nj/.herdr/worktrees/seekdb/herdr-fork/build_release'
