{"event": "setup", "binary": "/data/1/nijia.nj/test/namespace_fork_build_artifacts/background-materialization-artifacts/seekdb-catalog-gc", "base": "/data/1/nijia.nj/test/namespace_fork_PROTOTYPE_automatic_catalog_gc_ajxg4lzt", "pid": 993101, "port": 27407}
{"event": "sql", "sql": "CREATE DATABASE gc_probe", "rows": []}
{"event": "sql", "sql": "CREATE TABLE gc_probe.anchor(id INT PRIMARY KEY)", "rows": []}
{"event": "sql", "sql": "INSERT INTO gc_probe.anchor VALUES(1)", "rows": []}
{"event": "sql", "sql": "CREATE TABLE gc_probe.t(id INT PRIMARY KEY,v INT)", "rows": []}
{"event": "sql", "sql": "INSERT INTO gc_probe.t VALUES(1,7)", "rows": []}
{"event": "sql", "sql": "FORK NAMESPACE gc_child FROM ns1", "rows": []}
{"event": "sql", "sql": "UPDATE gc_probe.anchor SET id=2", "rows": []}
{"event": "sql", "sql": "SET SESSION TRANSACTION ISOLATION LEVEL REPEATABLE READ", "rows": []}
{"event": "sql", "sql": "BEGIN", "rows": []}
{"event": "sql", "sql": "SELECT * FROM gc_probe.anchor", "rows": [[2]]}
{"event": "sql", "sql": "UPDATE gc_probe.t SET v=8", "rows": []}
{"event": "sql", "sql": "ALTER TABLE gc_probe.t COMMENT='gc-0'", "rows": []}
{"event": "sql", "sql": "ALTER TABLE gc_probe.t COMMENT='gc-1'", "rows": []}
{"event": "sql", "sql": "ALTER TABLE gc_probe.t COMMENT='gc-2'", "rows": []}
{"event": "sql", "sql": "ALTER TABLE gc_probe.t COMMENT='gc-3'", "rows": []}
{"event": "sql", "sql": "ALTER TABLE gc_probe.t COMMENT='gc-4'", "rows": []}
{"event": "sql", "sql": "ALTER TABLE gc_probe.t COMMENT='gc-5'", "rows": []}
{"event": "sql", "sql": "ALTER TABLE gc_probe.t COMMENT='gc-6'", "rows": []}
{"event": "sql", "sql": "ALTER TABLE gc_probe.t COMMENT='gc-7'", "rows": []}
{"event": "sql", "sql": "ALTER TABLE gc_probe.t COMMENT='gc-8'", "rows": []}
{"event": "sql", "sql": "ALTER TABLE gc_probe.t COMMENT='gc-9'", "rows": []}
{"event": "sql", "sql": "ALTER TABLE gc_probe.t COMMENT='gc-10'", "rows": []}
{"event": "sql", "sql": "ALTER TABLE gc_probe.t COMMENT='gc-11'", "rows": []}
{"event": "sql", "sql": "SELECT * FROM gc_probe.t", "rows": [[1, 7]]}
{"event": "sql", "sql": "SELECT * FROM gc_probe.t", "rows": [[1, 8]]}
{"event": "sql", "sql": "COMMIT", "rows": []}
{"event": "sql", "sql": "SELECT * FROM gc_probe.t", "rows": [[1, 8]]}
{"event": "old_view_survives_automatic_gc", "old_root": 400785226455345871, "pages_before": 1221, "pages_after": 965, "samples": [1221, 1221, 1221, 965]}
{"event": "sql", "sql": "FORK NAMESPACE gc_grandchild FROM gc_child", "rows": []}
{"event": "sql", "sql": "DROP NAMESPACE gc_child", "rows": []}
{"event": "sql", "sql": "SELECT * FROM gc_probe.t", "rows": [[1, 8]]}
{"event": "setup", "binary": "/data/1/nijia.nj/test/namespace_fork_build_artifacts/background-materialization-artifacts/seekdb-catalog-gc", "base": "/data/1/nijia.nj/test/namespace_fork_PROTOTYPE_automatic_catalog_gc_ajxg4lzt", "pid": 994129, "port": 27407}
{"event": "sql", "sql": "SELECT * FROM gc_probe.t", "rows": [[1, 8]]}
{"event": "PASS", "case": "automatic_catalog_gc", "old_view": true, "parent_drop": true, "crash_restart": true}
{"event": "stopped", "pid": 994129, "returncode": -9}
{"event": "data_archived", "path": "/data/1/nijia.nj/test/namespace_fork_PROTOTYPE_automatic_catalog_gc_ajxg4lzt/data.tar.gz", "bytes": 6046377}
/home/nijia.nj/.local/lib/python3.8/site-packages/pymysql/_auth.py:9: CryptographyDeprecationWarning: Python 3.8 is no longer supported by the Python core team and support for it is deprecated in cryptography. The next release of cryptography will remove support for Python 3.8.
  from cryptography.hazmat.backends import default_backend
