make: Entering directory '/home/nijia.nj/.herdr/worktrees/seekdb/herdr-fork/build_release'
make[1]: Entering directory '/home/nijia.nj/.herdr/worktrees/seekdb/herdr-fork/build_release'
make[2]: Entering directory '/home/nijia.nj/.herdr/worktrees/seekdb/herdr-fork/build_release'
make[2]: Entering directory '/home/nijia.nj/.herdr/worktrees/seekdb/herdr-fork/build_release'
make[2]: Entering directory '/home/nijia.nj/.herdr/worktrees/seekdb/herdr-fork/build_release'
make[2]: Entering directory '/home/nijia.nj/.herdr/worktrees/seekdb/herdr-fork/build_release'
make[2]: Entering directory '/home/nijia.nj/.herdr/worktrees/seekdb/herdr-fork/build_release'
make[2]: Entering directory '/home/nijia.nj/.herdr/worktrees/seekdb/herdr-fork/build_release'
make[2]: Entering directory '/home/nijia.nj/.herdr/worktrees/seekdb/herdr-fork/build_release'
make[2]: Entering directory '/home/nijia.nj/.herdr/worktrees/seekdb/herdr-fork/build_release'
make[2]: Entering directory '/home/nijia.nj/.herdr/worktrees/seekdb/herdr-fork/build_release'
make[2]: Leaving directory '/home/nijia.nj/.herdr/worktrees/seekdb/herdr-fork/build_release'
make[2]: Leaving directory '/home/nijia.nj/.herdr/worktrees/seekdb/herdr-fork/build_release'
make[2]: Leaving directory '/home/nijia.nj/.herdr/worktrees/seekdb/herdr-fork/build_release'
make[2]: Leaving directory '/home/nijia.nj/.herdr/worktrees/seekdb/herdr-fork/build_release'
make[2]: Entering directory '/home/nijia.nj/.herdr/worktrees/seekdb/herdr-fork/build_release'
make[2]: Leaving directory '/home/nijia.nj/.herdr/worktrees/seekdb/herdr-fork/build_release'
make[2]: Entering directory '/home/nijia.nj/.herdr/worktrees/seekdb/herdr-fork/build_release'
make[2]: Entering directory '/home/nijia.nj/.herdr/worktrees/seekdb/herdr-fork/build_release'
make[2]: Leaving directory '/home/nijia.nj/.herdr/worktrees/seekdb/herdr-fork/build_release'
make[2]: Leaving directory '/home/nijia.nj/.herdr/worktrees/seekdb/herdr-fork/build_release'
make[2]: Leaving directory '/home/nijia.nj/.herdr/worktrees/seekdb/herdr-fork/build_release'
make[2]: Leaving directory '/home/nijia.nj/.herdr/worktrees/seekdb/herdr-fork/build_release'
make[2]: Leaving directory '/home/nijia.nj/.herdr/worktrees/seekdb/herdr-fork/build_release'
make[2]: Leaving directory '/home/nijia.nj/.herdr/worktrees/seekdb/herdr-fork/build_release'
[  1%] Built target restore
[  1%] Built target oblib_lib_simd
[  1%] Built target oblib_lib_bitmap
[  2%] Built target ob_malloc_object
make[2]: Leaving directory '/home/nijia.nj/.herdr/worktrees/seekdb/herdr-fork/build_release'
[  8%] Built target zstd_1_3_8_objs
[  9%] Built target oblib_grpc
[ 10%] Built target ob_sql_simd
[ 11%] Built target oblib_rpc
[ 12%] Built target ob_query
[ 13%] Built target malloc_hook
make[2]: Entering directory '/home/nijia.nj/.herdr/worktrees/seekdb/herdr-fork/build_release'
[ 13%] Built target ob_data_plane
make[2]: Entering directory '/home/nijia.nj/.herdr/worktrees/seekdb/herdr-fork/build_release'
make[2]: Entering directory '/home/nijia.nj/.herdr/worktrees/seekdb/herdr-fork/build_release'
make[2]: Leaving directory '/home/nijia.nj/.herdr/worktrees/seekdb/herdr-fork/build_release'
make[2]: Entering directory '/home/nijia.nj/.herdr/worktrees/seekdb/herdr-fork/build_release'
make[2]: Entering directory '/home/nijia.nj/.herdr/worktrees/seekdb/herdr-fork/build_release'
make[2]: Entering directory '/home/nijia.nj/.herdr/worktrees/seekdb/herdr-fork/build_release'
[ 17%] Built target oblib_common
make[2]: Leaving directory '/home/nijia.nj/.herdr/worktrees/seekdb/herdr-fork/build_release'
make[2]: Entering directory '/home/nijia.nj/.herdr/worktrees/seekdb/herdr-fork/build_release'
make[2]: Leaving directory '/home/nijia.nj/.herdr/worktrees/seekdb/herdr-fork/build_release'
make[2]: Leaving directory '/home/nijia.nj/.herdr/worktrees/seekdb/herdr-fork/build_release'
make[2]: Leaving directory '/home/nijia.nj/.herdr/worktrees/seekdb/herdr-fork/build_release'
make[2]: Leaving directory '/home/nijia.nj/.herdr/worktrees/seekdb/herdr-fork/build_release'
make[2]: Entering directory '/home/nijia.nj/.herdr/worktrees/seekdb/herdr-fork/build_release'
make[2]: Leaving directory '/home/nijia.nj/.herdr/worktrees/seekdb/herdr-fork/build_release'
make[2]: Entering directory '/home/nijia.nj/.herdr/worktrees/seekdb/herdr-fork/build_release'
make[2]: Leaving directory '/home/nijia.nj/.herdr/worktrees/seekdb/herdr-fork/build_release'
[ 17%] Built target ob_standby
[ 18%] Built target ob_storage_tablet_autoincrement_state
make[2]: Leaving directory '/home/nijia.nj/.herdr/worktrees/seekdb/herdr-fork/build_release'
[ 18%] Built target ob_standby_runtime
[ 18%] Built target generate_syspack_source
make[2]: Entering directory '/home/nijia.nj/.herdr/worktrees/seekdb/herdr-fork/build_release'
make[2]: Entering directory '/home/nijia.nj/.herdr/worktrees/seekdb/herdr-fork/build_release'
[ 19%] Built target ob_storage_simd
[ 19%] Built target ob_logservice
make[2]: Entering directory '/home/nijia.nj/.herdr/worktrees/seekdb/herdr-fork/build_release'
make[2]: Entering directory '/home/nijia.nj/.herdr/worktrees/seekdb/herdr-fork/build_release'
[ 24%] Built target ob_sql_server_parser_objects
[ 24%] Building CXX object src/namespace/CMakeFiles/ob_namespace.dir/catalog.cpp.o
make[2]: Entering directory '/home/nijia.nj/.herdr/worktrees/seekdb/herdr-fork/build_release'
[ 24%] Building CXX object src/namespace/CMakeFiles/ob_namespace.dir/namespace.cpp.o
make[2]: Leaving directory '/home/nijia.nj/.herdr/worktrees/seekdb/herdr-fork/build_release'
make[2]: Entering directory '/home/nijia.nj/.herdr/worktrees/seekdb/herdr-fork/build_release'
make[2]: Leaving directory '/home/nijia.nj/.herdr/worktrees/seekdb/herdr-fork/build_release'
make[2]: Leaving directory '/home/nijia.nj/.herdr/worktrees/seekdb/herdr-fork/build_release'
[ 24%] Building CXX object src/pl/CMakeFiles/ob_pl.dir/Unity/unity_ob_pl_pl_recompile_c___cxx.cxx.o
make[2]: Entering directory '/home/nijia.nj/.herdr/worktrees/seekdb/herdr-fork/build_release'
make[2]: Entering directory '/home/nijia.nj/.herdr/worktrees/seekdb/herdr-fork/build_release'
[ 24%] Building CXX object src/pl/CMakeFiles/ob_pl.dir/Unity/unity_ob_pl_pl_common_c___cxx.cxx.o
make[2]: Entering directory '/home/nijia.nj/.herdr/worktrees/seekdb/herdr-fork/build_release'
[ 24%] Built target sql_nio_build
make[2]: Entering directory '/home/nijia.nj/.herdr/worktrees/seekdb/herdr-fork/build_release'
make[2]: Entering directory '/home/nijia.nj/.herdr/worktrees/seekdb/herdr-fork/build_release'
make[2]: Entering directory '/home/nijia.nj/.herdr/worktrees/seekdb/herdr-fork/build_release'
[ 25%] Building CXX object src/observer/CMakeFiles/ob_main.dir/main.cpp.o
make[2]: Leaving directory '/home/nijia.nj/.herdr/worktrees/seekdb/herdr-fork/build_release'
[ 25%] Building CXX object src/pl/CMakeFiles/ob_pl.dir/Unity/unity_ob_pl_pl_sys_package_c___cxx.cxx.o
make[2]: Entering directory '/home/nijia.nj/.herdr/worktrees/seekdb/herdr-fork/build_release'
[ 26%] Building CXX object src/share/CMakeFiles/ob_share_extra.dir/datum/ob_datum_funcs_compilation/ob_datum_funcs_compilation_1.cpp.o
[ 26%] Building CXX object src/share/CMakeFiles/ob_share_extra.dir/datum/ob_datum_funcs_compilation/ob_datum_funcs_compilation_0.cpp.o
make[2]: Leaving directory '/home/nijia.nj/.herdr/worktrees/seekdb/herdr-fork/build_release'
make[2]: Leaving directory '/home/nijia.nj/.herdr/worktrees/seekdb/herdr-fork/build_release'
[ 27%] Building CXX object src/pl/CMakeFiles/ob_pl.dir/Unity/unity_ob_pl_pl_cache_c___cxx.cxx.o
[ 27%] Building CXX object src/share/CMakeFiles/ob_share_extra.dir/datum/ob_datum_funcs_compilation/ob_datum_funcs_compilation_2.cpp.o
make[2]: Leaving directory '/home/nijia.nj/.herdr/worktrees/seekdb/herdr-fork/build_release'
make[2]: Entering directory '/home/nijia.nj/.herdr/worktrees/seekdb/herdr-fork/build_release'
make[2]: Leaving directory '/home/nijia.nj/.herdr/worktrees/seekdb/herdr-fork/build_release'
[ 27%] Building CXX object src/share/CMakeFiles/ob_share_extra.dir/datum/ob_datum_funcs_compilation/ob_datum_funcs_compilation_4.cpp.o
make[2]: Entering directory '/home/nijia.nj/.herdr/worktrees/seekdb/herdr-fork/build_release'
[ 27%] Building CXX object src/share/CMakeFiles/ob_share_extra.dir/datum/ob_datum_funcs_compilation/ob_datum_funcs_compilation_6.cpp.o
[ 28%] Building CXX object src/share/CMakeFiles/ob_share_extra.dir/datum/ob_datum_funcs_compilation/ob_datum_funcs_compilation_5.cpp.o
[ 28%] Building CXX object src/share/CMakeFiles/ob_share_extra.dir/datum/ob_datum_funcs_compilation/ob_datum_funcs_compilation_7.cpp.o
[ 29%] Building CXX object src/share/CMakeFiles/ob_share_extra.dir/datum/ob_str_datum_funcs_compilation/ob_str_datum_funcs_compilation_0.cpp.o
[ 29%] Building CXX object src/sql/CMakeFiles/ob_sql_extra.dir/engine/expr/ob_datum_cast.cpp.o
[ 29%] Building CXX object src/share/CMakeFiles/ob_share_extra.dir/datum/ob_datum_funcs_compilation/ob_datum_funcs_compilation_3.cpp.o
[ 29%] Built target syspack_source
[ 30%] Built target zstd_1_3_8
[ 30%] Built target ob_sql_server_parser_static
[ 30%] Built target ob_malloc
[ 30%] Building CXX object src/share/CMakeFiles/ob_share_extra.dir/datum/ob_str_datum_funcs_compilation/ob_str_datum_funcs_compilation_2.cpp.o
make[2]: Entering directory '/home/nijia.nj/.herdr/worktrees/seekdb/herdr-fork/build_release'
[ 30%] Building CXX object src/sql/CMakeFiles/ob_sql_extra.dir/engine/expr/ob_obj_cast_runtime.cpp.o
[ 30%] Building CXX object src/pl/CMakeFiles/ob_pl.dir/parser/ob_pl_parser.cpp.o
make[2]: Leaving directory '/home/nijia.nj/.herdr/worktrees/seekdb/herdr-fork/build_release'
make[2]: Leaving directory '/home/nijia.nj/.herdr/worktrees/seekdb/herdr-fork/build_release'
make[2]: Entering directory '/home/nijia.nj/.herdr/worktrees/seekdb/herdr-fork/build_release'
[ 30%] Building CXX object src/share/CMakeFiles/ob_share_extra.dir/datum/ob_str_datum_funcs_compilation/ob_str_datum_funcs_compilation_1.cpp.o
[ 31%] Built target compress
make[2]: Entering directory '/home/nijia.nj/.herdr/worktrees/seekdb/herdr-fork/build_release'
make[2]: Leaving directory '/home/nijia.nj/.herdr/worktrees/seekdb/herdr-fork/build_release'
make[2]: Entering directory '/home/nijia.nj/.herdr/worktrees/seekdb/herdr-fork/build_release'
make[2]: Entering directory '/home/nijia.nj/.herdr/worktrees/seekdb/herdr-fork/build_release'
[ 32%] Building CXX object src/rootserver/CMakeFiles/ob_rootserver.dir/Unity/unity_ob_rootserver_ob_rootserver_query_0_c___cxx.cxx.o
[ 32%] Building CXX object src/rootserver/CMakeFiles/ob_rootserver.dir/Unity/unity_ob_rootserver_ob_rootserver_storage_freeze_0_c___cxx.cxx.o
[ 32%] Building CXX object src/rootserver/CMakeFiles/ob_rootserver.dir/Unity/unity_ob_rootserver_ob_rootserver_storage_common_0_c___cxx.cxx.o
[ 34%] Building CXX object src/rootserver/CMakeFiles/ob_rootserver.dir/Unity/unity_ob_rootserver_ob_rootserver_runtime_common_1_c___cxx.cxx.o
[ 38%] Built target oblib_lib
[ 38%] Building CXX object src/rootserver/CMakeFiles/ob_rootserver.dir/Unity/unity_ob_rootserver_ob_rootserver_runtime_common_0_c___cxx.cxx.o
make[2]: Entering directory '/home/nijia.nj/.herdr/worktrees/seekdb/herdr-fork/build_release'
[ 38%] Building CXX object src/rootserver/CMakeFiles/ob_rootserver.dir/Unity/unity_ob_rootserver_ob_rootserver_runtime_ddl_0_c___cxx.cxx.o
[ 38%] Building CXX object src/rootserver/CMakeFiles/ob_rootserver.dir/Unity/unity_ob_rootserver_ob_rootserver_runtime_fork_freeze_0_c___cxx.cxx.o
[ 39%] Building CXX object src/rootserver/CMakeFiles/ob_rootserver.dir/Unity/unity_ob_rootserver_ob_rootserver_runtime_services_0_c___cxx.cxx.o
[ 39%] Building CXX object src/rootserver/CMakeFiles/ob_rootserver.dir/ddl_task/ob_ddl_redefinition_task.cpp.o
make[2]: Leaving directory '/home/nijia.nj/.herdr/worktrees/seekdb/herdr-fork/build_release'
[ 39%] Building CXX object src/rootserver/CMakeFiles/ob_rootserver.dir/ob_ddl_service.cpp.o
[ 39%] Building CXX object src/rootserver/CMakeFiles/ob_rootserver.dir/Unity/unity_ob_rootserver_ob_rootserver_sql_mixed_0_c___cxx.cxx.o
[ 39%] Built target oblib
make[2]: Leaving directory '/home/nijia.nj/.herdr/worktrees/seekdb/herdr-fork/build_release'
make[2]: Leaving directory '/home/nijia.nj/.herdr/worktrees/seekdb/herdr-fork/build_release'
make[2]: Entering directory '/home/nijia.nj/.herdr/worktrees/seekdb/herdr-fork/build_release'
[ 39%] Building CXX object src/observer/CMakeFiles/ob_server.dir/Unity/unity_ob_server_ob_server_virtual_table_0_c___cxx.cxx.o
[ 40%] Building CXX object src/observer/CMakeFiles/ob_server.dir/Unity/unity_ob_server_ob_server_mysql_0_c___cxx.cxx.o
[ 40%] Building CXX object src/observer/CMakeFiles/ob_server.dir/Unity/unity_ob_server_ob_server_vector_index_0_c___cxx.cxx.o
[ 40%] Building CXX object src/observer/CMakeFiles/ob_server.dir/Unity/unity_ob_server_ob_server_omt_0_c___cxx.cxx.o
[ 40%] Building CXX object src/observer/CMakeFiles/ob_server.dir/Unity/unity_ob_server_ob_server_ai_service_0_c___cxx.cxx.o
[ 40%] Building CXX object src/observer/CMakeFiles/ob_server.dir/Unity/unity_ob_server_ob_server_virtual_table_2_c___cxx.cxx.o
[ 40%] Building CXX object src/observer/CMakeFiles/ob_server.dir/Unity/unity_ob_server_ob_server_mysql_1_c___cxx.cxx.o
[ 40%] Building CXX object src/observer/CMakeFiles/ob_server.dir/Unity/unity_ob_server_ob_server_dbms_job_0_c___cxx.cxx.o
[ 40%] Building CXX object src/observer/CMakeFiles/ob_server.dir/Unity/unity_ob_server_ob_server_virtual_table_1_c___cxx.cxx.o
[ 41%] Building CXX object src/observer/CMakeFiles/ob_server.dir/Unity/unity_ob_server_ob_server_virtual_table_3_c___cxx.cxx.o
[ 41%] Building CXX object src/observer/CMakeFiles/ob_server.dir/Unity/unity_ob_server_ob_server_common_mixed_0_c___cxx.cxx.o
[ 41%] Building CXX object src/observer/CMakeFiles/ob_server.dir/Unity/unity_ob_server_ob_server_common_0_c___cxx.cxx.o
[ 41%] Building CXX object src/observer/CMakeFiles/ob_server.dir/Unity/unity_ob_server_ob_server_schema_0_c___cxx.cxx.o
[ 42%] Building CXX object src/observer/CMakeFiles/ob_server.dir/Unity/unity_ob_server_ob_server_virtual_table_4_c___cxx.cxx.o
[ 42%] Building CXX object src/observer/CMakeFiles/ob_server.dir/Unity/unity_ob_server_ob_server_change_stream_0_c___cxx.cxx.o
[ 42%] Building CXX object src/observer/CMakeFiles/ob_server.dir/Unity/unity_ob_server_ob_server_virtual_table_5_c___cxx.cxx.o
[ 43%] Building CXX object src/observer/CMakeFiles/ob_server.dir/ob_server.cpp.o
[ 43%] Building CXX object src/observer/CMakeFiles/ob_server.dir/ob_service.cpp.o
[ 43%] Building CXX object src/observer/CMakeFiles/ob_server.dir/composition/retrieval/ob_das_legacy_tr_merge_iter.cpp.o
make[2]: Entering directory '/home/nijia.nj/.herdr/worktrees/seekdb/herdr-fork/build_release'
make[2]: Leaving directory '/home/nijia.nj/.herdr/worktrees/seekdb/herdr-fork/build_release'
make[2]: Entering directory '/home/nijia.nj/.herdr/worktrees/seekdb/herdr-fork/build_release'
[ 43%] Building CXX object src/sql/CMakeFiles/ob_sql.dir/Unity/unity_ob_sql_ob_sql_resolver_dcl_0_c___cxx.cxx.o
[ 43%] Building CXX object src/sql/CMakeFiles/ob_sql.dir/Unity/unity_ob_sql_ob_sql_engine_expr_3_c___cxx.cxx.o
[ 43%] Building CXX object src/sql/CMakeFiles/ob_sql.dir/Unity/unity_ob_sql_ob_sql_resolver_0_c___cxx.cxx.o
[ 44%] Building CXX object src/sql/CMakeFiles/ob_sql.dir/Unity/unity_ob_sql_ob_sql_plan_cache_0_c___cxx.cxx.o
[ 44%] Building CXX object src/sql/CMakeFiles/ob_sql.dir/Unity/unity_ob_sql_ob_sql_engine_expr_8_c___cxx.cxx.o
[ 45%] Building CXX object src/sql/CMakeFiles/ob_sql.dir/Unity/unity_ob_sql_ob_sql_resolver_ddl_1_c___cxx.cxx.o
[ 45%] Building CXX object src/sql/CMakeFiles/ob_sql.dir/Unity/unity_ob_sql_ob_sql_optimizer_stat_1_c___cxx.cxx.o
[ 46%] Building CXX object src/sql/CMakeFiles/ob_sql.dir/Unity/unity_ob_sql_ob_sql_optimizer_0_c___cxx.cxx.o
[ 46%] Building CXX object src/sql/CMakeFiles/ob_sql.dir/Unity/unity_ob_sql_ob_sql_resolver_ddl_2_c___cxx.cxx.o
[ 46%] Building CXX object src/sql/CMakeFiles/ob_sql.dir/Unity/unity_ob_sql_ob_sql_engine_vector_discrete_0_c___cxx.cxx.o
[ 46%] Building CXX object src/sql/CMakeFiles/ob_sql.dir/Unity/unity_ob_sql_ob_sql_engine_vector_continuous_0_c___cxx.cxx.o
[ 46%] Building CXX object src/sql/CMakeFiles/ob_sql.dir/Unity/unity_ob_sql_ob_sql_engine_table_0_c___cxx.cxx.o
[ 47%] Building CXX object src/sql/CMakeFiles/ob_sql.dir/Unity/unity_ob_sql_ob_sql_engine_expr_10_c___cxx.cxx.o
[ 47%] Building CXX object src/sql/CMakeFiles/ob_sql.dir/Unity/unity_ob_sql_ob_sql_executor_0_c___cxx.cxx.o
[ 47%] Building CXX object src/sql/CMakeFiles/ob_sql.dir/Unity/unity_ob_sql_ob_sql_engine_set_0_c___cxx.cxx.o
[ 47%] Building CXX object src/sql/CMakeFiles/ob_sql.dir/Unity/unity_ob_sql_ob_sql_engine_px_1_c___cxx.cxx.o
[ 48%] Building CXX object src/sql/CMakeFiles/ob_sql.dir/Unity/unity_ob_sql_ob_sql_engine_px_0_c___cxx.cxx.o
[ 48%] Building CXX object src/sql/CMakeFiles/ob_sql.dir/Unity/unity_ob_sql_ob_sql_code_generator_0_c___cxx.cxx.o
[ 48%] Building CXX object src/sql/CMakeFiles/ob_sql.dir/Unity/unity_ob_sql_ob_sql_engine_pdml_0_c___cxx.cxx.o
[ 48%] Building CXX object src/sql/CMakeFiles/ob_sql.dir/Unity/unity_ob_sql_ob_sql_engine_join_0_c___cxx.cxx.o
[ 49%] Building CXX object src/sql/CMakeFiles/ob_sql.dir/Unity/unity_ob_sql_ob_sql_optimizer_stat_0_c___cxx.cxx.o
[ 49%] Building CXX object src/sql/CMakeFiles/ob_sql.dir/Unity/unity_ob_sql_ob_sql_optimizer_1_c___cxx.cxx.o
[ 49%] Building CXX object src/sql/CMakeFiles/ob_sql.dir/Unity/unity_ob_sql_ob_sql_engine_expr_13_c___cxx.cxx.o
[ 49%] Building CXX object src/sql/CMakeFiles/ob_sql.dir/Unity/unity_ob_sql_ob_sql_engine_basic_1_c___cxx.cxx.o
[ 49%] Building CXX object src/sql/CMakeFiles/ob_sql.dir/Unity/unity_ob_sql_ob_sql_monitor_0_c___cxx.cxx.o
[ 49%] Building CXX object src/sql/CMakeFiles/ob_sql.dir/Unity/unity_ob_sql_ob_sql_resolver_ddl_0_c___cxx.cxx.o
[ 49%] Building CXX object src/sql/CMakeFiles/ob_sql.dir/Unity/unity_ob_sql_ob_sql_das_0_c___cxx.cxx.o
make[2]: Entering directory '/home/nijia.nj/.herdr/worktrees/seekdb/herdr-fork/build_release'
[ 49%] Building CXX object src/share/CMakeFiles/ob_share.dir/Unity/unity_ob_share_ob_share_schema_0_c___cxx.cxx.o
make[2]: Leaving directory '/home/nijia.nj/.herdr/worktrees/seekdb/herdr-fork/build_release'
make[2]: Entering directory '/home/nijia.nj/.herdr/worktrees/seekdb/herdr-fork/build_release'
[ 50%] Building CXX object src/sql/CMakeFiles/ob_sql.dir/Unity/unity_ob_sql_ob_sql_engine_0_c___cxx.cxx.o
[ 50%] Building CXX object src/storage/CMakeFiles/ob_storage.dir/Unity/unity_ob_storage_ob_storage_ddl_0_c___cxx.cxx.o
make[2]: Leaving directory '/home/nijia.nj/.herdr/worktrees/seekdb/herdr-fork/build_release'
[ 50%] Built target ob_namespace
[ 50%] Building CXX object src/sql/CMakeFiles/ob_sql.dir/Unity/unity_ob_sql_ob_sql_rewrite_1_c___cxx.cxx.o
[ 50%] Building CXX object src/sql/CMakeFiles/ob_sql.dir/Unity/unity_ob_sql_ob_sql_engine_basic_0_c___cxx.cxx.o
[ 50%] Building CXX object src/sql/CMakeFiles/ob_sql.dir/Unity/unity_ob_sql_ob_sql_resolver_cmd_0_c___cxx.cxx.o
make[2]: Leaving directory '/home/nijia.nj/.herdr/worktrees/seekdb/herdr-fork/build_release'
[ 50%] Built target ob_main
make[2]: Leaving directory '/home/nijia.nj/.herdr/worktrees/seekdb/herdr-fork/build_release'
[ 50%] Built target ob_share_extra
[ 50%] Building CXX object src/share/CMakeFiles/ob_share.dir/Unity/unity_ob_share_ob_share_schema_1_c___cxx.cxx.o
[ 50%] Building CXX object src/storage/CMakeFiles/ob_storage.dir/Unity/unity_ob_storage_ob_storage_tx_storage_0_c___cxx.cxx.o
make[2]: Leaving directory '/home/nijia.nj/.herdr/worktrees/seekdb/herdr-fork/build_release'
[ 55%] Built target ob_sql_extra
make[2]: Leaving directory '/home/nijia.nj/.herdr/worktrees/seekdb/herdr-fork/build_release'
[ 56%] Built target ob_server
make[2]: Leaving directory '/home/nijia.nj/.herdr/worktrees/seekdb/herdr-fork/build_release'
[ 57%] Built target ob_rootserver
[ 57%] Building CXX object src/storage/CMakeFiles/ob_storage.dir/Unity/unity_ob_storage_ob_storage_compaction_filter_0_c___cxx.cxx.o
make[2]: Leaving directory '/home/nijia.nj/.herdr/worktrees/seekdb/herdr-fork/build_release'
[ 58%] Built target ob_pl
make[2]: Leaving directory '/home/nijia.nj/.herdr/worktrees/seekdb/herdr-fork/build_release'
[ 71%] Built target ob_storage
make[2]: Leaving directory '/home/nijia.nj/.herdr/worktrees/seekdb/herdr-fork/build_release'
[ 87%] Built target ob_share
[ 87%] Building CXX object src/sql/CMakeFiles/ob_sql.dir/engine/expr/ob_expr_mul.cpp.o
[ 88%] Building CXX object src/sql/CMakeFiles/ob_sql.dir/engine/expr/ob_expr_in.cpp.o
[ 88%] Building CXX object src/sql/CMakeFiles/ob_sql.dir/Unity/unity_ob_sql_ob_sql_rewrite_0_c___cxx.cxx.o
[ 88%] Building CXX object src/sql/CMakeFiles/ob_sql.dir/engine/aggregate/ob_aggregate_processor.cpp.o
[ 89%] Building CXX object src/sql/CMakeFiles/ob_sql.dir/Unity/unity_ob_sql_ob_sql_tablelock_0_c___cxx.cxx.o
[ 89%] Building CXX object src/sql/CMakeFiles/ob_sql.dir/engine/expr/ob_expr_array_sort.cpp.o
[ 89%] Building CXX object src/sql/CMakeFiles/ob_sql.dir/Unity/unity_ob_sql_ob_sql_resolver_prepare_0_c___cxx.cxx.o
[ 89%] Building CXX object src/sql/CMakeFiles/ob_sql.dir/engine/expr/ob_expr_add.cpp.o
[ 89%] Building CXX object src/sql/CMakeFiles/ob_sql.dir/Unity/unity_ob_sql_ob_sql_engine_expr_12_c___cxx.cxx.o
[ 89%] Building CXX object src/sql/CMakeFiles/ob_sql.dir/Unity/unity_ob_sql_ob_sql_resolver_expr_0_c___cxx.cxx.o
[ 89%] Building CXX object src/sql/CMakeFiles/ob_sql.dir/Unity/unity_ob_sql_ob_sql_engine_expr_5_c___cxx.cxx.o
[ 89%] Building CXX object src/sql/CMakeFiles/ob_sql.dir/Unity/unity_ob_sql_ob_sql_engine_expr_14_c___cxx.cxx.o
[ 90%] Building CXX object src/sql/CMakeFiles/ob_sql.dir/Unity/unity_ob_sql_ob_sql_resolver_dml_0_c___cxx.cxx.o
[ 90%] Building CXX object src/sql/CMakeFiles/ob_sql.dir/Unity/unity_ob_sql_ob_sql_das_1_c___cxx.cxx.o
[ 91%] Building CXX object src/sql/CMakeFiles/ob_sql.dir/Unity/unity_ob_sql_ob_sql_hybrid_search_0_c___cxx.cxx.o
[ 91%] Building CXX object src/sql/CMakeFiles/ob_sql.dir/Unity/unity_ob_sql_ob_sql_session_0_c___cxx.cxx.o
[ 91%] Building CXX object src/sql/CMakeFiles/ob_sql.dir/Unity/unity_ob_sql_ob_sql_engine_cmd_1_c___cxx.cxx.o
[ 92%] Building CXX object src/sql/CMakeFiles/ob_sql.dir/Unity/unity_ob_sql_ob_sql_engine_expr_0_c___cxx.cxx.o
[ 92%] Building CXX object src/sql/CMakeFiles/ob_sql.dir/Unity/unity_ob_sql_ob_sql_engine_expr_6_c___cxx.cxx.o
[ 92%] Building CXX object src/sql/CMakeFiles/ob_sql.dir/Unity/unity_ob_sql_ob_sql_optimizer_2_c___cxx.cxx.o
[ 92%] Building CXX object src/sql/CMakeFiles/ob_sql.dir/Unity/unity_ob_sql_ob_sql_engine_expr_1_c___cxx.cxx.o
[ 92%] Building CXX object src/sql/CMakeFiles/ob_sql.dir/Unity/unity_ob_sql_ob_sql_common_0_c___cxx.cxx.o
[ 94%] Building CXX object src/sql/CMakeFiles/ob_sql.dir/Unity/unity_ob_sql_ob_sql_engine_dml_0_c___cxx.cxx.o
[ 92%] Building CXX object src/sql/CMakeFiles/ob_sql.dir/Unity/unity_ob_sql_ob_sql_printer_0_c___cxx.cxx.o
[ 95%] Building CXX object src/sql/CMakeFiles/ob_sql.dir/Unity/unity_ob_sql_ob_sql_common_mixed_0_c___cxx.cxx.o
[ 95%] Building CXX object src/sql/CMakeFiles/ob_sql.dir/Unity/unity_ob_sql_ob_sql_engine_expr_11_c___cxx.cxx.o
[ 95%] Building CXX object src/sql/CMakeFiles/ob_sql.dir/Unity/unity_ob_sql_ob_sql_engine_expr_9_c___cxx.cxx.o
[ 95%] Building CXX object src/sql/CMakeFiles/ob_sql.dir/Unity/unity_ob_sql_ob_sql_engine_expr_15_c___cxx.cxx.o
[ 95%] Building CXX object src/sql/CMakeFiles/ob_sql.dir/Unity/unity_ob_sql_ob_sql_engine_cmd_0_c___cxx.cxx.o
[ 95%] Building CXX object src/sql/CMakeFiles/ob_sql.dir/Unity/unity_ob_sql_ob_sql_engine_aggregate_groupby_0_c___cxx.cxx.o
[ 95%] Building CXX object src/sql/CMakeFiles/ob_sql.dir/Unity/unity_ob_sql_ob_sql_engine_expr_7_c___cxx.cxx.o
[ 95%] Building CXX object src/sql/CMakeFiles/ob_sql.dir/Unity/unity_ob_sql_ob_sql_engine_expr_2_c___cxx.cxx.o
[ 96%] Building CXX object src/sql/CMakeFiles/ob_sql.dir/Unity/unity_ob_sql_ob_sql_engine_expr_4_c___cxx.cxx.o
[ 96%] Building CXX object src/sql/CMakeFiles/ob_sql.dir/Unity/unity_ob_sql_ob_sql_dtl_0_c___cxx.cxx.o
[ 97%] Building CXX object src/sql/CMakeFiles/ob_sql.dir/Unity/unity_ob_sql_ob_sql_engine_1_c___cxx.cxx.o
make[2]: Leaving directory '/home/nijia.nj/.herdr/worktrees/seekdb/herdr-fork/build_release'
[100%] Built target ob_sql
make[2]: Entering directory '/home/nijia.nj/.herdr/worktrees/seekdb/herdr-fork/build_release'
make[2]: Entering directory '/home/nijia.nj/.herdr/worktrees/seekdb/herdr-fork/build_release'
make[2]: Entering directory '/home/nijia.nj/.herdr/worktrees/seekdb/herdr-fork/build_release'
make[2]: Leaving directory '/home/nijia.nj/.herdr/worktrees/seekdb/herdr-fork/build_release'
make[2]: Leaving directory '/home/nijia.nj/.herdr/worktrees/seekdb/herdr-fork/build_release'
make[2]: Leaving directory '/home/nijia.nj/.herdr/worktrees/seekdb/herdr-fork/build_release'
make[2]: Entering directory '/home/nijia.nj/.herdr/worktrees/seekdb/herdr-fork/build_release'
make[2]: Entering directory '/home/nijia.nj/.herdr/worktrees/seekdb/herdr-fork/build_release'
make[2]: Entering directory '/home/nijia.nj/.herdr/worktrees/seekdb/herdr-fork/build_release'
[100%] Linking CXX static library libob_share_static.a
[100%] Linking CXX static library libob_sql_static.a
[100%] Linking CXX static library libob_storage_static.a
make[2]: Leaving directory '/home/nijia.nj/.herdr/worktrees/seekdb/herdr-fork/build_release'
[100%] Built target ob_storage_static
make[2]: Leaving directory '/home/nijia.nj/.herdr/worktrees/seekdb/herdr-fork/build_release'
[100%] Built target ob_sql_static
make[2]: Leaving directory '/home/nijia.nj/.herdr/worktrees/seekdb/herdr-fork/build_release'
[100%] Built target ob_share_static
make[2]: Entering directory '/home/nijia.nj/.herdr/worktrees/seekdb/herdr-fork/build_release'
make[2]: Leaving directory '/home/nijia.nj/.herdr/worktrees/seekdb/herdr-fork/build_release'
make[2]: Entering directory '/home/nijia.nj/.herdr/worktrees/seekdb/herdr-fork/build_release'
[100%] Linking CXX static library liboceanbase_static.a
make[2]: Leaving directory '/home/nijia.nj/.herdr/worktrees/seekdb/herdr-fork/build_release'
[100%] Built target oceanbase_static
make[2]: Entering directory '/home/nijia.nj/.herdr/worktrees/seekdb/herdr-fork/build_release'
make[2]: Leaving directory '/home/nijia.nj/.herdr/worktrees/seekdb/herdr-fork/build_release'
make[2]: Entering directory '/home/nijia.nj/.herdr/worktrees/seekdb/herdr-fork/build_release'
[100%] Linking CXX executable seekdb
make[2]: Leaving directory '/home/nijia.nj/.herdr/worktrees/seekdb/herdr-fork/build_release'
[100%] Built target seekdb
make[2]: Entering directory '/home/nijia.nj/.herdr/worktrees/seekdb/herdr-fork/build_release'
make[2]: Leaving directory '/home/nijia.nj/.herdr/worktrees/seekdb/herdr-fork/build_release'
make[2]: Entering directory '/home/nijia.nj/.herdr/worktrees/seekdb/herdr-fork/build_release'
make[2]: Leaving directory '/home/nijia.nj/.herdr/worktrees/seekdb/herdr-fork/build_release'
[100%] Built target observer
make[1]: Leaving directory '/home/nijia.nj/.herdr/worktrees/seekdb/herdr-fork/build_release'
make: Leaving directory '/home/nijia.nj/.herdr/worktrees/seekdb/herdr-fork/build_release'
