{"event": "setup", "binary": "/data/1/nijia.nj/test/namespace_fork_build_artifacts/background-materialization-artifacts/seekdb-production", "base": "/data/1/nijia.nj/test/namespace_fork_PROTOTYPE_background_materialization_tyw0vwol", "pid": 223313, "port": 24465}
{"event": "sql", "sql": "CREATE DATABASE readonly_fork", "rows": []}
{"event": "sql", "sql": "CREATE TABLE readonly_fork.t(id INT PRIMARY KEY,v INT,body LONGTEXT,KEY iv(v))", "rows": []}
{"event": "sql", "sql": "INSERT INTO readonly_fork.t VALUES(1,10,REPEAT('a',12000)),(2,20,REPEAT('b',18000))", "rows": []}
{"event": "sql", "sql": "SELECT table_id,tablet_id FROM oceanbase.__all_table WHERE database_id=(SELECT database_id FROM oceanbase.__all_database WHERE database_name='readonly_fork') AND tablet_id>0", "rows": [[500003, 200001], [500005, 200003], [500006, 200004], [500004, 200002]]}
{"event": "sql", "sql": "FORK NAMESPACE never_opened FROM ns1", "rows": []}
{"event": "sql", "sql": "DROP TABLE readonly_fork.t", "rows": []}
{"event": "sql", "sql": "ALTER SYSTEM MINOR FREEZE", "rows": []}
{"event": "background_progress", "elapsed_s": 0.01, "child_tablets": 0, "expected": 4, "remaining_sources": [[4611686155866541377, 3, 1, 0], [4611686155866541378, 3, 1, 0], [4611686155866541379, 3, 1, 0], [4611686155866541380, 3, 1, 0]]}
{"event": "background_progress", "elapsed_s": 15.13, "child_tablets": 0, "expected": 4, "remaining_sources": [[4611686155866541377, 3, 1, 0], [4611686155866541378, 3, 1, 0], [4611686155866541379, 3, 1, 0], [4611686155866541380, 3, 1, 0]]}
{"event": "background_progress", "elapsed_s": 30.26, "child_tablets": 0, "expected": 4, "remaining_sources": [[4611686155866541377, 3, 1, 0], [4611686155866541378, 3, 1, 0], [4611686155866541379, 3, 1, 0], [4611686155866541380, 3, 1, 0]]}
{"event": "background_progress", "elapsed_s": 45.39, "child_tablets": 0, "expected": 4, "remaining_sources": [[4611686155866541377, 3, 1, 0], [4611686155866541378, 3, 1, 0], [4611686155866541379, 3, 1, 0], [4611686155866541380, 3, 1, 0]]}
{"event": "background_progress", "elapsed_s": 60.58, "child_tablets": 0, "expected": 4, "remaining_sources": [[4611686155866541377, 3, 1, 0], [4611686155866541378, 3, 1, 0], [4611686155866541379, 3, 1, 0], [4611686155866541380, 3, 1, 0]]}
{"event": "background_progress", "elapsed_s": 75.79, "child_tablets": 0, "expected": 4, "remaining_sources": [[4611686155866541377, 3, 1, 0], [4611686155866541378, 3, 1, 0], [4611686155866541379, 3, 1, 0], [4611686155866541380, 3, 1, 0]]}
{"event": "background_progress", "elapsed_s": 91.0, "child_tablets": 0, "expected": 4, "remaining_sources": [[4611686155866541377, 3, 1, 0], [4611686155866541378, 3, 1, 0], [4611686155866541379, 3, 1, 0], [4611686155866541380, 3, 1, 0]]}
{"event": "background_progress", "elapsed_s": 106.19, "child_tablets": 0, "expected": 4, "remaining_sources": [[4611686155866541377, 3, 1, 0], [4611686155866541378, 3, 1, 0], [4611686155866541379, 3, 1, 0], [4611686155866541380, 3, 1, 0]]}
{"event": "background_progress", "elapsed_s": 121.36, "child_tablets": 0, "expected": 4, "remaining_sources": [[4611686155866541377, 3, 1, 0], [4611686155866541378, 3, 1, 0], [4611686155866541379, 3, 1, 0], [4611686155866541380, 3, 1, 0]]}
{"event": "background_progress", "elapsed_s": 136.53, "child_tablets": 4, "expected": 4, "remaining_sources": [[4611686155866541377, 3, 1, 1], [4611686155866541378, 3, 1, 1], [4611686155866541379, 3, 1, 1], [4611686155866541380, 3, 1, 1]]}
{"event": "cold_takeover_done", "namespace": 3, "elapsed_s": 141.59, "physical": [[4611686430744448321, 1, 1, 0], [4611686430744448322, 1, 1, 0], [4611686430744448323, 1, 1, 0], [4611686430744448324, 1, 1, 0]], "inherited_sources_reclaimed": true}
{"event": "sql", "sql": "SELECT id,v,LENGTH(body) FROM readonly_fork.t ORDER BY id", "rows": [[1, 10, 12000], [2, 20, 18000]]}
{"event": "sql", "sql": "SELECT id,v FROM readonly_fork.t FORCE INDEX(iv) WHERE v>0 ORDER BY id", "rows": [[1, 10], [2, 20]]}
{"event": "setup", "binary": "/data/1/nijia.nj/test/namespace_fork_build_artifacts/background-materialization-artifacts/seekdb-production", "base": "/data/1/nijia.nj/test/namespace_fork_PROTOTYPE_background_materialization_tyw0vwol", "pid": 230055, "port": 24465}
{"event": "sql", "sql": "SELECT id,v,LENGTH(body) FROM readonly_fork.t ORDER BY id", "rows": [[1, 10, 12000], [2, 20, 18000]]}
{"event": "PASS", "case": "background_readonly_materialization", "no_child_connection_before_takeover": true, "sql_runtime_unloaded": true, "parent_dropped": true, "main_index_lob": true, "sources_reclaimed": true, "restart": true}
{"event": "stopped", "pid": 230055, "returncode": -9}
{"event": "data_archived", "path": "/data/1/nijia.nj/test/namespace_fork_PROTOTYPE_background_materialization_tyw0vwol/data.tar.gz", "bytes": 8234515}
/home/nijia.nj/.local/lib/python3.8/site-packages/pymysql/_auth.py:9: CryptographyDeprecationWarning: Python 3.8 is no longer supported by the Python core team and support for it is deprecated in cryptography. The next release of cryptography will remove support for Python 3.8.
  from cryptography.hazmat.backends import default_backend
