make: Entering directory '/home/nijia.nj/.herdr/worktrees/seekdb/herdr-fork/build_release'
make[1]: Entering directory '/home/nijia.nj/.herdr/worktrees/seekdb/herdr-fork/build_release'
make[2]: Entering directory '/home/nijia.nj/.herdr/worktrees/seekdb/herdr-fork/build_release'
make[2]: Entering directory '/home/nijia.nj/.herdr/worktrees/seekdb/herdr-fork/build_release'
make[2]: Entering directory '/home/nijia.nj/.herdr/worktrees/seekdb/herdr-fork/build_release'
make[2]: Entering directory '/home/nijia.nj/.herdr/worktrees/seekdb/herdr-fork/build_release'
make[2]: Entering directory '/home/nijia.nj/.herdr/worktrees/seekdb/herdr-fork/build_release'
make[2]: Entering directory '/home/nijia.nj/.herdr/worktrees/seekdb/herdr-fork/build_release'
make[2]: Entering directory '/home/nijia.nj/.herdr/worktrees/seekdb/herdr-fork/build_release'
make[2]: Entering directory '/home/nijia.nj/.herdr/worktrees/seekdb/herdr-fork/build_release'
make[2]: Entering directory '/home/nijia.nj/.herdr/worktrees/seekdb/herdr-fork/build_release'
make[2]: Entering directory '/home/nijia.nj/.herdr/worktrees/seekdb/herdr-fork/build_release'
make[2]: Entering directory '/home/nijia.nj/.herdr/worktrees/seekdb/herdr-fork/build_release'
make[2]: Leaving directory '/home/nijia.nj/.herdr/worktrees/seekdb/herdr-fork/build_release'
make[2]: Leaving directory '/home/nijia.nj/.herdr/worktrees/seekdb/herdr-fork/build_release'
make[2]: Leaving directory '/home/nijia.nj/.herdr/worktrees/seekdb/herdr-fork/build_release'
make[2]: Leaving directory '/home/nijia.nj/.herdr/worktrees/seekdb/herdr-fork/build_release'
make[2]: Leaving directory '/home/nijia.nj/.herdr/worktrees/seekdb/herdr-fork/build_release'
make[2]: Leaving directory '/home/nijia.nj/.herdr/worktrees/seekdb/herdr-fork/build_release'
make[2]: Leaving directory '/home/nijia.nj/.herdr/worktrees/seekdb/herdr-fork/build_release'
make[2]: Entering directory '/home/nijia.nj/.herdr/worktrees/seekdb/herdr-fork/build_release'
make[2]: Leaving directory '/home/nijia.nj/.herdr/worktrees/seekdb/herdr-fork/build_release'
make[2]: Entering directory '/home/nijia.nj/.herdr/worktrees/seekdb/herdr-fork/build_release'
make[2]: Leaving directory '/home/nijia.nj/.herdr/worktrees/seekdb/herdr-fork/build_release'
make[2]: Leaving directory '/home/nijia.nj/.herdr/worktrees/seekdb/herdr-fork/build_release'
make[2]: Leaving directory '/home/nijia.nj/.herdr/worktrees/seekdb/herdr-fork/build_release'
make[2]: Entering directory '/home/nijia.nj/.herdr/worktrees/seekdb/herdr-fork/build_release'
make[2]: Leaving directory '/home/nijia.nj/.herdr/worktrees/seekdb/herdr-fork/build_release'
make[2]: Leaving directory '/home/nijia.nj/.herdr/worktrees/seekdb/herdr-fork/build_release'
make[2]: Leaving directory '/home/nijia.nj/.herdr/worktrees/seekdb/herdr-fork/build_release'
[  1%] Built target malloc_hook
[  2%] Built target ob_malloc_object
[  3%] Built target restore
make[2]: Entering directory '/home/nijia.nj/.herdr/worktrees/seekdb/herdr-fork/build_release'
[  4%] Built target oblib_lib_simd
[  4%] Built target oblib_grpc
[ 10%] Built target zstd_1_3_8_objs
[ 10%] Built target oblib_lib_bitmap
make[2]: Entering directory '/home/nijia.nj/.herdr/worktrees/seekdb/herdr-fork/build_release'
[ 11%] Built target ob_query
[ 12%] Built target ob_sql_simd
[ 13%] Built target generate_syspack_source
[ 16%] Built target oblib_common
make[2]: Entering directory '/home/nijia.nj/.herdr/worktrees/seekdb/herdr-fork/build_release'
[ 16%] Built target ob_data_plane
[ 17%] Built target oblib_rpc
make[2]: Leaving directory '/home/nijia.nj/.herdr/worktrees/seekdb/herdr-fork/build_release'
make[2]: Entering directory '/home/nijia.nj/.herdr/worktrees/seekdb/herdr-fork/build_release'
make[2]: Entering directory '/home/nijia.nj/.herdr/worktrees/seekdb/herdr-fork/build_release'
make[2]: Entering directory '/home/nijia.nj/.herdr/worktrees/seekdb/herdr-fork/build_release'
make[2]: Entering directory '/home/nijia.nj/.herdr/worktrees/seekdb/herdr-fork/build_release'
make[2]: Leaving directory '/home/nijia.nj/.herdr/worktrees/seekdb/herdr-fork/build_release'
make[2]: Leaving directory '/home/nijia.nj/.herdr/worktrees/seekdb/herdr-fork/build_release'
make[2]: Leaving directory '/home/nijia.nj/.herdr/worktrees/seekdb/herdr-fork/build_release'
make[2]: Leaving directory '/home/nijia.nj/.herdr/worktrees/seekdb/herdr-fork/build_release'
[ 22%] Built target ob_sql_server_parser_objects
make[2]: Entering directory '/home/nijia.nj/.herdr/worktrees/seekdb/herdr-fork/build_release'
[ 22%] Built target ob_standby
make[2]: Leaving directory '/home/nijia.nj/.herdr/worktrees/seekdb/herdr-fork/build_release'
make[2]: Entering directory '/home/nijia.nj/.herdr/worktrees/seekdb/herdr-fork/build_release'
[ 22%] Built target ob_standby_runtime
[ 23%] Built target ob_logservice
[ 23%] Built target ob_storage_simd
[ 24%] Built target ob_storage_tablet_autoincrement_state
make[2]: Leaving directory '/home/nijia.nj/.herdr/worktrees/seekdb/herdr-fork/build_release'
make[2]: Entering directory '/home/nijia.nj/.herdr/worktrees/seekdb/herdr-fork/build_release'
make[2]: Entering directory '/home/nijia.nj/.herdr/worktrees/seekdb/herdr-fork/build_release'
[ 24%] Built target sql_nio_build
make[2]: Leaving directory '/home/nijia.nj/.herdr/worktrees/seekdb/herdr-fork/build_release'
make[2]: Entering directory '/home/nijia.nj/.herdr/worktrees/seekdb/herdr-fork/build_release'
make[2]: Entering directory '/home/nijia.nj/.herdr/worktrees/seekdb/herdr-fork/build_release'
make[2]: Leaving directory '/home/nijia.nj/.herdr/worktrees/seekdb/herdr-fork/build_release'
[ 24%] Built target ob_namespace
make[2]: Entering directory '/home/nijia.nj/.herdr/worktrees/seekdb/herdr-fork/build_release'
make[2]: Entering directory '/home/nijia.nj/.herdr/worktrees/seekdb/herdr-fork/build_release'
make[2]: Leaving directory '/home/nijia.nj/.herdr/worktrees/seekdb/herdr-fork/build_release'
make[2]: Entering directory '/home/nijia.nj/.herdr/worktrees/seekdb/herdr-fork/build_release'
make[2]: Leaving directory '/home/nijia.nj/.herdr/worktrees/seekdb/herdr-fork/build_release'
make[2]: Leaving directory '/home/nijia.nj/.herdr/worktrees/seekdb/herdr-fork/build_release'
[ 25%] Built target ob_main
make[2]: Leaving directory '/home/nijia.nj/.herdr/worktrees/seekdb/herdr-fork/build_release'
[ 26%] Built target zstd_1_3_8
make[2]: Entering directory '/home/nijia.nj/.herdr/worktrees/seekdb/herdr-fork/build_release'
[ 26%] Built target syspack_source
[ 26%] Built target ob_malloc
[ 26%] Built target ob_sql_server_parser_static
[ 28%] Built target ob_pl
make[2]: Entering directory '/home/nijia.nj/.herdr/worktrees/seekdb/herdr-fork/build_release'
make[2]: Leaving directory '/home/nijia.nj/.herdr/worktrees/seekdb/herdr-fork/build_release'
[ 29%] Built target compress
make[2]: Leaving directory '/home/nijia.nj/.herdr/worktrees/seekdb/herdr-fork/build_release'
make[2]: Entering directory '/home/nijia.nj/.herdr/worktrees/seekdb/herdr-fork/build_release'
make[2]: Leaving directory '/home/nijia.nj/.herdr/worktrees/seekdb/herdr-fork/build_release'
make[2]: Entering directory '/home/nijia.nj/.herdr/worktrees/seekdb/herdr-fork/build_release'
[ 34%] Built target oblib_lib
make[2]: Entering directory '/home/nijia.nj/.herdr/worktrees/seekdb/herdr-fork/build_release'
[ 37%] Built target ob_share_extra
make[2]: Leaving directory '/home/nijia.nj/.herdr/worktrees/seekdb/herdr-fork/build_release'
make[2]: Leaving directory '/home/nijia.nj/.herdr/worktrees/seekdb/herdr-fork/build_release'
[ 37%] Built target oblib
make[2]: Leaving directory '/home/nijia.nj/.herdr/worktrees/seekdb/herdr-fork/build_release'
[ 42%] Built target ob_sql_extra
make[2]: Entering directory '/home/nijia.nj/.herdr/worktrees/seekdb/herdr-fork/build_release'
make[2]: Leaving directory '/home/nijia.nj/.herdr/worktrees/seekdb/herdr-fork/build_release'
[ 47%] Built target ob_server
make[2]: Entering directory '/home/nijia.nj/.herdr/worktrees/seekdb/herdr-fork/build_release'
[ 51%] Built target ob_rootserver
make[2]: Leaving directory '/home/nijia.nj/.herdr/worktrees/seekdb/herdr-fork/build_release'
make[2]: Leaving directory '/home/nijia.nj/.herdr/worktrees/seekdb/herdr-fork/build_release'
[ 68%] Built target ob_share
make[2]: Entering directory '/home/nijia.nj/.herdr/worktrees/seekdb/herdr-fork/build_release'
make[2]: Leaving directory '/home/nijia.nj/.herdr/worktrees/seekdb/herdr-fork/build_release'
[ 68%] Built target ob_share_static
make[2]: Entering directory '/home/nijia.nj/.herdr/worktrees/seekdb/herdr-fork/build_release'
[ 68%] Building CXX object src/storage/CMakeFiles/ob_storage.dir/Unity/unity_ob_storage_ob_storage_tx_storage_0_c___cxx.cxx.o
make[2]: Leaving directory '/home/nijia.nj/.herdr/worktrees/seekdb/herdr-fork/build_release'
[ 87%] Built target ob_sql
make[2]: Entering directory '/home/nijia.nj/.herdr/worktrees/seekdb/herdr-fork/build_release'
make[2]: Leaving directory '/home/nijia.nj/.herdr/worktrees/seekdb/herdr-fork/build_release'
[ 87%] Built target ob_sql_static
make[2]: Leaving directory '/home/nijia.nj/.herdr/worktrees/seekdb/herdr-fork/build_release'
[100%] Built target ob_storage
make[2]: Entering directory '/home/nijia.nj/.herdr/worktrees/seekdb/herdr-fork/build_release'
make[2]: Leaving directory '/home/nijia.nj/.herdr/worktrees/seekdb/herdr-fork/build_release'
make[2]: Entering directory '/home/nijia.nj/.herdr/worktrees/seekdb/herdr-fork/build_release'
[100%] Linking CXX static library libob_storage_static.a
make[2]: Leaving directory '/home/nijia.nj/.herdr/worktrees/seekdb/herdr-fork/build_release'
[100%] Built target ob_storage_static
make[2]: Entering directory '/home/nijia.nj/.herdr/worktrees/seekdb/herdr-fork/build_release'
make[2]: Leaving directory '/home/nijia.nj/.herdr/worktrees/seekdb/herdr-fork/build_release'
[100%] Built target oceanbase_static
make[2]: Entering directory '/home/nijia.nj/.herdr/worktrees/seekdb/herdr-fork/build_release'
make[2]: Leaving directory '/home/nijia.nj/.herdr/worktrees/seekdb/herdr-fork/build_release'
make[2]: Entering directory '/home/nijia.nj/.herdr/worktrees/seekdb/herdr-fork/build_release'
[100%] Linking CXX executable seekdb
make[2]: Leaving directory '/home/nijia.nj/.herdr/worktrees/seekdb/herdr-fork/build_release'
[100%] Built target seekdb
make[2]: Entering directory '/home/nijia.nj/.herdr/worktrees/seekdb/herdr-fork/build_release'
make[2]: Leaving directory '/home/nijia.nj/.herdr/worktrees/seekdb/herdr-fork/build_release'
make[2]: Entering directory '/home/nijia.nj/.herdr/worktrees/seekdb/herdr-fork/build_release'
make[2]: Leaving directory '/home/nijia.nj/.herdr/worktrees/seekdb/herdr-fork/build_release'
[100%] Built target observer
make[1]: Leaving directory '/home/nijia.nj/.herdr/worktrees/seekdb/herdr-fork/build_release'
make: Leaving directory '/home/nijia.nj/.herdr/worktrees/seekdb/herdr-fork/build_release'
