make: Entering directory '/home/nijia.nj/.herdr/worktrees/seekdb/herdr-fork/build_release'
make[1]: Entering directory '/home/nijia.nj/.herdr/worktrees/seekdb/herdr-fork/build_release'
make[2]: Entering directory '/home/nijia.nj/.herdr/worktrees/seekdb/herdr-fork/build_release'
make[2]: Entering directory '/home/nijia.nj/.herdr/worktrees/seekdb/herdr-fork/build_release'
make[2]: Entering directory '/home/nijia.nj/.herdr/worktrees/seekdb/herdr-fork/build_release'
make[2]: Entering directory '/home/nijia.nj/.herdr/worktrees/seekdb/herdr-fork/build_release'
make[2]: Entering directory '/home/nijia.nj/.herdr/worktrees/seekdb/herdr-fork/build_release'
make[2]: Entering directory '/home/nijia.nj/.herdr/worktrees/seekdb/herdr-fork/build_release'
make[2]: Entering directory '/home/nijia.nj/.herdr/worktrees/seekdb/herdr-fork/build_release'
make[2]: Leaving directory '/home/nijia.nj/.herdr/worktrees/seekdb/herdr-fork/build_release'
make[2]: Leaving directory '/home/nijia.nj/.herdr/worktrees/seekdb/herdr-fork/build_release'
make[2]: Entering directory '/home/nijia.nj/.herdr/worktrees/seekdb/herdr-fork/build_release'
make[2]: Entering directory '/home/nijia.nj/.herdr/worktrees/seekdb/herdr-fork/build_release'
make[2]: Entering directory '/home/nijia.nj/.herdr/worktrees/seekdb/herdr-fork/build_release'
make[2]: Entering directory '/home/nijia.nj/.herdr/worktrees/seekdb/herdr-fork/build_release'
make[2]: Leaving directory '/home/nijia.nj/.herdr/worktrees/seekdb/herdr-fork/build_release'
make[2]: Leaving directory '/home/nijia.nj/.herdr/worktrees/seekdb/herdr-fork/build_release'
make[2]: Leaving directory '/home/nijia.nj/.herdr/worktrees/seekdb/herdr-fork/build_release'
make[2]: Leaving directory '/home/nijia.nj/.herdr/worktrees/seekdb/herdr-fork/build_release'
make[2]: Leaving directory '/home/nijia.nj/.herdr/worktrees/seekdb/herdr-fork/build_release'
make[2]: Leaving directory '/home/nijia.nj/.herdr/worktrees/seekdb/herdr-fork/build_release'
make[2]: Leaving directory '/home/nijia.nj/.herdr/worktrees/seekdb/herdr-fork/build_release'
make[2]: Leaving directory '/home/nijia.nj/.herdr/worktrees/seekdb/herdr-fork/build_release'
make[2]: Leaving directory '/home/nijia.nj/.herdr/worktrees/seekdb/herdr-fork/build_release'
[  1%] Built target restore
[  1%] Built target oblib_lib_bitmap
[  2%] Built target ob_malloc_object
[  3%] Built target oblib_grpc
[  9%] Built target zstd_1_3_8_objs
[ 13%] Built target oblib_common
[ 14%] Built target ob_query
make[2]: Entering directory '/home/nijia.nj/.herdr/worktrees/seekdb/herdr-fork/build_release'
[ 15%] Built target malloc_hook
make[2]: Entering directory '/home/nijia.nj/.herdr/worktrees/seekdb/herdr-fork/build_release'
[ 15%] Built target ob_data_plane
make[2]: Entering directory '/home/nijia.nj/.herdr/worktrees/seekdb/herdr-fork/build_release'
[ 16%] Built target oblib_lib_simd
[ 16%] Built target oblib_rpc
make[2]: Entering directory '/home/nijia.nj/.herdr/worktrees/seekdb/herdr-fork/build_release'
make[2]: Leaving directory '/home/nijia.nj/.herdr/worktrees/seekdb/herdr-fork/build_release'
make[2]: Entering directory '/home/nijia.nj/.herdr/worktrees/seekdb/herdr-fork/build_release'
make[2]: Entering directory '/home/nijia.nj/.herdr/worktrees/seekdb/herdr-fork/build_release'
make[2]: Entering directory '/home/nijia.nj/.herdr/worktrees/seekdb/herdr-fork/build_release'
make[2]: Leaving directory '/home/nijia.nj/.herdr/worktrees/seekdb/herdr-fork/build_release'
make[2]: Entering directory '/home/nijia.nj/.herdr/worktrees/seekdb/herdr-fork/build_release'
make[2]: Leaving directory '/home/nijia.nj/.herdr/worktrees/seekdb/herdr-fork/build_release'
make[2]: Leaving directory '/home/nijia.nj/.herdr/worktrees/seekdb/herdr-fork/build_release'
make[2]: Entering directory '/home/nijia.nj/.herdr/worktrees/seekdb/herdr-fork/build_release'
make[2]: Entering directory '/home/nijia.nj/.herdr/worktrees/seekdb/herdr-fork/build_release'
make[2]: Leaving directory '/home/nijia.nj/.herdr/worktrees/seekdb/herdr-fork/build_release'
make[2]: Leaving directory '/home/nijia.nj/.herdr/worktrees/seekdb/herdr-fork/build_release'
make[2]: Leaving directory '/home/nijia.nj/.herdr/worktrees/seekdb/herdr-fork/build_release'
make[2]: Entering directory '/home/nijia.nj/.herdr/worktrees/seekdb/herdr-fork/build_release'
make[2]: Leaving directory '/home/nijia.nj/.herdr/worktrees/seekdb/herdr-fork/build_release'
make[2]: Entering directory '/home/nijia.nj/.herdr/worktrees/seekdb/herdr-fork/build_release'
make[2]: Leaving directory '/home/nijia.nj/.herdr/worktrees/seekdb/herdr-fork/build_release'
[ 16%] Built target generate_syspack_source
[ 16%] Built target ob_standby
[ 17%] Built target ob_sql_simd
make[2]: Leaving directory '/home/nijia.nj/.herdr/worktrees/seekdb/herdr-fork/build_release'
[ 17%] Built target ob_storage_simd
[ 18%] Built target ob_storage_tablet_autoincrement_state
[ 19%] Built target ob_logservice
make[2]: Entering directory '/home/nijia.nj/.herdr/worktrees/seekdb/herdr-fork/build_release'
[ 19%] Built target ob_namespace
[ 24%] Built target ob_sql_server_parser_objects
make[2]: Entering directory '/home/nijia.nj/.herdr/worktrees/seekdb/herdr-fork/build_release'
make[2]: Leaving directory '/home/nijia.nj/.herdr/worktrees/seekdb/herdr-fork/build_release'
make[2]: Entering directory '/home/nijia.nj/.herdr/worktrees/seekdb/herdr-fork/build_release'
[ 25%] Building CXX object src/observer/CMakeFiles/ob_main.dir/main.cpp.o
make[2]: Entering directory '/home/nijia.nj/.herdr/worktrees/seekdb/herdr-fork/build_release'
[ 25%] Built target sql_nio_build
make[2]: Entering directory '/home/nijia.nj/.herdr/worktrees/seekdb/herdr-fork/build_release'
make[2]: Entering directory '/home/nijia.nj/.herdr/worktrees/seekdb/herdr-fork/build_release'
make[2]: Entering directory '/home/nijia.nj/.herdr/worktrees/seekdb/herdr-fork/build_release'
[ 25%] Building CXX object src/standby/CMakeFiles/ob_standby_runtime.dir/Unity/unity_ob_standby_runtime_common/0_cxx.cxx.o
make[2]: Entering directory '/home/nijia.nj/.herdr/worktrees/seekdb/herdr-fork/build_release'
make[2]: Entering directory '/home/nijia.nj/.herdr/worktrees/seekdb/herdr-fork/build_release'
make[2]: Leaving directory '/home/nijia.nj/.herdr/worktrees/seekdb/herdr-fork/build_release'
make[2]: Leaving directory '/home/nijia.nj/.herdr/worktrees/seekdb/herdr-fork/build_release'
make[2]: Leaving directory '/home/nijia.nj/.herdr/worktrees/seekdb/herdr-fork/build_release'
make[2]: Leaving directory '/home/nijia.nj/.herdr/worktrees/seekdb/herdr-fork/build_release'
[ 26%] Built target zstd_1_3_8
make[2]: Leaving directory '/home/nijia.nj/.herdr/worktrees/seekdb/herdr-fork/build_release'
make[2]: Leaving directory '/home/nijia.nj/.herdr/worktrees/seekdb/herdr-fork/build_release'
make[2]: Entering directory '/home/nijia.nj/.herdr/worktrees/seekdb/herdr-fork/build_release'
[ 26%] Built target ob_malloc
make[2]: Leaving directory '/home/nijia.nj/.herdr/worktrees/seekdb/herdr-fork/build_release'
make[2]: Entering directory '/home/nijia.nj/.herdr/worktrees/seekdb/herdr-fork/build_release'
[ 26%] Built target syspack_source
make[2]: Entering directory '/home/nijia.nj/.herdr/worktrees/seekdb/herdr-fork/build_release'
[ 26%] Built target ob_sql_server_parser_static
[ 28%] Built target ob_pl
[ 34%] Built target ob_sql_extra
make[2]: Leaving directory '/home/nijia.nj/.herdr/worktrees/seekdb/herdr-fork/build_release'
[ 37%] Built target ob_share_extra
make[2]: Leaving directory '/home/nijia.nj/.herdr/worktrees/seekdb/herdr-fork/build_release'
make[2]: Entering directory '/home/nijia.nj/.herdr/worktrees/seekdb/herdr-fork/build_release'
make[2]: Entering directory '/home/nijia.nj/.herdr/worktrees/seekdb/herdr-fork/build_release'
[ 38%] Built target compress
[ 38%] Building CXX object src/rootserver/CMakeFiles/ob_rootserver.dir/Unity/unity_ob_rootserver_ob_rootserver_base_maintenance_0_c___cxx.cxx.o
[ 39%] Building CXX object src/rootserver/CMakeFiles/ob_rootserver.dir/Unity/unity_ob_rootserver_ob_rootserver_query_0_c___cxx.cxx.o
[ 40%] Building CXX object src/rootserver/CMakeFiles/ob_rootserver.dir/Unity/unity_ob_rootserver_ob_rootserver_runtime_common_1_c___cxx.cxx.o
[ 40%] Building CXX object src/rootserver/CMakeFiles/ob_rootserver.dir/Unity/unity_ob_rootserver_ob_rootserver_storage_common_0_c___cxx.cxx.o
[ 40%] Building CXX object src/rootserver/CMakeFiles/ob_rootserver.dir/Unity/unity_ob_rootserver_ob_rootserver_storage_freeze_0_c___cxx.cxx.o
make[2]: Entering directory '/home/nijia.nj/.herdr/worktrees/seekdb/herdr-fork/build_release'
[ 40%] Building CXX object src/rootserver/CMakeFiles/ob_rootserver.dir/Unity/unity_ob_rootserver_ob_rootserver_runtime_common_0_c___cxx.cxx.o
make[2]: Leaving directory '/home/nijia.nj/.herdr/worktrees/seekdb/herdr-fork/build_release'
[ 40%] Building CXX object src/rootserver/CMakeFiles/ob_rootserver.dir/Unity/unity_ob_rootserver_ob_rootserver_runtime_ddl_0_c___cxx.cxx.o
[ 41%] Building CXX object src/rootserver/CMakeFiles/ob_rootserver.dir/Unity/unity_ob_rootserver_ob_rootserver_runtime_services_0_c___cxx.cxx.o
[ 41%] Building CXX object src/rootserver/CMakeFiles/ob_rootserver.dir/Unity/unity_ob_rootserver_ob_rootserver_runtime_fork_freeze_0_c___cxx.cxx.o
[ 41%] Building CXX object src/rootserver/CMakeFiles/ob_rootserver.dir/ob_ddl_service.cpp.o
[ 41%] Building CXX object src/rootserver/CMakeFiles/ob_rootserver.dir/ddl_task/ob_ddl_redefinition_task.cpp.o
[ 41%] Building CXX object src/rootserver/CMakeFiles/ob_rootserver.dir/ob_lonely_table_cleaner.cpp.o
[ 45%] Built target oblib_lib
make[2]: Entering directory '/home/nijia.nj/.herdr/worktrees/seekdb/herdr-fork/build_release'
make[2]: Leaving directory '/home/nijia.nj/.herdr/worktrees/seekdb/herdr-fork/build_release'
[ 45%] Built target oblib
make[2]: Entering directory '/home/nijia.nj/.herdr/worktrees/seekdb/herdr-fork/build_release'
make[2]: Leaving directory '/home/nijia.nj/.herdr/worktrees/seekdb/herdr-fork/build_release'
make[2]: Leaving directory '/home/nijia.nj/.herdr/worktrees/seekdb/herdr-fork/build_release'
make[2]: Entering directory '/home/nijia.nj/.herdr/worktrees/seekdb/herdr-fork/build_release'
[ 46%] Building CXX object src/storage/CMakeFiles/ob_storage.dir/Unity/unity_ob_storage_ob_storage_multi_data_source_0_c___cxx.cxx.o
[ 46%] Building CXX object src/storage/CMakeFiles/ob_storage.dir/Unity/unity_ob_storage_ob_storage_ls_0_c___cxx.cxx.o
[ 46%] Building CXX object src/storage/CMakeFiles/ob_storage.dir/Unity/unity_ob_storage_ob_storage_access_1_c___cxx.cxx.o
[ 46%] Building CXX object src/storage/CMakeFiles/ob_storage.dir/Unity/unity_ob_storage_ob_storage_lob_0_c___cxx.cxx.o
[ 47%] Building CXX object src/storage/CMakeFiles/ob_storage.dir/Unity/unity_ob_storage_ob_storage_blocksstable_encoding2_0_c___cxx.cxx.o
[ 47%] Building CXX object src/storage/CMakeFiles/ob_storage.dir/Unity/unity_ob_storage_ob_storage_fts_0_c___cxx.cxx.o
[ 47%] Building CXX object src/storage/CMakeFiles/ob_storage.dir/Unity/unity_ob_storage_ob_storage_ckpt_0_c___cxx.cxx.o
[ 48%] Building CXX object src/storage/CMakeFiles/ob_storage.dir/Unity/unity_ob_storage_ob_storage_memtable_mvcc_0_c___cxx.cxx.o
[ 48%] Building CXX object src/storage/CMakeFiles/ob_storage.dir/Unity/unity_ob_storage_ob_storage_retrieval_0_c___cxx.cxx.o
[ 48%] Building CXX object src/storage/CMakeFiles/ob_storage.dir/Unity/unity_ob_storage_ob_storage_compaction_1_c___cxx.cxx.o
[ 49%] Building CXX object src/storage/CMakeFiles/ob_storage.dir/Unity/unity_ob_storage_ob_storage_blocksstable_0_c___cxx.cxx.o
[ 49%] Building CXX object src/storage/CMakeFiles/ob_storage.dir/Unity/unity_ob_storage_ob_storage_truncate_info_0_c___cxx.cxx.o
[ 49%] Building CXX object src/storage/CMakeFiles/ob_storage.dir/Unity/unity_ob_storage_ob_storage_tx_table_0_c___cxx.cxx.o
make[2]: Leaving directory '/home/nijia.nj/.herdr/worktrees/seekdb/herdr-fork/build_release'
[ 49%] Building CXX object src/storage/CMakeFiles/ob_storage.dir/Unity/unity_ob_storage_ob_storage_vector_index_0_c___cxx.cxx.o
[ 49%] Building CXX object src/storage/CMakeFiles/ob_storage.dir/Unity/unity_ob_storage_ob_storage_compaction_filter_0_c___cxx.cxx.o
[ 50%] Building CXX object src/storage/CMakeFiles/ob_storage.dir/Unity/unity_ob_storage_ob_storage_ddl_1_c___cxx.cxx.o
make[2]: Entering directory '/home/nijia.nj/.herdr/worktrees/seekdb/herdr-fork/build_release'
[ 50%] Building CXX object src/storage/CMakeFiles/ob_storage.dir/Unity/unity_ob_storage_ob_storage_ddl_0_c___cxx.cxx.o
[ 50%] Building CXX object src/observer/CMakeFiles/ob_server.dir/Unity/unity_ob_server_ob_server_vector_index_0_c___cxx.cxx.o
[ 51%] Building CXX object src/observer/CMakeFiles/ob_server.dir/Unity/unity_ob_server_ob_server_mysql_0_c___cxx.cxx.o
[ 51%] Building CXX object src/observer/CMakeFiles/ob_server.dir/Unity/unity_ob_server_ob_server_virtual_table_0_c___cxx.cxx.o
[ 51%] Building CXX object src/storage/CMakeFiles/ob_storage.dir/Unity/unity_ob_storage_ob_storage_common_0_c___cxx.cxx.o
[ 51%] Building CXX object src/storage/CMakeFiles/ob_storage.dir/Unity/unity_ob_storage_ob_storage_tx_storage_0_c___cxx.cxx.o
[ 52%] Building CXX object src/storage/CMakeFiles/ob_storage.dir/Unity/unity_ob_storage_ob_storage_access_0_c___cxx.cxx.o
[ 52%] Building CXX object src/observer/CMakeFiles/ob_server.dir/Unity/unity_ob_server_ob_server_omt_0_c___cxx.cxx.o
[ 52%] Building CXX object src/storage/CMakeFiles/ob_storage.dir/Unity/unity_ob_storage_ob_storage_tablet_0_c___cxx.cxx.o
[ 52%] Building CXX object src/storage/CMakeFiles/ob_storage.dir/Unity/unity_ob_storage_ob_storage_scheduler_0_c___cxx.cxx.o
[ 52%] Building CXX object src/storage/CMakeFiles/ob_storage.dir/Unity/unity_ob_storage_ob_storage_allocator_0_c___cxx.cxx.o
[ 52%] Building CXX object src/storage/CMakeFiles/ob_storage.dir/Unity/unity_ob_storage_ob_storage_meta_store_0_c___cxx.cxx.o
[ 53%] Building CXX object src/storage/CMakeFiles/ob_storage.dir/Unity/unity_ob_storage_ob_storage_tablelock_0_c___cxx.cxx.o
[ 53%] Building CXX object src/observer/CMakeFiles/ob_server.dir/Unity/unity_ob_server_ob_server_dbms_job_0_c___cxx.cxx.o
[ 53%] Building CXX object src/observer/CMakeFiles/ob_server.dir/Unity/unity_ob_server_ob_server_ai_service_0_c___cxx.cxx.o
[ 53%] Building CXX object src/observer/CMakeFiles/ob_server.dir/Unity/unity_ob_server_ob_server_virtual_table_1_c___cxx.cxx.o
[ 53%] Building CXX object src/observer/CMakeFiles/ob_server.dir/Unity/unity_ob_server_ob_server_virtual_table_2_c___cxx.cxx.o
[ 53%] Building CXX object src/storage/CMakeFiles/ob_storage.dir/Unity/unity_ob_storage_ob_storage_blocksstable_2_c___cxx.cxx.o
[ 54%] Building CXX object src/storage/CMakeFiles/ob_storage.dir/Unity/unity_ob_storage_ob_storage_common_mixed_0_c___cxx.cxx.o
[ 54%] Building CXX object src/observer/CMakeFiles/ob_server.dir/Unity/unity_ob_server_ob_server_virtual_table_3_c___cxx.cxx.o
[ 54%] Building CXX object src/observer/CMakeFiles/ob_server.dir/Unity/unity_ob_server_ob_server_common_0_c___cxx.cxx.o
make[2]: Entering directory '/home/nijia.nj/.herdr/worktrees/seekdb/herdr-fork/build_release'
[ 55%] Building CXX object src/observer/CMakeFiles/ob_server.dir/Unity/unity_ob_server_ob_server_virtual_table_4_c___cxx.cxx.o
[ 55%] Building CXX object src/observer/CMakeFiles/ob_server.dir/Unity/unity_ob_server_ob_server_common_mixed_0_c___cxx.cxx.o
[ 55%] Building CXX object src/observer/CMakeFiles/ob_server.dir/Unity/unity_ob_server_ob_server_change_stream_0_c___cxx.cxx.o
[ 55%] Building CXX object src/storage/CMakeFiles/ob_storage.dir/Unity/unity_ob_storage_ob_storage_compaction_0_c___cxx.cxx.o
[ 55%] Building CXX object src/storage/CMakeFiles/ob_storage.dir/Unity/unity_ob_storage_ob_storage_memtable_0_c___cxx.cxx.o
[ 56%] Building CXX object src/sql/CMakeFiles/ob_sql.dir/Unity/unity_ob_sql_ob_sql_engine_px_0_c___cxx.cxx.o
[ 57%] Building CXX object src/storage/CMakeFiles/ob_storage.dir/Unity/unity_ob_storage_ob_storage_blocksstable_1_c___cxx.cxx.o
[ 57%] Building CXX object src/observer/CMakeFiles/ob_server.dir/Unity/unity_ob_server_ob_server_virtual_table_5_c___cxx.cxx.o
[ 58%] Building CXX object src/storage/CMakeFiles/ob_storage.dir/Unity/unity_ob_storage_ob_storage_common_1_c___cxx.cxx.o
[ 58%] Building CXX object src/observer/CMakeFiles/ob_server.dir/composition/retrieval/ob_das_legacy_tr_merge_iter.cpp.o
[ 58%] Building CXX object src/storage/CMakeFiles/ob_storage.dir/Unity/unity_ob_storage_ob_storage_blocksstable_index_block_0_c___cxx.cxx.o
[ 58%] Building CXX object src/storage/CMakeFiles/ob_storage.dir/Unity/unity_ob_storage_ob_storage_blocksstable_encoding1_0_c___cxx.cxx.o
[ 59%] Building CXX object src/observer/CMakeFiles/ob_server.dir/Unity/unity_ob_server_ob_server_scheduler_0_c___cxx.cxx.o
[ 59%] Building CXX object src/observer/CMakeFiles/ob_server.dir/ob_server.cpp.o
[ 59%] Building CXX object src/storage/CMakeFiles/ob_storage.dir/Unity/unity_ob_storage_ob_storage_tablet_1_c___cxx.cxx.o
[ 59%] Building CXX object src/observer/CMakeFiles/ob_server.dir/ob_service.cpp.o
[ 59%] Building CXX object src/storage/CMakeFiles/ob_storage.dir/Unity/unity_ob_storage_ob_storage_rebase_0_c___cxx.cxx.o
[ 60%] Building CXX object src/storage/CMakeFiles/ob_storage.dir/Unity/unity_ob_storage_ob_storage_throttle_0_c___cxx.cxx.o
[ 60%] Building CXX object src/storage/CMakeFiles/ob_storage.dir/Unity/unity_ob_storage_ob_storage_slog_0_c___cxx.cxx.o
[ 60%] Building CXX object src/storage/CMakeFiles/ob_storage.dir/Unity/unity_ob_storage_ob_storage_tx_2_c___cxx.cxx.o
[ 60%] Building CXX object src/storage/CMakeFiles/ob_storage.dir/Unity/unity_ob_storage_ob_storage_tx_0_c___cxx.cxx.o
[ 60%] Building CXX object src/storage/CMakeFiles/ob_storage.dir/Unity/unity_ob_storage_ob_storage_tx_1_c___cxx.cxx.o
make[2]: Leaving directory '/home/nijia.nj/.herdr/worktrees/seekdb/herdr-fork/build_release'
[ 77%] Built target ob_share
make[2]: Entering directory '/home/nijia.nj/.herdr/worktrees/seekdb/herdr-fork/build_release'
make[2]: Leaving directory '/home/nijia.nj/.herdr/worktrees/seekdb/herdr-fork/build_release'
[ 77%] Built target ob_share_static
In file included from /home/nijia.nj/.herdr/worktrees/seekdb/herdr-fork/build_release/src/rootserver/CMakeFiles/ob_rootserver.dir/Unity/unity_ob_rootserver_ob_rootserver_runtime_fork_freeze_0_c___cxx.cxx:15:
In file included from /home/nijia.nj/.herdr/worktrees/seekdb/herdr-fork/src/rootserver/fork_table/namespace_fork_kernel_prototype.cpp:456:
[1m/home/nijia.nj/.herdr/worktrees/seekdb/herdr-fork/.scratch/namespace-fork/ddl_schema_fence_probe.ipp:12:34: [0m[0;1;31merror: [0m[1mcall to member function 'start' is ambiguous[0m
   12 |     DDL_PROBE_ASSERT(transaction.start(proxy, 1) == OB_EAGAIN && transaction.is_started());[0m
      | [0;1;32m                     ~~~~~~~~~~~~^~~~~
[0m[1m/home/nijia.nj/.herdr/worktrees/seekdb/herdr-fork/.scratch/namespace-fork/ddl_schema_fence_probe.ipp:7:43: [0m[0;1;30mnote: [0mexpanded from macro 'DDL_PROBE_ASSERT'[0m
    7 | #define DDL_PROBE_ASSERT(expr) do { if (!(expr)) { \[0m
      | [0;1;32m                                          ^~~~
[0m[1m/home/nijia.nj/.herdr/worktrees/seekdb/herdr-fork/src/rootserver/ob_ddl_service.h:2086:15: [0m[0;1;30mnote: [0mcandidate function[0m
 2086 |   virtual int start(ObISQLClient *proxy,[0m
      | [0;1;32m              ^
[0m[1m/home/nijia.nj/.herdr/worktrees/seekdb/herdr-fork/src/rootserver/ob_ddl_service.h:2089:15: [0m[0;1;30mnote: [0mcandidate function[0m
 2089 |   virtual int start(ObISQLClient *proxy,[0m
      | [0;1;32m              ^
[0mIn file included from /home/nijia.nj/.herdr/worktrees/seekdb/herdr-fork/build_release/src/rootserver/CMakeFiles/ob_rootserver.dir/Unity/unity_ob_rootserver_ob_rootserver_runtime_fork_freeze_0_c___cxx.cxx:15:
In file included from /home/nijia.nj/.herdr/worktrees/seekdb/herdr-fork/src/rootserver/fork_table/namespace_fork_kernel_prototype.cpp:456:
[1m/home/nijia.nj/.herdr/worktrees/seekdb/herdr-fork/.scratch/namespace-fork/ddl_schema_fence_probe.ipp:17:34: [0m[0;1;31merror: [0m[1mcall to member function 'start' is ambiguous[0m
   17 |     DDL_PROBE_ASSERT(transaction.start(proxy, 0) == OB_SUCCESS);[0m
      | [0;1;32m                     ~~~~~~~~~~~~^~~~~
[0m[1m/home/nijia.nj/.herdr/worktrees/seekdb/herdr-fork/.scratch/namespace-fork/ddl_schema_fence_probe.ipp:7:43: [0m[0;1;30mnote: [0mexpanded from macro 'DDL_PROBE_ASSERT'[0m
    7 | #define DDL_PROBE_ASSERT(expr) do { if (!(expr)) { \[0m
      | [0;1;32m                                          ^~~~
[0m[1m/home/nijia.nj/.herdr/worktrees/seekdb/herdr-fork/src/rootserver/ob_ddl_service.h:2086:15: [0m[0;1;30mnote: [0mcandidate function[0m
 2086 |   virtual int start(ObISQLClient *proxy,[0m
      | [0;1;32m              ^
[0m[1m/home/nijia.nj/.herdr/worktrees/seekdb/herdr-fork/src/rootserver/ob_ddl_service.h:2089:15: [0m[0;1;30mnote: [0mcandidate function[0m
 2089 |   virtual int start(ObISQLClient *proxy,[0m
      | [0;1;32m              ^
[0mIn file included from /home/nijia.nj/.herdr/worktrees/seekdb/herdr-fork/build_release/src/rootserver/CMakeFiles/ob_rootserver.dir/Unity/unity_ob_rootserver_ob_rootserver_runtime_fork_freeze_0_c___cxx.cxx:15:
In file included from /home/nijia.nj/.herdr/worktrees/seekdb/herdr-fork/src/rootserver/fork_table/namespace_fork_kernel_prototype.cpp:456:
[1m/home/nijia.nj/.herdr/worktrees/seekdb/herdr-fork/.scratch/namespace-fork/ddl_schema_fence_probe.ipp:22:34: [0m[0;1;31merror: [0m[1mcall to member function 'start' is ambiguous[0m
   22 |     DDL_PROBE_ASSERT(transaction.start(proxy, 0) == OB_SUCCESS);[0m
      | [0;1;32m                     ~~~~~~~~~~~~^~~~~
[0m[1m/home/nijia.nj/.herdr/worktrees/seekdb/herdr-fork/.scratch/namespace-fork/ddl_schema_fence_probe.ipp:7:43: [0m[0;1;30mnote: [0mexpanded from macro 'DDL_PROBE_ASSERT'[0m
    7 | #define DDL_PROBE_ASSERT(expr) do { if (!(expr)) { \[0m
      | [0;1;32m                                          ^~~~
[0m[1m/home/nijia.nj/.herdr/worktrees/seekdb/herdr-fork/src/rootserver/ob_ddl_service.h:2086:15: [0m[0;1;30mnote: [0mcandidate function[0m
 2086 |   virtual int start(ObISQLClient *proxy,[0m
      | [0;1;32m              ^
[0m[1m/home/nijia.nj/.herdr/worktrees/seekdb/herdr-fork/src/rootserver/ob_ddl_service.h:2089:15: [0m[0;1;30mnote: [0mcandidate function[0m
 2089 |   virtual int start(ObISQLClient *proxy,[0m
      | [0;1;32m              ^
[0m3 errors generated.
make[2]: *** [src/rootserver/CMakeFiles/ob_rootserver.dir/build.make:202: src/rootserver/CMakeFiles/ob_rootserver.dir/Unity/unity_ob_rootserver_ob_rootserver_runtime_fork_freeze_0_c___cxx.cxx.o] Error 1
make[2]: *** Waiting for unfinished jobs....
make[2]: Leaving directory '/home/nijia.nj/.herdr/worktrees/seekdb/herdr-fork/build_release'
[ 77%] Built target ob_main
make[2]: Leaving directory '/home/nijia.nj/.herdr/worktrees/seekdb/herdr-fork/build_release'
[ 77%] Built target ob_standby_runtime
make[2]: Leaving directory '/home/nijia.nj/.herdr/worktrees/seekdb/herdr-fork/build_release'
[ 79%] Built target ob_storage
make[2]: Leaving directory '/home/nijia.nj/.herdr/worktrees/seekdb/herdr-fork/build_release'
[ 80%] Built target ob_server
make[2]: Leaving directory '/home/nijia.nj/.herdr/worktrees/seekdb/herdr-fork/build_release'
make[1]: *** [CMakeFiles/Makefile2:1345: src/rootserver/CMakeFiles/ob_rootserver.dir/all] Error 2
make[1]: *** Waiting for unfinished jobs....
make[2]: Leaving directory '/home/nijia.nj/.herdr/worktrees/seekdb/herdr-fork/build_release'
[ 98%] Built target ob_sql
make[1]: Leaving directory '/home/nijia.nj/.herdr/worktrees/seekdb/herdr-fork/build_release'
make: *** [Makefile:91: all] Error 2
make: Leaving directory '/home/nijia.nj/.herdr/worktrees/seekdb/herdr-fork/build_release'
