[  1%] Built target restore
[  7%] Built target zstd_1_3_8_objs
[  8%] Built target ob_malloc_object
[  8%] Built target oblib_lib_bitmap
[  9%] Built target oblib_rpc
[  9%] Built target oblib_lib_simd
[ 10%] Built target oblib_grpc
[ 11%] Built target malloc_hook
[ 12%] Built target ob_query
[ 12%] Built target generate_syspack_source
[ 13%] Built target ob_sql_simd
[ 17%] Built target oblib_common
[ 17%] Built target ob_namespace
[ 17%] Built target ob_data_plane
[ 17%] Built target ob_standby
[ 18%] Built target ob_logservice
[ 23%] Built target ob_sql_server_parser_objects
[ 23%] Built target ob_standby_runtime
[ 24%] Built target ob_storage_tablet_autoincrement_state
[ 24%] Built target ob_storage_simd
[ 26%] Built target ob_pl
[ 26%] Built target ob_malloc
[ 26%] Built target ob_sql_server_parser_static
[ 26%] Built target sql_nio_build
[ 26%] Built target syspack_source
[ 27%] Built target zstd_1_3_8
[ 28%] Built target ob_main
[ 29%] Built target compress
[ 32%] Built target ob_share_extra
[ 38%] Built target ob_sql_extra
[ 43%] Built target ob_server
[ 47%] Built target oblib_lib
[ 47%] Built target oblib
[ 47%] Building CXX object src/rootserver/CMakeFiles/ob_rootserver.dir/Unity/unity_ob_rootserver_ob_rootserver_runtime_fork_freeze_0_c___cxx.cxx.o
[ 59%] Built target ob_storage
[ 79%] Built target ob_sql
[ 79%] Built target ob_storage_static
[ 79%] Built target ob_sql_static
[ 95%] Built target ob_share
[ 95%] Built target ob_share_static
[100%] Built target ob_rootserver
[100%] Linking CXX static library liboceanbase_static.a
[100%] Built target oceanbase_static
[100%] Linking CXX executable seekdb
[100%] Built target seekdb
[100%] Built target observer
