{"event": "setup", "binary": "/home/nijia.nj/.herdr/worktrees/seekdb/herdr-fork/build_release/src/observer/seekdb", "base": "/data/1/nijia.nj/test/namespace_fork_PROTOTYPE_ddl_catalog_schema_3qq2__kk", "pid": 3278031, "port": 5897}
{"event": "sql", "sql": "CREATE DATABASE catalog_ddl", "rows": []}
{"event": "sql", "sql": "CREATE TABLE catalog_ddl.t(id INT PRIMARY KEY,v INT,b LONGTEXT) PARTITION BY HASH(id) PARTITIONS 8", "rows": []}
{"event": "sql", "sql": "INSERT INTO catalog_ddl.t VALUES(1,10,REPEAT('x',12000))", "rows": []}
{"event": "sql", "sql": "FORK NAMESPACE catalog_owner FROM ns1", "rows": []}
{"event": "sql", "sql": "FORK NAMESPACE catalog_old FROM catalog_owner", "rows": []}
{"event": "sql", "sql": "ALTER TABLE catalog_ddl.t COMMENT='cold description change'", "rows": []}
{"event": "case_pass", "statement": "ALTER TABLE catalog_ddl.t COMMENT='cold description change'", "tablets": 24}
{"event": "sql", "sql": "ALTER TABLE catalog_ddl.t ADD COLUMN extra INT DEFAULT 7", "rows": []}
{"event": "case_pass", "statement": "ALTER TABLE catalog_ddl.t ADD COLUMN extra INT DEFAULT 7", "tablets": 24}
{"event": "sql", "sql": "CREATE INDEX by_v ON catalog_ddl.t(v)", "rows": []}
{"event": "case_pass", "statement": "CREATE INDEX by_v ON catalog_ddl.t(v)", "tablets": 32}
{"event": "sql", "sql": "DROP INDEX by_v ON catalog_ddl.t", "rows": []}
{"event": "case_pass", "statement": "DROP INDEX by_v ON catalog_ddl.t", "tablets": 24}
{"event": "sql", "sql": "TRUNCATE TABLE catalog_ddl.t", "rows": []}
{"event": "case_pass", "statement": "TRUNCATE TABLE catalog_ddl.t", "tablets": 24}
{"event": "sql", "sql": "DROP TABLE catalog_ddl.t", "rows": []}
{"event": "case_pass", "statement": "DROP TABLE catalog_ddl.t", "tablets": 0}
{"event": "sql", "sql": "SELECT id,v,LENGTH(b) FROM catalog_ddl.t", "rows": [[1, 10, 12000]]}
{"event": "sql", "sql": "CREATE TABLE catalog_ddl.parallel_2(id INT PRIMARY KEY,b LONGTEXT)", "rows": []}
{"event": "sql", "sql": "CREATE TABLE catalog_ddl.parallel_0(id INT PRIMARY KEY,b LONGTEXT)", "rows": []}
{"event": "stopped", "pid": 3278031, "returncode": -9}
{"event": "data_archived", "path": "/data/1/nijia.nj/test/namespace_fork_PROTOTYPE_ddl_catalog_schema_3qq2__kk/data.tar.gz", "bytes": 3676614}
/home/nijia.nj/.local/lib/python3.8/site-packages/pymysql/_auth.py:9: CryptographyDeprecationWarning: Python 3.8 is no longer supported by the Python core team and support for it is deprecated in cryptography. The next release of cryptography will remove support for Python 3.8.
  from cryptography.hazmat.backends import default_backend
Traceback (most recent call last):
  File ".scratch/namespace-fork/ddl_catalog_schema_probe.py", line 90, in <module>
    run(args.binary)
  File ".scratch/namespace-fork/ddl_catalog_schema_probe.py", line 73, in run
    list(pool.map(create, range(4)))
  File "/usr/lib64/python3.8/concurrent/futures/_base.py", line 619, in result_iterator
    yield fs.pop().result()
  File "/usr/lib64/python3.8/concurrent/futures/_base.py", line 437, in result
    return self.__get_result()
  File "/usr/lib64/python3.8/concurrent/futures/_base.py", line 389, in __get_result
    raise self._exception
  File "/usr/lib64/python3.8/concurrent/futures/thread.py", line 57, in run
    result = self.fn(*self.args, **self.kwargs)
  File ".scratch/namespace-fork/ddl_catalog_schema_probe.py", line 71, in create
    experiment.sql(f'CREATE TABLE catalog_ddl.parallel_{index}(id INT PRIMARY KEY,b LONGTEXT)', child)
  File "/home/nijia.nj/.herdr/worktrees/seekdb/herdr-fork/.scratch/excluded-from-branch/tools/obtest/namespace_fork_prototype.py", line 116, in sql
    cur.execute(statement)
  File "/home/nijia.nj/.local/lib/python3.8/site-packages/pymysql/cursors.py", line 153, in execute
    result = self._query(query)
  File "/home/nijia.nj/.local/lib/python3.8/site-packages/pymysql/cursors.py", line 322, in _query
    conn.query(q)
  File "/home/nijia.nj/.local/lib/python3.8/site-packages/pymysql/connections.py", line 575, in query
    self._affected_rows = self._read_query_result(unbuffered=unbuffered)
  File "/home/nijia.nj/.local/lib/python3.8/site-packages/pymysql/connections.py", line 826, in _read_query_result
    result.read()
  File "/home/nijia.nj/.local/lib/python3.8/site-packages/pymysql/connections.py", line 1203, in read
    first_packet = self.connection._read_packet()
  File "/home/nijia.nj/.local/lib/python3.8/site-packages/pymysql/connections.py", line 782, in _read_packet
    packet.raise_for_error()
  File "/home/nijia.nj/.local/lib/python3.8/site-packages/pymysql/protocol.py", line 219, in raise_for_error
    err.raise_mysql_exception(self._data)
  File "/home/nijia.nj/.local/lib/python3.8/site-packages/pymysql/err.py", line 150, in raise_mysql_exception
    raise errorclass(errno, errval)
pymysql.err.OperationalError: (6005, 'Try lock row conflict')
