-- ARCHITECTURE: x86_64
-- Using C++20 standard
-- build without pie
-- Using OB_CC compiler: /home/nijia.nj/.herdr/worktrees/seekdb/herdr-fork/deps/3rd/usr/local/oceanbase/devtools/bin/clang-17
-- Using OB_CXX compiler: /home/nijia.nj/.herdr/worktrees/seekdb/herdr-fork/deps/3rd/usr/local/oceanbase/devtools/bin/clang++-17
-- STDC_SHARED_LIB: /home/nijia.nj/.herdr/worktrees/seekdb/herdr-fork/deps/3rd/usr/local/oceanbase/devtools/lib64/libstdc++.so.6.0.30
-- [rust] cargo: /home/nijia.nj/.cargo/bin/cargo
-- [rust] sql_nio target ready -> /home/nijia.nj/.herdr/worktrees/seekdb/herdr-fork/build_release/rust-target/release/libsql_nio.a
-- oblib_add_library compress
-- oblib_add_library zstd_1_3_8
-- oblib_add_library restore
-- ob_lib_add_target oblib_lib
-- ob_lib_add_target oblib_lib_simd
-- ob_lib_add_target oblib_lib_bitmap
-- ob_add_new_object_target ob_malloc_object
-- ob_lib_add_target oblib_common
-- ob_lib_add_target oblib_rpc
-- oblib_add_library oblib_grpc
-- oblib_extra_objects /home/nijia.nj/.herdr/worktrees/seekdb/herdr-fork/build_release/src/oblib/lib/compress/zstd_1_3_8/zstd_1_3_8_objs.o
-- ob_add_new_object_target ob_share
-- ob_add_new_object_target ob_share_extra
-- observer_add_target ob_data_plane
-- observer_add_target ob_query
-- ob_add_new_object_target ob_sql
-- ob_add_new_object_target ob_sql_extra
-- observer_add_target ob_sql_simd
-- observer_add_target ob_pl
-- observer_add_target syspack_source
-- observer_add_target ob_standby_runtime
-- observer_add_target ob_standby
-- observer_add_target ob_rootserver
-- observer_add_target ob_logservice
-- observer_add_target ob_storage_tablet_autoincrement_state
-- ob_add_new_object_target ob_storage
-- observer_add_target ob_storage_simd
-- observer_add_target ob_namespace
-- observer_add_target ob_server
-- Configuring done (0.7s)
-- Generating done (0.4s)
-- Build files have been written to: /home/nijia.nj/.herdr/worktrees/seekdb/herdr-fork/build_release
[  0%] Built target oblib_lib_bitmap
[  6%] Built target zstd_1_3_8_objs
[  7%] Built target ob_malloc_object
[  8%] Built target restore
[  9%] Built target malloc_hook
[ 10%] Built target ob_query
[ 11%] Built target ob_data_plane
[ 11%] Built target oblib_grpc
[ 12%] Built target ob_sql_simd
[ 13%] Built target oblib_rpc
[ 13%] Built target oblib_lib_simd
[ 18%] Built target ob_sql_server_parser_objects
[ 18%] Built target generate_syspack_source
[ 18%] Built target ob_standby
[ 18%] Building CXX object src/namespace/CMakeFiles/ob_namespace.dir/catalog.cpp.o
[ 18%] Building CXX object src/namespace/CMakeFiles/ob_namespace.dir/namespace.cpp.o
[ 20%] Built target ob_pl
[ 20%] Built target ob_storage_simd
[ 21%] Built target ob_storage_tablet_autoincrement_state
[ 22%] Built target ob_logservice
[ 23%] Built target ob_main
[ 23%] Built target ob_standby_runtime
[ 27%] Built target oblib_common
[ 27%] Built target ob_sql_server_parser_static
[ 27%] Built target sql_nio_build
[ 27%] Built target ob_malloc
[ 28%] Built target zstd_1_3_8
[ 28%] Built target syspack_source
[ 29%] Built target compress
[ 35%] Built target ob_sql_extra
[ 35%] Building CXX object src/share/CMakeFiles/ob_share_extra.dir/datum/ob_datum_funcs_compilation/ob_datum_funcs_compilation_3.cpp.o
[ 36%] Building CXX object src/share/CMakeFiles/ob_share_extra.dir/datum/ob_datum_funcs_compilation/ob_datum_funcs_compilation_1.cpp.o
[ 36%] Building CXX object src/share/CMakeFiles/ob_share_extra.dir/datum/ob_datum_funcs_compilation/ob_datum_funcs_compilation_4.cpp.o
[ 36%] Building CXX object src/share/CMakeFiles/ob_share_extra.dir/datum/ob_datum_funcs_compilation/ob_datum_funcs_compilation_0.cpp.o
[ 36%] Building CXX object src/share/CMakeFiles/ob_share_extra.dir/datum/ob_datum_funcs_compilation/ob_datum_funcs_compilation_2.cpp.o
[ 37%] Building CXX object src/share/CMakeFiles/ob_share_extra.dir/datum/ob_datum_funcs_compilation/ob_datum_funcs_compilation_5.cpp.o
[ 37%] Building CXX object src/share/CMakeFiles/ob_share_extra.dir/datum/ob_datum_funcs_compilation/ob_datum_funcs_compilation_6.cpp.o
[ 37%] Building CXX object src/share/CMakeFiles/ob_share_extra.dir/datum/ob_datum_funcs_compilation/ob_datum_funcs_compilation_7.cpp.o
[ 37%] Building CXX object src/share/CMakeFiles/ob_share_extra.dir/datum/ob_str_datum_funcs_compilation/ob_str_datum_funcs_compilation_1.cpp.o
[ 38%] Building CXX object src/share/CMakeFiles/ob_share_extra.dir/datum/ob_str_datum_funcs_compilation/ob_str_datum_funcs_compilation_0.cpp.o
[ 38%] Building CXX object src/share/CMakeFiles/ob_share_extra.dir/datum/ob_str_datum_funcs_compilation/ob_str_datum_funcs_compilation_2.cpp.o
[ 38%] Building CXX object src/rootserver/CMakeFiles/ob_rootserver.dir/Unity/unity_ob_rootserver_ob_rootserver_storage_common_0_c___cxx.cxx.o
[ 39%] Building CXX object src/rootserver/CMakeFiles/ob_rootserver.dir/Unity/unity_ob_rootserver_ob_rootserver_query_0_c___cxx.cxx.o
[ 39%] Building CXX object src/rootserver/CMakeFiles/ob_rootserver.dir/Unity/unity_ob_rootserver_ob_rootserver_storage_freeze_0_c___cxx.cxx.o
[ 39%] Building CXX object src/observer/CMakeFiles/ob_server.dir/Unity/unity_ob_server_ob_server_vector_index_0_c___cxx.cxx.o
[ 40%] Building CXX object src/observer/CMakeFiles/ob_server.dir/Unity/unity_ob_server_ob_server_mysql_0_c___cxx.cxx.o
[ 40%] Building CXX object src/observer/CMakeFiles/ob_server.dir/Unity/unity_ob_server_ob_server_virtual_table_0_c___cxx.cxx.o
[ 40%] Building CXX object src/rootserver/CMakeFiles/ob_rootserver.dir/Unity/unity_ob_rootserver_ob_rootserver_runtime_fork_freeze_0_c___cxx.cxx.o
[ 40%] Building CXX object src/rootserver/CMakeFiles/ob_rootserver.dir/Unity/unity_ob_rootserver_ob_rootserver_runtime_common_0_c___cxx.cxx.o
[ 40%] Building CXX object src/rootserver/CMakeFiles/ob_rootserver.dir/ddl_task/ob_ddl_redefinition_task.cpp.o
[ 41%] Building CXX object src/rootserver/CMakeFiles/ob_rootserver.dir/Unity/unity_ob_rootserver_ob_rootserver_runtime_services_0_c___cxx.cxx.o
[ 41%] Building CXX object src/rootserver/CMakeFiles/ob_rootserver.dir/ob_ddl_service.cpp.o
[ 41%] Building CXX object src/rootserver/CMakeFiles/ob_rootserver.dir/Unity/unity_ob_rootserver_ob_rootserver_runtime_ddl_0_c___cxx.cxx.o
[ 41%] Building CXX object src/observer/CMakeFiles/ob_server.dir/Unity/unity_ob_server_ob_server_mysql_1_c___cxx.cxx.o
[ 45%] Built target oblib_lib
[ 45%] Building CXX object src/observer/CMakeFiles/ob_server.dir/Unity/unity_ob_server_ob_server_ai_service_0_c___cxx.cxx.o
[ 45%] Building CXX object src/observer/CMakeFiles/ob_server.dir/Unity/unity_ob_server_ob_server_omt_0_c___cxx.cxx.o
[ 45%] Building CXX object src/observer/CMakeFiles/ob_server.dir/Unity/unity_ob_server_ob_server_dbms_job_0_c___cxx.cxx.o
[ 46%] Building CXX object src/observer/CMakeFiles/ob_server.dir/Unity/unity_ob_server_ob_server_virtual_table_3_c___cxx.cxx.o
[ 46%] Building CXX object src/observer/CMakeFiles/ob_server.dir/Unity/unity_ob_server_ob_server_common_0_c___cxx.cxx.o
[ 46%] Building CXX object src/observer/CMakeFiles/ob_server.dir/Unity/unity_ob_server_ob_server_schema_0_c___cxx.cxx.o
[ 47%] Building CXX object src/observer/CMakeFiles/ob_server.dir/Unity/unity_ob_server_ob_server_virtual_table_4_c___cxx.cxx.o
[ 47%] Building CXX object src/observer/CMakeFiles/ob_server.dir/Unity/unity_ob_server_ob_server_virtual_table_5_c___cxx.cxx.o
[ 48%] Building CXX object src/observer/CMakeFiles/ob_server.dir/ob_server.cpp.o
[ 48%] Building CXX object src/observer/CMakeFiles/ob_server.dir/Unity/unity_ob_server_ob_server_change_stream_0_c___cxx.cxx.o
[ 48%] Building CXX object src/observer/CMakeFiles/ob_server.dir/ob_service.cpp.o
[ 48%] Built target oblib
[ 48%] Building CXX object src/observer/CMakeFiles/ob_server.dir/composition/retrieval/ob_das_legacy_tr_merge_iter.cpp.o
[ 49%] Building CXX object src/sql/CMakeFiles/ob_sql.dir/Unity/unity_ob_sql_ob_sql_resolver_ddl_1_c___cxx.cxx.o
[ 49%] Building CXX object src/sql/CMakeFiles/ob_sql.dir/Unity/unity_ob_sql_ob_sql_engine_vector_discrete_0_c___cxx.cxx.o
[ 49%] Building CXX object src/sql/CMakeFiles/ob_sql.dir/Unity/unity_ob_sql_ob_sql_engine_table_0_c___cxx.cxx.o
[ 50%] Building CXX object src/sql/CMakeFiles/ob_sql.dir/Unity/unity_ob_sql_ob_sql_plan_cache_0_c___cxx.cxx.o
[ 51%] Building CXX object src/sql/CMakeFiles/ob_sql.dir/Unity/unity_ob_sql_ob_sql_engine_set_0_c___cxx.cxx.o
[ 51%] Building CXX object src/sql/CMakeFiles/ob_sql.dir/Unity/unity_ob_sql_ob_sql_optimizer_0_c___cxx.cxx.o
[ 51%] Building CXX object src/sql/CMakeFiles/ob_sql.dir/Unity/unity_ob_sql_ob_sql_code_generator_0_c___cxx.cxx.o
[ 51%] Building CXX object src/sql/CMakeFiles/ob_sql.dir/Unity/unity_ob_sql_ob_sql_engine_px_1_c___cxx.cxx.o
[ 52%] Building CXX object src/sql/CMakeFiles/ob_sql.dir/Unity/unity_ob_sql_ob_sql_engine_px_0_c___cxx.cxx.o
[ 52%] Building CXX object src/sql/CMakeFiles/ob_sql.dir/Unity/unity_ob_sql_ob_sql_engine_pdml_0_c___cxx.cxx.o
[ 53%] Building CXX object src/sql/CMakeFiles/ob_sql.dir/Unity/unity_ob_sql_ob_sql_optimizer_stat_0_c___cxx.cxx.o
[ 53%] Building CXX object src/sql/CMakeFiles/ob_sql.dir/Unity/unity_ob_sql_ob_sql_engine_join_0_c___cxx.cxx.o
[ 53%] Building CXX object src/sql/CMakeFiles/ob_sql.dir/Unity/unity_ob_sql_ob_sql_das_0_c___cxx.cxx.o
[ 53%] Building CXX object src/sql/CMakeFiles/ob_sql.dir/Unity/unity_ob_sql_ob_sql_optimizer_1_c___cxx.cxx.o
[ 53%] Building CXX object src/sql/CMakeFiles/ob_sql.dir/Unity/unity_ob_sql_ob_sql_engine_expr_13_c___cxx.cxx.o
[ 53%] Building CXX object src/sql/CMakeFiles/ob_sql.dir/Unity/unity_ob_sql_ob_sql_monitor_0_c___cxx.cxx.o
[ 54%] Building CXX object src/sql/CMakeFiles/ob_sql.dir/Unity/unity_ob_sql_ob_sql_engine_0_c___cxx.cxx.o
[ 54%] Building CXX object src/sql/CMakeFiles/ob_sql.dir/Unity/unity_ob_sql_ob_sql_engine_basic_1_c___cxx.cxx.o
[ 55%] Building CXX object src/sql/CMakeFiles/ob_sql.dir/Unity/unity_ob_sql_ob_sql_engine_expr_4_c___cxx.cxx.o
[ 55%] Building CXX object src/sql/CMakeFiles/ob_sql.dir/Unity/unity_ob_sql_ob_sql_engine_aggregate_groupby_0_c___cxx.cxx.o
[ 55%] Building CXX object src/sql/CMakeFiles/ob_sql.dir/Unity/unity_ob_sql_ob_sql_engine_basic_0_c___cxx.cxx.o
[ 55%] Building CXX object src/sql/CMakeFiles/ob_sql.dir/Unity/unity_ob_sql_ob_sql_dtl_0_c___cxx.cxx.o
[ 56%] Building CXX object src/sql/CMakeFiles/ob_sql.dir/Unity/unity_ob_sql_ob_sql_engine_1_c___cxx.cxx.o
[ 57%] Building CXX object src/sql/CMakeFiles/ob_sql.dir/Unity/unity_ob_sql_ob_sql_engine_dml_0_c___cxx.cxx.o
[ 57%] Building CXX object src/sql/CMakeFiles/ob_sql.dir/Unity/unity_ob_sql_ob_sql_engine_cmd_0_c___cxx.cxx.o
[ 58%] Building CXX object src/sql/CMakeFiles/ob_sql.dir/Unity/unity_ob_sql_ob_sql_engine_expr_11_c___cxx.cxx.o
[ 58%] Building CXX object src/sql/CMakeFiles/ob_sql.dir/Unity/unity_ob_sql_ob_sql_common_0_c___cxx.cxx.o
[ 58%] Building CXX object src/sql/CMakeFiles/ob_sql.dir/Unity/unity_ob_sql_ob_sql_optimizer_2_c___cxx.cxx.o
[ 58%] Building CXX object src/sql/CMakeFiles/ob_sql.dir/Unity/unity_ob_sql_ob_sql_engine_expr_2_c___cxx.cxx.o
[ 58%] Building CXX object src/sql/CMakeFiles/ob_sql.dir/Unity/unity_ob_sql_ob_sql_engine_cmd_1_c___cxx.cxx.o
[ 58%] Building CXX object src/sql/CMakeFiles/ob_sql.dir/Unity/unity_ob_sql_ob_sql_das_1_c___cxx.cxx.o
[ 58%] Building CXX object src/sql/CMakeFiles/ob_sql.dir/Unity/unity_ob_sql_ob_sql_engine_expr_1_c___cxx.cxx.o
[ 59%] Building CXX object src/sql/CMakeFiles/ob_sql.dir/engine/expr/ob_expr_in.cpp.o
[ 59%] Building CXX object src/sql/CMakeFiles/ob_sql.dir/Unity/unity_ob_sql_ob_sql_session_0_c___cxx.cxx.o
[ 59%] Building CXX object src/share/CMakeFiles/ob_share.dir/Unity/unity_ob_share_ob_share_schema_1_c___cxx.cxx.o
[ 59%] Building CXX object src/share/CMakeFiles/ob_share.dir/Unity/unity_ob_share_ob_share_schema_0_c___cxx.cxx.o
[ 59%] Building CXX object src/storage/CMakeFiles/ob_storage.dir/Unity/unity_ob_storage_ob_storage_ddl_0_c___cxx.cxx.o
[ 59%] Building CXX object src/storage/CMakeFiles/ob_storage.dir/Unity/unity_ob_storage_ob_storage_compaction_filter_0_c___cxx.cxx.o
[ 59%] Building CXX object src/storage/CMakeFiles/ob_storage.dir/Unity/unity_ob_storage_ob_storage_tx_storage_0_c___cxx.cxx.o
[ 59%] Built target ob_namespace
[ 59%] Built target ob_share_extra
[ 60%] Built target ob_server
[ 73%] Built target ob_storage
[ 89%] Built target ob_share
[ 91%] Built target ob_rootserver
[100%] Built target ob_sql
[100%] Linking CXX static library libob_sql_static.a
[100%] Linking CXX static library libob_share_static.a
[100%] Linking CXX static library libob_storage_static.a
[100%] Built target ob_storage_static
[100%] Built target ob_sql_static
[100%] Built target ob_share_static
[100%] Building CXX object src/observer/CMakeFiles/oceanbase_static.dir/ob_version.cpp.o
[100%] Linking CXX static library liboceanbase_static.a
[100%] Built target oceanbase_static
[100%] Linking CXX executable seekdb
[100%] Built target seekdb
[100%] Built target observer
