[  1%] Built target ob_malloc_object
[  1%] Built target oblib_lib_simd
[  1%] Built target oblib_lib_bitmap
[  2%] Built target restore
[  3%] Built target oblib_grpc
[  4%] Built target oblib_rpc
[  8%] Built target oblib_common
[ 14%] Built target zstd_1_3_8_objs
[ 15%] Built target ob_sql_simd
[ 16%] Built target malloc_hook
[ 16%] Built target ob_data_plane
[ 16%] Built target generate_syspack_source
[ 17%] Built target ob_query
[ 17%] Built target ob_storage_simd
[ 21%] Built target ob_standby
[ 22%] Built target ob_sql_server_parser_objects
[ 22%] Built target ob_namespace
[ 23%] Built target ob_storage_tablet_autoincrement_state
[ 24%] Built target ob_logservice
[ 24%] Built target ob_standby_runtime
[ 24%] Built target sql_nio_build
[ 24%] Built target ob_sql_server_parser_static
[ 25%] Built target ob_main
[ 25%] Built target ob_malloc
[ 27%] Built target ob_pl
[ 30%] Built target ob_share_extra
[ 31%] Built target zstd_1_3_8
[ 31%] Built target syspack_source
[ 32%] Built target compress
[ 38%] Built target ob_sql_extra
[ 38%] Building CXX object src/rootserver/CMakeFiles/ob_rootserver.dir/ob_ddl_service.cpp.o
[ 42%] Built target oblib_lib
[ 42%] Built target oblib
[ 54%] Built target ob_storage
[ 54%] Built target ob_storage_static
[ 59%] Built target ob_server
[ 76%] Built target ob_share
[ 76%] Built target ob_share_static
[ 95%] Built target ob_sql
[ 95%] Built target ob_sql_static
[100%] Built target ob_rootserver
[100%] Linking CXX static library liboceanbase_static.a
[100%] Built target oceanbase_static
[100%] Linking CXX executable seekdb
[100%] Built target seekdb
[100%] Built target observer
