[  0%] Built target oblib_lib_simd
[  1%] Built target ob_malloc_object
[  2%] Built target restore
[  8%] Built target zstd_1_3_8_objs
[  8%] Built target oblib_lib_bitmap
[ 12%] Built target oblib_common
[ 13%] Built target oblib_grpc
[ 14%] Built target malloc_hook
[ 14%] Built target ob_data_plane
[ 15%] Built target ob_query
[ 17%] Built target ob_sql_simd
[ 16%] Built target oblib_rpc
[ 17%] Built target generate_syspack_source
[ 22%] Built target ob_sql_server_parser_objects
[ 24%] Built target ob_pl
[ 24%] Built target ob_standby
[ 24%] Built target ob_namespace
[ 25%] Built target ob_logservice
[ 25%] Built target sql_nio_build
[ 26%] Built target ob_storage_tablet_autoincrement_state
[ 26%] Built target ob_standby_runtime
[ 26%] Built target ob_storage_simd
[ 27%] Built target ob_main
[ 30%] Built target ob_share_extra
[ 30%] Built target ob_malloc
[ 30%] Built target ob_sql_server_parser_static
[ 36%] Built target ob_sql_extra
[ 36%] Building CXX object src/observer/CMakeFiles/ob_server.dir/Unity/unity_ob_server_ob_server_common_0_c___cxx.cxx.o
[ 37%] Built target zstd_1_3_8
[ 37%] Built target syspack_source
[ 38%] Built target compress
[ 38%] Building CXX object src/rootserver/CMakeFiles/ob_rootserver.dir/Unity/unity_ob_rootserver_ob_rootserver_runtime_fork_freeze_0_c___cxx.cxx.o
[ 38%] Building CXX object src/rootserver/CMakeFiles/ob_rootserver.dir/ob_ddl_service.cpp.o
[ 42%] Built target oblib_lib
[ 54%] Built target ob_storage
[ 54%] Built target oblib
[ 54%] Built target ob_storage_static
[ 71%] Built target ob_share
[ 71%] Built target ob_share_static
[ 90%] Built target ob_sql
[ 90%] Built target ob_sql_static
[ 95%] Built target ob_server
[100%] Built target ob_rootserver
[100%] Linking CXX static library liboceanbase_static.a
[100%] Built target oceanbase_static
[100%] Linking CXX executable seekdb
[100%] Built target seekdb
[100%] Built target observer
