{"event": "setup", "binary": "/data/1/nijia.nj/test/namespace_fork_build_artifacts/background-materialization-artifacts/seekdb-copy-view-final", "base": "/data/1/nijia.nj/test/namespace_fork_PROTOTYPE_background_materialization_2ltd7ojl", "pid": 2156204, "port": 6553}
{"event": "sql", "sql": "CREATE DATABASE readonly_fork", "rows": []}
{"event": "sql", "sql": "CREATE TABLE readonly_fork.t(id INT PRIMARY KEY,v INT,body LONGTEXT,KEY iv(v))", "rows": []}
{"event": "sql", "sql": "INSERT INTO readonly_fork.t VALUES(1,10,REPEAT('a',12000)),(2,20,REPEAT('b',18000))", "rows": []}
{"event": "sql", "sql": "CREATE TABLE readonly_fork.docs(id INT PRIMARY KEY,body TEXT)", "rows": []}
{"event": "sql", "sql": "INSERT INTO readonly_fork.docs VALUES(1,'alpha text'),(2,'beta text')", "rows": []}
{"event": "sql", "sql": "CREATE FULLTEXT INDEX ft ON readonly_fork.docs(body)", "rows": []}
{"event": "sql", "sql": "CREATE TABLE readonly_fork.vecs(id INT PRIMARY KEY,embedding VECTOR(4))", "rows": []}
{"event": "sql", "sql": "INSERT INTO readonly_fork.vecs VALUES(1,'[1,0,0,0]'),(2,'[2,0,0,0]')", "rows": []}
{"event": "sql", "sql": "CREATE VECTOR INDEX vi ON readonly_fork.vecs(embedding) WITH(distance=l2,type=ivf_flat,nlist=1,sample_per_nlist=1)", "rows": []}
{"event": "sql", "sql": "SELECT table_id,tablet_id FROM oceanbase.__all_table WHERE database_id=(SELECT database_id FROM oceanbase.__all_database WHERE database_name='readonly_fork') AND tablet_id>0", "rows": [[500007, 200005], [500003, 200001], [500014, 200012], [500005, 200003], [500008, 200006], [500015, 200013], [500006, 200004], [500009, 200007], [500016, 200014], [500004, 200002], [500012, 200010], [500011, 200009], [500010, 200008], [500013, 200011], [500017, 200015], [500018, 200016], [500019, 200017]]}
{"event": "sql", "sql": "FORK NAMESPACE never_opened FROM ns1", "rows": []}
{"event": "sql", "sql": "DROP TABLE readonly_fork.t", "rows": []}
{"event": "sql", "sql": "DROP TABLE readonly_fork.docs", "rows": []}
{"event": "sql", "sql": "DROP TABLE readonly_fork.vecs", "rows": []}
{"event": "sql", "sql": "ALTER SYSTEM MINOR FREEZE", "rows": []}
{"event": "background_progress", "elapsed_s": 0.01, "child_tablets": 0, "expected": 17, "remaining_sources": [[4611686155866541377, 3, 1, 0], [4611686155866541378, 3, 1, 0], [4611686155866541379, 3, 1, 0], [4611686155866541380, 3, 1, 0], [4611686155866541381, 3, 1, 0], [4611686155866541382, 3, 1, 0], [4611686155866541383, 3, 1, 0], [4611686155866541384, 3, 1, 0], [4611686155866541385, 3, 1, 0], [4611686155866541386, 3, 1, 0], [4611686155866541387, 3, 1, 0], [4611686155866541388, 3, 1, 0], [4611686155866541389, 3, 1, 0], [4611686155866541390, 3, 1, 0], [4611686155866541391, 3, 1, 0], [4611686155866541392, 3, 1, 0], [4611686155866541393, 3, 1, 0]]}
{"event": "background_progress", "elapsed_s": 15.2, "child_tablets": 0, "expected": 17, "remaining_sources": [[4611686155866541377, 3, 1, 0], [4611686155866541378, 3, 1, 0], [4611686155866541379, 3, 1, 0], [4611686155866541380, 3, 1, 0], [4611686155866541381, 3, 1, 0], [4611686155866541382, 3, 1, 0], [4611686155866541383, 3, 1, 0], [4611686155866541384, 3, 1, 0], [4611686155866541385, 3, 1, 0], [4611686155866541386, 3, 1, 0], [4611686155866541387, 3, 1, 0], [4611686155866541388, 3, 1, 0], [4611686155866541389, 3, 1, 0], [4611686155866541390, 3, 1, 0], [4611686155866541391, 3, 1, 0], [4611686155866541392, 3, 1, 0], [4611686155866541393, 3, 1, 0]]}
{"event": "background_progress", "elapsed_s": 30.35, "child_tablets": 0, "expected": 17, "remaining_sources": [[4611686155866541377, 3, 1, 0], [4611686155866541378, 3, 1, 0], [4611686155866541379, 3, 1, 0], [4611686155866541380, 3, 1, 0], [4611686155866541381, 3, 1, 0], [4611686155866541382, 3, 1, 0], [4611686155866541383, 3, 1, 0], [4611686155866541384, 3, 1, 0], [4611686155866541385, 3, 1, 0], [4611686155866541386, 3, 1, 0], [4611686155866541387, 3, 1, 0], [4611686155866541388, 3, 1, 0], [4611686155866541389, 3, 1, 0], [4611686155866541390, 3, 1, 0], [4611686155866541391, 3, 1, 0], [4611686155866541392, 3, 1, 0], [4611686155866541393, 3, 1, 0]]}
{"event": "background_progress", "elapsed_s": 45.49, "child_tablets": 0, "expected": 17, "remaining_sources": [[4611686155866541377, 3, 1, 0], [4611686155866541378, 3, 1, 0], [4611686155866541379, 3, 1, 0], [4611686155866541380, 3, 1, 0], [4611686155866541381, 3, 1, 0], [4611686155866541382, 3, 1, 0], [4611686155866541383, 3, 1, 0], [4611686155866541384, 3, 1, 0], [4611686155866541385, 3, 1, 0], [4611686155866541386, 3, 1, 0], [4611686155866541387, 3, 1, 0], [4611686155866541388, 3, 1, 0], [4611686155866541389, 3, 1, 0], [4611686155866541390, 3, 1, 0], [4611686155866541391, 3, 1, 0], [4611686155866541392, 3, 1, 0], [4611686155866541393, 3, 1, 0]]}
{"event": "background_progress", "elapsed_s": 60.65, "child_tablets": 0, "expected": 17, "remaining_sources": [[4611686155866541377, 3, 1, 0], [4611686155866541378, 3, 1, 0], [4611686155866541379, 3, 1, 0], [4611686155866541380, 3, 1, 0], [4611686155866541381, 3, 1, 0], [4611686155866541382, 3, 1, 0], [4611686155866541383, 3, 1, 0], [4611686155866541384, 3, 1, 0], [4611686155866541385, 3, 1, 0], [4611686155866541386, 3, 1, 0], [4611686155866541387, 3, 1, 0], [4611686155866541388, 3, 1, 0], [4611686155866541389, 3, 1, 0], [4611686155866541390, 3, 1, 0], [4611686155866541391, 3, 1, 0], [4611686155866541392, 3, 1, 0], [4611686155866541393, 3, 1, 0]]}
{"event": "background_progress", "elapsed_s": 75.81, "child_tablets": 0, "expected": 17, "remaining_sources": [[4611686155866541377, 3, 1, 0], [4611686155866541378, 3, 1, 0], [4611686155866541379, 3, 1, 0], [4611686155866541380, 3, 1, 0], [4611686155866541381, 3, 1, 0], [4611686155866541382, 3, 1, 0], [4611686155866541383, 3, 1, 0], [4611686155866541384, 3, 1, 0], [4611686155866541385, 3, 1, 0], [4611686155866541386, 3, 1, 0], [4611686155866541387, 3, 1, 0], [4611686155866541388, 3, 1, 0], [4611686155866541389, 3, 1, 0], [4611686155866541390, 3, 1, 0], [4611686155866541391, 3, 1, 0], [4611686155866541392, 3, 1, 0], [4611686155866541393, 3, 1, 0]]}
{"event": "background_progress", "elapsed_s": 90.96, "child_tablets": 0, "expected": 17, "remaining_sources": [[4611686155866541377, 3, 1, 0], [4611686155866541378, 3, 1, 0], [4611686155866541379, 3, 1, 0], [4611686155866541380, 3, 1, 0], [4611686155866541381, 3, 1, 0], [4611686155866541382, 3, 1, 0], [4611686155866541383, 3, 1, 0], [4611686155866541384, 3, 1, 0], [4611686155866541385, 3, 1, 0], [4611686155866541386, 3, 1, 0], [4611686155866541387, 3, 1, 0], [4611686155866541388, 3, 1, 0], [4611686155866541389, 3, 1, 0], [4611686155866541390, 3, 1, 0], [4611686155866541391, 3, 1, 0], [4611686155866541392, 3, 1, 0], [4611686155866541393, 3, 1, 0]]}
{"event": "background_progress", "elapsed_s": 106.13, "child_tablets": 0, "expected": 17, "remaining_sources": [[4611686155866541377, 3, 1, 0], [4611686155866541378, 3, 1, 0], [4611686155866541379, 3, 1, 0], [4611686155866541380, 3, 1, 0], [4611686155866541381, 3, 1, 0], [4611686155866541382, 3, 1, 0], [4611686155866541383, 3, 1, 0], [4611686155866541384, 3, 1, 0], [4611686155866541385, 3, 1, 0], [4611686155866541386, 3, 1, 0], [4611686155866541387, 3, 1, 0], [4611686155866541388, 3, 1, 0], [4611686155866541389, 3, 1, 0], [4611686155866541390, 3, 1, 0], [4611686155866541391, 3, 1, 0], [4611686155866541392, 3, 1, 0], [4611686155866541393, 3, 1, 0]]}
{"event": "background_progress", "elapsed_s": 121.27, "child_tablets": 0, "expected": 17, "remaining_sources": [[4611686155866541377, 3, 1, 0], [4611686155866541378, 3, 1, 0], [4611686155866541379, 3, 1, 0], [4611686155866541380, 3, 1, 0], [4611686155866541381, 3, 1, 0], [4611686155866541382, 3, 1, 0], [4611686155866541383, 3, 1, 0], [4611686155866541384, 3, 1, 0], [4611686155866541385, 3, 1, 0], [4611686155866541386, 3, 1, 0], [4611686155866541387, 3, 1, 0], [4611686155866541388, 3, 1, 0], [4611686155866541389, 3, 1, 0], [4611686155866541390, 3, 1, 0], [4611686155866541391, 3, 1, 0], [4611686155866541392, 3, 1, 0], [4611686155866541393, 3, 1, 0]]}
{"event": "background_progress", "elapsed_s": 136.43, "child_tablets": 16, "expected": 17, "remaining_sources": [[4611686155866541377, 3, 1, 1], [4611686155866541378, 3, 1, 1], [4611686155866541379, 3, 1, 1], [4611686155866541380, 3, 1, 1], [4611686155866541381, 3, 1, 1], [4611686155866541382, 3, 1, 1], [4611686155866541383, 3, 1, 1], [4611686155866541384, 3, 1, 1], [4611686155866541385, 3, 1, 1], [4611686155866541386, 3, 1, 1], [4611686155866541387, 3, 1, 1], [4611686155866541388, 3, 1, 1], [4611686155866541389, 3, 1, 1], [4611686155866541390, 3, 1, 1], [4611686155866541391, 3, 1, 1], [4611686155866541392, 3, 1, 1], [4611686155866541393, 3, 1, 0]]}
{"event": "cold_takeover_done", "namespace": 3, "elapsed_s": 148.56, "physical": [[4611686430744448321, 1, 1, 0], [4611686430744448322, 1, 1, 0], [4611686430744448323, 1, 1, 0], [4611686430744448324, 1, 1, 0], [4611686430744448325, 1, 1, 0], [4611686430744448326, 1, 1, 0], [4611686430744448327, 1, 1, 0], [4611686430744448328, 1, 1, 0], [4611686430744448329, 1, 1, 0], [4611686430744448330, 1, 1, 0], [4611686430744448331, 1, 1, 0], [4611686430744448332, 1, 1, 0], [4611686430744448333, 1, 1, 0], [4611686430744448334, 1, 1, 0], [4611686430744448335, 1, 1, 0], [4611686430744448336, 1, 1, 0], [4611686430744448337, 1, 1, 0]], "inherited_sources_reclaimed": true}
{"event": "sql", "sql": "SELECT id,v,LENGTH(body) FROM readonly_fork.t ORDER BY id", "rows": [[1, 10, 12000], [2, 20, 18000]]}
{"event": "sql", "sql": "SELECT id,v FROM readonly_fork.t FORCE INDEX(iv) WHERE v>0 ORDER BY id", "rows": [[1, 10], [2, 20]]}
{"event": "sql", "sql": "SELECT id FROM readonly_fork.docs WHERE MATCH(body) AGAINST('alpha')", "rows": [[1]]}
{"event": "sql", "sql": "SELECT id FROM readonly_fork.vecs ORDER BY l2_distance(embedding,[0,0,0,0]) APPROXIMATE LIMIT 1", "rows": [[1]]}
{"event": "setup", "binary": "/data/1/nijia.nj/test/namespace_fork_build_artifacts/background-materialization-artifacts/seekdb-copy-view-final", "base": "/data/1/nijia.nj/test/namespace_fork_PROTOTYPE_background_materialization_2ltd7ojl", "pid": 2164818, "port": 6553}
{"event": "sql", "sql": "SELECT id,v,LENGTH(body) FROM readonly_fork.t ORDER BY id", "rows": [[1, 10, 12000], [2, 20, 18000]]}
{"event": "sql", "sql": "SELECT id FROM readonly_fork.docs WHERE MATCH(body) AGAINST('alpha')", "rows": [[1]]}
{"event": "sql", "sql": "SELECT id FROM readonly_fork.vecs ORDER BY l2_distance(embedding,[0,0,0,0]) APPROXIMATE LIMIT 1", "rows": [[1]]}
{"event": "PASS", "case": "background_readonly_materialization", "no_child_connection_before_takeover": true, "sql_runtime_unloaded": true, "parent_dropped": true, "main_index_lob": true, "sources_reclaimed": true, "restart": true, "fulltext_and_vector": true}
{"event": "stopped", "pid": 2164818, "returncode": -9}
{"event": "data_archived", "path": "/data/1/nijia.nj/test/namespace_fork_PROTOTYPE_background_materialization_2ltd7ojl/data.tar.gz", "bytes": 9821915}
/home/nijia.nj/.local/lib/python3.8/site-packages/pymysql/_auth.py:9: CryptographyDeprecationWarning: Python 3.8 is no longer supported by the Python core team and support for it is deprecated in cryptography. The next release of cryptography will remove support for Python 3.8.
  from cryptography.hazmat.backends import default_backend
