{"event": "setup", "binary": "/home/nijia.nj/.herdr/worktrees/seekdb/herdr-fork/build_release/src/observer/seekdb", "base": "/data/1/nijia.nj/test/namespace_fork_PROTOTYPE_fullscan_diagnosis_yq6a5f2i", "pid": 2920331, "port": 29831}
{"event": "sql", "sql": "SET ob_query_timeout=300000000", "rows": []}
{"event": "sql", "sql": "SET ob_trx_timeout=300000000", "rows": []}
{"event": "sql", "sql": "CREATE DATABASE scan_diag", "rows": []}
{"event": "sql", "sql": "CREATE TABLE scan_diag.t(id INT PRIMARY KEY,v INT) PARTITION BY HASH(id) PARTITIONS 8000", "rows": []}
{"event": "sql", "sql": "FORK NAMESPACE scan_child FROM ns1", "rows": []}
{"event": "fixture_ready", "pid": 2920331, "port": 29831, "base": "/data/1/nijia.nj/test/namespace_fork_PROTOTYPE_fullscan_diagnosis_yq6a5f2i", "partitions": 8000}
{"event": "explain", "namespace": "parent", "plan": [["================================================================="], ["|ID|OPERATOR                     |NAME    |EST.ROWS|EST.TIME(us)|"], ["-----------------------------------------------------------------"], ["|0 |SCALAR GROUP BY              |        |1       |17462       |"], ["|1 |└─PX COORDINATOR             |        |1       |17462       |"], ["|2 |  └─EXCHANGE OUT DISTR       |:EX10000|1       |17462       |"], ["|3 |    └─MERGE GROUP BY         |        |1       |17461       |"], ["|4 |      └─PX PARTITION ITERATOR|        |8000    |17192       |"], ["|5 |        └─TABLE FULL SCAN    |t       |8000    |17192       |"], ["================================================================="], ["Outputs & filters:"], ["-------------------------------------"], ["  0 - output([T_FUN_COUNT_SUM(T_FUN_COUNT(*))], [T_FUN_SUM(T_FUN_SUM(t.v))]), filter(nil), rowset=256"], ["      group(nil), agg_func([T_FUN_COUNT_SUM(T_FUN_COUNT(*))], [T_FUN_SUM(T_FUN_SUM(t.v))])"], ["  1 - output([T_FUN_COUNT(*)], [T_FUN_SUM(t.v)]), filter(nil), rowset=256"], ["  2 - output([T_FUN_COUNT(*)], [T_FUN_SUM(t.v)]), filter(nil), rowset=256"], ["      dop=1"], ["  3 - output([T_FUN_COUNT(*)], [T_FUN_SUM(t.v)]), filter(nil), rowset=256"], ["      group(nil), agg_func([T_FUN_COUNT(*)], [T_FUN_SUM(t.v)])"], ["  4 - output([t.v]), filter(nil), rowset=256"], ["      force partition granule"], ["  5 - output([t.v]), filter(nil), rowset=256"], ["      access([t.v]), partitions(p[0-7999])"], ["      is_index_back=false, is_global_index=false, "], ["      range_key([t.id]), range(MIN ; MAX)always true"]]}
{"event": "explain", "namespace": "child", "plan": [["================================================================="], ["|ID|OPERATOR                     |NAME    |EST.ROWS|EST.TIME(us)|"], ["-----------------------------------------------------------------"], ["|0 |SCALAR GROUP BY              |        |1       |16802       |"], ["|1 |└─PX COORDINATOR             |        |1       |16802       |"], ["|2 |  └─EXCHANGE OUT DISTR       |:EX10000|1       |16802       |"], ["|3 |    └─MERGE GROUP BY         |        |1       |16801       |"], ["|4 |      └─PX PARTITION ITERATOR|        |1       |16801       |"], ["|5 |        └─TABLE FULL SCAN    |t       |1       |16801       |"], ["================================================================="], ["Outputs & filters:"], ["-------------------------------------"], ["  0 - output([T_FUN_COUNT_SUM(T_FUN_COUNT(*))], [T_FUN_SUM(T_FUN_SUM(t.v))]), filter(nil), rowset=16"], ["      group(nil), agg_func([T_FUN_COUNT_SUM(T_FUN_COUNT(*))], [T_FUN_SUM(T_FUN_SUM(t.v))])"], ["  1 - output([T_FUN_COUNT(*)], [T_FUN_SUM(t.v)]), filter(nil), rowset=16"], ["  2 - output([T_FUN_COUNT(*)], [T_FUN_SUM(t.v)]), filter(nil), rowset=16"], ["      dop=1"], ["  3 - output([T_FUN_COUNT(*)], [T_FUN_SUM(t.v)]), filter(nil), rowset=16"], ["      group(nil), agg_func([T_FUN_COUNT(*)], [T_FUN_SUM(t.v)])"], ["  4 - output([t.v]), filter(nil), rowset=16"], ["      force partition granule"], ["  5 - output([t.v]), filter(nil), rowset=16"], ["      access([t.v]), partitions(p[0-7999])"], ["      is_index_back=false, is_global_index=false, "], ["      range_key([t.id]), range(MIN ; MAX)always true"]]}
{"event": "scan_begin", "namespace": "parent", "partitions": 64}
{"event": "scan_end", "namespace": "parent", "partitions": 64, "elapsed_s": 0.26869283616542816, "rows": [[64, "640"]], "slow": false}
{"event": "scan_begin", "namespace": "child", "partitions": 64}
{"event": "scan_end", "namespace": "child", "partitions": 64, "elapsed_s": 0.2648504823446274, "rows": [[64, "640"]], "slow": false}
{"event": "scan_begin", "namespace": "parent", "partitions": 256}
{"event": "scan_end", "namespace": "parent", "partitions": 256, "elapsed_s": 0.30990519374608994, "rows": [[256, "2560"]], "slow": false}
{"event": "scan_begin", "namespace": "child", "partitions": 256}
{"event": "scan_end", "namespace": "child", "partitions": 256, "elapsed_s": 0.34570028632879257, "rows": [[256, "2560"]], "slow": false}
{"event": "scan_begin", "namespace": "parent", "partitions": 1024}
{"event": "scan_end", "namespace": "parent", "partitions": 1024, "elapsed_s": 0.5262752547860146, "rows": [[1024, "10240"]], "slow": false}
{"event": "scan_begin", "namespace": "child", "partitions": 1024}
{"event": "scan_end", "namespace": "child", "partitions": 1024, "elapsed_s": 0.5683037005364895, "rows": [[1024, "10240"]], "slow": false}
{"event": "scan_begin", "namespace": "parent", "partitions": 8000}
{"event": "scan_end", "namespace": "parent", "partitions": 8000, "elapsed_s": 3.2148124650120735, "rows": [[8000, "80000"]], "slow": false}
{"event": "scan_begin", "namespace": "child", "partitions": 8000}
{"event": "scan_end", "namespace": "child", "partitions": 8000, "elapsed_s": 3.398005209863186, "rows": [[8000, "80000"]], "slow": false}
{"event": "PASS", "case": "fullscan_result_correctness", "full_scan_seconds": [3.2148124650120735, 3.398005209863186]}
{"round": 0, "namespace": "parent", "table_partitions": 256, "scanned_partitions": 256, "rows": 256, "elapsed_s": 0.05157136544585228}
{"round": 0, "namespace": "child", "table_partitions": 256, "scanned_partitions": 256, "rows": 256, "elapsed_s": 0.16269616782665253}
{"round": 0, "namespace": "parent", "table_partitions": 1024, "scanned_partitions": 256, "rows": 256, "elapsed_s": 0.05740613490343094}
{"round": 0, "namespace": "child", "table_partitions": 1024, "scanned_partitions": 256, "rows": 256, "elapsed_s": 0.08306893706321716}
{"round": 0, "namespace": "parent", "table_partitions": 8000, "scanned_partitions": 256, "rows": 256, "elapsed_s": 0.27510741725564003}
{"round": 0, "namespace": "child", "table_partitions": 8000, "scanned_partitions": 256, "rows": 256, "elapsed_s": 0.2982403114438057}
{"round": 1, "namespace": "parent", "table_partitions": 256, "scanned_partitions": 256, "rows": 256, "elapsed_s": 0.029117729514837265}
{"round": 1, "namespace": "child", "table_partitions": 256, "scanned_partitions": 256, "rows": 256, "elapsed_s": 0.04210501164197922}
{"round": 1, "namespace": "parent", "table_partitions": 1024, "scanned_partitions": 256, "rows": 256, "elapsed_s": 0.03283208608627319}
{"round": 1, "namespace": "child", "table_partitions": 1024, "scanned_partitions": 256, "rows": 256, "elapsed_s": 0.049066103994846344}
{"round": 1, "namespace": "parent", "table_partitions": 8000, "scanned_partitions": 256, "rows": 256, "elapsed_s": 0.2299209013581276}
{"round": 1, "namespace": "child", "table_partitions": 8000, "scanned_partitions": 256, "rows": 256, "elapsed_s": 0.1784990280866623}
{"round": 2, "namespace": "parent", "table_partitions": 256, "scanned_partitions": 256, "rows": 256, "elapsed_s": 0.03006613254547119}
{"round": 2, "namespace": "child", "table_partitions": 256, "scanned_partitions": 256, "rows": 256, "elapsed_s": 0.0425390861928463}
{"round": 2, "namespace": "parent", "table_partitions": 1024, "scanned_partitions": 256, "rows": 256, "elapsed_s": 0.03239467740058899}
{"round": 2, "namespace": "child", "table_partitions": 1024, "scanned_partitions": 256, "rows": 256, "elapsed_s": 0.04369601234793663}
{"round": 2, "namespace": "parent", "table_partitions": 8000, "scanned_partitions": 256, "rows": 256, "elapsed_s": 0.12942154332995415}
{"round": 2, "namespace": "child", "table_partitions": 8000, "scanned_partitions": 256, "rows": 256, "elapsed_s": 0.25234854593873024}
{"amplification": {"parent": 7.647172479213998, "child": 5.932157188208879}, "maximum": 8.0}
/home/nijia.nj/.local/lib/python3.8/site-packages/pymysql/_auth.py:9: CryptographyDeprecationWarning: Python 3.8 is no longer supported by the Python core team and support for it is deprecated in cryptography. The next release of cryptography will remove support for Python 3.8.
  from cryptography.hazmat.backends import default_backend
{"event": "PASS", "case": "fullscan_schema_scaling"}
{"event": "stopped", "pid": 2920331, "returncode": -9}
{"event": "data_archived", "path": "/data/1/nijia.nj/test/namespace_fork_PROTOTYPE_fullscan_diagnosis_yq6a5f2i/data.tar.gz", "bytes": 11573174}
/home/nijia.nj/.local/lib/python3.8/site-packages/pymysql/_auth.py:9: CryptographyDeprecationWarning: Python 3.8 is no longer supported by the Python core team and support for it is deprecated in cryptography. The next release of cryptography will remove support for Python 3.8.
  from cryptography.hazmat.backends import default_backend
