[  6%] Built target zstd_1_3_8_objs
[  7%] Built target restore
[  7%] Built target oblib_lib_bitmap
[  8%] Built target oblib_rpc
[  9%] Built target ob_malloc_object
[ 10%] Built target oblib_grpc
[ 11%] Built target malloc_hook
[ 11%] Built target oblib_lib_simd
[ 12%] Built target ob_query
[ 13%] Built target ob_sql_simd
[ 15%] Built target ob_pl
[ 16%] Built target ob_data_plane
[ 19%] Built target oblib_common
[ 19%] Built target generate_syspack_source
[ 24%] Built target ob_sql_server_parser_objects
[ 24%] Built target ob_standby_runtime
[ 24%] Built target ob_standby
[ 26%] Built target ob_logservice
[ 26%] Built target ob_storage_tablet_autoincrement_state
[ 26%] Built target ob_namespace
[ 26%] Built target ob_storage_simd
[ 26%] Built target ob_sql_server_parser_static
[ 26%] Built target sql_nio_build
[ 27%] Built target ob_main
[ 27%] Built target ob_malloc
[ 30%] Built target ob_share_extra
[ 30%] Built target syspack_source
[ 31%] Built target zstd_1_3_8
[ 37%] Built target ob_sql_extra
[ 38%] Built target compress
[ 42%] Built target oblib_lib
[ 42%] Building CXX object src/rootserver/CMakeFiles/ob_rootserver.dir/Unity/unity_ob_rootserver_ob_rootserver_runtime_fork_freeze_0_c___cxx.cxx.o
[ 42%] Built target oblib
[ 54%] Built target ob_storage
[ 71%] Built target ob_share
[ 76%] Built target ob_server
[ 76%] Built target ob_storage_static
[ 76%] Built target ob_share_static
[ 95%] Built target ob_sql
[ 95%] Built target ob_sql_static
[100%] Built target ob_rootserver
[100%] Linking CXX static library liboceanbase_static.a
[100%] Built target oceanbase_static
[100%] Linking CXX executable seekdb
[100%] Built target seekdb
[100%] Built target observer
