make: Entering directory '/home/nijia.nj/.herdr/worktrees/seekdb/herdr-fork/build_release'
make[1]: Entering directory '/home/nijia.nj/.herdr/worktrees/seekdb/herdr-fork/build_release'
make[2]: Entering directory '/home/nijia.nj/.herdr/worktrees/seekdb/herdr-fork/build_release'
make[2]: Entering directory '/home/nijia.nj/.herdr/worktrees/seekdb/herdr-fork/build_release'
make[2]: Entering directory '/home/nijia.nj/.herdr/worktrees/seekdb/herdr-fork/build_release'
make[2]: Entering directory '/home/nijia.nj/.herdr/worktrees/seekdb/herdr-fork/build_release'
make[2]: Entering directory '/home/nijia.nj/.herdr/worktrees/seekdb/herdr-fork/build_release'
make[2]: Entering directory '/home/nijia.nj/.herdr/worktrees/seekdb/herdr-fork/build_release'
make[2]: Entering directory '/home/nijia.nj/.herdr/worktrees/seekdb/herdr-fork/build_release'
make[2]: Entering directory '/home/nijia.nj/.herdr/worktrees/seekdb/herdr-fork/build_release'
make[2]: Leaving directory '/home/nijia.nj/.herdr/worktrees/seekdb/herdr-fork/build_release'
make[2]: Leaving directory '/home/nijia.nj/.herdr/worktrees/seekdb/herdr-fork/build_release'
make[2]: Leaving directory '/home/nijia.nj/.herdr/worktrees/seekdb/herdr-fork/build_release'
make[2]: Leaving directory '/home/nijia.nj/.herdr/worktrees/seekdb/herdr-fork/build_release'
make[2]: Leaving directory '/home/nijia.nj/.herdr/worktrees/seekdb/herdr-fork/build_release'
make[2]: Leaving directory '/home/nijia.nj/.herdr/worktrees/seekdb/herdr-fork/build_release'
make[2]: Leaving directory '/home/nijia.nj/.herdr/worktrees/seekdb/herdr-fork/build_release'
make[2]: Leaving directory '/home/nijia.nj/.herdr/worktrees/seekdb/herdr-fork/build_release'
make[2]: Entering directory '/home/nijia.nj/.herdr/worktrees/seekdb/herdr-fork/build_release'
make[2]: Entering directory '/home/nijia.nj/.herdr/worktrees/seekdb/herdr-fork/build_release'
[  1%] Built target restore
make[2]: Entering directory '/home/nijia.nj/.herdr/worktrees/seekdb/herdr-fork/build_release'
make[2]: Leaving directory '/home/nijia.nj/.herdr/worktrees/seekdb/herdr-fork/build_release'
make[2]: Entering directory '/home/nijia.nj/.herdr/worktrees/seekdb/herdr-fork/build_release'
[  7%] Built target zstd_1_3_8_objs
[  8%] Built target oblib_grpc
make[2]: Entering directory '/home/nijia.nj/.herdr/worktrees/seekdb/herdr-fork/build_release'
[  8%] Built target oblib_lib_bitmap
[ 10%] Built target oblib_rpc
[  9%] Built target ob_malloc_object
[ 11%] Built target malloc_hook
make[2]: Leaving directory '/home/nijia.nj/.herdr/worktrees/seekdb/herdr-fork/build_release'
make[2]: Leaving directory '/home/nijia.nj/.herdr/worktrees/seekdb/herdr-fork/build_release'
[ 11%] Built target oblib_lib_simd
make[2]: Leaving directory '/home/nijia.nj/.herdr/worktrees/seekdb/herdr-fork/build_release'
make[2]: Entering directory '/home/nijia.nj/.herdr/worktrees/seekdb/herdr-fork/build_release'
make[2]: Leaving directory '/home/nijia.nj/.herdr/worktrees/seekdb/herdr-fork/build_release'
make[2]: Entering directory '/home/nijia.nj/.herdr/worktrees/seekdb/herdr-fork/build_release'
make[2]: Entering directory '/home/nijia.nj/.herdr/worktrees/seekdb/herdr-fork/build_release'
[ 11%] Built target generate_syspack_source
[ 12%] Built target ob_query
[ 12%] Built target ob_data_plane
make[2]: Entering directory '/home/nijia.nj/.herdr/worktrees/seekdb/herdr-fork/build_release'
make[2]: Leaving directory '/home/nijia.nj/.herdr/worktrees/seekdb/herdr-fork/build_release'
make[2]: Leaving directory '/home/nijia.nj/.herdr/worktrees/seekdb/herdr-fork/build_release'
make[2]: Leaving directory '/home/nijia.nj/.herdr/worktrees/seekdb/herdr-fork/build_release'
make[2]: Leaving directory '/home/nijia.nj/.herdr/worktrees/seekdb/herdr-fork/build_release'
make[2]: Entering directory '/home/nijia.nj/.herdr/worktrees/seekdb/herdr-fork/build_release'
make[2]: Entering directory '/home/nijia.nj/.herdr/worktrees/seekdb/herdr-fork/build_release'
make[2]: Entering directory '/home/nijia.nj/.herdr/worktrees/seekdb/herdr-fork/build_release'
[ 13%] Built target ob_sql_simd
make[2]: Entering directory '/home/nijia.nj/.herdr/worktrees/seekdb/herdr-fork/build_release'
make[2]: Leaving directory '/home/nijia.nj/.herdr/worktrees/seekdb/herdr-fork/build_release'
make[2]: Leaving directory '/home/nijia.nj/.herdr/worktrees/seekdb/herdr-fork/build_release'
make[2]: Entering directory '/home/nijia.nj/.herdr/worktrees/seekdb/herdr-fork/build_release'
[ 17%] Built target oblib_common
[ 16%] Built target ob_standby
make[2]: Leaving directory '/home/nijia.nj/.herdr/worktrees/seekdb/herdr-fork/build_release'
make[2]: Entering directory '/home/nijia.nj/.herdr/worktrees/seekdb/herdr-fork/build_release'
make[2]: Entering directory '/home/nijia.nj/.herdr/worktrees/seekdb/herdr-fork/build_release'
[ 17%] Building CXX object src/standby/CMakeFiles/ob_standby_runtime.dir/Unity/unity_ob_standby_runtime_common/0_cxx.cxx.o
[ 20%] Built target ob_storage_tablet_autoincrement_state
[ 23%] Built target ob_sql_server_parser_objects
make[2]: Entering directory '/home/nijia.nj/.herdr/worktrees/seekdb/herdr-fork/build_release'
make[2]: Leaving directory '/home/nijia.nj/.herdr/worktrees/seekdb/herdr-fork/build_release'
make[2]: Entering directory '/home/nijia.nj/.herdr/worktrees/seekdb/herdr-fork/build_release'
[ 23%] Built target ob_storage_simd
make[2]: Leaving directory '/home/nijia.nj/.herdr/worktrees/seekdb/herdr-fork/build_release'
[ 23%] Built target ob_namespace
make[2]: Leaving directory '/home/nijia.nj/.herdr/worktrees/seekdb/herdr-fork/build_release'
[ 25%] Built target ob_pl
make[2]: Entering directory '/home/nijia.nj/.herdr/worktrees/seekdb/herdr-fork/build_release'
make[2]: Entering directory '/home/nijia.nj/.herdr/worktrees/seekdb/herdr-fork/build_release'
make[2]: Entering directory '/home/nijia.nj/.herdr/worktrees/seekdb/herdr-fork/build_release'
[ 25%] Building CXX object src/share/CMakeFiles/ob_share_extra.dir/datum/ob_datum_funcs_compilation/ob_datum_funcs_compilation_0.cpp.o
make[2]: Leaving directory '/home/nijia.nj/.herdr/worktrees/seekdb/herdr-fork/build_release'
make[2]: Entering directory '/home/nijia.nj/.herdr/worktrees/seekdb/herdr-fork/build_release'
make[2]: Leaving directory '/home/nijia.nj/.herdr/worktrees/seekdb/herdr-fork/build_release'
make[2]: Entering directory '/home/nijia.nj/.herdr/worktrees/seekdb/herdr-fork/build_release'
[ 25%] Building CXX object src/share/CMakeFiles/ob_share_extra.dir/datum/ob_datum_funcs_compilation/ob_datum_funcs_compilation_4.cpp.o
[ 25%] Building CXX object src/share/CMakeFiles/ob_share_extra.dir/datum/ob_datum_funcs_compilation/ob_datum_funcs_compilation_3.cpp.o
make[2]: Leaving directory '/home/nijia.nj/.herdr/worktrees/seekdb/herdr-fork/build_release'
[ 26%] Building CXX object src/share/CMakeFiles/ob_share_extra.dir/datum/ob_datum_funcs_compilation/ob_datum_funcs_compilation_1.cpp.o
make[2]: Entering directory '/home/nijia.nj/.herdr/worktrees/seekdb/herdr-fork/build_release'
[ 26%] Building CXX object src/share/CMakeFiles/ob_share_extra.dir/datum/ob_datum_funcs_compilation/ob_datum_funcs_compilation_2.cpp.o
make[2]: Entering directory '/home/nijia.nj/.herdr/worktrees/seekdb/herdr-fork/build_release'
[ 27%] Building CXX object src/share/CMakeFiles/ob_share_extra.dir/datum/ob_datum_funcs_compilation/ob_datum_funcs_compilation_5.cpp.o
make[2]: Leaving directory '/home/nijia.nj/.herdr/worktrees/seekdb/herdr-fork/build_release'
[ 28%] Building CXX object src/observer/CMakeFiles/ob_main.dir/main.cpp.o
[ 29%] Built target ob_logservice
make[2]: Entering directory '/home/nijia.nj/.herdr/worktrees/seekdb/herdr-fork/build_release'
make[2]: Leaving directory '/home/nijia.nj/.herdr/worktrees/seekdb/herdr-fork/build_release'
[ 29%] Built target sql_nio_build
[ 29%] Built target ob_malloc
[ 30%] Built target zstd_1_3_8
make[2]: Leaving directory '/home/nijia.nj/.herdr/worktrees/seekdb/herdr-fork/build_release'
make[2]: Entering directory '/home/nijia.nj/.herdr/worktrees/seekdb/herdr-fork/build_release'
[ 30%] Building CXX object src/share/CMakeFiles/ob_share_extra.dir/datum/ob_datum_funcs_compilation/ob_datum_funcs_compilation_7.cpp.o
make[2]: Leaving directory '/home/nijia.nj/.herdr/worktrees/seekdb/herdr-fork/build_release'
[ 30%] Building CXX object src/share/CMakeFiles/ob_share_extra.dir/datum/ob_str_datum_funcs_compilation/ob_str_datum_funcs_compilation_1.cpp.o
[ 31%] Building CXX object src/share/CMakeFiles/ob_share_extra.dir/datum/ob_str_datum_funcs_compilation/ob_str_datum_funcs_compilation_0.cpp.o
[ 31%] Built target syspack_source
[ 31%] Building CXX object src/share/CMakeFiles/ob_share_extra.dir/datum/ob_str_datum_funcs_compilation/ob_str_datum_funcs_compilation_2.cpp.o
[ 31%] Building CXX object src/share/CMakeFiles/ob_share_extra.dir/datum/ob_datum_funcs_compilation/ob_datum_funcs_compilation_6.cpp.o
make[2]: Leaving directory '/home/nijia.nj/.herdr/worktrees/seekdb/herdr-fork/build_release'
[ 32%] Built target compress
make[2]: Entering directory '/home/nijia.nj/.herdr/worktrees/seekdb/herdr-fork/build_release'
make[2]: Entering directory '/home/nijia.nj/.herdr/worktrees/seekdb/herdr-fork/build_release'
[ 32%] Built target ob_sql_server_parser_static
make[2]: Entering directory '/home/nijia.nj/.herdr/worktrees/seekdb/herdr-fork/build_release'
make[2]: Leaving directory '/home/nijia.nj/.herdr/worktrees/seekdb/herdr-fork/build_release'
[ 38%] Built target ob_sql_extra
make[2]: Leaving directory '/home/nijia.nj/.herdr/worktrees/seekdb/herdr-fork/build_release'
make[2]: Leaving directory '/home/nijia.nj/.herdr/worktrees/seekdb/herdr-fork/build_release'
[ 42%] Built target oblib_lib
make[2]: Entering directory '/home/nijia.nj/.herdr/worktrees/seekdb/herdr-fork/build_release'
make[2]: Entering directory '/home/nijia.nj/.herdr/worktrees/seekdb/herdr-fork/build_release'
make[2]: Leaving directory '/home/nijia.nj/.herdr/worktrees/seekdb/herdr-fork/build_release'
[ 42%] Building CXX object src/storage/CMakeFiles/ob_storage.dir/Unity/unity_ob_storage_ob_storage_ls_0_c___cxx.cxx.o
[ 43%] Building CXX object src/storage/CMakeFiles/ob_storage.dir/Unity/unity_ob_storage_ob_storage_multi_data_source_0_c___cxx.cxx.o
make[2]: Leaving directory '/home/nijia.nj/.herdr/worktrees/seekdb/herdr-fork/build_release'
[ 43%] Built target oblib
[ 44%] Building CXX object src/storage/CMakeFiles/ob_storage.dir/Unity/unity_ob_storage_ob_storage_blocksstable_encoding2_0_c___cxx.cxx.o
make[2]: Entering directory '/home/nijia.nj/.herdr/worktrees/seekdb/herdr-fork/build_release'
[ 44%] Building CXX object src/storage/CMakeFiles/ob_storage.dir/Unity/unity_ob_storage_ob_storage_access_1_c___cxx.cxx.o
[ 44%] Building CXX object src/storage/CMakeFiles/ob_storage.dir/Unity/unity_ob_storage_ob_storage_fts_0_c___cxx.cxx.o
[ 44%] Building CXX object src/storage/CMakeFiles/ob_storage.dir/Unity/unity_ob_storage_ob_storage_lob_0_c___cxx.cxx.o
[ 44%] Building CXX object src/observer/CMakeFiles/ob_server.dir/Unity/unity_ob_server_ob_server_vector_index_0_c___cxx.cxx.o
[ 44%] Building CXX object src/storage/CMakeFiles/ob_storage.dir/Unity/unity_ob_storage_ob_storage_ckpt_0_c___cxx.cxx.o
[ 45%] Building CXX object src/storage/CMakeFiles/ob_storage.dir/Unity/unity_ob_storage_ob_storage_memtable_mvcc_0_c___cxx.cxx.o
[ 45%] Building CXX object src/storage/CMakeFiles/ob_storage.dir/Unity/unity_ob_storage_ob_storage_retrieval_0_c___cxx.cxx.o
[ 45%] Building CXX object src/observer/CMakeFiles/ob_server.dir/Unity/unity_ob_server_ob_server_virtual_table_0_c___cxx.cxx.o
[ 45%] Building CXX object src/observer/CMakeFiles/ob_server.dir/Unity/unity_ob_server_ob_server_ai_service_0_c___cxx.cxx.o
[ 45%] Building CXX object src/observer/CMakeFiles/ob_server.dir/Unity/unity_ob_server_ob_server_mysql_1_c___cxx.cxx.o
[ 46%] Building CXX object src/observer/CMakeFiles/ob_server.dir/Unity/unity_ob_server_ob_server_virtual_table_1_c___cxx.cxx.o
[ 46%] Building CXX object src/storage/CMakeFiles/ob_storage.dir/Unity/unity_ob_storage_ob_storage_blocksstable_0_c___cxx.cxx.o
make[2]: Entering directory '/home/nijia.nj/.herdr/worktrees/seekdb/herdr-fork/build_release'
[ 47%] Building CXX object src/observer/CMakeFiles/ob_server.dir/Unity/unity_ob_server_ob_server_mysql_0_c___cxx.cxx.o
[ 47%] Building CXX object src/observer/CMakeFiles/ob_server.dir/Unity/unity_ob_server_ob_server_omt_0_c___cxx.cxx.o
[ 47%] Building CXX object src/observer/CMakeFiles/ob_server.dir/Unity/unity_ob_server_ob_server_virtual_table_2_c___cxx.cxx.o
[ 47%] Building CXX object src/storage/CMakeFiles/ob_storage.dir/Unity/unity_ob_storage_ob_storage_truncate_info_0_c___cxx.cxx.o
[ 47%] Building CXX object src/observer/CMakeFiles/ob_server.dir/Unity/unity_ob_server_ob_server_dbms_job_0_c___cxx.cxx.o
[ 47%] Building CXX object src/storage/CMakeFiles/ob_storage.dir/Unity/unity_ob_storage_ob_storage_compaction_1_c___cxx.cxx.o
[ 47%] Building CXX object src/rootserver/CMakeFiles/ob_rootserver.dir/Unity/unity_ob_rootserver_ob_rootserver_base_maintenance_0_c___cxx.cxx.o
[ 47%] Building CXX object src/storage/CMakeFiles/ob_storage.dir/Unity/unity_ob_storage_ob_storage_tx_table_0_c___cxx.cxx.o
[ 47%] Building CXX object src/storage/CMakeFiles/ob_storage.dir/Unity/unity_ob_storage_ob_storage_vector_index_0_c___cxx.cxx.o
[ 48%] Building CXX object src/storage/CMakeFiles/ob_storage.dir/Unity/unity_ob_storage_ob_storage_ddl_1_c___cxx.cxx.o
[ 48%] Building CXX object src/rootserver/CMakeFiles/ob_rootserver.dir/Unity/unity_ob_rootserver_ob_rootserver_storage_common_0_c___cxx.cxx.o
[ 48%] Building CXX object src/storage/CMakeFiles/ob_storage.dir/Unity/unity_ob_storage_ob_storage_compaction_filter_0_c___cxx.cxx.o
[ 48%] Building CXX object src/storage/CMakeFiles/ob_storage.dir/Unity/unity_ob_storage_ob_storage_ddl_0_c___cxx.cxx.o
[ 48%] Building CXX object src/rootserver/CMakeFiles/ob_rootserver.dir/Unity/unity_ob_rootserver_ob_rootserver_storage_freeze_0_c___cxx.cxx.o
[ 49%] Building CXX object src/rootserver/CMakeFiles/ob_rootserver.dir/Unity/unity_ob_rootserver_ob_rootserver_query_0_c___cxx.cxx.o
[ 49%] Building CXX object src/observer/CMakeFiles/ob_server.dir/Unity/unity_ob_server_ob_server_schema_0_c___cxx.cxx.o
make[2]: Entering directory '/home/nijia.nj/.herdr/worktrees/seekdb/herdr-fork/build_release'
[ 49%] Building CXX object src/observer/CMakeFiles/ob_server.dir/Unity/unity_ob_server_ob_server_common_0_c___cxx.cxx.o
[ 50%] Building CXX object src/observer/CMakeFiles/ob_server.dir/Unity/unity_ob_server_ob_server_virtual_table_4_c___cxx.cxx.o
[ 50%] Building CXX object src/observer/CMakeFiles/ob_server.dir/Unity/unity_ob_server_ob_server_common_mixed_0_c___cxx.cxx.o
[ 50%] Building CXX object src/observer/CMakeFiles/ob_server.dir/Unity/unity_ob_server_ob_server_change_stream_0_c___cxx.cxx.o
[ 51%] Building CXX object src/observer/CMakeFiles/ob_server.dir/Unity/unity_ob_server_ob_server_virtual_table_3_c___cxx.cxx.o
[ 52%] Building CXX object src/storage/CMakeFiles/ob_storage.dir/Unity/unity_ob_storage_ob_storage_access_0_c___cxx.cxx.o
[ 52%] Building CXX object src/storage/CMakeFiles/ob_storage.dir/Unity/unity_ob_storage_ob_storage_meta_store_0_c___cxx.cxx.o
[ 52%] Building CXX object src/storage/CMakeFiles/ob_storage.dir/Unity/unity_ob_storage_ob_storage_common_0_c___cxx.cxx.o
[ 53%] Building CXX object src/sql/CMakeFiles/ob_sql.dir/Unity/unity_ob_sql_ob_sql_optimizer_0_c___cxx.cxx.o
[ 54%] Building CXX object src/sql/CMakeFiles/ob_sql.dir/Unity/unity_ob_sql_ob_sql_resolver_ddl_1_c___cxx.cxx.o
[ 54%] Building CXX object src/observer/CMakeFiles/ob_server.dir/Unity/unity_ob_server_ob_server_scheduler_0_c___cxx.cxx.o
[ 54%] Building CXX object src/storage/CMakeFiles/ob_storage.dir/Unity/unity_ob_storage_ob_storage_tablet_0_c___cxx.cxx.o
[ 54%] Building CXX object src/storage/CMakeFiles/ob_storage.dir/Unity/unity_ob_storage_ob_storage_scheduler_0_c___cxx.cxx.o
[ 54%] Building CXX object src/storage/CMakeFiles/ob_storage.dir/Unity/unity_ob_storage_ob_storage_tx_storage_0_c___cxx.cxx.o
[ 55%] Building CXX object src/sql/CMakeFiles/ob_sql.dir/Unity/unity_ob_sql_ob_sql_engine_px_0_c___cxx.cxx.o
[ 55%] Building CXX object src/storage/CMakeFiles/ob_storage.dir/Unity/unity_ob_storage_ob_storage_allocator_0_c___cxx.cxx.o
[ 56%] Building CXX object src/rootserver/CMakeFiles/ob_rootserver.dir/Unity/unity_ob_rootserver_ob_rootserver_runtime_common_1_c___cxx.cxx.o
[ 56%] Building CXX object src/sql/CMakeFiles/ob_sql.dir/Unity/unity_ob_sql_ob_sql_code_generator_0_c___cxx.cxx.o
make[2]: Entering directory '/home/nijia.nj/.herdr/worktrees/seekdb/herdr-fork/build_release'
[ 56%] Building CXX object src/observer/CMakeFiles/ob_server.dir/Unity/unity_ob_server_ob_server_virtual_table_5_c___cxx.cxx.o
[ 56%] Building CXX object src/observer/CMakeFiles/ob_server.dir/composition/retrieval/ob_das_legacy_tr_merge_iter.cpp.o
[ 56%] Building CXX object src/storage/CMakeFiles/ob_storage.dir/Unity/unity_ob_storage_ob_storage_common_mixed_0_c___cxx.cxx.o
[ 56%] Building CXX object src/storage/CMakeFiles/ob_storage.dir/Unity/unity_ob_storage_ob_storage_blocksstable_2_c___cxx.cxx.o
[ 56%] Building CXX object src/sql/CMakeFiles/ob_sql.dir/Unity/unity_ob_sql_ob_sql_engine_pdml_0_c___cxx.cxx.o
[ 56%] Building CXX object src/sql/CMakeFiles/ob_sql.dir/Unity/unity_ob_sql_ob_sql_monitor_0_c___cxx.cxx.o
[ 56%] Building CXX object src/sql/CMakeFiles/ob_sql.dir/Unity/unity_ob_sql_ob_sql_das_0_c___cxx.cxx.o
[ 57%] Building CXX object src/storage/CMakeFiles/ob_storage.dir/Unity/unity_ob_storage_ob_storage_tablelock_0_c___cxx.cxx.o
[ 57%] Building CXX object src/sql/CMakeFiles/ob_sql.dir/Unity/unity_ob_sql_ob_sql_optimizer_1_c___cxx.cxx.o
[ 57%] Building CXX object src/observer/CMakeFiles/ob_server.dir/ob_service.cpp.o
[ 57%] Building CXX object src/sql/CMakeFiles/ob_sql.dir/Unity/unity_ob_sql_ob_sql_engine_basic_0_c___cxx.cxx.o
[ 58%] Building CXX object src/sql/CMakeFiles/ob_sql.dir/Unity/unity_ob_sql_ob_sql_optimizer_stat_0_c___cxx.cxx.o
make[2]: Leaving directory '/home/nijia.nj/.herdr/worktrees/seekdb/herdr-fork/build_release'
[ 58%] Building CXX object src/storage/CMakeFiles/ob_storage.dir/Unity/unity_ob_storage_ob_storage_compaction_0_c___cxx.cxx.o
[ 59%] Building CXX object src/observer/CMakeFiles/ob_server.dir/ob_server.cpp.o
[ 59%] Building CXX object src/rootserver/CMakeFiles/ob_rootserver.dir/Unity/unity_ob_rootserver_ob_rootserver_runtime_common_0_c___cxx.cxx.o
[ 60%] Building CXX object src/sql/CMakeFiles/ob_sql.dir/Unity/unity_ob_sql_ob_sql_engine_0_c___cxx.cxx.o
[ 61%] Building CXX object src/sql/CMakeFiles/ob_sql.dir/Unity/unity_ob_sql_ob_sql_engine_expr_4_c___cxx.cxx.o
make[2]: Entering directory '/home/nijia.nj/.herdr/worktrees/seekdb/herdr-fork/build_release'
[ 61%] Building CXX object src/share/CMakeFiles/ob_share.dir/Unity/unity_ob_share_ob_share_schema_0_c___cxx.cxx.o
In file included from /home/nijia.nj/.herdr/worktrees/seekdb/herdr-fork/build_release/src/storage/CMakeFiles/ob_storage.dir/Unity/unity_ob_storage_ob_storage_compaction_0_c___cxx.cxx:57:
[1m/home/nijia.nj/.herdr/worktrees/seekdb/herdr-fork/src/storage/compaction/ob_partition_merge_policy.cpp:834:24: [0m[0;1;31merror: [0m[1mtoo few arguments to function call, expected 4, have 3[0m
  834 |     } else if (OB_FAIL(SERVER_CALL_FREEZE_INFO_MGR(get_min_reserved_snapshot,[0m
      | [0;1;32m               ~~~~~~~~^~~~~~~~~~~~~~~~~~~~~~~~~~~~~~~~~~~~~~~~~~~~~~~~~~~~~~
[0m  835 |         tablet_id,[0m
      | [0;1;32m        ~~~~~~~~~~
[0m  836 |         min_merged_snapshot,[0m
      | [0;1;32m        ~~~~~~~~~~~~~~~~~~~~
[0m  837 |         snapshot_info))) {[0m
      | [0;1;32m        ~~~~~~~~~~~~~~~
[0m[1m/home/nijia.nj/.herdr/worktrees/seekdb/herdr-fork/src/storage/compaction/ob_freeze_info_mgr.h:223:38: [0m[0;1;30mnote: [0mexpanded from macro 'SERVER_CALL_FREEZE_INFO_MGR'[0m
  223 |     } else if (OB_FAIL(mgr->func(args))) {                                         \[0m
      | [0;1;32m                                     ^
[0m[1m/home/nijia.nj/.herdr/worktrees/seekdb/herdr-fork/src/oblib/lib/utility/ob_macro_utils.h:655:84: [0m[0;1;30mnote: [0mexpanded from macro 'OB_FAIL'[0m
  655 | #define OB_FAIL(statement) (OB_UNLIKELY(::oceanbase::common::OB_SUCCESS != (ret = (statement))))[0m
      | [0;1;32m                                                                                   ^
[0m[1m/home/nijia.nj/.herdr/worktrees/seekdb/herdr-fork/src/oblib/lib/utility/ob_macro_utils.h:631:48: [0m[0;1;30mnote: [0mexpanded from macro 'OB_UNLIKELY'[0m
  631 | #define OB_UNLIKELY(x)     __builtin_expect(!!(x),!!0)[0m
      | [0;1;32m                                               ^
[0m[1m/home/nijia.nj/.herdr/worktrees/seekdb/herdr-fork/src/oblib/lib/utility/ob_macro_utils.h:655:84: [0m[0;1;30mnote: [0mexpanded from macro 'OB_FAIL'[0m
  655 | #define OB_FAIL(statement) (OB_UNLIKELY(::oceanbase::common::OB_SUCCESS != (ret = (statement))))[0m
      | [0;1;32m                            ~~~~~~~~~~~~~~~~~~~~~~~~~~~~~~~~~~~~~~~~~~~~~~~~~~~~~~~^~~~~~~~~~~~
[0m[1m/home/nijia.nj/.herdr/worktrees/seekdb/herdr-fork/src/oblib/lib/utility/ob_macro_utils.h:631:48: [0m[0;1;30mnote: [0mexpanded from macro 'OB_UNLIKELY'[0m
  631 | #define OB_UNLIKELY(x)     __builtin_expect(!!(x),!!0)[0m
      | [0;1;32m                                               ^
[0m[1m/home/nijia.nj/.herdr/worktrees/seekdb/herdr-fork/src/storage/compaction/ob_freeze_info_mgr.h:131:7: [0m[0;1;30mnote: [0m'get_min_reserved_snapshot' declared here[0m
  131 |   int get_min_reserved_snapshot([0m
      | [0;1;32m      ^
[0m  132 |       const ObTabletID &tablet_id,[0m
      | [0;1;32m      ~~~~~~~~~~~~~~~~~~~~~~~~~~~~
[0m  133 |       const int64_t create_transaction_id,[0m
      | [0;1;32m      ~~~~~~~~~~~~~~~~~~~~~~~~~~~~~~~~~~~~
[0m  134 |       const int64_t merged_version,[0m
      | [0;1;32m      ~~~~~~~~~~~~~~~~~~~~~~~~~~~~~
[0m  135 |       ObStorageSnapshotInfo &snapshot_info);[0m
      | [0;1;32m      ~~~~~~~~~~~~~~~~~~~~~~~~~~~~~~~~~~~~
[0mmake[2]: Leaving directory '/home/nijia.nj/.herdr/worktrees/seekdb/herdr-fork/build_release'
[ 61%] Built target ob_share_extra
1 error generated.
make[2]: *** [src/storage/CMakeFiles/ob_storage.dir/build.make:496: src/storage/CMakeFiles/ob_storage.dir/Unity/unity_ob_storage_ob_storage_compaction_0_c___cxx.cxx.o] Error 1
make[2]: *** Waiting for unfinished jobs....
make[2]: Leaving directory '/home/nijia.nj/.herdr/worktrees/seekdb/herdr-fork/build_release'
[ 61%] Built target ob_main
[ 61%] Building CXX object src/rootserver/CMakeFiles/ob_rootserver.dir/ob_lonely_table_cleaner.cpp.o
make[2]: Leaving directory '/home/nijia.nj/.herdr/worktrees/seekdb/herdr-fork/build_release'
[ 61%] Built target ob_standby_runtime
[ 61%] Building CXX object src/share/CMakeFiles/ob_share.dir/Unity/unity_ob_share_ob_share_schema_1_c___cxx.cxx.o
make[2]: Leaving directory '/home/nijia.nj/.herdr/worktrees/seekdb/herdr-fork/build_release'
make[1]: *** [CMakeFiles/Makefile2:1423: src/storage/CMakeFiles/ob_storage.dir/all] Error 2
make[1]: *** Waiting for unfinished jobs....
[ 61%] Building CXX object src/rootserver/CMakeFiles/ob_rootserver.dir/ob_ddl_service.cpp.o
make[2]: Leaving directory '/home/nijia.nj/.herdr/worktrees/seekdb/herdr-fork/build_release'
[ 62%] Built target ob_server
make[2]: Leaving directory '/home/nijia.nj/.herdr/worktrees/seekdb/herdr-fork/build_release'
[ 79%] Built target ob_share
[ 79%] Building CXX object src/rootserver/CMakeFiles/ob_rootserver.dir/ddl_task/ob_ddl_redefinition_task.cpp.o
[ 79%] Building CXX object src/sql/CMakeFiles/ob_sql.dir/Unity/unity_ob_sql_ob_sql_session_0_c___cxx.cxx.o
[ 79%] Building CXX object src/sql/CMakeFiles/ob_sql.dir/Unity/unity_ob_sql_ob_sql_das_1_c___cxx.cxx.o
[ 79%] Building CXX object src/sql/CMakeFiles/ob_sql.dir/Unity/unity_ob_sql_ob_sql_engine_cmd_1_c___cxx.cxx.o
[ 80%] Building CXX object src/sql/CMakeFiles/ob_sql.dir/Unity/unity_ob_sql_ob_sql_engine_expr_11_c___cxx.cxx.o
[ 81%] Building CXX object src/sql/CMakeFiles/ob_sql.dir/Unity/unity_ob_sql_ob_sql_engine_dml_0_c___cxx.cxx.o
[ 81%] Building CXX object src/sql/CMakeFiles/ob_sql.dir/Unity/unity_ob_sql_ob_sql_common_0_c___cxx.cxx.o
[ 81%] Building CXX object src/sql/CMakeFiles/ob_sql.dir/Unity/unity_ob_sql_ob_sql_optimizer_2_c___cxx.cxx.o
[ 81%] Building CXX object src/sql/CMakeFiles/ob_sql.dir/Unity/unity_ob_sql_ob_sql_engine_cmd_0_c___cxx.cxx.o
[ 81%] Building CXX object src/rootserver/CMakeFiles/ob_rootserver.dir/Unity/unity_ob_rootserver_ob_rootserver_runtime_fork_freeze_0_c___cxx.cxx.o
[ 82%] Building CXX object src/rootserver/CMakeFiles/ob_rootserver.dir/Unity/unity_ob_rootserver_ob_rootserver_runtime_services_0_c___cxx.cxx.o
[ 82%] Building CXX object src/rootserver/CMakeFiles/ob_rootserver.dir/Unity/unity_ob_rootserver_ob_rootserver_runtime_ddl_0_c___cxx.cxx.o
make[2]: Leaving directory '/home/nijia.nj/.herdr/worktrees/seekdb/herdr-fork/build_release'
[ 83%] Built target ob_rootserver
make[2]: Leaving directory '/home/nijia.nj/.herdr/worktrees/seekdb/herdr-fork/build_release'
[ 94%] Built target ob_sql
make[1]: Leaving directory '/home/nijia.nj/.herdr/worktrees/seekdb/herdr-fork/build_release'
make: *** [Makefile:91: all] Error 2
make: Leaving directory '/home/nijia.nj/.herdr/worktrees/seekdb/herdr-fork/build_release'
