{"event": "setup", "binary": "/home/nijia.nj/.herdr/worktrees/seekdb/herdr-fork/.scratch/namespace-fork/physical-description-artifacts/seekdb-production", "base": "/data/1/nijia.nj/test/namespace_fork_PROTOTYPE_shared_transaction_dt6odjxy", "pid": 3132702, "port": 17143}
{"event": "sql", "sql": "CREATE DATABASE nstrunc_repro", "rows": []}
{"event": "sql", "sql": "CREATE TABLE nstrunc_repro.t1(id BIGINT AUTO_INCREMENT PRIMARY KEY,v INT,b LONGTEXT)", "rows": []}
{"event": "sql", "sql": "INSERT INTO nstrunc_repro.t1(v,b) VALUES(10,REPEAT('p',10000))", "rows": []}
{"event": "sql", "sql": "FORK NAMESPACE success FROM ns1", "rows": []}
{"event": "sql", "sql": "SET ob_query_timeout=30000000", "rows": []}
{"event": "sql", "sql": "SELECT id,v,LENGTH(b),LEFT(b,1) FROM nstrunc_repro.t1 ORDER BY id", "rows": [[1, 10, 10000, "p"]]}
{"event": "atomic_state", "namespace": 3, "committed": false, "owned": [], "mappings": [], "physical": []}
{"event": "stopped", "pid": 3132702, "returncode": -9}
{"event": "data_archived", "path": "/data/1/nijia.nj/test/namespace_fork_PROTOTYPE_shared_transaction_dt6odjxy/data.tar.gz", "bytes": 3096779}
/home/nijia.nj/.local/lib/python3.8/site-packages/pymysql/_auth.py:9: CryptographyDeprecationWarning: Python 3.8 is no longer supported by the Python core team and support for it is deprecated in cryptography. The next release of cryptography will remove support for Python 3.8.
  from cryptography.hazmat.backends import default_backend
Traceback (most recent call last):
  File ".scratch/namespace-fork/shared_transaction_probe.py", line 260, in <module>
    run(args.binary, args.faults, args.case, args.flush_redo)
  File ".scratch/namespace-fork/shared_transaction_probe.py", line 147, in run
    experiment.sql(update, child)
  File "/home/nijia.nj/.herdr/worktrees/seekdb/herdr-fork/.scratch/excluded-from-branch/tools/obtest/namespace_fork_prototype.py", line 116, in sql
    cur.execute(statement)
  File "/home/nijia.nj/.local/lib/python3.8/site-packages/pymysql/cursors.py", line 153, in execute
    result = self._query(query)
  File "/home/nijia.nj/.local/lib/python3.8/site-packages/pymysql/cursors.py", line 322, in _query
    conn.query(q)
  File "/home/nijia.nj/.local/lib/python3.8/site-packages/pymysql/connections.py", line 575, in query
    self._affected_rows = self._read_query_result(unbuffered=unbuffered)
  File "/home/nijia.nj/.local/lib/python3.8/site-packages/pymysql/connections.py", line 826, in _read_query_result
    result.read()
  File "/home/nijia.nj/.local/lib/python3.8/site-packages/pymysql/connections.py", line 1203, in read
    first_packet = self.connection._read_packet()
  File "/home/nijia.nj/.local/lib/python3.8/site-packages/pymysql/connections.py", line 782, in _read_packet
    packet.raise_for_error()
  File "/home/nijia.nj/.local/lib/python3.8/site-packages/pymysql/protocol.py", line 219, in raise_for_error
    err.raise_mysql_exception(self._data)
  File "/home/nijia.nj/.local/lib/python3.8/site-packages/pymysql/err.py", line 150, in raise_mysql_exception
    raise errorclass(errno, errval)
pymysql.err.OperationalError: (4016, 'Internal error')
