{"event": "setup", "binary": "/data/1/nijia.nj/test/namespace_fork_build_artifacts/physical-retention/seekdb-integrated", "base": "/data/1/nijia.nj/test/namespace_fork_PROTOTYPE_physical_retention_mvcc_hbjzf_ao", "pid": 4145726, "port": 9073}
{"event": "sql", "sql": "CREATE DATABASE retention_mvcc", "rows": []}
{"event": "sql", "sql": "CREATE TABLE retention_mvcc.source(id INT PRIMARY KEY,v INT)", "rows": []}
{"event": "sql", "sql": "INSERT INTO retention_mvcc.source VALUES(1,10)", "rows": []}
{"event": "sql", "sql": "SELECT tablet_id FROM oceanbase.__all_table WHERE table_name='source'", "rows": [[200001]]}
{"event": "sql", "sql": "FORK NAMESPACE retained_reader FROM ns1", "rows": []}
{"event": "sql", "sql": "CREATE TABLE retention_mvcc.unrelated(id INT PRIMARY KEY,v INT)", "rows": []}
{"event": "sql", "sql": "INSERT INTO retention_mvcc.unrelated VALUES(1,10)", "rows": []}
{"event": "sql", "sql": "SELECT tablet_id FROM oceanbase.__all_table WHERE table_name='unrelated'", "rows": [[200002]]}
{"event": "sql", "sql": "UPDATE retention_mvcc.source SET v=100", "rows": []}
{"event": "sql", "sql": "UPDATE retention_mvcc.unrelated SET v=100", "rows": []}
{"event": "sql", "sql": "ALTER SYSTEM MINOR FREEZE", "rows": []}
{"event": "sql", "sql": "UPDATE retention_mvcc.source SET v=101", "rows": []}
{"event": "sql", "sql": "UPDATE retention_mvcc.unrelated SET v=101", "rows": []}
{"event": "sql", "sql": "ALTER SYSTEM MINOR FREEZE", "rows": []}
{"event": "sql", "sql": "UPDATE retention_mvcc.source SET v=102", "rows": []}
{"event": "sql", "sql": "UPDATE retention_mvcc.unrelated SET v=102", "rows": []}
{"event": "sql", "sql": "ALTER SYSTEM MINOR FREEZE", "rows": []}
{"event": "sql", "sql": "UPDATE retention_mvcc.source SET v=103", "rows": []}
{"event": "sql", "sql": "UPDATE retention_mvcc.unrelated SET v=103", "rows": []}
{"event": "sql", "sql": "ALTER SYSTEM MINOR FREEZE", "rows": []}
{"event": "sql", "sql": "UPDATE retention_mvcc.source SET v=104", "rows": []}
{"event": "sql", "sql": "UPDATE retention_mvcc.unrelated SET v=104", "rows": []}
{"event": "sql", "sql": "ALTER SYSTEM MINOR FREEZE", "rows": []}
{"event": "sql", "sql": "UPDATE retention_mvcc.source SET v=105", "rows": []}
{"event": "sql", "sql": "UPDATE retention_mvcc.unrelated SET v=105", "rows": []}
{"event": "sql", "sql": "ALTER SYSTEM MINOR FREEZE", "rows": []}
{"event": "sql", "sql": "ALTER SYSTEM MAJOR FREEZE", "rows": []}
{"event": "stopped", "pid": 4145726, "returncode": -9}
{"event": "data_archived", "path": "/data/1/nijia.nj/test/namespace_fork_PROTOTYPE_physical_retention_mvcc_hbjzf_ao/data.tar.gz", "bytes": 4217912}
/home/nijia.nj/.local/lib/python3.8/site-packages/pymysql/_auth.py:9: CryptographyDeprecationWarning: Python 3.8 is no longer supported by the Python core team and support for it is deprecated in cryptography. The next release of cryptography will remove support for Python 3.8.
  from cryptography.hazmat.backends import default_backend
Traceback (most recent call last):
  File ".scratch/namespace-fork/physical_retention_mvcc_probe.py", line 45, in <module>
    current=versions()
  File ".scratch/namespace-fork/physical_retention_mvcc_probe.py", line 30, in versions
    rows=exp.sql('SELECT tablet_id,multi_version_start,snapshot_version FROM oceanbase.__all_virtual_tablet_info '
  File "/home/nijia.nj/.herdr/worktrees/seekdb/herdr-fork/.scratch/excluded-from-branch/tools/obtest/namespace_fork_prototype.py", line 116, in sql
    cur.execute(statement)
  File "/home/nijia.nj/.local/lib/python3.8/site-packages/pymysql/cursors.py", line 153, in execute
    result = self._query(query)
  File "/home/nijia.nj/.local/lib/python3.8/site-packages/pymysql/cursors.py", line 322, in _query
    conn.query(q)
  File "/home/nijia.nj/.local/lib/python3.8/site-packages/pymysql/connections.py", line 575, in query
    self._affected_rows = self._read_query_result(unbuffered=unbuffered)
  File "/home/nijia.nj/.local/lib/python3.8/site-packages/pymysql/connections.py", line 826, in _read_query_result
    result.read()
  File "/home/nijia.nj/.local/lib/python3.8/site-packages/pymysql/connections.py", line 1203, in read
    first_packet = self.connection._read_packet()
  File "/home/nijia.nj/.local/lib/python3.8/site-packages/pymysql/connections.py", line 782, in _read_packet
    packet.raise_for_error()
  File "/home/nijia.nj/.local/lib/python3.8/site-packages/pymysql/protocol.py", line 219, in raise_for_error
    err.raise_mysql_exception(self._data)
  File "/home/nijia.nj/.local/lib/python3.8/site-packages/pymysql/err.py", line 150, in raise_mysql_exception
    raise errorclass(errno, errval)
pymysql.err.OperationalError: (1054, "Unknown column 'snapshot_version' in 'field list'")
