[  1%] Built target ob_malloc_object
[  1%] Built target oblib_lib_simd
[  1%] Built target oblib_lib_bitmap
[  2%] Built target ob_sql_simd
[  3%] Built target restore
[  4%] Built target oblib_rpc
[  8%] Built target oblib_common
[  9%] Built target ob_query
[ 10%] Built target malloc_hook
[ 11%] Built target oblib_grpc
[ 17%] Built target zstd_1_3_8_objs
[ 17%] Built target ob_data_plane
[ 22%] Built target ob_sql_server_parser_objects
[ 22%] Built target generate_syspack_source
[ 22%] Built target ob_standby
[ 23%] Built target ob_logservice
[ 24%] Built target ob_storage_tablet_autoincrement_state
[ 24%] Built target ob_standby_runtime
[ 24%] Built target ob_storage_simd
[ 24%] Building CXX object src/namespace/CMakeFiles/ob_namespace.dir/catalog.cpp.o
[ 24%] Building CXX object src/namespace/CMakeFiles/ob_namespace.dir/namespace.cpp.o
[ 26%] Built target ob_pl
[ 26%] Built target ob_malloc
[ 27%] Built target zstd_1_3_8
[ 28%] Built target ob_main
[ 28%] Built target ob_sql_server_parser_static
[ 28%] Built target sql_nio_build
[ 31%] Built target ob_share_extra
[ 31%] Built target syspack_source
[ 32%] Built target compress
[ 38%] Built target ob_sql_extra
[ 38%] Building CXX object src/observer/CMakeFiles/ob_server.dir/Unity/unity_ob_server_ob_server_omt_0_c___cxx.cxx.o
[ 39%] Building CXX object src/observer/CMakeFiles/ob_server.dir/ob_server.cpp.o
[ 43%] Built target oblib_lib
[ 43%] Built target oblib
[ 43%] Building CXX object src/rootserver/CMakeFiles/ob_rootserver.dir/Unity/unity_ob_rootserver_ob_rootserver_runtime_fork_freeze_0_c___cxx.cxx.o
[ 43%] Building CXX object src/rootserver/CMakeFiles/ob_rootserver.dir/Unity/unity_ob_rootserver_ob_rootserver_storage_common_0_c___cxx.cxx.o
[ 59%] Built target ob_share
[ 59%] Built target ob_share_static
[ 72%] Built target ob_storage
[ 72%] Built target ob_storage_static
[ 91%] Built target ob_sql
[ 91%] Built target ob_sql_static
[ 91%] Built target ob_namespace
[ 95%] Built target ob_rootserver
[100%] Built target ob_server
[100%] Linking CXX static library liboceanbase_static.a
[100%] Built target oceanbase_static
[100%] Linking CXX executable seekdb
[100%] Built target seekdb
[100%] Built target observer
