{"event": "setup", "binary": "/data/1/nijia.nj/test/namespace_fork_build_artifacts/source-consumers-artifacts/seekdb-production", "base": "/data/1/nijia.nj/test/namespace_fork_PROTOTYPE_ivf_inherited_1botx6ii", "pid": 3712513, "port": 12809}
{"event": "sql", "sql": "ALTER SYSTEM SET vector_index_optimize_duty_time='[00:00:00,23:59:59]'", "rows": []}
{"event": "sql", "sql": "CREATE DATABASE ivf_inherited", "rows": []}
{"event": "sql", "sql": "CREATE TABLE ivf_inherited.t(id INT PRIMARY KEY, embedding VECTOR(4))", "rows": []}
{"event": "sql", "sql": "INSERT INTO ivf_inherited.t VALUES (1,'[1,0,0,0]'),(2,'[2,0,0,0]'),(3,'[3,0,0,0]'),(4,'[4,0,0,0]'),(5,'[5,0,0,0]'),(6,'[6,0,0,0]')", "rows": []}
{"event": "sql", "sql": "CREATE VECTOR INDEX idx ON ivf_inherited.t(embedding) WITH (distance=l2,type=ivf_flat,nlist=2,sample_per_nlist=5)", "rows": []}
{"event": "sql", "sql": "FORK NAMESPACE ivf_inherited_child FROM ns1", "rows": []}
{"event": "sql", "sql": "SELECT COUNT(*) FROM ivf_inherited.t", "rows": [[6]]}
{"event": "sql", "sql": "INSERT INTO ivf_inherited.t VALUES (100,'[0,0,0,0]')", "rows": []}
{"event": "cache_before_query", "tick": 0, "rows": []}
{"event": "cache_before_query", "tick": 1, "rows": [[4611686430744448324, "actual_memory_used=2224;ref_cnt=2;is_reach_limit=0;reach_limit_cnt=0;is_inited=1;index_param={type:2, lib:1, dist_algorithm:0, dim:4, m:0, ef_construction:0, ef_search:0, nlist:2, sample_per_nlist:5, extra_info_max_size:0, extra_info_actual_size:0, refine_type:0, bq_bits_query:32, refine_k:\"4.000000000e+00\", bq_use_fht:false, sync_interval_type:3, sync_interval_value:0, sync_mode_async:false, endpoint:\"\", nbits:8, prune:false, refine:false, ob_sparse_drop_ratio_build:\"0.000000000e+00\", window_size:60000, ob_sparse_drop_ratio_search:\"0.000000000e+00\", similarity_threshold:\"0.000000000e+00\"};[{cache_type=0;capacity=2;cent_vec_dim=4;count=2;nlist=2;} ]"], [4611686155866541380, "actual_memory_used=2224;ref_cnt=2;is_reach_limit=0;reach_limit_cnt=0;is_inited=1;index_param={type:2, lib:1, dist_algorithm:0, dim:4, m:0, ef_construction:0, ef_search:0, nlist:2, sample_per_nlist:5, extra_info_max_size:0, extra_info_actual_size:0, refine_type:0, bq_bits_query:32, refine_k:\"4.000000000e+00\", bq_use_fht:false, sync_interval_type:3, sync_interval_value:0, sync_mode_async:false, endpoint:\"\", nbits:8, prune:false, refine:false, ob_sparse_drop_ratio_build:\"0.000000000e+00\", window_size:60000, ob_sparse_drop_ratio_search:\"0.000000000e+00\", similarity_threshold:\"0.000000000e+00\"};[{cache_type=0;capacity=2;cent_vec_dim=4;count=2;nlist=2;} ]"]]}
{"event": "sql", "sql": "SELECT COUNT(*) FROM ivf_inherited.t", "rows": [[6]]}
{"event": "sql", "sql": "SELECT id FROM ivf_inherited.t ORDER BY l2_distance(embedding,[0,0,0,0]) APPROXIMATE LIMIT 1", "rows": [[1]]}
{"event": "child_query", "namespace_id": 3, "rows": [[1]]}
{"event": "cache_after_query", "rows": [[4611686430744448324, "actual_memory_used=2224;ref_cnt=2;is_reach_limit=0;reach_limit_cnt=0;is_inited=1;index_param={type:2, lib:1, dist_algorithm:0, dim:4, m:0, ef_construction:0, ef_search:0, nlist:2, sample_per_nlist:5, extra_info_max_size:0, extra_info_actual_size:0, refine_type:0, bq_bits_query:32, refine_k:\"4.000000000e+00\", bq_use_fht:false, sync_interval_type:3, sync_interval_value:0, sync_mode_async:false, endpoint:\"\", nbits:8, prune:false, refine:false, ob_sparse_drop_ratio_build:\"0.000000000e+00\", window_size:60000, ob_sparse_drop_ratio_search:\"0.000000000e+00\", similarity_threshold:\"0.000000000e+00\"};[{cache_type=0;capacity=2;cent_vec_dim=4;count=2;nlist=2;} ]"], [4611686155866541380, "actual_memory_used=2224;ref_cnt=2;is_reach_limit=0;reach_limit_cnt=0;is_inited=1;index_param={type:2, lib:1, dist_algorithm:0, dim:4, m:0, ef_construction:0, ef_search:0, nlist:2, sample_per_nlist:5, extra_info_max_size:0, extra_info_actual_size:0, refine_type:0, bq_bits_query:32, refine_k:\"4.000000000e+00\", bq_use_fht:false, sync_interval_type:3, sync_interval_value:0, sync_mode_async:false, endpoint:\"\", nbits:8, prune:false, refine:false, ob_sparse_drop_ratio_build:\"0.000000000e+00\", window_size:60000, ob_sparse_drop_ratio_search:\"0.000000000e+00\", similarity_threshold:\"0.000000000e+00\"};[{cache_type=0;capacity=2;cent_vec_dim=4;count=2;nlist=2;} ]"]]}
{"event": "PASS", "case": "ivf_inherited", "pq": false}
{"event": "stopped", "pid": 3712513, "returncode": -9}
{"event": "data_archived", "path": "/data/1/nijia.nj/test/namespace_fork_PROTOTYPE_ivf_inherited_1botx6ii/data.tar.gz", "bytes": 3429157}
/home/nijia.nj/.local/lib/python3.8/site-packages/pymysql/_auth.py:9: CryptographyDeprecationWarning: Python 3.8 is no longer supported by the Python core team and support for it is deprecated in cryptography. The next release of cryptography will remove support for Python 3.8.
  from cryptography.hazmat.backends import default_backend
