[  1%] Built target restore
[  2%] Built target oblib_grpc
[  2%] Built target ob_data_plane
[  3%] Built target malloc_hook
[  4%] Built target oblib_rpc
[  4%] Built target oblib_lib_simd
[  5%] Built target ob_query
[  6%] Built target ob_malloc_object
[ 11%] Built target ob_sql_server_parser_objects
[ 15%] Built target oblib_common
[ 16%] Built target ob_sql_simd
[ 16%] Built target oblib_lib_bitmap
[ 16%] Built target generate_syspack_source
[ 22%] Built target zstd_1_3_8_objs
[ 22%] Built target ob_standby_runtime
[ 23%] Built target ob_storage_tablet_autoincrement_state
[ 23%] Built target ob_standby
[ 24%] Built target ob_logservice
[ 24%] Built target ob_namespace
[ 24%] Built target sql_nio_build
[ 24%] Built target ob_storage_simd
[ 26%] Built target ob_pl
[ 27%] Built target ob_main
[ 27%] Built target ob_sql_server_parser_static
[ 27%] Built target ob_malloc
[ 28%] Built target zstd_1_3_8
[ 28%] Built target syspack_source
[ 34%] Built target ob_sql_extra
[ 37%] Built target ob_share_extra
[ 38%] Built target compress
[ 43%] Built target ob_server
[ 47%] Built target oblib_lib
[ 47%] Building CXX object src/rootserver/CMakeFiles/ob_rootserver.dir/Unity/unity_ob_rootserver_ob_rootserver_runtime_fork_freeze_0_c___cxx.cxx.o
[ 47%] Built target oblib
[ 59%] Built target ob_storage
[ 79%] Built target ob_sql
[ 79%] Built target ob_storage_static
[ 79%] Built target ob_sql_static
[ 95%] Built target ob_share
[ 95%] Built target ob_share_static
[100%] Built target ob_rootserver
[100%] Linking CXX static library liboceanbase_static.a
[100%] Built target oceanbase_static
[100%] Linking CXX executable seekdb
[100%] Built target seekdb
[100%] Built target observer
