[  6%] Built target zstd_1_3_8_objs
[  6%] Built target oblib_lib_bitmap
[  7%] Built target oblib_grpc
[  8%] Built target restore
[  9%] Built target ob_malloc_object
[  9%] Built target oblib_lib_simd
[ 10%] Built target oblib_rpc
[ 11%] Built target malloc_hook
[ 12%] Built target ob_query
[ 16%] Built target oblib_common
[ 16%] Built target ob_data_plane
[ 17%] Built target ob_sql_simd
[ 17%] Built target generate_syspack_source
[ 22%] Built target ob_sql_server_parser_objects
[ 23%] Built target ob_storage_tablet_autoincrement_state
[ 23%] Built target ob_storage_simd
[ 24%] Built target ob_logservice
[ 24%] Built target sql_nio_build
[ 24%] Built target ob_standby_runtime
[ 24%] Built target ob_standby
[ 24%] Built target ob_namespace
[ 27%] Built target ob_share_extra
[ 28%] Built target ob_main
[ 28%] Built target ob_sql_server_parser_static
[ 30%] Built target ob_pl
[ 30%] Built target ob_malloc
[ 30%] Built target syspack_source
[ 31%] Built target zstd_1_3_8
[ 32%] Built target compress
[ 38%] Built target ob_sql_extra
[ 42%] Built target oblib_lib
[ 42%] Built target oblib
[ 42%] Building CXX object src/rootserver/CMakeFiles/ob_rootserver.dir/Unity/unity_ob_rootserver_ob_rootserver_runtime_fork_freeze_0_c___cxx.cxx.o
[ 47%] Built target ob_server
[ 67%] Built target ob_sql
[ 67%] Built target ob_sql_static
[ 79%] Built target ob_storage
[ 79%] Built target ob_storage_static
[ 95%] Built target ob_share
[ 95%] Built target ob_share_static
[100%] Built target ob_rootserver
[100%] Linking CXX static library liboceanbase_static.a
[100%] Built target oceanbase_static
[100%] Linking CXX executable seekdb
[100%] Built target seekdb
[100%] Built target observer
