[  1%] Built target oblib_grpc
[  1%] Built target oblib_lib_bitmap
[  2%] Built target ob_malloc_object
[  2%] Built target oblib_lib_simd
[  3%] Built target oblib_rpc
[  4%] Built target restore
[ 10%] Built target zstd_1_3_8_objs
[ 14%] Built target oblib_common
[ 15%] Built target ob_query
[ 16%] Built target ob_sql_simd
[ 17%] Built target malloc_hook
[ 17%] Built target ob_data_plane
[ 22%] Built target ob_sql_server_parser_objects
[ 22%] Built target ob_namespace
[ 22%] Built target generate_syspack_source
[ 22%] Built target ob_standby_runtime
[ 23%] Built target ob_storage_tablet_autoincrement_state
[ 23%] Built target ob_standby
[ 24%] Built target ob_logservice
[ 24%] Built target ob_storage_simd
[ 26%] Built target ob_pl
[ 26%] Built target sql_nio_build
[ 27%] Built target ob_main
[ 27%] Built target ob_sql_server_parser_static
[ 27%] Built target ob_malloc
[ 27%] Building CXX object src/share/CMakeFiles/ob_share_extra.dir/datum/ob_datum_funcs_compilation/ob_datum_funcs_compilation_0.cpp.o
[ 27%] Built target syspack_source
[ 28%] Building CXX object src/share/CMakeFiles/ob_share_extra.dir/datum/ob_datum_funcs_compilation/ob_datum_funcs_compilation_1.cpp.o
[ 29%] Built target zstd_1_3_8
[ 29%] Building CXX object src/share/CMakeFiles/ob_share_extra.dir/datum/ob_datum_funcs_compilation/ob_datum_funcs_compilation_2.cpp.o
[ 29%] Building CXX object src/share/CMakeFiles/ob_share_extra.dir/datum/ob_datum_funcs_compilation/ob_datum_funcs_compilation_3.cpp.o
[ 29%] Building CXX object src/share/CMakeFiles/ob_share_extra.dir/datum/ob_datum_funcs_compilation/ob_datum_funcs_compilation_4.cpp.o
[ 30%] Building CXX object src/share/CMakeFiles/ob_share_extra.dir/datum/ob_datum_funcs_compilation/ob_datum_funcs_compilation_5.cpp.o
[ 30%] Building CXX object src/share/CMakeFiles/ob_share_extra.dir/datum/ob_datum_funcs_compilation/ob_datum_funcs_compilation_6.cpp.o
[ 36%] Built target ob_sql_extra
[ 36%] Building CXX object src/share/CMakeFiles/ob_share_extra.dir/datum/ob_datum_funcs_compilation/ob_datum_funcs_compilation_7.cpp.o
[ 37%] Building CXX object src/share/CMakeFiles/ob_share_extra.dir/datum/ob_str_datum_funcs_compilation/ob_str_datum_funcs_compilation_0.cpp.o
[ 37%] Building CXX object src/share/CMakeFiles/ob_share_extra.dir/datum/ob_str_datum_funcs_compilation/ob_str_datum_funcs_compilation_1.cpp.o
[ 38%] Built target compress
[ 38%] Building CXX object src/share/CMakeFiles/ob_share_extra.dir/datum/ob_str_datum_funcs_compilation/ob_str_datum_funcs_compilation_2.cpp.o
[ 42%] Built target oblib_lib
[ 42%] Built target oblib
[ 42%] Building CXX object src/rootserver/CMakeFiles/ob_rootserver.dir/Unity/unity_ob_rootserver_ob_rootserver_storage_common_0_c___cxx.cxx.o
[ 42%] Building CXX object src/rootserver/CMakeFiles/ob_rootserver.dir/Unity/unity_ob_rootserver_ob_rootserver_storage_freeze_0_c___cxx.cxx.o
[ 43%] Building CXX object src/rootserver/CMakeFiles/ob_rootserver.dir/Unity/unity_ob_rootserver_ob_rootserver_query_0_c___cxx.cxx.o
[ 43%] Building CXX object src/rootserver/CMakeFiles/ob_rootserver.dir/Unity/unity_ob_rootserver_ob_rootserver_runtime_fork_freeze_0_c___cxx.cxx.o
[ 43%] Building CXX object src/rootserver/CMakeFiles/ob_rootserver.dir/Unity/unity_ob_rootserver_ob_rootserver_runtime_ddl_0_c___cxx.cxx.o
[ 43%] Building CXX object src/rootserver/CMakeFiles/ob_rootserver.dir/Unity/unity_ob_rootserver_ob_rootserver_runtime_common_0_c___cxx.cxx.o
[ 44%] Building CXX object src/rootserver/CMakeFiles/ob_rootserver.dir/Unity/unity_ob_rootserver_ob_rootserver_runtime_services_0_c___cxx.cxx.o
[ 44%] Building CXX object src/rootserver/CMakeFiles/ob_rootserver.dir/ddl_task/ob_ddl_redefinition_task.cpp.o
[ 44%] Building CXX object src/rootserver/CMakeFiles/ob_rootserver.dir/ob_ddl_service.cpp.o
[ 45%] Building CXX object src/observer/CMakeFiles/ob_server.dir/Unity/unity_ob_server_ob_server_mysql_0_c___cxx.cxx.o
[ 45%] Building CXX object src/observer/CMakeFiles/ob_server.dir/Unity/unity_ob_server_ob_server_dbms_job_0_c___cxx.cxx.o
[ 46%] Building CXX object src/observer/CMakeFiles/ob_server.dir/Unity/unity_ob_server_ob_server_virtual_table_3_c___cxx.cxx.o
[ 46%] Building CXX object src/observer/CMakeFiles/ob_server.dir/Unity/unity_ob_server_ob_server_vector_index_0_c___cxx.cxx.o
[ 46%] Building CXX object src/observer/CMakeFiles/ob_server.dir/Unity/unity_ob_server_ob_server_common_0_c___cxx.cxx.o
[ 46%] Building CXX object src/observer/CMakeFiles/ob_server.dir/Unity/unity_ob_server_ob_server_omt_0_c___cxx.cxx.o
[ 46%] Building CXX object src/observer/CMakeFiles/ob_server.dir/Unity/unity_ob_server_ob_server_ai_service_0_c___cxx.cxx.o
[ 46%] Building CXX object src/observer/CMakeFiles/ob_server.dir/Unity/unity_ob_server_ob_server_virtual_table_0_c___cxx.cxx.o
[ 46%] Building CXX object src/observer/CMakeFiles/ob_server.dir/Unity/unity_ob_server_ob_server_mysql_1_c___cxx.cxx.o
[ 46%] Building CXX object src/observer/CMakeFiles/ob_server.dir/Unity/unity_ob_server_ob_server_schema_0_c___cxx.cxx.o
[ 47%] Building CXX object src/observer/CMakeFiles/ob_server.dir/Unity/unity_ob_server_ob_server_virtual_table_4_c___cxx.cxx.o
[ 47%] Building CXX object src/observer/CMakeFiles/ob_server.dir/Unity/unity_ob_server_ob_server_virtual_table_5_c___cxx.cxx.o
[ 47%] Building CXX object src/observer/CMakeFiles/ob_server.dir/ob_service.cpp.o
[ 47%] Building CXX object src/observer/CMakeFiles/ob_server.dir/composition/retrieval/ob_das_legacy_tr_merge_iter.cpp.o
[ 47%] Building CXX object src/observer/CMakeFiles/ob_server.dir/Unity/unity_ob_server_ob_server_change_stream_0_c___cxx.cxx.o
[ 48%] Building CXX object src/observer/CMakeFiles/ob_server.dir/ob_server.cpp.o
[ 60%] Built target ob_storage
[ 60%] Built target ob_storage_static
[ 61%] Building CXX object src/sql/CMakeFiles/ob_sql.dir/Unity/unity_ob_sql_ob_sql_resolver_ddl_1_c___cxx.cxx.o
[ 62%] Building CXX object src/sql/CMakeFiles/ob_sql.dir/Unity/unity_ob_sql_ob_sql_optimizer_0_c___cxx.cxx.o
[ 62%] Building CXX object src/sql/CMakeFiles/ob_sql.dir/Unity/unity_ob_sql_ob_sql_engine_vector_discrete_0_c___cxx.cxx.o
[ 63%] Building CXX object src/sql/CMakeFiles/ob_sql.dir/Unity/unity_ob_sql_ob_sql_plan_cache_0_c___cxx.cxx.o
[ 64%] Building CXX object src/sql/CMakeFiles/ob_sql.dir/Unity/unity_ob_sql_ob_sql_engine_px_0_c___cxx.cxx.o
[ 64%] Building CXX object src/sql/CMakeFiles/ob_sql.dir/Unity/unity_ob_sql_ob_sql_engine_pdml_0_c___cxx.cxx.o
[ 64%] Building CXX object src/sql/CMakeFiles/ob_sql.dir/Unity/unity_ob_sql_ob_sql_engine_join_0_c___cxx.cxx.o
[ 64%] Building CXX object src/sql/CMakeFiles/ob_sql.dir/Unity/unity_ob_sql_ob_sql_engine_table_0_c___cxx.cxx.o
[ 65%] Building CXX object src/sql/CMakeFiles/ob_sql.dir/Unity/unity_ob_sql_ob_sql_code_generator_0_c___cxx.cxx.o
[ 65%] Building CXX object src/sql/CMakeFiles/ob_sql.dir/Unity/unity_ob_sql_ob_sql_optimizer_stat_0_c___cxx.cxx.o
[ 65%] Building CXX object src/sql/CMakeFiles/ob_sql.dir/Unity/unity_ob_sql_ob_sql_engine_set_0_c___cxx.cxx.o
[ 65%] Building CXX object src/sql/CMakeFiles/ob_sql.dir/Unity/unity_ob_sql_ob_sql_optimizer_1_c___cxx.cxx.o
[ 65%] Building CXX object src/sql/CMakeFiles/ob_sql.dir/Unity/unity_ob_sql_ob_sql_engine_px_1_c___cxx.cxx.o
[ 65%] Building CXX object src/sql/CMakeFiles/ob_sql.dir/Unity/unity_ob_sql_ob_sql_das_0_c___cxx.cxx.o
[ 65%] Building CXX object src/sql/CMakeFiles/ob_sql.dir/Unity/unity_ob_sql_ob_sql_engine_basic_1_c___cxx.cxx.o
[ 65%] Building CXX object src/sql/CMakeFiles/ob_sql.dir/Unity/unity_ob_sql_ob_sql_monitor_0_c___cxx.cxx.o
[ 65%] Building CXX object src/sql/CMakeFiles/ob_sql.dir/Unity/unity_ob_sql_ob_sql_engine_basic_0_c___cxx.cxx.o
[ 67%] Building CXX object src/sql/CMakeFiles/ob_sql.dir/Unity/unity_ob_sql_ob_sql_engine_0_c___cxx.cxx.o
[ 68%] Building CXX object src/sql/CMakeFiles/ob_sql.dir/Unity/unity_ob_sql_ob_sql_engine_expr_4_c___cxx.cxx.o
[ 69%] Building CXX object src/sql/CMakeFiles/ob_sql.dir/Unity/unity_ob_sql_ob_sql_engine_1_c___cxx.cxx.o
[ 69%] Building CXX object src/sql/CMakeFiles/ob_sql.dir/Unity/unity_ob_sql_ob_sql_engine_expr_13_c___cxx.cxx.o
[ 69%] Building CXX object src/sql/CMakeFiles/ob_sql.dir/Unity/unity_ob_sql_ob_sql_engine_expr_2_c___cxx.cxx.o
[ 69%] Building CXX object src/sql/CMakeFiles/ob_sql.dir/Unity/unity_ob_sql_ob_sql_common_0_c___cxx.cxx.o
[ 69%] Building CXX object src/sql/CMakeFiles/ob_sql.dir/Unity/unity_ob_sql_ob_sql_engine_aggregate_groupby_0_c___cxx.cxx.o
[ 69%] Building CXX object src/sql/CMakeFiles/ob_sql.dir/Unity/unity_ob_sql_ob_sql_dtl_0_c___cxx.cxx.o
[ 70%] Building CXX object src/sql/CMakeFiles/ob_sql.dir/Unity/unity_ob_sql_ob_sql_engine_dml_0_c___cxx.cxx.o
[ 70%] Building CXX object src/sql/CMakeFiles/ob_sql.dir/Unity/unity_ob_sql_ob_sql_engine_expr_1_c___cxx.cxx.o
[ 71%] Building CXX object src/sql/CMakeFiles/ob_sql.dir/Unity/unity_ob_sql_ob_sql_engine_expr_11_c___cxx.cxx.o
[ 71%] Building CXX object src/sql/CMakeFiles/ob_sql.dir/Unity/unity_ob_sql_ob_sql_engine_cmd_0_c___cxx.cxx.o
[ 71%] Building CXX object src/sql/CMakeFiles/ob_sql.dir/Unity/unity_ob_sql_ob_sql_session_0_c___cxx.cxx.o
[ 71%] Building CXX object src/sql/CMakeFiles/ob_sql.dir/Unity/unity_ob_sql_ob_sql_engine_cmd_1_c___cxx.cxx.o
[ 72%] Building CXX object src/sql/CMakeFiles/ob_sql.dir/engine/expr/ob_expr_in.cpp.o
[ 72%] Building CXX object src/sql/CMakeFiles/ob_sql.dir/Unity/unity_ob_sql_ob_sql_optimizer_2_c___cxx.cxx.o
[ 72%] Building CXX object src/sql/CMakeFiles/ob_sql.dir/Unity/unity_ob_sql_ob_sql_das_1_c___cxx.cxx.o
[ 72%] Building CXX object src/share/CMakeFiles/ob_share.dir/Unity/unity_ob_share_ob_share_schema_0_c___cxx.cxx.o
[ 72%] Building CXX object src/share/CMakeFiles/ob_share.dir/Unity/unity_ob_share_ob_share_schema_1_c___cxx.cxx.o
[ 72%] Built target ob_share_extra
[ 73%] Built target ob_server
[ 89%] Built target ob_share
[ 91%] Built target ob_rootserver
[100%] Built target ob_sql
[100%] Linking CXX static library libob_sql_static.a
[100%] Linking CXX static library libob_share_static.a
[100%] Built target ob_share_static
[100%] Built target ob_sql_static
[100%] Linking CXX static library liboceanbase_static.a
[100%] Built target oceanbase_static
[100%] Linking CXX executable seekdb
[100%] Built target seekdb
[100%] Built target observer
