make: Entering directory '/home/nijia.nj/.herdr/worktrees/seekdb/herdr-fork/build_release'
make[1]: Entering directory '/home/nijia.nj/.herdr/worktrees/seekdb/herdr-fork/build_release'
make[2]: Entering directory '/home/nijia.nj/.herdr/worktrees/seekdb/herdr-fork/build_release'
make[2]: Entering directory '/home/nijia.nj/.herdr/worktrees/seekdb/herdr-fork/build_release'
make[2]: Entering directory '/home/nijia.nj/.herdr/worktrees/seekdb/herdr-fork/build_release'
make[2]: Entering directory '/home/nijia.nj/.herdr/worktrees/seekdb/herdr-fork/build_release'
make[2]: Entering directory '/home/nijia.nj/.herdr/worktrees/seekdb/herdr-fork/build_release'
make[2]: Entering directory '/home/nijia.nj/.herdr/worktrees/seekdb/herdr-fork/build_release'
make[2]: Entering directory '/home/nijia.nj/.herdr/worktrees/seekdb/herdr-fork/build_release'
make[2]: Entering directory '/home/nijia.nj/.herdr/worktrees/seekdb/herdr-fork/build_release'
make[2]: Leaving directory '/home/nijia.nj/.herdr/worktrees/seekdb/herdr-fork/build_release'
make[2]: Entering directory '/home/nijia.nj/.herdr/worktrees/seekdb/herdr-fork/build_release'
make[2]: Entering directory '/home/nijia.nj/.herdr/worktrees/seekdb/herdr-fork/build_release'
make[2]: Leaving directory '/home/nijia.nj/.herdr/worktrees/seekdb/herdr-fork/build_release'
make[2]: Leaving directory '/home/nijia.nj/.herdr/worktrees/seekdb/herdr-fork/build_release'
make[2]: Leaving directory '/home/nijia.nj/.herdr/worktrees/seekdb/herdr-fork/build_release'
make[2]: Entering directory '/home/nijia.nj/.herdr/worktrees/seekdb/herdr-fork/build_release'
make[2]: Leaving directory '/home/nijia.nj/.herdr/worktrees/seekdb/herdr-fork/build_release'
make[2]: Leaving directory '/home/nijia.nj/.herdr/worktrees/seekdb/herdr-fork/build_release'
make[2]: Leaving directory '/home/nijia.nj/.herdr/worktrees/seekdb/herdr-fork/build_release'
make[2]: Leaving directory '/home/nijia.nj/.herdr/worktrees/seekdb/herdr-fork/build_release'
make[2]: Leaving directory '/home/nijia.nj/.herdr/worktrees/seekdb/herdr-fork/build_release'
make[2]: Leaving directory '/home/nijia.nj/.herdr/worktrees/seekdb/herdr-fork/build_release'
make[2]: Leaving directory '/home/nijia.nj/.herdr/worktrees/seekdb/herdr-fork/build_release'
make[2]: Entering directory '/home/nijia.nj/.herdr/worktrees/seekdb/herdr-fork/build_release'
make[2]: Entering directory '/home/nijia.nj/.herdr/worktrees/seekdb/herdr-fork/build_release'
make[2]: Entering directory '/home/nijia.nj/.herdr/worktrees/seekdb/herdr-fork/build_release'
make[2]: Entering directory '/home/nijia.nj/.herdr/worktrees/seekdb/herdr-fork/build_release'
[  0%] Built target oblib_lib_bitmap
[  1%] Built target ob_malloc_object
[  7%] Built target zstd_1_3_8_objs
[  8%] Built target oblib_rpc
make[2]: Leaving directory '/home/nijia.nj/.herdr/worktrees/seekdb/herdr-fork/build_release'
make[2]: Leaving directory '/home/nijia.nj/.herdr/worktrees/seekdb/herdr-fork/build_release'
[  8%] Building CXX object src/oblib/grpc/CMakeFiles/oblib_grpc.dir/standbyservice.pb.cc.o
[  9%] Built target oblib_lib_simd
make[2]: Entering directory '/home/nijia.nj/.herdr/worktrees/seekdb/herdr-fork/build_release'
[  9%] Built target restore
make[2]: Leaving directory '/home/nijia.nj/.herdr/worktrees/seekdb/herdr-fork/build_release'
[  9%] Built target ob_data_plane
[ 10%] Building CXX object src/oblib/grpc/CMakeFiles/oblib_grpc.dir/standbyservice.grpc.pb.cc.o
[ 11%] Built target malloc_hook
make[2]: Entering directory '/home/nijia.nj/.herdr/worktrees/seekdb/herdr-fork/build_release'
[ 12%] Built target ob_query
make[2]: Entering directory '/home/nijia.nj/.herdr/worktrees/seekdb/herdr-fork/build_release'
make[2]: Leaving directory '/home/nijia.nj/.herdr/worktrees/seekdb/herdr-fork/build_release'
[ 13%] Built target ob_sql_simd
make[2]: Entering directory '/home/nijia.nj/.herdr/worktrees/seekdb/herdr-fork/build_release'
make[2]: Entering directory '/home/nijia.nj/.herdr/worktrees/seekdb/herdr-fork/build_release'
make[2]: Leaving directory '/home/nijia.nj/.herdr/worktrees/seekdb/herdr-fork/build_release'
make[2]: Leaving directory '/home/nijia.nj/.herdr/worktrees/seekdb/herdr-fork/build_release'
[ 13%] Built target generate_syspack_source
[ 18%] Built target ob_sql_server_parser_objects
[ 22%] Built target oblib_common
make[2]: Entering directory '/home/nijia.nj/.herdr/worktrees/seekdb/herdr-fork/build_release'
make[2]: Entering directory '/home/nijia.nj/.herdr/worktrees/seekdb/herdr-fork/build_release'
make[2]: Leaving directory '/home/nijia.nj/.herdr/worktrees/seekdb/herdr-fork/build_release'
make[2]: Leaving directory '/home/nijia.nj/.herdr/worktrees/seekdb/herdr-fork/build_release'
make[2]: Entering directory '/home/nijia.nj/.herdr/worktrees/seekdb/herdr-fork/build_release'
make[2]: Entering directory '/home/nijia.nj/.herdr/worktrees/seekdb/herdr-fork/build_release'
make[2]: Leaving directory '/home/nijia.nj/.herdr/worktrees/seekdb/herdr-fork/build_release'
make[2]: Leaving directory '/home/nijia.nj/.herdr/worktrees/seekdb/herdr-fork/build_release'
[ 23%] Built target ob_storage_tablet_autoincrement_state
[ 23%] Built target ob_standby
make[2]: Entering directory '/home/nijia.nj/.herdr/worktrees/seekdb/herdr-fork/build_release'
make[2]: Leaving directory '/home/nijia.nj/.herdr/worktrees/seekdb/herdr-fork/build_release'
make[2]: Leaving directory '/home/nijia.nj/.herdr/worktrees/seekdb/herdr-fork/build_release'
make[2]: Entering directory '/home/nijia.nj/.herdr/worktrees/seekdb/herdr-fork/build_release'
[ 24%] Built target ob_logservice
[ 24%] Built target ob_namespace
make[2]: Entering directory '/home/nijia.nj/.herdr/worktrees/seekdb/herdr-fork/build_release'
[ 26%] Built target ob_pl
[ 26%] Built target sql_nio_build
[ 26%] Built target ob_storage_simd
[ 27%] Built target ob_main
make[2]: Entering directory '/home/nijia.nj/.herdr/worktrees/seekdb/herdr-fork/build_release'
[ 27%] Building CXX object src/standby/CMakeFiles/ob_standby_runtime.dir/Unity/unity_ob_standby_runtime_common/0_cxx.cxx.o
make[2]: Leaving directory '/home/nijia.nj/.herdr/worktrees/seekdb/herdr-fork/build_release'
make[2]: Entering directory '/home/nijia.nj/.herdr/worktrees/seekdb/herdr-fork/build_release'
make[2]: Leaving directory '/home/nijia.nj/.herdr/worktrees/seekdb/herdr-fork/build_release'
make[2]: Leaving directory '/home/nijia.nj/.herdr/worktrees/seekdb/herdr-fork/build_release'
make[2]: Entering directory '/home/nijia.nj/.herdr/worktrees/seekdb/herdr-fork/build_release'
make[2]: Entering directory '/home/nijia.nj/.herdr/worktrees/seekdb/herdr-fork/build_release'
make[2]: Entering directory '/home/nijia.nj/.herdr/worktrees/seekdb/herdr-fork/build_release'
make[2]: Leaving directory '/home/nijia.nj/.herdr/worktrees/seekdb/herdr-fork/build_release'
[ 30%] Built target ob_sql_server_parser_static
[ 30%] Built target ob_share_extra
make[2]: Entering directory '/home/nijia.nj/.herdr/worktrees/seekdb/herdr-fork/build_release'
make[2]: Leaving directory '/home/nijia.nj/.herdr/worktrees/seekdb/herdr-fork/build_release'
make[2]: Leaving directory '/home/nijia.nj/.herdr/worktrees/seekdb/herdr-fork/build_release'
[ 30%] Built target ob_malloc
[ 31%] Built target zstd_1_3_8
[ 31%] Built target syspack_source
make[2]: Entering directory '/home/nijia.nj/.herdr/worktrees/seekdb/herdr-fork/build_release'
make[2]: Leaving directory '/home/nijia.nj/.herdr/worktrees/seekdb/herdr-fork/build_release'
[ 32%] Built target compress
[ 38%] Built target ob_sql_extra
make[2]: Leaving directory '/home/nijia.nj/.herdr/worktrees/seekdb/herdr-fork/build_release'
make[2]: Entering directory '/home/nijia.nj/.herdr/worktrees/seekdb/herdr-fork/build_release'
make[2]: Leaving directory '/home/nijia.nj/.herdr/worktrees/seekdb/herdr-fork/build_release'
[ 42%] Built target oblib_lib
make[2]: Leaving directory '/home/nijia.nj/.herdr/worktrees/seekdb/herdr-fork/build_release'
make[2]: Entering directory '/home/nijia.nj/.herdr/worktrees/seekdb/herdr-fork/build_release'
[ 46%] Built target ob_rootserver
[ 51%] Built target ob_server
make[2]: Entering directory '/home/nijia.nj/.herdr/worktrees/seekdb/herdr-fork/build_release'
make[2]: Entering directory '/home/nijia.nj/.herdr/worktrees/seekdb/herdr-fork/build_release'
make[2]: Leaving directory '/home/nijia.nj/.herdr/worktrees/seekdb/herdr-fork/build_release'
[ 63%] Built target ob_storage
make[2]: Entering directory '/home/nijia.nj/.herdr/worktrees/seekdb/herdr-fork/build_release'
make[2]: Leaving directory '/home/nijia.nj/.herdr/worktrees/seekdb/herdr-fork/build_release'
make[2]: Entering directory '/home/nijia.nj/.herdr/worktrees/seekdb/herdr-fork/build_release'
[ 63%] Linking CXX static library libob_storage_static.a
make[2]: Leaving directory '/home/nijia.nj/.herdr/worktrees/seekdb/herdr-fork/build_release'
[ 80%] Built target ob_share
make[2]: Entering directory '/home/nijia.nj/.herdr/worktrees/seekdb/herdr-fork/build_release'
make[2]: Leaving directory '/home/nijia.nj/.herdr/worktrees/seekdb/herdr-fork/build_release'
make[2]: Entering directory '/home/nijia.nj/.herdr/worktrees/seekdb/herdr-fork/build_release'
[ 80%] Linking CXX static library libob_share_static.a
make[2]: Leaving directory '/home/nijia.nj/.herdr/worktrees/seekdb/herdr-fork/build_release'
[100%] Built target ob_sql
make[2]: Entering directory '/home/nijia.nj/.herdr/worktrees/seekdb/herdr-fork/build_release'
make[2]: Leaving directory '/home/nijia.nj/.herdr/worktrees/seekdb/herdr-fork/build_release'
make[2]: Entering directory '/home/nijia.nj/.herdr/worktrees/seekdb/herdr-fork/build_release'
[100%] Linking CXX static library libob_sql_static.a
make[2]: Leaving directory '/home/nijia.nj/.herdr/worktrees/seekdb/herdr-fork/build_release'
[100%] Built target ob_storage_static
make[2]: Leaving directory '/home/nijia.nj/.herdr/worktrees/seekdb/herdr-fork/build_release'
[100%] Built target ob_sql_static
make[2]: Leaving directory '/home/nijia.nj/.herdr/worktrees/seekdb/herdr-fork/build_release'
[100%] Built target ob_share_static
make[2]: Leaving directory '/home/nijia.nj/.herdr/worktrees/seekdb/herdr-fork/build_release'
[100%] Built target oblib_grpc
make[2]: Entering directory '/home/nijia.nj/.herdr/worktrees/seekdb/herdr-fork/build_release'
make[2]: Leaving directory '/home/nijia.nj/.herdr/worktrees/seekdb/herdr-fork/build_release'
make[2]: Entering directory '/home/nijia.nj/.herdr/worktrees/seekdb/herdr-fork/build_release'
[100%] Linking CXX static library liboblib.a
make[2]: Leaving directory '/home/nijia.nj/.herdr/worktrees/seekdb/herdr-fork/build_release'
[100%] Built target oblib
In file included from /home/nijia.nj/.herdr/worktrees/seekdb/herdr-fork/build_release/src/standby/CMakeFiles/ob_standby_runtime.dir/Unity/unity_ob_standby_runtime_common/0_cxx.cxx:81:
[1m/home/nijia.nj/.herdr/worktrees/seekdb/herdr-fork/src/standby/restore/ob_restore_helper_ctx.cpp:66:7: [0m[0;1;31merror: [0m[1muse of undeclared identifier 'ret'; did you mean 'name::ret'?[0m
   66 |       LOG_WARN("copy view stream finished with error", "grpc_code", status.error_code());[0m
      | [0;1;32m      ^
[0m[1m/home/nijia.nj/.herdr/worktrees/seekdb/herdr-fork/src/oblib/lib/oblog/ob_log_module.h:1216:27: [0m[0;1;30mnote: [0mexpanded from macro 'LOG_WARN'[0m
 1216 | #define LOG_WARN(args...) LOG_MACRO_JOIN(USING_LOG_PREFIX, _LOG) (WARN, ##args)[0m
      | [0;1;32m                          ^
[0m[1m/home/nijia.nj/.herdr/worktrees/seekdb/herdr-fork/src/oblib/lib/oblog/ob_log_print_kv.h:55:30: [0m[0;1;30mnote: [0mexpanded from macro 'LOG_MACRO_JOIN'[0m
   55 | #define LOG_MACRO_JOIN(x, y) LOG_MACRO_JOIN1(x, y)[0m
      | [0;1;32m                             ^
[0m[1m/home/nijia.nj/.herdr/worktrees/seekdb/herdr-fork/src/oblib/lib/oblog/ob_log_print_kv.h:56:31: [0m[0;1;30mnote: [0mexpanded from macro 'LOG_MACRO_JOIN1'[0m
   56 | #define LOG_MACRO_JOIN1(x, y) x##y[0m
      | [0;1;32m                              ^
[0m[0m[0;1;30mnote: [0m(skipping 6 expansions in backtrace; use -fmacro-backtrace-limit=0 to see all)[0m
[1m/home/nijia.nj/.herdr/worktrees/seekdb/herdr-fork/src/oblib/lib/oblog/ob_log_print_kv.h:56:31: [0m[0;1;30mnote: [0mexpanded from macro 'LOG_MACRO_JOIN1'[0m
[1m<scratch space>:143:1: [0m[0;1;30mnote: [0mexpanded from here[0m
  143 | LOG_ERRCODE_FOR_WARN[0m
      | [0;1;32m^
[0m[1m/home/nijia.nj/.herdr/worktrees/seekdb/herdr-fork/src/oblib/lib/oblog/ob_log_module.h:262:30: [0m[0;1;30mnote: [0mexpanded from macro 'LOG_ERRCODE_FOR_WARN'[0m
  262 | #define LOG_ERRCODE_FOR_WARN ret[0m
      | [0;1;32m                             ^
[0m[1m/home/nijia.nj/.herdr/worktrees/seekdb/herdr-fork/src/oblib/lib/ob_name_id_def.h:24:14: [0m[0;1;30mnote: [0m'name::ret' declared here[0m
   24 |     DEF_NAME(ret, "return code")[0m
      | [0;1;32m             ^
[0m1 error generated.
make[2]: *** [src/standby/CMakeFiles/ob_standby_runtime.dir/build.make:76: src/standby/CMakeFiles/ob_standby_runtime.dir/Unity/unity_ob_standby_runtime_common/0_cxx.cxx.o] Error 1
make[2]: Leaving directory '/home/nijia.nj/.herdr/worktrees/seekdb/herdr-fork/build_release'
make[1]: *** [CMakeFiles/Makefile2:1293: src/standby/CMakeFiles/ob_standby_runtime.dir/all] Error 2
make[1]: Leaving directory '/home/nijia.nj/.herdr/worktrees/seekdb/herdr-fork/build_release'
make: *** [Makefile:91: all] Error 2
make: Leaving directory '/home/nijia.nj/.herdr/worktrees/seekdb/herdr-fork/build_release'
