make: Entering directory '/home/nijia.nj/.herdr/worktrees/seekdb/herdr-fork/build_release'
make[1]: Entering directory '/home/nijia.nj/.herdr/worktrees/seekdb/herdr-fork/build_release'
make[2]: Entering directory '/home/nijia.nj/.herdr/worktrees/seekdb/herdr-fork/build_release'
make[2]: Entering directory '/home/nijia.nj/.herdr/worktrees/seekdb/herdr-fork/build_release'
make[2]: Entering directory '/home/nijia.nj/.herdr/worktrees/seekdb/herdr-fork/build_release'
make[2]: Entering directory '/home/nijia.nj/.herdr/worktrees/seekdb/herdr-fork/build_release'
make[2]: Entering directory '/home/nijia.nj/.herdr/worktrees/seekdb/herdr-fork/build_release'
make[2]: Entering directory '/home/nijia.nj/.herdr/worktrees/seekdb/herdr-fork/build_release'
make[2]: Entering directory '/home/nijia.nj/.herdr/worktrees/seekdb/herdr-fork/build_release'
make[2]: Entering directory '/home/nijia.nj/.herdr/worktrees/seekdb/herdr-fork/build_release'
make[2]: Entering directory '/home/nijia.nj/.herdr/worktrees/seekdb/herdr-fork/build_release'
make[2]: Entering directory '/home/nijia.nj/.herdr/worktrees/seekdb/herdr-fork/build_release'
make[2]: Entering directory '/home/nijia.nj/.herdr/worktrees/seekdb/herdr-fork/build_release'
make[2]: Entering directory '/home/nijia.nj/.herdr/worktrees/seekdb/herdr-fork/build_release'
make[2]: Entering directory '/home/nijia.nj/.herdr/worktrees/seekdb/herdr-fork/build_release'
make[2]: Leaving directory '/home/nijia.nj/.herdr/worktrees/seekdb/herdr-fork/build_release'
make[2]: Leaving directory '/home/nijia.nj/.herdr/worktrees/seekdb/herdr-fork/build_release'
make[2]: Leaving directory '/home/nijia.nj/.herdr/worktrees/seekdb/herdr-fork/build_release'
make[2]: Entering directory '/home/nijia.nj/.herdr/worktrees/seekdb/herdr-fork/build_release'
make[2]: Entering directory '/home/nijia.nj/.herdr/worktrees/seekdb/herdr-fork/build_release'
make[2]: Entering directory '/home/nijia.nj/.herdr/worktrees/seekdb/herdr-fork/build_release'
make[2]: Leaving directory '/home/nijia.nj/.herdr/worktrees/seekdb/herdr-fork/build_release'
make[2]: Leaving directory '/home/nijia.nj/.herdr/worktrees/seekdb/herdr-fork/build_release'
make[2]: Leaving directory '/home/nijia.nj/.herdr/worktrees/seekdb/herdr-fork/build_release'
make[2]: Leaving directory '/home/nijia.nj/.herdr/worktrees/seekdb/herdr-fork/build_release'
make[2]: Leaving directory '/home/nijia.nj/.herdr/worktrees/seekdb/herdr-fork/build_release'
make[2]: Entering directory '/home/nijia.nj/.herdr/worktrees/seekdb/herdr-fork/build_release'
make[2]: Leaving directory '/home/nijia.nj/.herdr/worktrees/seekdb/herdr-fork/build_release'
make[2]: Leaving directory '/home/nijia.nj/.herdr/worktrees/seekdb/herdr-fork/build_release'
make[2]: Entering directory '/home/nijia.nj/.herdr/worktrees/seekdb/herdr-fork/build_release'
make[2]: Entering directory '/home/nijia.nj/.herdr/worktrees/seekdb/herdr-fork/build_release'
make[2]: Leaving directory '/home/nijia.nj/.herdr/worktrees/seekdb/herdr-fork/build_release'
make[2]: Leaving directory '/home/nijia.nj/.herdr/worktrees/seekdb/herdr-fork/build_release'
make[2]: Leaving directory '/home/nijia.nj/.herdr/worktrees/seekdb/herdr-fork/build_release'
make[2]: Leaving directory '/home/nijia.nj/.herdr/worktrees/seekdb/herdr-fork/build_release'
make[2]: Leaving directory '/home/nijia.nj/.herdr/worktrees/seekdb/herdr-fork/build_release'
make[2]: Leaving directory '/home/nijia.nj/.herdr/worktrees/seekdb/herdr-fork/build_release'
make[2]: Leaving directory '/home/nijia.nj/.herdr/worktrees/seekdb/herdr-fork/build_release'
make[2]: Leaving directory '/home/nijia.nj/.herdr/worktrees/seekdb/herdr-fork/build_release'
make[2]: Leaving directory '/home/nijia.nj/.herdr/worktrees/seekdb/herdr-fork/build_release'
[  1%] Built target ob_malloc_object
make[2]: Entering directory '/home/nijia.nj/.herdr/worktrees/seekdb/herdr-fork/build_release'
[  1%] Built target oblib_lib_bitmap
[  2%] Built target malloc_hook
[  8%] Built target zstd_1_3_8_objs
[  9%] Built target ob_query
[ 10%] Built target ob_sql_simd
[ 11%] Built target restore
[ 12%] Built target oblib_grpc
[ 12%] Built target oblib_lib_simd
[ 16%] Built target oblib_common
[ 21%] Built target ob_sql_server_parser_objects
[ 21%] Built target ob_data_plane
[ 23%] Built target oblib_rpc
[ 24%] Built target ob_pl
[ 24%] Built target ob_standby
[ 25%] Built target ob_storage_tablet_autoincrement_state
make[2]: Entering directory '/home/nijia.nj/.herdr/worktrees/seekdb/herdr-fork/build_release'
[ 26%] Built target ob_logservice
make[2]: Entering directory '/home/nijia.nj/.herdr/worktrees/seekdb/herdr-fork/build_release'
make[2]: Entering directory '/home/nijia.nj/.herdr/worktrees/seekdb/herdr-fork/build_release'
[ 26%] Built target generate_syspack_source
make[2]: Entering directory '/home/nijia.nj/.herdr/worktrees/seekdb/herdr-fork/build_release'
make[2]: Entering directory '/home/nijia.nj/.herdr/worktrees/seekdb/herdr-fork/build_release'
[ 26%] Building CXX object src/standby/CMakeFiles/ob_standby_runtime.dir/Unity/unity_ob_standby_runtime_common/0_cxx.cxx.o
make[2]: Leaving directory '/home/nijia.nj/.herdr/worktrees/seekdb/herdr-fork/build_release'
make[2]: Entering directory '/home/nijia.nj/.herdr/worktrees/seekdb/herdr-fork/build_release'
make[2]: Leaving directory '/home/nijia.nj/.herdr/worktrees/seekdb/herdr-fork/build_release'
make[2]: Leaving directory '/home/nijia.nj/.herdr/worktrees/seekdb/herdr-fork/build_release'
make[2]: Leaving directory '/home/nijia.nj/.herdr/worktrees/seekdb/herdr-fork/build_release'
make[2]: Entering directory '/home/nijia.nj/.herdr/worktrees/seekdb/herdr-fork/build_release'
make[2]: Entering directory '/home/nijia.nj/.herdr/worktrees/seekdb/herdr-fork/build_release'
make[2]: Leaving directory '/home/nijia.nj/.herdr/worktrees/seekdb/herdr-fork/build_release'
make[2]: Leaving directory '/home/nijia.nj/.herdr/worktrees/seekdb/herdr-fork/build_release'
make[2]: Leaving directory '/home/nijia.nj/.herdr/worktrees/seekdb/herdr-fork/build_release'
[ 26%] Built target sql_nio_build
[ 26%] Built target ob_storage_simd
make[2]: Entering directory '/home/nijia.nj/.herdr/worktrees/seekdb/herdr-fork/build_release'
make[2]: Entering directory '/home/nijia.nj/.herdr/worktrees/seekdb/herdr-fork/build_release'
make[2]: Entering directory '/home/nijia.nj/.herdr/worktrees/seekdb/herdr-fork/build_release'
make[2]: Entering directory '/home/nijia.nj/.herdr/worktrees/seekdb/herdr-fork/build_release'
[ 26%] Built target ob_sql_server_parser_static
[ 30%] Built target ob_share_extra
[ 30%] Built target ob_main
make[2]: Leaving directory '/home/nijia.nj/.herdr/worktrees/seekdb/herdr-fork/build_release'
[ 36%] Built target ob_sql_extra
make[2]: Leaving directory '/home/nijia.nj/.herdr/worktrees/seekdb/herdr-fork/build_release'
make[2]: Leaving directory '/home/nijia.nj/.herdr/worktrees/seekdb/herdr-fork/build_release'
[ 36%] Built target ob_namespace
[ 36%] Built target ob_malloc
[ 36%] Built target syspack_source
make[2]: Leaving directory '/home/nijia.nj/.herdr/worktrees/seekdb/herdr-fork/build_release'
[ 37%] Built target zstd_1_3_8
make[2]: Entering directory '/home/nijia.nj/.herdr/worktrees/seekdb/herdr-fork/build_release'
make[2]: Entering directory '/home/nijia.nj/.herdr/worktrees/seekdb/herdr-fork/build_release'
make[2]: Leaving directory '/home/nijia.nj/.herdr/worktrees/seekdb/herdr-fork/build_release'
[ 38%] Built target compress
[ 42%] Built target ob_rootserver
make[2]: Entering directory '/home/nijia.nj/.herdr/worktrees/seekdb/herdr-fork/build_release'
make[2]: Leaving directory '/home/nijia.nj/.herdr/worktrees/seekdb/herdr-fork/build_release'
[ 46%] Built target oblib_lib
make[2]: Entering directory '/home/nijia.nj/.herdr/worktrees/seekdb/herdr-fork/build_release'
make[2]: Entering directory '/home/nijia.nj/.herdr/worktrees/seekdb/herdr-fork/build_release'
make[2]: Leaving directory '/home/nijia.nj/.herdr/worktrees/seekdb/herdr-fork/build_release'
make[2]: Entering directory '/home/nijia.nj/.herdr/worktrees/seekdb/herdr-fork/build_release'
make[2]: Leaving directory '/home/nijia.nj/.herdr/worktrees/seekdb/herdr-fork/build_release'
[ 46%] Built target oblib
[ 51%] Built target ob_server
make[2]: Leaving directory '/home/nijia.nj/.herdr/worktrees/seekdb/herdr-fork/build_release'
[ 63%] Built target ob_storage
make[2]: Entering directory '/home/nijia.nj/.herdr/worktrees/seekdb/herdr-fork/build_release'
make[2]: Leaving directory '/home/nijia.nj/.herdr/worktrees/seekdb/herdr-fork/build_release'
[ 63%] Built target ob_storage_static
make[2]: Leaving directory '/home/nijia.nj/.herdr/worktrees/seekdb/herdr-fork/build_release'
make[2]: Leaving directory '/home/nijia.nj/.herdr/worktrees/seekdb/herdr-fork/build_release'
[ 80%] Built target ob_share
make[2]: Entering directory '/home/nijia.nj/.herdr/worktrees/seekdb/herdr-fork/build_release'
make[2]: Leaving directory '/home/nijia.nj/.herdr/worktrees/seekdb/herdr-fork/build_release'
[ 80%] Built target ob_share_static
[100%] Built target ob_sql
make[2]: Entering directory '/home/nijia.nj/.herdr/worktrees/seekdb/herdr-fork/build_release'
make[2]: Leaving directory '/home/nijia.nj/.herdr/worktrees/seekdb/herdr-fork/build_release'
[100%] Built target ob_sql_static
make[2]: Leaving directory '/home/nijia.nj/.herdr/worktrees/seekdb/herdr-fork/build_release'
[100%] Built target ob_standby_runtime
make[2]: Entering directory '/home/nijia.nj/.herdr/worktrees/seekdb/herdr-fork/build_release'
make[2]: Leaving directory '/home/nijia.nj/.herdr/worktrees/seekdb/herdr-fork/build_release'
make[2]: Entering directory '/home/nijia.nj/.herdr/worktrees/seekdb/herdr-fork/build_release'
[100%] Linking CXX static library liboceanbase_static.a
make[2]: Leaving directory '/home/nijia.nj/.herdr/worktrees/seekdb/herdr-fork/build_release'
[100%] Built target oceanbase_static
make[2]: Entering directory '/home/nijia.nj/.herdr/worktrees/seekdb/herdr-fork/build_release'
make[2]: Leaving directory '/home/nijia.nj/.herdr/worktrees/seekdb/herdr-fork/build_release'
make[2]: Entering directory '/home/nijia.nj/.herdr/worktrees/seekdb/herdr-fork/build_release'
[100%] Linking CXX executable seekdb
make[2]: Leaving directory '/home/nijia.nj/.herdr/worktrees/seekdb/herdr-fork/build_release'
[100%] Built target seekdb
make[2]: Entering directory '/home/nijia.nj/.herdr/worktrees/seekdb/herdr-fork/build_release'
make[2]: Leaving directory '/home/nijia.nj/.herdr/worktrees/seekdb/herdr-fork/build_release'
make[2]: Entering directory '/home/nijia.nj/.herdr/worktrees/seekdb/herdr-fork/build_release'
make[2]: Leaving directory '/home/nijia.nj/.herdr/worktrees/seekdb/herdr-fork/build_release'
[100%] Built target observer
make[1]: Leaving directory '/home/nijia.nj/.herdr/worktrees/seekdb/herdr-fork/build_release'
make: Leaving directory '/home/nijia.nj/.herdr/worktrees/seekdb/herdr-fork/build_release'
