make: Entering directory '/home/nijia.nj/.herdr/worktrees/seekdb/herdr-fork/build_release'
make[1]: Entering directory '/home/nijia.nj/.herdr/worktrees/seekdb/herdr-fork/build_release'
make[2]: Entering directory '/home/nijia.nj/.herdr/worktrees/seekdb/herdr-fork/build_release'
make[2]: Entering directory '/home/nijia.nj/.herdr/worktrees/seekdb/herdr-fork/build_release'
make[2]: Entering directory '/home/nijia.nj/.herdr/worktrees/seekdb/herdr-fork/build_release'
make[2]: Entering directory '/home/nijia.nj/.herdr/worktrees/seekdb/herdr-fork/build_release'
make[2]: Entering directory '/home/nijia.nj/.herdr/worktrees/seekdb/herdr-fork/build_release'
make[2]: Entering directory '/home/nijia.nj/.herdr/worktrees/seekdb/herdr-fork/build_release'
make[2]: Entering directory '/home/nijia.nj/.herdr/worktrees/seekdb/herdr-fork/build_release'
make[2]: Entering directory '/home/nijia.nj/.herdr/worktrees/seekdb/herdr-fork/build_release'
make[2]: Entering directory '/home/nijia.nj/.herdr/worktrees/seekdb/herdr-fork/build_release'
make[2]: Entering directory '/home/nijia.nj/.herdr/worktrees/seekdb/herdr-fork/build_release'
make[2]: Entering directory '/home/nijia.nj/.herdr/worktrees/seekdb/herdr-fork/build_release'
make[2]: Entering directory '/home/nijia.nj/.herdr/worktrees/seekdb/herdr-fork/build_release'
make[2]: Entering directory '/home/nijia.nj/.herdr/worktrees/seekdb/herdr-fork/build_release'
make[2]: Leaving directory '/home/nijia.nj/.herdr/worktrees/seekdb/herdr-fork/build_release'
make[2]: Leaving directory '/home/nijia.nj/.herdr/worktrees/seekdb/herdr-fork/build_release'
make[2]: Entering directory '/home/nijia.nj/.herdr/worktrees/seekdb/herdr-fork/build_release'
make[2]: Leaving directory '/home/nijia.nj/.herdr/worktrees/seekdb/herdr-fork/build_release'
make[2]: Entering directory '/home/nijia.nj/.herdr/worktrees/seekdb/herdr-fork/build_release'
make[2]: Leaving directory '/home/nijia.nj/.herdr/worktrees/seekdb/herdr-fork/build_release'
make[2]: Leaving directory '/home/nijia.nj/.herdr/worktrees/seekdb/herdr-fork/build_release'
make[2]: Leaving directory '/home/nijia.nj/.herdr/worktrees/seekdb/herdr-fork/build_release'
make[2]: Leaving directory '/home/nijia.nj/.herdr/worktrees/seekdb/herdr-fork/build_release'
make[2]: Entering directory '/home/nijia.nj/.herdr/worktrees/seekdb/herdr-fork/build_release'
make[2]: Leaving directory '/home/nijia.nj/.herdr/worktrees/seekdb/herdr-fork/build_release'
make[2]: Leaving directory '/home/nijia.nj/.herdr/worktrees/seekdb/herdr-fork/build_release'
make[2]: Leaving directory '/home/nijia.nj/.herdr/worktrees/seekdb/herdr-fork/build_release'
make[2]: Entering directory '/home/nijia.nj/.herdr/worktrees/seekdb/herdr-fork/build_release'
make[2]: Leaving directory '/home/nijia.nj/.herdr/worktrees/seekdb/herdr-fork/build_release'
make[2]: Leaving directory '/home/nijia.nj/.herdr/worktrees/seekdb/herdr-fork/build_release'
make[2]: Leaving directory '/home/nijia.nj/.herdr/worktrees/seekdb/herdr-fork/build_release'
make[2]: Leaving directory '/home/nijia.nj/.herdr/worktrees/seekdb/herdr-fork/build_release'
make[2]: Leaving directory '/home/nijia.nj/.herdr/worktrees/seekdb/herdr-fork/build_release'
make[2]: Leaving directory '/home/nijia.nj/.herdr/worktrees/seekdb/herdr-fork/build_release'
make[2]: Entering directory '/home/nijia.nj/.herdr/worktrees/seekdb/herdr-fork/build_release'
[  1%] Built target restore
[  2%] Built target ob_malloc_object
[  8%] Built target zstd_1_3_8_objs
[  8%] Built target oblib_lib_simd
[  9%] Built target oblib_grpc
make[2]: Leaving directory '/home/nijia.nj/.herdr/worktrees/seekdb/herdr-fork/build_release'
make[2]: Entering directory '/home/nijia.nj/.herdr/worktrees/seekdb/herdr-fork/build_release'
[  9%] Built target oblib_lib_bitmap
[  9%] Built target ob_data_plane
make[2]: Leaving directory '/home/nijia.nj/.herdr/worktrees/seekdb/herdr-fork/build_release'
[ 10%] Built target oblib_rpc
[ 14%] Built target oblib_common
[ 15%] Built target ob_query
[ 20%] Built target ob_sql_server_parser_objects
make[2]: Entering directory '/home/nijia.nj/.herdr/worktrees/seekdb/herdr-fork/build_release'
make[2]: Entering directory '/home/nijia.nj/.herdr/worktrees/seekdb/herdr-fork/build_release'
[ 20%] Built target generate_syspack_source
[ 21%] Built target malloc_hook
[ 22%] Built target ob_sql_simd
make[2]: Entering directory '/home/nijia.nj/.herdr/worktrees/seekdb/herdr-fork/build_release'
make[2]: Entering directory '/home/nijia.nj/.herdr/worktrees/seekdb/herdr-fork/build_release'
[ 22%] Built target ob_standby
make[2]: Leaving directory '/home/nijia.nj/.herdr/worktrees/seekdb/herdr-fork/build_release'
[ 22%] Built target ob_standby_runtime
make[2]: Leaving directory '/home/nijia.nj/.herdr/worktrees/seekdb/herdr-fork/build_release'
make[2]: Leaving directory '/home/nijia.nj/.herdr/worktrees/seekdb/herdr-fork/build_release'
make[2]: Entering directory '/home/nijia.nj/.herdr/worktrees/seekdb/herdr-fork/build_release'
make[2]: Entering directory '/home/nijia.nj/.herdr/worktrees/seekdb/herdr-fork/build_release'
[ 23%] Built target ob_logservice
make[2]: Leaving directory '/home/nijia.nj/.herdr/worktrees/seekdb/herdr-fork/build_release'
make[2]: Leaving directory '/home/nijia.nj/.herdr/worktrees/seekdb/herdr-fork/build_release'
[ 24%] Built target ob_storage_tablet_autoincrement_state
[ 24%] Built target ob_namespace
[ 24%] Built target sql_nio_build
[ 24%] Built target ob_storage_simd
[ 26%] Built target ob_pl
make[2]: Entering directory '/home/nijia.nj/.herdr/worktrees/seekdb/herdr-fork/build_release'
make[2]: Leaving directory '/home/nijia.nj/.herdr/worktrees/seekdb/herdr-fork/build_release'
[ 27%] Built target ob_main
[ 27%] Built target ob_sql_server_parser_static
make[2]: Entering directory '/home/nijia.nj/.herdr/worktrees/seekdb/herdr-fork/build_release'
make[2]: Entering directory '/home/nijia.nj/.herdr/worktrees/seekdb/herdr-fork/build_release'
make[2]: Entering directory '/home/nijia.nj/.herdr/worktrees/seekdb/herdr-fork/build_release'
make[2]: Leaving directory '/home/nijia.nj/.herdr/worktrees/seekdb/herdr-fork/build_release'
make[2]: Leaving directory '/home/nijia.nj/.herdr/worktrees/seekdb/herdr-fork/build_release'
make[2]: Entering directory '/home/nijia.nj/.herdr/worktrees/seekdb/herdr-fork/build_release'
make[2]: Leaving directory '/home/nijia.nj/.herdr/worktrees/seekdb/herdr-fork/build_release'
make[2]: Entering directory '/home/nijia.nj/.herdr/worktrees/seekdb/herdr-fork/build_release'
make[2]: Leaving directory '/home/nijia.nj/.herdr/worktrees/seekdb/herdr-fork/build_release'
[ 28%] Built target zstd_1_3_8
[ 28%] Built target ob_malloc
make[2]: Leaving directory '/home/nijia.nj/.herdr/worktrees/seekdb/herdr-fork/build_release'
make[2]: Entering directory '/home/nijia.nj/.herdr/worktrees/seekdb/herdr-fork/build_release'
make[2]: Leaving directory '/home/nijia.nj/.herdr/worktrees/seekdb/herdr-fork/build_release'
make[2]: Leaving directory '/home/nijia.nj/.herdr/worktrees/seekdb/herdr-fork/build_release'
[ 28%] Built target syspack_source
[ 31%] Built target ob_share_extra
[ 32%] Built target compress
[ 38%] Built target ob_sql_extra
make[2]: Entering directory '/home/nijia.nj/.herdr/worktrees/seekdb/herdr-fork/build_release'
make[2]: Entering directory '/home/nijia.nj/.herdr/worktrees/seekdb/herdr-fork/build_release'
[ 39%] Building CXX object src/rootserver/CMakeFiles/ob_rootserver.dir/Unity/unity_ob_rootserver_ob_rootserver_query_0_c___cxx.cxx.o
make[2]: Leaving directory '/home/nijia.nj/.herdr/worktrees/seekdb/herdr-fork/build_release'
[ 39%] Building CXX object src/rootserver/CMakeFiles/ob_rootserver.dir/Unity/unity_ob_rootserver_ob_rootserver_runtime_ddl_0_c___cxx.cxx.o
make[2]: Entering directory '/home/nijia.nj/.herdr/worktrees/seekdb/herdr-fork/build_release'
[ 39%] Building CXX object src/rootserver/CMakeFiles/ob_rootserver.dir/Unity/unity_ob_rootserver_ob_rootserver_storage_freeze_0_c___cxx.cxx.o
[ 43%] Built target oblib_lib
make[2]: Entering directory '/home/nijia.nj/.herdr/worktrees/seekdb/herdr-fork/build_release'
[ 43%] Building CXX object src/rootserver/CMakeFiles/ob_rootserver.dir/Unity/unity_ob_rootserver_ob_rootserver_runtime_fork_freeze_0_c___cxx.cxx.o
[ 44%] Building CXX object src/rootserver/CMakeFiles/ob_rootserver.dir/Unity/unity_ob_rootserver_ob_rootserver_runtime_services_0_c___cxx.cxx.o
[ 44%] Building CXX object src/rootserver/CMakeFiles/ob_rootserver.dir/ddl_task/ob_ddl_redefinition_task.cpp.o
make[2]: Leaving directory '/home/nijia.nj/.herdr/worktrees/seekdb/herdr-fork/build_release'
[ 44%] Building CXX object src/rootserver/CMakeFiles/ob_rootserver.dir/ob_ddl_service.cpp.o
[ 44%] Built target oblib
make[2]: Entering directory '/home/nijia.nj/.herdr/worktrees/seekdb/herdr-fork/build_release'
make[2]: Entering directory '/home/nijia.nj/.herdr/worktrees/seekdb/herdr-fork/build_release'
make[2]: Leaving directory '/home/nijia.nj/.herdr/worktrees/seekdb/herdr-fork/build_release'
make[2]: Entering directory '/home/nijia.nj/.herdr/worktrees/seekdb/herdr-fork/build_release'
[ 45%] Building CXX object src/observer/CMakeFiles/ob_server.dir/Unity/unity_ob_server_ob_server_mysql_0_c___cxx.cxx.o
[ 45%] Building CXX object src/observer/CMakeFiles/ob_server.dir/Unity/unity_ob_server_ob_server_omt_0_c___cxx.cxx.o
[ 46%] Building CXX object src/observer/CMakeFiles/ob_server.dir/Unity/unity_ob_server_ob_server_virtual_table_3_c___cxx.cxx.o
[ 46%] Building CXX object src/observer/CMakeFiles/ob_server.dir/Unity/unity_ob_server_ob_server_common_0_c___cxx.cxx.o
[ 46%] Building CXX object src/observer/CMakeFiles/ob_server.dir/Unity/unity_ob_server_ob_server_schema_0_c___cxx.cxx.o
[ 46%] Building CXX object src/observer/CMakeFiles/ob_server.dir/Unity/unity_ob_server_ob_server_vector_index_0_c___cxx.cxx.o
[ 46%] Building CXX object src/observer/CMakeFiles/ob_server.dir/composition/retrieval/ob_das_legacy_tr_merge_iter.cpp.o
[ 47%] Building CXX object src/observer/CMakeFiles/ob_server.dir/ob_server.cpp.o
make[2]: Leaving directory '/home/nijia.nj/.herdr/worktrees/seekdb/herdr-fork/build_release'
make[2]: Leaving directory '/home/nijia.nj/.herdr/worktrees/seekdb/herdr-fork/build_release'
make[2]: Entering directory '/home/nijia.nj/.herdr/worktrees/seekdb/herdr-fork/build_release'
[ 47%] Building CXX object src/share/CMakeFiles/ob_share.dir/Unity/unity_ob_share_ob_share_schema_1_c___cxx.cxx.o
[ 47%] Building CXX object src/share/CMakeFiles/ob_share.dir/Unity/unity_ob_share_ob_share_schema_0_c___cxx.cxx.o
make[2]: Entering directory '/home/nijia.nj/.herdr/worktrees/seekdb/herdr-fork/build_release'
[ 48%] Building CXX object src/sql/CMakeFiles/ob_sql.dir/Unity/unity_ob_sql_ob_sql_plan_cache_0_c___cxx.cxx.o
[ 49%] Building CXX object src/sql/CMakeFiles/ob_sql.dir/Unity/unity_ob_sql_ob_sql_resolver_ddl_1_c___cxx.cxx.o
[ 50%] Building CXX object src/sql/CMakeFiles/ob_sql.dir/Unity/unity_ob_sql_ob_sql_optimizer_0_c___cxx.cxx.o
[ 50%] Building CXX object src/sql/CMakeFiles/ob_sql.dir/Unity/unity_ob_sql_ob_sql_engine_vector_discrete_0_c___cxx.cxx.o
[ 50%] Building CXX object src/sql/CMakeFiles/ob_sql.dir/Unity/unity_ob_sql_ob_sql_engine_table_0_c___cxx.cxx.o
[ 50%] Building CXX object src/sql/CMakeFiles/ob_sql.dir/Unity/unity_ob_sql_ob_sql_engine_set_0_c___cxx.cxx.o
[ 50%] Building CXX object src/sql/CMakeFiles/ob_sql.dir/Unity/unity_ob_sql_ob_sql_engine_px_1_c___cxx.cxx.o
[ 51%] Building CXX object src/sql/CMakeFiles/ob_sql.dir/Unity/unity_ob_sql_ob_sql_engine_px_0_c___cxx.cxx.o
[ 51%] Building CXX object src/sql/CMakeFiles/ob_sql.dir/Unity/unity_ob_sql_ob_sql_code_generator_0_c___cxx.cxx.o
[ 51%] Building CXX object src/sql/CMakeFiles/ob_sql.dir/Unity/unity_ob_sql_ob_sql_engine_pdml_0_c___cxx.cxx.o
[ 51%] Building CXX object src/sql/CMakeFiles/ob_sql.dir/Unity/unity_ob_sql_ob_sql_engine_join_0_c___cxx.cxx.o
[ 51%] Building CXX object src/sql/CMakeFiles/ob_sql.dir/Unity/unity_ob_sql_ob_sql_das_0_c___cxx.cxx.o
[ 52%] Building CXX object src/sql/CMakeFiles/ob_sql.dir/Unity/unity_ob_sql_ob_sql_optimizer_stat_0_c___cxx.cxx.o
[ 52%] Building CXX object src/sql/CMakeFiles/ob_sql.dir/Unity/unity_ob_sql_ob_sql_engine_basic_1_c___cxx.cxx.o
[ 53%] Building CXX object src/sql/CMakeFiles/ob_sql.dir/Unity/unity_ob_sql_ob_sql_engine_0_c___cxx.cxx.o
[ 53%] Building CXX object src/sql/CMakeFiles/ob_sql.dir/Unity/unity_ob_sql_ob_sql_engine_basic_0_c___cxx.cxx.o
[ 53%] Building CXX object src/sql/CMakeFiles/ob_sql.dir/Unity/unity_ob_sql_ob_sql_engine_aggregate_groupby_0_c___cxx.cxx.o
[ 54%] Building CXX object src/sql/CMakeFiles/ob_sql.dir/Unity/unity_ob_sql_ob_sql_engine_1_c___cxx.cxx.o
[ 54%] Building CXX object src/sql/CMakeFiles/ob_sql.dir/Unity/unity_ob_sql_ob_sql_engine_expr_2_c___cxx.cxx.o
[ 54%] Building CXX object src/sql/CMakeFiles/ob_sql.dir/Unity/unity_ob_sql_ob_sql_dtl_0_c___cxx.cxx.o
[ 54%] Building CXX object src/sql/CMakeFiles/ob_sql.dir/Unity/unity_ob_sql_ob_sql_engine_expr_13_c___cxx.cxx.o
[ 54%] Building CXX object src/sql/CMakeFiles/ob_sql.dir/Unity/unity_ob_sql_ob_sql_common_0_c___cxx.cxx.o
[ 54%] Building CXX object src/sql/CMakeFiles/ob_sql.dir/Unity/unity_ob_sql_ob_sql_engine_expr_1_c___cxx.cxx.o
[ 55%] Building CXX object src/sql/CMakeFiles/ob_sql.dir/Unity/unity_ob_sql_ob_sql_engine_expr_11_c___cxx.cxx.o
[ 55%] Building CXX object src/sql/CMakeFiles/ob_sql.dir/Unity/unity_ob_sql_ob_sql_optimizer_2_c___cxx.cxx.o
[ 55%] Building CXX object src/sql/CMakeFiles/ob_sql.dir/Unity/unity_ob_sql_ob_sql_das_1_c___cxx.cxx.o
[ 56%] Building CXX object src/sql/CMakeFiles/ob_sql.dir/engine/expr/ob_expr_in.cpp.o
make[2]: Leaving directory '/home/nijia.nj/.herdr/worktrees/seekdb/herdr-fork/build_release'
make[2]: Entering directory '/home/nijia.nj/.herdr/worktrees/seekdb/herdr-fork/build_release'
[ 56%] Building CXX object src/storage/CMakeFiles/ob_storage.dir/Unity/unity_ob_storage_ob_storage_ddl_0_c___cxx.cxx.o
[ 56%] Building CXX object src/storage/CMakeFiles/ob_storage.dir/Unity/unity_ob_storage_ob_storage_tx_storage_0_c___cxx.cxx.o
[ 56%] Building CXX object src/storage/CMakeFiles/ob_storage.dir/Unity/unity_ob_storage_ob_storage_compaction_filter_0_c___cxx.cxx.o
make[2]: Leaving directory '/home/nijia.nj/.herdr/worktrees/seekdb/herdr-fork/build_release'
[ 69%] Built target ob_storage
make[2]: Leaving directory '/home/nijia.nj/.herdr/worktrees/seekdb/herdr-fork/build_release'
[ 71%] Built target ob_server
make[2]: Leaving directory '/home/nijia.nj/.herdr/worktrees/seekdb/herdr-fork/build_release'
[ 87%] Built target ob_share
make[2]: Leaving directory '/home/nijia.nj/.herdr/worktrees/seekdb/herdr-fork/build_release'
[ 89%] Built target ob_rootserver
make[2]: Leaving directory '/home/nijia.nj/.herdr/worktrees/seekdb/herdr-fork/build_release'
[100%] Built target ob_sql
make[2]: Entering directory '/home/nijia.nj/.herdr/worktrees/seekdb/herdr-fork/build_release'
make[2]: Entering directory '/home/nijia.nj/.herdr/worktrees/seekdb/herdr-fork/build_release'
make[2]: Entering directory '/home/nijia.nj/.herdr/worktrees/seekdb/herdr-fork/build_release'
make[2]: Leaving directory '/home/nijia.nj/.herdr/worktrees/seekdb/herdr-fork/build_release'
make[2]: Entering directory '/home/nijia.nj/.herdr/worktrees/seekdb/herdr-fork/build_release'
make[2]: Leaving directory '/home/nijia.nj/.herdr/worktrees/seekdb/herdr-fork/build_release'
make[2]: Entering directory '/home/nijia.nj/.herdr/worktrees/seekdb/herdr-fork/build_release'
make[2]: Leaving directory '/home/nijia.nj/.herdr/worktrees/seekdb/herdr-fork/build_release'
make[2]: Entering directory '/home/nijia.nj/.herdr/worktrees/seekdb/herdr-fork/build_release'
[100%] Linking CXX static library libob_sql_static.a
[100%] Linking CXX static library libob_storage_static.a
[100%] Linking CXX static library libob_share_static.a
make[2]: Leaving directory '/home/nijia.nj/.herdr/worktrees/seekdb/herdr-fork/build_release'
[100%] Built target ob_storage_static
make[2]: Leaving directory '/home/nijia.nj/.herdr/worktrees/seekdb/herdr-fork/build_release'
[100%] Built target ob_sql_static
make[2]: Leaving directory '/home/nijia.nj/.herdr/worktrees/seekdb/herdr-fork/build_release'
[100%] Built target ob_share_static
make[2]: Entering directory '/home/nijia.nj/.herdr/worktrees/seekdb/herdr-fork/build_release'
make[2]: Leaving directory '/home/nijia.nj/.herdr/worktrees/seekdb/herdr-fork/build_release'
make[2]: Entering directory '/home/nijia.nj/.herdr/worktrees/seekdb/herdr-fork/build_release'
[100%] Linking CXX static library liboceanbase_static.a
make[2]: Leaving directory '/home/nijia.nj/.herdr/worktrees/seekdb/herdr-fork/build_release'
[100%] Built target oceanbase_static
make[2]: Entering directory '/home/nijia.nj/.herdr/worktrees/seekdb/herdr-fork/build_release'
make[2]: Leaving directory '/home/nijia.nj/.herdr/worktrees/seekdb/herdr-fork/build_release'
make[2]: Entering directory '/home/nijia.nj/.herdr/worktrees/seekdb/herdr-fork/build_release'
[100%] Linking CXX executable seekdb
make[2]: Leaving directory '/home/nijia.nj/.herdr/worktrees/seekdb/herdr-fork/build_release'
[100%] Built target seekdb
make[2]: Entering directory '/home/nijia.nj/.herdr/worktrees/seekdb/herdr-fork/build_release'
make[2]: Leaving directory '/home/nijia.nj/.herdr/worktrees/seekdb/herdr-fork/build_release'
make[2]: Entering directory '/home/nijia.nj/.herdr/worktrees/seekdb/herdr-fork/build_release'
make[2]: Leaving directory '/home/nijia.nj/.herdr/worktrees/seekdb/herdr-fork/build_release'
[100%] Built target observer
make[1]: Leaving directory '/home/nijia.nj/.herdr/worktrees/seekdb/herdr-fork/build_release'
make: Leaving directory '/home/nijia.nj/.herdr/worktrees/seekdb/herdr-fork/build_release'
